k ae . s eu l . l e . i	(1)
m ae g	(2)
a . n a n . d eu	(3)
k a . m o . n a	(4)
e l . l i . a . d e	(5)
d eu . l o ng	(6)
n o . l eu . m a ng . d i	(7)
a . l eu . n o l . d eu . s o n	(8)
b e . s eu . t e . l eu . b e . l i	(9)
yu . s eu . t a . k i . o	(10)
m ae g . k eu l . l ae n	(11)
p a . t e l	(12)
p eu . l i . m eo n	(13)
b eu . l e n . d a	(14)
a . l eu . n o	(15)
l o . g eo n	(16)
p e l . l i . s i . a	(17)
m i . h a . i l	(18)
m o n . t e . b i . d e . o	(19)
g ae . l i . s eu n	(20)
a . l e . n a	(21)
p o . j i . a	(22)
h a . t eu	(23)
l i l . l i	(24)
s i . m a . n o . p eu . s eu . k i	(25)
g a l . p i n	(26)
s ae ng . k i	(27)
d a l . l a . d i . e	(28)
s i ng	(29)
d u . m e . l eu . g eu	(30)
p a . wo l	(31)
b eu . l e . j u . n e . p eu	(32)
h e l . l eu m . s eu	(33)
m o n . t a l . b o	(34)
b eu . l ae n . s eu n	(35)
g e . i	(36)
b e . t i . n a	(37)
s a . i . d eu	(38)
m a . n a . g wa	(39)
t a . g o . l eu	(40)
s eu . p i l . b eo . g eu	(41)
m o . n e . t a	(42)
p e . p eo	(43)
b u . h eu . n eo	(44)
j o n	(45)
wa . g a	(46)
p a . i . p eo	(47)
l a . b u . a . j i . e	(48)
s a . m a . l eu	(49)
s e . b a . s eu . ch a n	(50)
k i n	(51)
p eu l . l a . b i . o	(52)
g o . t eu . s ye . t eu	(53)
wo . t eo . s eu	(54)
d o . n o . b eo n	(55)
ch eu . b a . i . k eu	(56)
s wi . p e . l eu . b i . e l	(57)
a l . l a n	(58)
h a . s eu	(59)
d u l . l i . t eu l	(60)
t eu . l i . eo	(61)
l e . i n	(62)
l i . b e . l eu . m a n	(63)
t e . l e . j eu	(64)
s eu . t e n	(65)
d a . b i . d e	(66)
o . p e n . h a . i . m eo	(67)
s o . l o . s eu	(68)
e . d i ng . t eo n	(69)
t o l . l e	(70)
k ae l . g eo . l i	(71)
p i . ch eu . n eo	(72)
p i . k eu	(73)
s i . m eu . o n	(74)
b e . a	(75)
e n . l i . k e . s eu	(76)
m a . t u . t e	(77)
b eo . s eu . b i	(78)
k ae . l eo l	(79)
j u l . s eu	(80)
k a . m i n . s eu . k i	(81)
s ya . h i n	(82)
eo . g eo . s eu . t i n	(83)
l o . b eo . t a	(84)
s ae m . s eu	(85)
b eu l . l a . i n . d eo	(86)
g a . d eu . n eo	(87)
b eu l . l ae g . p u l	(88)
n u . a g . s yo . t eu	(89)
b a l . t eo	(90)
e . d i . s eu	(91)
p u . s i . k i n	(92)
p i l . l i b	(93)
a . l o ng	(94)
g o . t eu	(95)
s yu . t u m . p eu	(96)
k a . s a . n o . b a	(97)
n yu . k eo m	(98)
m o . s eu . k a	(99)
n i . m u	(100)
a n . d eu . l a . d e	(101)
g e . i . ch eu . k e l	(102)
s yae . h i n	(103)
k o . wa l . s eu . k i	(104)
s a l	(105)
o l . b eu . l i . h i	(106)
d e . i . t eo n	(107)
b eo n . s eu	(108)
h a l . b a g . s eu	(109)
m a . yo l	(110)
ch e . l eu . n i	(111)
k a . i . j eo	(112)
wi . n i	(113)
b a . l eu . b u . l eu . k eu	(114)
b o l . k i . a	(115)
m e . s eu	(116)
b eu . l ae ng . g wi n	(117)
p eu . l a . g eo	(118)
p eu l . l ae m . s eu . t i . d eu	(119)
s yu l . l a . i . h eo	(120)
yu . b eo . b e g	(121)
p o . m eo n	(122)
h wi l . l a g	(123)
a n	(124)
h ae . m eo . s eu . t a . i n	(125)
s a . d i . k eu	(126)
j e . i . d eu	(127)
m a . n u . e l . l a	(128)
e . d u . a . l eu	(129)
k eu . n i . s eu	(130)
h e . n i	(131)
m o . eo	(132)
s eu . p eu . l i ng . g eo	(133)
l o . m e . l o	(134)
e . s eu . p o . s i . t o	(135)
l o . s e . d a	(136)
g o l . d eu	(137)
m o m . j e n	(138)
s eu . l o n	(139)
h o . ch i . k i . s eu	(140)
p eu . l e . i	(141)
j ae g	(142)
n e . g eu . l i	(143)
m e . l eu . s i . e	(144)
s eu . t e . p a . n o	(145)
b u g . s eu . t e . h u . d e	(146)
we . i l	(147)
k o . b eu l . l e n . ch eu	(148)
o . b e . l o n	(149)
m i l . l o	(150)
h eo l . s eu	(151)
a . m o ng . t o ng	(152)
j ae . k i	(153)
k a ng . d e l . l a	(154)
t eu . l i . n i . d a . d eu	(155)
ae . b i . g ae . i l	(156)
t e . s eu . t a	(157)
ch e . i m . b eo l . l i n	(158)
p eu l . l o . l e n . s eu	(159)
d u l . b e . k o	(160)
e . l i . h i	(161)
m eo l . l o . n i	(162)
p e . l a . l a	(163)
p o	(164)
k a n	(165)
o . k eu . s yeo . t eu	(166)
l i . p e n . s yu . t a l	(167)
e n . t e . b e	(168)
d a n . ch i . h i	(169)
t a m	(170)
p o . k eu . t eu	(171)
k i l . b i	(172)
t a . m a . l a	(173)
h a . l eu . t eu . m a n	(174)
t a n . j a . n i . a	(175)
h ae m . l i n	(176)
p u . l eu . s e l	(177)
m o n . t o . ya	(178)
k eu . l o . n a . k a	(179)
h u l . l i . o	(180)
k a . b a . n a . s eu	(181)
a . l a b	(182)
l u	(183)
g u . s eu . t a . b o	(184)
j e . l o l . l a . m o	(185)
s i . k a . g o	(186)
k ae n . t eo	(187)
b i . eo . j eu l . l i	(188)
j eo ng	(189)
b eu . l a . i . eo n . t eu	(190)
m o . l eu . d eu . g ae	(191)
d wi . s eu . b u . l eu . k eu	(192)
a . l eu . d e n	(193)
wo l . t eo	(194)
m o . l o	(195)
b eo . n i	(196)
l a . n a	(197)
n a . i . l o . b i	(198)
g eu l . l a s . k o . p eu	(199)
s o l . l o . g u . p eu	(200)
p e . t i	(201)
k eu . l o . i . ch eo	(202)
d eu . n oe . b eu	(203)
n e . s eu . b i . t eu	(204)
j u l . l i	(205)
k ae . b eo s	(206)
g a ng . s eu	(207)
k a . s e l	(208)
m o n . t e . s eu	(209)
l a . d u	(210)
a l . j e	(211)
p o . s yu	(212)
s eu . t a . i n . b e g	(213)
e . l a . s eu . t u . s eu	(214)
g o . d eu . wi n	(215)
t o . m i	(216)
l i . b a	(217)
b eo . n a . d eu	(218)
a n . d eu . l e . s eu	(219)
s a . l a . ye . b o	(220)
h ae . l i . s eu n	(221)
g eu l . l i . k eu . m eo n	(222)
e . d eu . m u n . d eu	(223)
k o n . l ae . d eu	(224)
s yu . b a l . l i . e	(225)
b i m	(226)
k eu . l e . m o . n a	(227)
g u n . n a . l eu	(228)
h o b . s eu . b o m	(229)
p o . a . j eu . i . yu	(230)
n a . o	(231)
p a l . l e . l eu . m o	(232)
b e . b e l	(233)
t e . i l . l eo	(234)
wi l . s eu n	(235)
l o . l e n . s eu	(236)
d e . s ya ng	(237)
b a . n e . j eu	(238)
h eo n . ch eu . b i l	(239)
l o . s eu	(240)
s yu . m i . ch eu	(241)
a . k a . p u l . k o	(242)
p i n	(243)
u . g a n . d a	(244)
h e . l i ng	(245)
s ae g . s eu n	(246)
p o . s e	(247)
wo l . p eu . l a m	(248)
d a l . l i ng . t eo n	(249)
s e l . j eu . n i g	(250)
s eu . p eu . l i ng . s eu . t i n	(251)
e . d e l	(252)
o l . l i . b e . i . l a	(253)
l i . b e . i . l u	(254)
h ae . l i ng . t eo n	(255)
g i l	(256)
d o . b eu . l u l . l yu . b o . p eu	(257)
m a . l eu	(258)
b a n . d e . i . l a	(259)
p ae . t eu . l i . s ya	(260)
m u . l i . yo	(261)
b i . b eo	(262)
g eu l . l a . i . d i . s eu	(263)
l a . h o . l eu	(264)
h a . b e l	(265)
s yu . wo . ch eu	(266)
p eu . l a n . s eu	(267)
k o l	(268)
t i n . d eu l	(269)
n o l . t e	(270)
a l . b a	(271)
j ae . n i . n i	(272)
l i . d i g	(273)
a . b a . d a n	(274)
ae . p eu l . t eo n	(275)
k u . b a	(276)
p e . n i	(277)
k a m . p e . l eu	(278)
d e . b eo	(279)
d o . m a	(280)
j u . t eu . n eo	(281)
k a . t eu . l i n	(282)
d a m	(283)
d a . d eu	(284)
a n . d o . l a	(285)
h i l . t i	(286)
a . n o ng	(287)
k eu l . l e . i . t eo n	(288)
wi l . t eu . s yeo	(289)
ye . g o . l o . p eu	(290)
m eo l . l i . k eo n	(291)
l a . i . t eo	(292)
b a . l eu . g a . s eu	(293)
k a . b e . l i n	(294)
k u l . l i . k eu	(295)
e n . j e l . l e . s eu	(296)
s yu . t eu . l a . s eu . b u . l eu . g eo	(297)
b eo . n i	(298)
g o l . j eu . wo . d i	(299)
ae n . j e l . l u	(300)
j o . n i	(301)
j a . s u l . l i . ch i	(302)
s yu . t a l	(303)
m a . i . eo	(304)
b i . n e	(305)
b a l . l e . l o	(306)
d o . wi . yo . g o	(307)
o l . s eu n	(308)
k e . i . t eu	(309)
b u n . t eu	(310)
yo . j e . p eu	(311)
m o . l eu . g a . n i	(312)
i . s a g	(313)
p o l . l a . d eu	(314)
h o l . l i . d e . i	(315)
g eu . l i n . b i l	(316)
e . s a . i . a . s eu	(317)
p eu . l i . m ae n . t eu l	(318)
k ae . s i	(319)
m e n . d e . s eu	(320)
g a . b eu . l i . e l	(321)
b eo . k eu l	(322)
s a . l a . g o . s a	(323)
m ae g . k ae n	(324)
e . k eu . m a n	(325)
k eu l . l a . p eu . l o . t eu	(326)
l u . i . j i	(327)
m o . l eu . g eo n	(328)
m e n . d e l	(329)
b a . l e . n i . u . s eu	(330)
m a . i	(331)
l a . j i n	(332)
k eu . l ae . s yo	(333)
l i . p eu . k eu . n e . h i . t eu	(334)
i . s eu . m a . i l	(335)
l e . o . n i	(336)
h e . k eu . s ye . l eu	(337)
k a . l a . ch i	(338)
e l . m eo n	(339)
m a . g eo . l i s	(340)
s ya l . l eo s	(341)
j o . i . s eu	(342)
k i . l eu . h i . n eo	(343)
s i n . d i	(344)
d e . i . b i . s eu n	(345)
l u . b i n . s yu . t a . i n	(346)
l a . i . n e . k e	(347)
b e . l eu . n u . i	(348)
h a . i . p e . ch eu	(349)
l e . s ye . k eu	(350)
a n . t o . n o . p eu	(351)
wi l . l i . s eu	(352)
j a . k eu	(353)
b a . u m . g a . l eu . t e n	(354)
b eo . k eu	(355)
g i . s i ng	(356)
n e . d eu	(357)
k o . h ae n	(358)
g o l . d eu . m a ng	(359)
b e . l eu . t eu	(360)
k a . i	(361)
j a . b a	(362)
j o . i . j e	(363)
m o . l i . ss i	(364)
o . j a ng . p a ng	(365)
k a . p u . a . n a	(366)
s o l . l o	(367)
t o m	(368)
n o l . s eu	(369)
b i . yo n	(370)
m i l . s eu . t e . i n	(371)
g e . i . ch eu	(372)
g eu . l e . i	(373)
l o . we l	(374)
s ye . l i ng . t eo n	(375)
i . m a m	(376)
h a . j e n . k eu l . l e . b eo	(377)
b ae ng . j a . m ae ng	(378)
t eu . l o . i	(379)
eo . n i . s eu . t i n	(380)
m ae n . d e l	(381)
i . t a l . l i . a	(382)
l a . n a	(383)
k o . p eu . m eo n	(384)
b ae . t eu l	(385)
m eo n	(386)
k wa . d eu . l i	(387)
p o . k e	(388)
l o g . p e l . l eo	(389)
m a . g eu . d e . b u . l eu . k eu	(390)
b i . yo . l eu . k eu . l u n . t eu	(391)
j e m . p eo	(392)
k a n . p u . l eu	(393)
a . d eu . l i . a . n o	(394)
p i . l e . s eu	(395)
s e . b e . l u . s eu	(396)
h e l . s i ng . k i	(397)
wo l . l i . s eu	(398)
k eo . t e l	(399)
m ae . d eu . s eu n	(400)
