e . m i l . l i	(1)
e . b eo . l i	(2)
p i l . l i . p o	(3)
s ya . h eu . t eu	(4)
m e . i . s eo ng	(5)
p eu l . l ae s	(6)
s e . l eu . b e	(7)
m i l . l a	(8)
p o . l eu . t u . g a l	(9)
s a . m u . e l	(10)
k eu . l e . m eo	(11)
l e n	(12)
ya . m u . s u . k eu . l o	(13)
b e . t i . n o	(14)
s i . g a l	(15)
g o . b i	(16)
k a . s e m	(17)
k u n	(18)
k o . b i n	(19)
p i . eo . s eu n	(20)
e . i . k eu . m a n	(21)
p i . k a . s o	(22)
m o ng . t i . s e l . l i	(23)
l a . d u	(24)
m o . l i . j o	(25)
e . d i . t a	(26)
h a . l eu . n a . k eu	(27)
h a . i n . ch eu	(28)
j o . p eu . l i	(29)
g e . i n . j eu . b eo . l eo	(30)
b i . d eu l	(31)
h a . l eu . t eu . m u . t eu	(32)
j eu . d e . n e g	(33)
n i . k o l . l a . s eu	(34)
k a . n o . b a	(35)
g o . s e . k eu	(36)
j a . b i . e . l eu	(37)
t o . l eu . b a l . s e n	(38)
t eo . k i	(39)
s a l . l e	(40)
wi . b e . l eu	(41)
j o . a n . n a	(42)
g eu . l o . s e	(43)
a n . d eu . l e . i	(44)
e . s a . i . a . s eu	(45)
h eo . t eo n	(46)
p o ng . t e n . b eu l . l o	(47)
s eu . t a . i n . b e g	(48)
e l . l i . n eo	(49)
m o ng . t e . s eu . k i . oe	(50)
h wi m . p eo	(51)
s o n . d a . i . k eu	(52)
k o . l o . l eu	(53)
b eu . l a . j a . b i l	(54)
a . i . b o . l i	(55)
l a . l eu . s e n	(56)
o . p i . ch eu	(57)
b a . t i . s eu . t a	(58)
d ae . b i . d o . p eu	(59)
k a . m e . n e . p eu	(60)
i . l e . i n	(61)
p o l . l a	(62)
s o . i ng . k a	(63)
o . s eu . t i n	(64)
ya . k o . b i	(65)
o . s e . a . n i . a	(66)
k a . s yu . m i . l eu	(67)
p i l . l i . p i n	(68)
b eu . l eu . g o . b u . a	(69)
u . k eu . l a . i . n a	(70)
k a . m o . n a	(71)
h e . l eu . n e	(72)
j o n . s eu n	(73)
b e . l eu . g eu . s o ng	(74)
a . l o n	(75)
n e . l u . d a	(76)
d ae . l a	(77)
m a . s i . e l	(78)
we . s eu . t eo . m a . k eu	(79)
h a m . s u n	(80)
j o . l eu . d a . n o	(81)
l i n . d eu . b eo . g eu	(82)
ae g . s eu	(83)
k eu . l o . p eo . d eu	(84)
h a . i . l ae n . d eu	(85)
s u . j a	(86)
s e . l i . n a	(87)
b o . k a . j e	(88)
p eu . l a ng . k e n	(89)
p a l . l i . s i	(90)
b eu . l a . j i l	(91)
s i . k a . g o	(92)
b eo . t eu l . l eo	(93)
a n . t u . n e . s eu	(94)
b a l . l e . l o	(95)
b i . s eu . b a . d e n	(96)
m o l . l o . t o . p eu	(97)
k eu l . l o . j e n	(98)
l e . d eu . m o n . d eu	(99)
m a . g a	(100)
b eu l . l eo n . t eu	(101)
l u . t o . s eu l . l a . p eu . s eu . k i	(102)
a . k eo . m a n	(103)
b u n . j e n	(104)
m a . t i . a . s eu	(105)
o . t o	(106)
a . d o l . p eu	(107)
s yu . m a n	(108)
b eu . l u . n o	(109)
k we . s eu . d a	(110)
p o n . s e . k a	(111)
h wi s . p i l . d eu	(112)
b a . l eu l . l e . t a	(113)
k o l . l e . t eu	(114)
a . l o . yo	(115)
e . m i . n e . s eu . k u	(116)
j e . i n	(117)
n i l . s e n	(118)
a . b e l	(119)
k o . p eu	(120)
m i . h a . i l . l o . p eu	(121)
e l . l i . s eu	(122)
g a l . l a ng	(123)
b o l . g e . m u . t eu	(124)
e . j i . wo . s eu	(125)
ye . k a . t e . l i . n a	(126)
t o . b i . a . s eu	(127)
b i . a ng . k i	(128)
s eu . p i . n o . j a	(129)
k a . i . o . wa	(130)
l e . s eu . k o . p eu	(131)
b e . n e . ch i . a	(132)
b o l . g a	(133)
h e n . d eu . l i g . s eu n	(134)
p i . l a . n e . s i	(135)
d u . p o . b o ng	(136)
ch i . p eu . m eo n	(137)
g a . i	(138)
n e . i . m e . g e n	(139)
g eo . t eu . l u . d eu	(140)
p a . t i . s eu n	(141)
t eu	(142)
ya . p eu	(143)
b a . l eu . g a . s eu	(144)
d ae . l i l	(145)
j o l . l i . b e	(146)
l e . g i . o . m o n . t a . n u . s eu	(147)
p a . j u	(148)
b eu l . l u m . p i l . d eu	(149)
m u . n i . e	(150)
t i ng	(151)
a . i . b eu . j eu	(152)
t u . t u	(153)
t o . d o . l eu	(154)
wa . i n . b eo . g eu	(155)
k wo g . k eu	(156)
p a . l eu . m a	(157)
o . t eu	(158)
l u . s eu . n i g	(159)
s i . s a . n o	(160)
l u . i . j eu	(161)
a . u . eo . b a . h eu	(162)
b a . s i l . l i	(163)
b a . l o . s u	(164)
j a . l eu	(165)
s eu . k o . t eu l . l ae n . d eu	(166)
s eo . d eo n	(167)
k e . i m . b eu . l i . j i	(168)
h u . s eu	(169)
ae . b eo . n e . s i	(170)
b i . n yo l . l a	(171)
g u s . i . eo	(172)
j e . i n	(173)
t u . l eu n . b a l . t eu	(174)
d i . b eo	(175)
g a . b i	(176)
m a . k a . l o . p eu	(177)
b a . i . d e n . l a . i . h i	(178)
k o l . l o m . b o	(179)
m a . l ae ng	(180)
k eu . l e . i n	(181)
g eu . l o . s eu	(182)
i . d a	(183)
k a . ya	(184)
b eu l . l ae . k i s	(185)
l a . i . s eu	(186)
l u . s eu	(187)
g o . ch i	(188)
h e g . t o . l eu	(189)
l u . l i . a	(190)
g wa ng . d u ng	(191)
ch e . k o	(192)
t e . l e . s a	(193)
s yu l . l o . m o	(194)
n i . k o l . l a . i	(195)
p eu . l a ng . k eu . p u . l eu . t eu	(196)
k o ng . g o	(197)
ya n	(198)
g eu l . l ae . d eu . s eu . t eo n	(199)
k e . i . j i	(200)
ya . n i ng . s eu	(201)
a . i . j e n . s eu . t a . t eu	(202)
d o . ch e . s eu . t eo	(203)
l i . g a	(204)
d a l . k eu . l o . j eu	(205)
a n . j e . ye . p eu . s eu . k i	(206)
b eu . l a . i . t eu . m a n	(207)
g eu . l a . s eu	(208)
o . s eu l . l o	(209)
k e . i	(210)
s o l . l a . n a	(211)
l i l . l i . e n . s o l	(212)
g o . d i . m eo	(213)
yu l . l i . a . n u . s eu	(214)
s a . t i . s wi	(215)
e l . l e . n a	(216)
l a . l eu . s o n	(217)
l a . m o n	(218)
e . l i g	(219)
k o . h eo	(220)
ye n . s eu	(221)
n e . i . j eu . m i . s eu	(222)
j o . s i	(223)
b eu . l i . t eu n	(224)
s a l . l o . m o n	(225)
p i . a . ch i	(226)
t e . l a	(227)
h o l	(228)
t u . l eu . k o	(229)
k u l . l a . u	(230)
b o l . k o . p eu	(231)
ch ae . p eu l . l i n	(232)
m i . ch e l	(233)
m i . n i	(234)
t a . i l . l eo	(235)
n i . l eo n . b eo . g eu	(236)
g e . o . l eu . g yu	(237)
g e . l eu . t eu . l u . d eu	(238)
l a . s eu . m u . s e n	(239)
p e . l o	(240)
s eu . wa . l eu . t eu	(241)
d e . b o . l a	(242)
b o . l eu . d o	(243)
n o . b e l	(244)
k eo . m i ng . s eu	(245)
m a . l eu . s ya	(246)
g eu l . l e n . d e . i l	(247)
g eu . l u m	(248)
k eu . b a n . ch eu	(249)
m a . l eu . g a . l e . t e	(250)
k o . b a l . l e n . k o	(251)
k u . p eu l . l e	(252)
e . b a n . s eu n	(253)
s e . n e s	(254)
b eu . l a . t i . s eu l . l a . b a	(255)
wo l . t eo . s eu	(256)
b eo . m i ng . eo m	(257)
s yu . m a . h eo	(258)
s u . s eu l . l o . p eu	(259)
p e . t i	(260)
a . i . s eo n . k eu	(261)
m o ng . g o	(262)
t eu . l wi . g eu . b e	(263)
k a l . p eu	(264)
h a n . n i . b a l	(265)
m a . l i . a n . n eu	(266)
s wi l . l a	(267)
s yu . t i . p eu . t eo	(268)
d eu . l i ng . k eu . wo . t eo	(269)
s o . p i . a	(270)
b a . k eu . s yeo	(271)
k u . l eu . t i . u . s eu	(272)
j a n . p eu . l a ng . k o	(273)
e n . l i . k o	(274)
we n . d i	(275)
h e . k eu . s ye . l eu	(276)
h e n . l e	(277)
s o . b eu . l e . l o	(278)
s o . d o . m a	(279)
h o n . b i	(280)
b e . h eo	(281)
e . l i g . s eu n	(282)
b eu l . l a . d i . s eu l . l a . p eu	(283)
t o . d eu	(284)
d eu . l a . g a n	(285)
p eu . l a n	(286)
d wi . k a	(287)
n eu . j ya . ye	(288)
b e . a	(289)
l i . ch a . d eu	(290)
m o . s eu	(291)
u . g o	(292)
l u . b i n . s yu . t a . i n	(293)
u . l eu . b a n	(294)
a . l eu . m e n	(295)
h o l . l a n . d eu	(296)
g o l . d eu n	(297)
m o . l a l . l e . s eu	(298)
k a ng	(299)
b eo . l o . u . j eu	(300)
d i . k i n . j eu	(301)
l e . s e b . s eu	(302)
b o . n a . p a . l eu . t eu	(303)
k wi . l i	(304)
b o . g o . s i . a ng	(305)
yu . t a	(306)
h e . l a . l eu . d wi . s eu	(307)
h i . g i n . s eu	(308)
h o l . t eu	(309)
m e . l eu . k e l	(310)
j e . l o l . l a . m o	(311)
l o . p eu . t i ng	(312)
l u . b a	(313)
g o l	(314)
b a l . p u . eo	(315)
h o . p a	(316)
b eu . l o . h eu	(317)
p eu l . l a ng . k eu	(318)
s i . g eu . n a	(319)
l wi . t eu	(320)
o m . s eu . k eu	(321)
s eu . t i . b eu n . s eu n	(322)
l e . k o . d eu	(323)
l a . ch i ng . g eo	(324)
p a . t eu . l i . k eu	(325)
k a l . b ae ng	(326)
m a . g eo . l i s	(327)
d i . d eu	(328)
b eu . l i	(329)
m eo l . l i . k eo n	(330)
b eu . l ae . h eo m	(331)
b i . e n . b i l	(332)
j o . s i	(333)
d e . j eu . m eo n . d eu	(334)
k a . l eu . p i . n i	(335)
j o . j e	(336)
g eu . l o . s eu . m eo n	(337)
l o . l a ng . s eu	(338)
s eu . t o . k eu . m eo n	(339)
s i . m o n	(340)
m eo l . l o . n i	(341)
h o l . d e . i n	(342)
l i . n e n	(343)
b o . d eu l . l eo	(344)
g u l . d eu	(345)
p o . s eu . t eo	(346)
wi . s eu l . l eo	(347)
k a l . l i . d eu	(348)
b u . j u m . b u . l a	(349)
j a b . s eu	(350)
d yu . a n	(351)
m eo ng . k eu	(352)
n i . k o l	(353)
b e . d e l	(354)
k eu . l e . s o ng	(355)
p a . p i . n i	(356)
s eu . t ae n	(357)
s eo . l i	(358)
s ya . l eu . p a ng . t i . e	(359)
d u . b eu . ch e . k eu	(360)
l ae ng . m yu . eo	(361)
a . t eu l . l a . s eu	(362)
p a . u l . l i	(363)
h eo . s eu . t eu	(364)
d o . d e . s eu . b e l	(365)
s eu . p eu . l i ng . p i l . d eu	(366)
p a . u l . l u . s eu	(367)
a . m a . l a	(368)
l o . l a ng . s ae ng	(369)
a . i . s eu l . l a n . d eu	(370)
n i . k i	(371)
h eo . b eu l	(372)
g eo . b eo	(373)
b eu . l u . k eu l . l i n	(374)
wi n	(375)
b e . k eo . j eu . p i l . d eu	(376)
t a . u n . s e n . d eu	(377)
h o . h eu	(378)
a . s i . k e . n a . j i	(379)
g a . b o ng	(380)
ch e . s a l . p i . n o	(381)
p a . u l . l eo	(382)
l ae n . s eu	(383)
ae . b eo . k eu . l o m . b i	(384)
d eo n . h ae m	(385)
h e . k e l	(386)
d u l . l i . t eu l	(387)
j o . m eo . p e l . t eu	(388)
a . l eu . n o	(389)
n u . k u . a l . l o . p a	(390)
m ae . k eu l . l ae . l eo n	(391)
e l . g a	(392)
m a . l a	(393)
n a . s a . l e s	(394)
m o l . l i	(395)
b i . s e l	(396)
l i n . d eu	(397)
d i . a . s eu	(398)
m o ng . t e . l eu l . l a ng	(399)
m i . k eu . l o . n e . s i . a	(400)
l e n . ch eu	(401)
k a . m e . l u n	(402)
i . b eu	(403)
h a . t eu	(404)
l o . l e n . s eu	(405)
n e . b a . d a	(406)
a . i . h i . m a n	(407)
p o l . s eu n	(408)
h e . s eu	(409)
ch i . ch e . s eu . t eo	(410)
l a . i . n eo	(411)
j a . u . eo	(412)
l o . m eo	(413)
h eo g . s eu l . l i	(414)
b e . l eu . g e n	(415)
l e n . n a . l eu . t eu	(416)
l e . b a . n o n	(417)
s yu . wo . ch eu	(418)
i . t eu n	(419)
s a l . l a . s eu	(420)
we . b eu	(421)
k eu . l o . b eo	(422)
m e . i . s o n	(423)
k u . l eu . t eu	(424)
h o . s eu	(425)
h u l . l i . o	(426)
b o . i . s i	(427)
j o n	(428)
g i . eo	(429)
j o g . s eu	(430)
a . g i . l e	(431)
m i l . l o . b a n	(432)
i . m e . l i g	(433)
g i . d i ng . s eu	(434)
e . l e n . b u . l eu . g eu	(435)
k ae n . d eu l	(436)
b e . s eu	(437)
g eu . l o . p i . u . s eu	(438)
o . s eu . t eu . l e . i l . l i . a	(439)
n eu . wa . l eu	(440)
s eu l . l wi . t e . l eu	(441)
b o . l eu . s eu . t eu	(442)
m e . s eu . n e . l eu	(443)
j i . l a . l eu . d o ng	(444)
b i l . l i	(445)
e . n o . s eu	(446)
wi . k eu l . l i . p eu	(447)
k eu l . l a . u . d i . a	(448)
m a . n o	(449)
t eo . n eo	(450)
p i . l eu . k e	(451)
g o . m e . s eu	(452)
a . m e . l i . k a	(453)
k wa . d eu . l i	(454)
s yu l . l a . i . eo . m a . h eo	(455)
s yu . l o b . s yeo	(456)
l a . i . t eu	(457)
m a . d eu . l e n	(458)
a l . d eo	(459)
p o l . l a . d eu	(460)
l u . ch i . u . s eu	(461)
we l . s eu	(462)
g e . i	(463)
ch ae n	(464)
m a l . k i n	(465)
k a n . t o	(466)
e . i . d eu . l i . eo n	(467)
l u n . d eu	(468)
h eo . ch i . s eu n	(469)
h a . s eu . k e l	(470)
d o g . i l	(471)
yu ng . k eo . s eu	(472)
s eu . t eu . l i g	(473)
h e . b eu . l a	(474)
s o . s a	(475)
h a n . n a	(476)
ch i g	(477)
t e . l e . s a	(478)
l e . s eu . p i . g i	(479)
b o l . p eu	(480)
l o l . l a n . d eu	(481)
m a . l eu . s ye	(482)
p a . b eo	(483)
l a m . s eu . t e . t eu	(484)
e . b e . l eu . t eu	(485)
l e l . l e . b e l	(486)
p e . l ae ng	(487)
m ae . t i . s eu	(488)
s eo . t eu	(489)
a . l i . a . s eu	(490)
b eo . s eu . b i	(491)
p eu . l a . i	(492)
d a . m i . a . n i	(493)
k a . l eu l . l o . s eu	(494)
b i . t o	(495)
s i l . b eo	(496)
l a . t e . n a . u	(497)
p e . i n . t eo	(498)
l i . k a	(499)
s a . l eu	(500)
a . b eu . l a m	(501)
g a . u . s eu	(502)
p a . i . n i ng . eo	(503)
s eu . p o . l eu . j a	(504)
k e . i n . j eu	(505)
h e . u l . l a n	(506)
s eu . m i . t eu	(507)
we l . t i	(508)
m e . l i l . l ae n . d eu	(509)
k i . k e . l o	(510)
a l . l a n	(511)
l e . o ng	(512)
s e l . l i . a	(513)
b a . s eu . k o	(514)
e . s e n	(515)
l o g . s e m . b u . l u . k eu	(516)
b e l . l a . ya . t i	(517)
wi . l eu . b ae ng	(518)
h i n . t eo n	(519)
t e g . s a . s eu	(520)
h a . m i l	(521)
l a . k i n	(522)
h ae . l i . eo s	(523)
ch ae . d eu . wi g	(524)
p e l . l i g . s eu	(525)
k eu . s i . s yu . t o . p eu	(526)
l o . j e n . t a l	(527)
ye . j i	(528)
d o . l i . a	(529)
s eo . b ae . n eo	(530)
e l . t eu n	(531)
l a . p i . k eu	(532)
o . b eu	(533)
n i . k eo l . s eu n	(534)
l e . n a . u	(535)
h a . m e . n e . i	(536)
b eu l . l a . i n . d eo	(537)
p e . l e . i . l a	(538)
m a . n i l . l a	(539)
p a . i . eo . s eu . t o n	(540)
s yu . t e . p i	(541)
l i . p i	(542)
h eo . s ya . n i	(543)
p i . t eo . s eu n	(544)
k a . m a l	(545)
d a n . t e	(546)
m ae . ch eu	(547)
k eo . t i . s eu	(548)
n yu . p o . t eu	(549)
b a . l eu . d i	(550)
b a	(551)
s yo l . l o	(552)
l i n	(553)
b e . b e l	(554)
j e n . t i l . l e	(555)
i l . l o . n a	(556)
ch e . n i	(557)
b ae . l i	(558)
ya . s i n	(559)
k e l . l eo . m a n	(560)
t o . l eu . k wa . t o	(561)
l o . t a	(562)
h eo . b eu	(563)
m a . l eu . t i . n e . s eu	(564)
k eu l . l u . g e	(565)
m i . t eu . l a	(566)
p o l . l a n . d eu	(567)
m o . l i . s eu	(568)
a . d eo	(569)
g o n . s a l . l e . s eu	(570)
h eo l . b eo . t eu	(571)
b e . l a	(572)
b eu . l ae n . d eu	(573)
k o . p eu l . l a	(574)
s a l . l e m	(575)
k oe l . l eu n	(576)
j a . i l . s eu	(577)
p eu . l u . s eu	(578)
s yo l . s eu	(579)
l o . i	(580)
a l . m e . i . d a	(581)
b e . n ae ng	(582)
k o . eo n	(583)
n i . a . m e	(584)
k a . k o . h eu	(585)
l o l . l i n . s eu	(586)
p u . k e	(587)
d e . n i	(588)
k o . e n	(589)
p eo . g eo . s eu n	(590)
s eu . t o g . we l	(591)
o . j eu . b eo n	(592)
k o . s i . g i n	(593)
ae l . b eo . ch eu	(594)
b eu . l a . u n	(595)
p e l . d eo	(596)
l u . k a	(597)
d o . l eu . n i . e	(598)
p o . s yu	(599)
p e . n e l . l o . p e	(600)
