r\ a:-t _2 . s` EU _1	(1)
k @: _3 . l o-t _2	(2)
ts` i-n _1 . d_< a:-t _2	(3)
a: _1 . m a: _1 . G @: _1	(4)
n @I _1	(5)
a: _1 . ts\ a: _1	(6)
s` @: _3 . t a:-k _2	(7)
e _1 . s` i-n _1	(8)
ts\ o-m _1 . s @: _3 . k i _1	(9)
l i-p _2 . b_< i _1	(10)
k O-m _1 . b_< o-N _1	(11)
t aU _1 . k u-m _1	(12)
m o-N _1 . t e _1 . J @: _1	(13)
a:-n _1 . b_< e _1 . n i-t _2	(14)
b_< a:-n _1 . b_< e-c _2	(15)
m o _1 . r\ e _1 . n a: _1	(16)
b_< i _1 . G @: _1	(17)
v a: _1 . t i _1 . k a: _1 . n u-t _2	(18)
l O _1 . r\ E-n _1	(19)
m a: _1 . s` o _1 . n a: _1 . l E-n _1	(20)
b_< a: _1 . r\ a: _1 . k u _1	(21)
h o _1 . m o _1	(22)
b_< E _1 . @:-t _2	(23)
b_< O-t _2 . t a: _1 . l i-t _2	(24)
u _1 . s i _1 . m a: _1	(25)
a:-n _1 . d_< i _1 . z a:-n _1	(26)
n i _1 . a: _1 . s` a: _1	(27)
n a: _1 . h a: _1	(28)
b_< @:-k _2 . k a: _1 . r\ a: _1	(29)
h O-k _2 . k a:I _1 . d_< o _1	(30)
v i-k _2 . n o _1 . l a: _1	(31)
r\ i _1 . m a-k _2	(32)
b_< @: _3 . r\ u _1 . n E-t _2	(33)
t o _1 . r\ i _1 . n o _1	(34)
h o-n _1 . b_< @:-t _2	(35)
t a: _1 . E _1 . G u _1	(36)
a: _1 . v e _1 . n a: _1 . r\ i _1 . u-t _2	(37)
k a: _1 . m E-k _2 . l i-J _1	(38)
k a: _1 . r\ i _1 . o _1 . r\ a: _1	(39)
z E-t _2 . d_< a: _1	(40)
m a: _1 . l i _1 . n o-p _2 . s @: _3 . k i _1	(41)
a: _1 . l e _1 . G @: _3 . r\ i _1	(42)
b_< u@ _1	(43)
h a:-k _2 . m a:-n _1	(44)
m i _1 . k e _1 . l a:-N _1 . z e _1 . l o _1	(45)
i-n _1 . d_< o-t _2 . s` @: _3 . t a:-n _1	(46)
k u-n _1 . s` a:-n _1	(47)
u-p _2 . s` a: _1 . l a: _1	(48)
t_h O-n _1 . b_< u _1 . r\ i _1	(49)
k a: _1 . l i _1 . a:U _1	(50)
b_< o-n _1 . b_< @I _1	(51)
h u _1 . r\ o-n _1	(52)
l i _1 . k @I _1 . o-t _2	(53)
l i _1 . o _1 . t a: _1	(54)
r\ u _1 . h E-n _1 . G e _1 . r\ i _1	(55)
k u _1 . r\ a: _1	(56)
G @: _3 . l E-n _1 . d_< @: _1 . n i-n _1	(57)
a:-m _1 . b_< O-n _1	(58)
z a-k _2	(59)
G O-t _2 . l o _1	(60)
b_< e _1 . ts` o _1 . b_< a:-p _2 . l o-p _2	(61)
b_< o _1 . r\ i-t _2 . k o-p _2 . s` @: _3 . k i _1	(62)
k o-N _1 . G a: _1	(63)
EU _1	(64)
h a:-n _1 . m a: _1 . h e _1 . r\ a: _1	(65)
f @: _3 . r\ u-t _2	(66)
m i _1 . G e _1 . l i _1 . t o _1	(67)
b_< i-t _2 . s @: _3 . b_< @:-t _2	(68)
m a:-t _2 . s u _1 . m o _1 . t o _1	(69)
k i _1 . s @: _3 . m aI _1 . o _1	(70)
b_< a: _1 . d_< o _1 . v a: _1	(71)
a:-n _1 . t o _1 . n i _1 . o _1	(72)
b_< o-t _2 . n i _1	(73)
m i-t _2 . w @I _1	(74)
m o _1 . h a: _1 . m a:-t _2	(75)
a: _1 . m a: _1 . t a: _1	(76)
z a: _1 . k o-p _2	(77)
b_< e _1 . r\ o-p _2	(78)
G i _1 . l EU _1	(79)
b_< u _1 . s` a:-n _1	(80)
t a:-k _2 . d_< i _1 . @: _1	(81)
l u _1 . s i _1 . @-n _1	(82)
r\ @I _1 . k i _1 . a: _1 . v i-c _2	(83)
G @: _3 . r\ i _1 . G o _1 . r\ E-t _2 . s` @: _3 . k u _1	(84)
G Oa: _1 . J\ a: _1 . k i-n _1	(85)
m a: _1 . r\ i _1 . a: _1 . n a: _1	(86)
r\ i _1 . n a:-t _2	(87)
r\ i _1 . k a:-k _2 . d_< o _1	(88)
m O _1 . r\ i-t _2	(89)
f i _1 . l a: _1 . t o-p _2	(90)
r\ o _1 . s a: _1	(91)
b_< i-t _2 . s a:U _1	(92)
a: _1 . s @: _3 . k o _1 . l i _1	(93)
ts\ @I _1	(94)
a: _1 . b_< u _1 . J\ a: _1	(95)
r\ i-c _2	(96)
m i _1 . n u _1 . s i-n _1 . s @: _3 . k @: _1	(97)
t i _1 . l a-k _2	(98)
t a: _1 . b_< @: _3 . r\ i-t _2	(99)
h @I _1 . n a:U _1 . s` @: _3 . k i _1	(100)
r\ u _1 . d_< o-n _1 . f @: _1	(101)
m i-n _1 . d_< a: _1 . n a:U _1	(102)
f E _1 . r\ @: _1 . r\ @I _1	(103)
ts\ i-t _2 . t a: _1 . G o-N _1	(104)
r\ i _1 . m a:-n _1	(105)
b_< i _1 . a:-n _1 . z @: _1	(106)
k aI _1 . E-n _1	(107)
m a: _1 . z i _1 . n i _1	(108)
k o _1 . m i _1 . n o _1	(109)
G @: _3 . r\ a:-n _1	(110)
b_< a:I _1 . k o _1 . n u@ _1	(111)
t @: _1 . r\ a:-n _1 . s @: _3 . k @I _1	(112)
h a:I _1 . d_< e _1 . z @: _1	(113)
v a: _1 . v i _1 . l o-p _2	(114)
m u _1 . t a: _1 . r\ e _1	(115)
m i _1 . m E-n _1 . s i-n _1 . G @: _1	(116)
n a: _1 . t @: _1 . v i-n _1	(117)
t @: _3 . b_< i _1 . l i _1 . s i _1	(118)
f i _1 . z i _1	(119)
b_< a: _1 . t @: _1	(120)
m a: _1 . b_< u _1 . t o _1	(121)
k @: _3 . r\ a: _1 . G uI _1 . e _1 . v a-k _2	(122)
k a: _1 . m u-t _2	(123)
m u _1 . s` @: _3 . O-k _2 . s` @: _3 . k i _1	(124)
z i-n _1 . z a: _1	(125)
f u-n _1 . t @:-n _1	(126)
a: _1 . d_< e _1 . n a:U _1 . @: _1	(127)
r\ o _1 . J\ i-n _1	(128)
k a:-n _1 . t @: _1 . b_< @: _1 . r\ i _1	(129)
ts` @:-n _1 . k a: _1	(130)
b_< @: _3 . r\ u-t _2 . s` @: _3 . t @: _1	(131)
h e _1 . b_< @: _3 . r\ i-t _2	(132)
v o _1 . l i-n _1 . s` @: _3 . k i _1	(133)
a:-n _1 . t o _1 . n i _1 . u-t _2	(134)
m a:U _1 . t i _1 . @: _1	(135)
t u _1 . v a: _1 . l u _1	(136)
l uI _1 . z i _1	(137)
m i-n _1 . G a: _1 . l a: _1 . d_< o-n _1	(138)
t u _1 . a:-n _1	(139)
E _1 . m @: _1 . s @:-n _1	(140)
a: _1 . r\ a:-n _1 . s` @: _3 . k @: _1	(141)
r\ u _1 . d_< o-n _1 . f @: _1	(142)
l e _1 . n a:-k _2	(143)
h O-k _2 . h a:-m _1 . m @: _1	(144)
r\ o-t _2 . b_< E-k _2 . t ui:-t _2	(145)
s` i _1 . o _1	(146)
n O _1 . r\ i _1 . s` @: _1	(147)
k o _1 . l u-m _1 . b_< @:-t _2	(148)
t i _1 . m O _1	(149)
k a: _1 . d_< i-c _2	(150)
k i _1 . z a:-n _1	(151)
b_< a:-k _2 . m a: _1	(152)
f @: _3 . r\ a: _1	(153)
m a: _1 . k i _1 . a: _1 . v E _1 . l i _1	(154)
h o-n _1 . s` u _1	(155)
E _1 . e _1 . r\ o _1	(156)
G o _1 . l @: _1	(157)
l o _1 . t @: _1 . r\ E-k _2	(158)
v i-n _1 . s @:-n _1	(159)
f O-t _2	(160)
b_< a: _1 . r\ e _1 . t o _1	(161)
a: _1 . v o _1 . G a: _1 . d_< @: _3 . r\ o _1	(162)
b_< @: _3 . r\ a: _1 . b_< a:-n _1	(163)
b_< @: _3 . l a:-c _2 . t @:-n _1	(164)
u-n _1 . d_< a:-n _1	(165)
h aI _1 . d_< @:-n _1	(166)
v i _1 . t i _1	(167)
l a: _1 . b_< E _1 . r\ u _1 . z a: _1	(168)
f e _1 . l i-J _1	(169)
f O-N _1	(170)
n o-n _1 . d_< @: _1	(171)
t a: _1 . r\ a:-n _1 . t o _1	(172)
b_< a:-p _2 . l o-p _2 . s` @: _3 . k @: _1	(173)
G @: _3 . r\ e _1 . b_< o _1	(174)
k O-t _2 . s` @: _3 . t @: _1	(175)
ts\ E _1 . r\ a: _1 . b_< u-n _1 . z i _1	(176)
b_< OI _1 . i _1	(177)
m i _1 . n E-k _2 . v @: _1	(178)
k o _1 . t o _1 . b_< a: _1 . s i _1	(179)
v E-t _2 . x oI _1 . a:-n _1 . s` @: _3 . k @: _1	(180)
k EU _1	(181)
m a: _1 . u _1 . i _1	(182)
k a:-n _1 . k u-t _2 . t a: _1	(183)
G ui: _1 . a:-n _1	(184)
i _1 . d_< @: _3 . r\ u-t _2	(185)
k @I _1 . E-t _2	(186)
b_< E-t _2 . t o _1 . v E-n _1	(187)
s` @: _3 . l a:I _1 . @: _1 . m a: _1 . x @: _1	(188)
r\ OI _1	(189)
n a: _1 . s e _1	(190)
v o _1 . z @: _3 . n e _1 . s` E-n _1 . s @: _3 . k i _1	(191)
z O-t _2 . d_< a:-n _1	(192)
k @I _1 . n @: _1	(193)
t i-n _1 . t i-n _1	(194)
r\ u _1 . a-N _1	(195)
h u _1 . v @: _1	(196)
s` E-p _2 . t @: _1 . s @: _3 . b_< @: _1 . r\ i _1	(197)
k a: _1 . l a: _1 . h a: _1 . r\ i _1	(198)
z E-n _1 . l i-n _1 . s @: _3 . k i _1	(199)
e _1 . s @: _3 . b_< o _1	(200)
f o _1 . k @: _3 . l E-n _1	(201)
l i-n _1 . G @: _3 . r\ E-n _1	(202)
t O-n _1 . G a:-t _2	(203)
b_< @: _1 . l i _1	(204)
b_< u-n _1 . z a: _1 . k o-p _2 . s` @: _3 . k i _1	(205)
i _1 . o _1 . f e _1	(206)
t e _1 . r\ e-c _2	(207)
G a: _1 . n a: _1	(208)
G @: _3 . r\ i _1 . s @:-n _1	(209)
l e _1 . d_< @: _1 . m E-n _1	(210)
b_< iU _1 . m a: _1 . ts\ a:I _1 . s` @: _3	(211)
G O-t _2 . k i _1	(212)
b_< E-n _1 . m a:-n _1	(213)
z u _1 . l E-t _2	(214)
l o _1 . b_< o-t _2	(215)
b_< @: _3 . r\ a: _1 . d_< @: _1	(216)
a:-n _1 . z @: _1 . l E-t _2	(217)
t a: _1 . r\ u _1 . t i _1 . n o _1	(218)
x @: _1 . s` @-n _3	(219)
ts` i _1 . o _1 . l E-t _2	(220)
t E-n _1	(221)
b_< @: _3 . l a-N _1 . k i _1	(222)
z e _1 . n o _1 . v a: _1	(223)
v i-t _2 . t o _1 . r\ i _1 . n i _1	(224)
i-n _1 . d_< i _1 . a: _1 . n a: _1	(225)
G @: _3 . r\ o _1 . b_< i _1 . u-t _2	(226)
k a: _1 . t a:-n _1	(227)
k o _1 . i-m _1 . b_< @: _3 . r\ a: _1	(228)
f @: _3 . r\ a: _1 . z a: _1 . b_< a: _1 . t i _1	(229)
k u _1 . s` @: _3 . k o _1	(230)
t_h o-m _1 . s E-n _1	(231)
m o _1 . l u _1 . k a: _1 . s` @: _3	(232)
l @: _1 . m E _1 . ts` @: _1	(233)
k @: _3 . r\ i-t _2 . m @:-t _2	(234)
m i _1 . k e _1 . l o _1 . s o _1	(235)
i-n _1 . w a:-t _2	(236)
f a:-k _2 . s a: _1 . l i _1 . a: _1	(237)
v E-k _2 . n @: _1	(238)
l i-p _2 . s` i-t _2	(239)
k o _1 . b_< e _1 . n a:-m _1	(240)
r\ o _1 . d_< e _1 . s` i _1 . a: _1	(241)
b_< @I _1 . l @: _1	(242)
k o _1 . r\ E _1 . z o _1	(243)
b_< E-n _1 . z a:-p _2	(244)
b_< o _1 . w E-n _1	(245)
t i _1 . b_< @: _3 . r\ @: _1	(246)
h @:-t _2 . t @:-n _1	(247)
m o-t _2 . s a: _1 . d_< E-k _2	(248)
a:-n _1 . d_< @: _1	(249)
f @: _3 . l i _1 . o-t _2 . s E-n _1 . z @: _1	(250)
b_< o _1 . d_< @: _3 . r\ u-m _1	(251)
b_< @: _3 . r\ O-k _2 . l i _1	(252)
l i _1 . m o _1 . G E-t _2 . s` @: _3	(253)
m a:-t _2 . s` @: _3 . b_< e _1 . r\ o _1	(254)
v i _1 . l a: _1 . r\ i _1	(255)
m u _1 . l E _1 . r\ u-p _2	(256)
h a:-m _1 . m Oa: _1 . r\ a: _1 . b_< i _1	(257)
k u _1 . r\ u _1	(258)
f o-t _2 . s` @: _3 . k o _1 . l o _1	(259)
v i _1 . t e _1 . r\ i _1 . a: _1 . n o _1	(260)
k a:-k _2 . l o _1 . v i _1	(261)
J\ a: _1 . t E-n _1 . G a: _1	(262)
f a: _1 . r\ u-k _2	(263)
i-n _1 . n o _1 . s E-n _1 . t i _1 . u-t _2	(264)
m o _1 . r\ EU _1 . l i _1	(265)
b_< o _1 . r\ o _1 . d_< i _1 . n o _1	(266)
f @: _3 . r\ E-t _2 . n E-n _1	(267)
k a:-n _1 . d_< a:-t _2	(268)
t i _1 . r\ a: _1 . n a: _1	(269)
t i _1 . G @: _3 . r\ a:-n _1	(270)
v E-t _2 . s` @: _3 . b_< u _1 . ts\ i _1	(271)
k a: _1 . r\ a: _1 . s` u _1	(272)
m E-t _2 . s i _1 . n a: _1	(273)
n i _1 . d_< e _1 . r\ @: _1	(274)
z u _1 . s @: _3 . t a: _1 . n i _1 . a: _1	(275)
k O-t _2 . t i _1	(276)
f @: _3 . r\ i-t _2 . m E-n _1	(277)
b_< a: _1 . G a:-n _1	(278)
n a: _1 . x o-t _2 . k a: _1	(279)
b_< @: _3 . r\ a: _1 . G @: _1	(280)
t u _1 . e-n _1	(281)
f @: _3 . r\ a:-n _1 . s a: _1	(282)
a:-n _1 . d_< o _1 . k i _1 . n E-t _2	(283)
G o _1 . s i _1	(284)
k @: _3 . l a:U _1 . d_< i _1 . u-t _2	(285)
r\ u _1 . t_h @: _1 . f O _1	(286)
t Oa: _1 . m a: _1 . s` i _1 . n a: _1	(287)
m a:-k _2 . t i _1 . n E-t _2	(288)
t @: _1 . r\ i _1 . s @: _3 . t a:-n _1	(289)
b_< @: _3 . l o-n _1 . s` @: _3 . k i _1	(290)
t_h u-t _2 . m o _1 . s` i _1	(291)
G O-t _2 . z a:-t _2	(292)
t_h e _1 . r\ a: _1	(293)
s` E-m _1 . z a: _1 . k i-n _1	(294)
f i _1 . a: _1 . n a: _1 . r\ a:-n _1 . s Oa: _1	(295)
i _1 . l oI _1 . l o _1	(296)
z E _1 . n u _1 . i _1 . l i _1	(297)
s` @: _3 . t i _1 . n E-t _2	(298)
u-m _1 . b_< EU _1	(299)
E _1 . k e _1 . b_< @:-t _2	(300)
k i _1 . a: _1 . G i-t _2 . t a:-n _1	(301)
b_< @: _3 . r\ ui:-n _1	(302)
t_h O-m _1 . s @:-n _1	(303)
h a: _1 . r\ u _1 . n o _1 . b_< u _1	(304)
b_< a:-k _2 . t_h i _1 . a: _1	(305)
r\ i _1 . v a:-t _2	(306)
m i _1 . t u-m _1 . b_< a: _1	(307)
G @: _3 . l o-m _1 . m a: _1	(308)
b_< @: _3 . r\ i-t _2 . s` o-t _2	(309)
m E-m _1 . l i-J _1	(310)
n e _1 . v i-t _2	(311)
m a:-t _2 . s` @: _3 . h a:-t _2	(312)
G i _1 . u-m _1 . r\ i _1	(313)
@: _1 . l E-n _1 . m @I _1 . @: _1	(314)
h E-k _2	(315)
b_< e _1 . r\ u _1 . z i _1 . n o _1	(316)
b_< o _1 . l i _1 . e _1	(317)
a: _1 . h u _1 . r\ a: _1	(318)
m i-n _1 . G a: _1 . s` a:U _1	(319)
m a: _1 . r\ i _1	(320)
G a: _1 . m a: _1	(321)
n a-N _1 . t @: _1	(322)
m a: _1 . r\ i _1 . n o _1	(323)
v e _1 . s` a: _1 . l i _1 . u-t _2	(324)
O-k _2 . t a: _1 . v i _1 . u-t _2	(325)
G u _1 . E-p _2	(326)
G i _1 . s e _1 . n i _1	(327)
m a: _1 . s @: _1 . n E-t _2	(328)
b_< a:-t _2 . s` @: _3 . t_h EU _1	(329)
k o _1 . s @: _3 . t a: _1	(330)
v i@-k _2 . z i-n _1	(331)
r\ i _1 . v i _1 . E _1 . r\ a: _1	(332)
k a:I _1 . l a:-t _2	(333)
f @: _3 . r\ a:-n _1 . k @: _1	(334)
f u _1 . t a: _1	(335)
G i _1 . b_< @: _3 . r\ a:-n _1 . t a: _1	(336)
a: _1 . l a:-c _2 . s a-N _1 . d_< @: _3 . r\ i _1	(337)
l e _1 . v i-n _1	(338)
b_< o _1 . d_< E-n _1	(339)
b_< o _1 . l o _1	(340)
n a: _1 . k a: _1 . s o _1 . n i _1	(341)
i _1 . s a:-n _1 . k o _1	(342)
h i-p _2 . b_< o _1 . l u _1 . t o-t _2	(343)
l a:-t _2	(344)
v i-t _2 . v a: _1 . k a:-k _2 . m a:-n _1	(345)
k @: _3 . r\ i _1 . t i _1 . a:-t _2	(346)
a: _1 . r\ a: _1 . G o-N _1	(347)
k a:-m _1 . h E-N _1	(348)
t i _1 . f a: _1 . n o _1	(349)
h a:-k _2 . t u-N _1	(350)
k a-m _1 . b_< o-t _2	(351)
l u _1 . k a: _1 . s` i _1 . e _1 . v i-c _2	(352)
m o-n _1 . w E-t _2	(353)
n a: _1 . b_< u-k _2 . h a:-t _2 . n e _1 . z a:-n _1	(354)
f O-t _2 . m E-n _1 . t e _1 . r\ a: _1	(355)
b_< e _1 . l i _1 . z @: _1	(356)
m O-t _2 . v a:-n _1	(357)
t o _1 . r\ a: _1	(358)
ui: _1 . l i _1 . s @: _1	(359)
k o _1 . l u-m _1 . b_< i _1 . a: _1	(360)
k e _1 . l @: _1	(361)
E-t _2 . t a: _1 . d_< o-t _2	(362)
t_h Oa:-n _1 . d_< a-k _2	(363)
z i-n _1 . s` @: _3	(364)
n i _1 . r\ a: _1 . r\ i _1	(365)
b_< @: _3 . r\ @: _1 . u-t _2	(366)
x a-k _2 . t u-m _1	(367)
b_< a:-n _1 . k a-N _1	(368)
i _1 . s` a: _1 . k i _1 . E-p _2 . s` @: _3 . k i _1	(369)
h u _1 . b_< @: _1	(370)
k @: _3 . r\ i-m _1	(371)
l u _1 . b_< u-m _1 . b_< a: _1 . s` i _1	(372)
t u@ _1 . k e _1 . s @: _3 . t a:-n _1	(373)
l o _1 . s` a:-n _1	(374)
p a: _1 . r\ a: _1 . m a: _1 . r\ i _1 . b_< o _1	(375)
b_< o _1 . r\ o _1 . b_< u _1 . d_< u@ _1	(376)
v @: _1 . z i-n _1 . n i _1 . a: _1	(377)
l u-k _2 . s @: _1	(378)
b_< o _1 . d_< o-t _2	(379)
a: _1 . v i _1 . s E-n _1 . n @: _1	(380)
m i _1 . l i _1 . t a: _1 . r\ i _1	(381)
a: _1 . d_< i _1	(382)
k i _1 . E-p _2	(383)
z u _1 . v @: _1	(384)
n e _1 . s a: _1 . h u _1 . a:-n _1 . k OI _1 . o-t _2	(385)
a:-k _2 . m E-t _2	(386)
b_< o-n _1 . t a: _1 . v a: _1	(387)
l @I _1 . t @: _3	(388)
a: _1 . b_< o _1	(389)
m a:-k _2 . k E-n _1 . z i _1	(390)
a:-n _1 . d_< @: _1 . s` @:-n _1	(391)
l e _1 . o _1 . n a:-k _2 . d_< o _1	(392)
r\ o _1 . b_< i _1 . n E-t _2	(393)
z E-m _1	(394)
O-t _2 . l o-p _2	(395)
e _1 . d_< o _1	(396)
r\ @: _1 . n o _1	(397)
b_< a: _1 . z o-p _2	(398)
v e _1 . n e _1 . z u _1 . e _1 . l a: _1	(399)
b_< a:-k _2 . b_< @: _1	(400)
m a: _1 . J\ E-n _1	(401)
h @: _1 . s @: _3 . l i _1	(402)
k o _1 . p o _1 . l a: _1	(403)
G @: _3 . r\ a:-n _1 . d_< e _1	(404)
b_< e _1 . r\ o _1	(405)
k i _1 . n a: _1 . b_< a: _1 . l u _1	(406)
s` E-p _2 . f iU _1	(407)
n iU _1 . t @:-n _1	(408)
b_< O-t _2 . n e _1 . o _1	(409)
v a: _1 . a:-n _1	(410)
z i _1 . r\ o _1 . d_< u _1	(411)
x a: _1 . t a:-n _1 . G a: _1	(412)
h a-t _2 . ts\ i _1 . s` @:-n _1	(413)
b_< u _1 . s @: _3 . k a: _1 . r\ a-k _2 . s a: _1	(414)
k a: _1 . b_< i _1 . l a: _1	(415)
s E-p _2 . ts\ E-n _1 . k o _1	(416)
a: _1 . l a: _1 . u-N _1 . b_< a: _1 . J\ a: _1	(417)
k @: _3 . r\ o-m _1 . d_< @: _3 . r\ a:I _1	(418)
r\ o _1 . ts\ E _1 . s @: _3 . t @: _1	(419)
a: _1 . f @: _3 . r\ o _1 . d_< i-t _2	(420)
z i _1 . n i-n _1	(421)
a: _1 . r\ a:-t _2	(422)
m a: _1 . l 1 _1 . i _1	(423)
t u _1 . r\ i-J _1	(424)
b_< i _1 . a:-n _1	(425)
G a:I _1 . d_< a:-n _1	(426)
z e _1 . m a:-n _1	(427)
r\ o _1 . s` E-n _1 . b_< @:-t _2	(428)
t_h u-t _2 . m o _1 . z @: _1	(429)
z E _1 . s @: _3 . b_< @: _1	(430)
k a:-n _1 . t @: _1	(431)
a:-m _1 . m O-n _1	(432)
m e _1 . l a: _1 . k a: _1	(433)
m o _1 . r\ a: _1 . v a: _1	(434)
a:U _1 . G @:-t _6	(435)
b_< a: _1 . f @: _1 . l @U _1	(436)
k i _1 . s u _1 . m i _1	(437)
b_< i _1 . k i _1 . n i _1	(438)
n @I _1 . m @:-n _1	(439)
m u@ _1 . G a:-p _2	(440)
k o _1 . b_< a: _1 . v o _1 . G u@ _1	(441)
b_< i-c _2 . k E-t _2	(442)
v a:-n _1 . d_< @: _1 . m o-N _1	(443)
k @: _3 . l o _1 . v i-t _2	(444)
b_< E-k _2 . t o _1 . l u _1 . ts\ i _1	(445)
s` @: _3 . t i _1 . G @: _3 . l i-t _2	(446)
k a: _1 . r\ o _1 . l i _1 . n a: _1	(447)
m o-N _1 . k u-t _2	(448)
t a:-m _1 . b_< e _1 . r\ e _1	(449)
G u _1 . d_< e _1 . a: _1	(450)
k o-p _2 . b_< E-t _2	(451)
a: _1 . b_< e _1 . b_< e _1	(452)
b_< E-n _1	(453)
a:-t _2 . t i _1 . l a: _1	(454)
b_< o _1 . ts\ a: _1 . r\ o-p _2	(455)
f u _1 . k uI _1	(456)
v @: _1 . n a-N _1	(457)
a: _1 . z a:-n _1 . t a: _1	(458)
b_< a: _1 . h a: _1 . m a: _1	(459)
m E-n _1	(460)
k a:-k _2 . l @: _1	(461)
f @: _3 . r\ E-t _2 . l @: _1	(462)
s` i _1 . k o _1 . k u _1	(463)
b_< e _1 . t E-k _2 . b_< u@ _1	(464)
r\ a: _1 . b_< i _1 . l @I _1	(465)
t e _1 . r\ E-n _1 . t i _1 . u-t _2	(466)
k o _1 . s` i _1	(467)
n e _1 . m i _1 . r\ o _1 . v i-c _2	(468)
m i-n _1 . t @:-n _1	(469)
k u _1 . E-n _1 . k a: _1	(470)
b_< e _1 . r\ a:-n _1 . G @: _1	(471)
v i _1 . G o _1	(472)
s` @: _3 . n i-t _2 . k i _1	(473)
m a:-k _2 . s OE-n _1	(474)
h o _1 . n o _1 . l u _1 . l u _1	(475)
a: _1 . b_< a: _1 . l e _1 . ts\ a:-n _1	(476)
t a: _1 . ts` a:-t _2 . s` @: _3	(477)
k a: _1 . l aI _1 . s @: _3	(478)
b_< o-N _1 . t i _1	(479)
l i _1 . r\ OI _1	(480)
m a: _1 . n u _1 . k a:U _1	(481)
l a: _1 . f i-t _2	(482)
k i _1 . G o _1 . m a: _1	(483)
a:-n _1 . t i _1 . l E-t _2	(484)
z ui: _1 . r\ i-c _2	(485)
b_< a: _1 . r\ i _1 . n i _1	(486)
b_< i _1 . e-k _2 . s @: _3	(487)
f E-k _2 . n a:-n _1 . d_< o _1	(488)
l e _1 . m e _1 . s` E-p _2	(489)
b_< i _1 . E _1	(490)
ts` a:U _1 . i-n _1	(491)
G @: _3 . l i-n _1 . k a: _1	(492)
m a:-t _2 . s` @: _3 . b_< a: _1 . t e _1	(493)
k o _1 . s` 1 _1 . G i-n _1	(494)
s` i _1 . m E-n _1	(495)
s` e _1 . b_< a:-k _2 . d_< @: _1	(496)
m a:-k _2 . t i _1 . n i-c _2	(497)
a: _1 . J\ @: _1	(498)
s` a:-n _1	(499)
a:-n _1 . d_< E-t _2 . s` @: _3	(500)
m E-t _2 . n i _1 . k o-p _2	(501)
m a:-n _1 . t_h @:-t _2	(502)
b_< @: _3 . r\ o _3 . v i-n _1	(503)
b_< i _1 . t @: _1	(504)
n e _1 . d_< E-k _2 . l a:-n _1	(505)
r\ i-c _2 . m @:-n _1	(506)
k e _1 . o-p _2	(507)
a: _1 . n a:U _1 . r\ a: _1 . t a: _1	(508)
k @U _1 . l @: _1 . r\ i-t _2	(509)
m a: _1 . l i-n _1 . k e _1	(510)
b_< e _1 . k a:-n _1	(511)
b_< u@-k _2 . d_< E-n _1	(512)
h E-p _2 . w @:-t _2	(513)
f a: _1	(514)
l u _1 . s i _1 . a: _1	(515)
b_< @: _3 . r\ a: _1 . v a:-t _2 . s` @: _3	(516)
b_< o-p _2	(517)
G o _1 . J\ a: _1	(518)
m a: _1 . r\ i _1 . E-n _1 . b_< @:-t _2	(519)
h i-n _1 . d_< E-n _1 . b_< @:-t _2	(520)
s` @:-n _1	(521)
l E-t _2 . s` @: _3 . k i-n _1	(522)
b_< E-k _2 . n i _1 . n i _1	(523)
b_< u _1 . t i _1 . a: _1 . b_< a: _1	(524)
b_< e _1 . d_< @: _3 . r\ e _1 . d_< i-n _1	(525)
h i _1 . E-m _1 . s @: _3 . l E-p _2	(526)
b_< o _1 . t E-p _2 . n i _1 . a: _1	(527)
G i _1 . o _1 . s o _1	(528)
x @: _3 . b_< e _1 . l e _1	(529)
f @: _3 . l a:-t _2	(530)
a: _1 . t o-n _1	(531)
k @: _3 . r\ a: _1 . s` E-n _1 . n i-n _1 . n i _1 . k o-p _2	(532)
a:-p _2 . b_< @: _1 . v i-n _1	(533)
m i _1 . k u _1 . l o-p _2	(534)
u _1 . r\ a: _1 . t u _1	(535)
x @: _1 . m E _1	(536)
b_< i _1 . k e _1 . n i _1 . b_< e _1 . u _1	(537)
b_< E-n _1 . d_< @:-n _1 . t @:-n _1	(538)
b_< u-n _1 . G a: _1 . r\ i _1 . a: _1	(539)
b_< e _1 . r\ O-t _2	(540)
z O-t _2 . z @: _1	(541)
b_< E-k _2 . k @: _1	(542)
o _1 . z a:-n _1	(543)
b_< a: _1 . r\ a: _1 . w aI _1	(544)
m a:-k _2 . k o _1 . v o _1	(545)
l O-N _1 . J\ i@ _1	(546)
s` @: _3 . w a:-t _2	(547)
b_< a: _1 . b_< i-n _1 . s` @: _3 . k i _1	(548)
ts\ a:-m _1 . b_< @: _1 . l E-n _1	(549)
m @: _1 . z u _1 . z u _1	(550)
t a: _1 . G O _1	(551)
t i _1 . G @: _3 . r\ @: _1	(552)
G i _1 . o _1 . t a:-J _1	(553)
b_< @: _3 . r\ a: _1 . z a: _1 . v i-n _1	(554)
l i-n _1 . s @: _1	(555)
k o _1 . r\ e _1 . l i _1	(556)
v e _1 . r\ o _1 . k i _1 . o _1	(557)
b_< e _1 . t @: _1 . r\ @: _1 . z a-k _2	(558)
l a:-p _2 . l i-n _1	(559)
k i _1 . r\ E-n _1 . s` @: _3 . k @: _1	(560)
z i-n _1 . n i _1	(561)
h a-n _1 . t @: _1	(562)
n u _1 . b_< i _1	(563)
b_< i-n _1 . d_< a: _1 . r\ o-t _2	(564)
m a: _1 . h a: _1 . r\ a:-t _2 . s` @: _3 . ts` a: _1	(565)
t o-m _1 . b_< o _1	(566)
l u _1 . n o _1 . x o-t _2	(567)
b_< a: _1 . r\ o-n _1	(568)
b_< @: _3 . r\ E-t _2 . b_< @:-t _2	(569)
h a-n _1 . s @: _1	(570)
r\ u _1 . m i _1 . a:-n _1 . s E-p _2	(571)
b_< O-n _1 . t o _1 . b_< i _1 . d_< a:-n _1	(572)
m a: _1 . J\ o _1	(573)
l u _1 . s @: _1	(574)
b_< i _1 . r\ a:-n _1 . d_< e _1 . l o _1	(575)
G a-N _1 . s @: _1	(576)
u _1 . ts` E-t _2	(577)
b_< a: _1 . t_h @:-t _2	(578)
G a: _1 . l i _1 . E-n _1	(579)
t o _1 . r\ i _1 . ts\ E _1 . l i _1	(580)
s` a-k _2 . l @: _1	(581)
k a:-k _2 . s` @: _3 . t E-n _1	(582)
m o _1 . s a:-n _1 . d_< @: _1	(583)
m i _1 . l aU _1 . k i _1	(584)
s` o _1 . l o _1 . x o-p _2	(585)
b_< e _1 . z a: _1 . s i _1 . e _1	(586)
s` O _1 . l @U _1	(587)
a: _1 . r\ @-p _6	(588)
a: _1 . r\ i _1 . a:-n _1	(589)
a: _1 . b_< i _1 . a: _1	(590)
k o _1 . b_< E-n _1 . h a: _1 . G E-n _1	(591)
f @: _3 . r\ a-N _1 . f @:-t _2	(592)
t a:-n _1 . G a: _1	(593)
k u-m _1 . m @: _1	(594)
m a: _1 . l a:-k _2 . k a: _1	(595)
v a: _1 . d_< a: _1	(596)
n e _1 . t o _1	(597)
m a: _1 . d_< o-n _1 . n a: _1	(598)
v i _1 . t @: _1 . r\ a:-k _2	(599)
r\ u _1 . s` o _1 . l o _1	(600)
