n au 2 . k aa 1 . s ou 3	(1)
b ei 2 . l aa-k 6 . t o 4 . n ei 4 . aa 3	(2)
b aa 3 . l i-ng 4	(3)
s i-ng 3	(4)
aa 3 . s ai 3 . aa 3	(5)
s aa 1	(6)
h oe-ng 1 . n oi 6 . j i 4	(7)
l aai 1 . s ou 3	(8)
l a-m 4 . h a-ng 2	(9)
n aai 5 . s i-k 1	(10)
b ui 3 . l ei 5 . ng aa 5	(11)
m a-k 6 . k aa 1 . s e-k 6	(12)
h u-ng 1 . ng aa 4 . l ei 6	(13)
l o-k 3	(14)
b aa-k 6 . g a-m 1 . h o-n 3	(15)
w u 1 . l aai 1 . gw ai 1	(16)
aa-k 1 . gw aa 1 . d o 1 . j i 5	(17)
ou 3 . g u 2 . s i 1 . d a-k 6	(18)
h a-ng 1 . d a-k 6 . l ei 6	(19)
g aa-k 3 . l a-m 4 . s i 1 . p u-n 1	(20)
t o-k 3 . f u-k 1	(21)
z i-k 1 . s eo-n 3	(22)
m aa 5 . k ei 4 . d eo-n 6	(23)
w ai 1 . s i 1 . h o-ng 1 . s a-n 1	(24)
m aa 5 . j i 5 . s aa-t 3 . s i 1	(25)
g o 1 . b u-n 2 . h aa 1 . g a-n 1	(26)
f ei 1 . l eo-t 6 . b a-n 1	(27)
w aa 4 . s aa 1	(28)
j-au 4 . t aa 1	(29)
j e 4 . w o 4 . w aa 4	(30)
l ai 4 . b aa 1 . n yu-n 6	(31)
o 1 . d aa-t 6	(32)
t aa-n 2 . s o-ng 1 . n ei 4 . aa 3	(33)
b o 1 . s i 6	(34)
h a-k 1 . l ei 5 . d a-k 6	(35)
h ei 1 . l aai 1 . l ei 6	(36)
b o 1 . j i 5	(37)
b a-n 1 . gw o 2	(38)
b o 1 . d o 1	(39)
d o 1 . m ai 5 . n ei 4 . h a-k 1	(40)
j-a-n 3 . d ou 6	(41)
h o 2 . h o 2	(42)
f u-k 6 . d a-k 6 . g aa 1	(43)
b ou 3 . j i 5 . s a-p 6 . w ai 4 . h a-k 1	(44)
aa 3 . j i 5 . b aa 1 . n ei 4 . aa 3	(45)
k aa 1 . n oi 6 . g ei 1	(46)
w ai 4 . n aa-p 6 . s i 1	(47)
b aa 1 . l eoi 4	(48)
s yu-t 3 . f a-t 6 . l u-ng 4	(49)
m aa 5 . d a-k 1 . l ei 5	(50)
j e 4 . s ou 1	(51)
b ou 3 . g a-t 1	(52)
p ou 2 . l ou 5 . s i 6	(53)
t ou 4 . g aa-k 3 . n i-p 6 . f u 1	(54)
m o 1 . m u-n 4	(55)
g aa 1 . s ai 1 . aa 3	(56)
k aa 1 . l aai 1	(57)
b ou 3 . l u-ng 4 . d i-k 6	(58)
d o 1 . m u-ng 4 . d a-k 6	(59)
g aa-k 3 . l aai 6 . n aa-p 6	(60)
b o 1 . j a-m 1	(61)
ng aa 5 . d a-k 6	(62)
f aa-t 3 . l ou 5	(63)
m aa 5 . d a-k 6 . l aai 1	(64)
m ai 5 . c i-t 3 . j i 5	(65)
j-i-ng 1 . g a-t 1 . l ei 6	(66)
gw o 1 . b ei 2	(67)
b o 1 . j i 5 . d o 1	(68)
aa 3 . l aai 1 . b aa-k 3	(69)
h a-k 1 . l eoi 4 . d ai 3 . o-n 1	(70)
c oi 3 . l oi 4 . s i 1	(71)
h i-t 3 . s i 1 . d ai 2 . l ei 5	(72)
g o 1 . d a-k 1	(73)
d aai 3 . w ai 4 . s i 1	(74)
b o 1 . l ei 6 . w ai 4 . aa 3	(75)
o-n 1 . d ai 6 . s i 1	(76)
f a-t 1 . l ei 6 . ng o-ng 4	(77)
l o-ng 5 . n ei 4	(78)
k aa 1 . d a-k 6 . j i 5	(79)
o-n 1 . n ei 4	(80)
k aa 1 . s i 1 . d ai 3 . l o 4	(81)
d o 1 . n ou 5	(82)
h u-ng 4 . d ou 1 . l aai 1 . s i 1	(83)
g aa-n 2 . b ou 3 . z aai 6	(84)
k aa 1 . l o-k 3 . s i 1	(85)
m aa 5 . l ei 5 . ou 3	(86)
n aa 5 . b a-t 1 . l a-k 6 . s i 1	(87)
b aa-n 1 . k i-k 1	(88)
w aa 4 . j i 5 . z i 1	(89)
f u-k 1 . j i 5 . m aa 5 . l a-m 4	(90)
k i-ng 4 . s i 1	(91)
k aa 1 . m ai 5 . l aai 1	(92)
k aa 1 . t aa-p 3 . j i 5	(93)
k aa 1 . l aai 1 . k ei 4	(94)
h oi 2 . m i-ng 4 . w ai 1	(95)
d aai 3 . j i 5	(96)
ou 3 . d ei 6 . l ei 6	(97)
w aa 4 . j i 5 . z i 1	(98)
b aa 1 . l o-k 3 . h a-k 1	(99)
b aai 3 . j a-n 1	(100)
aai 6 . m aa-n 6 . n ou 4	(101)
h o-n 3 . b ou 2	(102)
l ou 6 . d a-k 1	(103)
c oi 3 . j i 5 . d a-k 6	(104)
aa 3 . l aai 1 . b aa 1 . m aa 5	(105)
d aa-t 6 . l aai 1 . s i 1	(106)
g aa 3 . f e 1	(107)
n au 2 . l eo-n 4 . b ou 2	(108)
d a-k 1 . s i 1 . d i-ng 1	(109)
h aa 1 . f a-t 6	(110)
l a-k 6 . h a-k 1 . s i 1	(111)
ng aa 4 . m aai 5 . g aa 1	(112)
g ou 1 . j i 5 . f u 1	(113)
n ei 4 . h a-k 1 . s a-m 1	(114)
b o 1 . s eo-t 1	(115)
au 1 . m ou 5	(116)
k aa 1 . aa 3	(117)
f au 4 . s i 6 . d a-k 1	(118)
d a-k 1 . j i 5 . b aa-n 1	(119)
k aa 1 . j i 5	(120)
d a-k 1 . j i 3 . z i 3	(121)
c oi 3 . n oi 6 . g aa 1 . j i 5	(122)
j-a-n 3 . d ou 6 . z i 1 . n aa 5	(123)
n oi 6 . w aa 4 . d aa-t 6	(124)
n ei 4 . c oi 2	(125)
l ou 4 . s a-m 1 . b ou 2	(126)
d ou 6 . g aa-k 3 . l aai 1 . s i 1	(127)
b aa 1 . g ei 1 . s i 1 . t aa-n 2	(128)
o-n 1 . d a-k 1 . s a-ng 1	(129)
m aa-ng 6 . g aa 1 . l aai 1	(130)
d a-t 6 . n ei 4 . s ai 1 . aa 3	(131)
ou 3 . l a-m 4 . p a-t 1 . h a-k 1	(132)
j-i 5 . t aai 3	(133)
j-i-ng 1 . g aa-k 3 . l aa-n 4	(134)
g o-t 3 . l eoi 4 . n o-k 6	(135)
b aa 1 . b ei 2 . l eo-n 4	(136)
b aa 1 . f u 3 . j i 5	(137)
g oi 3 . l o-k 3 . p ou 2	(138)
aa 3 . m ou 5 . s i 1 . d a-k 6 . d aa-n 1	(139)
l aai 1 . s ou 4	(140)
