g wa . l eu . d i . n i	(1)
h o . n o l . l u l . l u	(2)
t wi . n i . j i	(3)
b i . ch eo m	(4)
b e . n e . ch i . a . n o	(5)
g o . g ae ng	(6)
k a l . d eo . u . d eu	(7)
l i . ch i . m eo n . d eu	(8)
l a . n e . l i	(9)
l a . d i . s eu l . l a . p eu	(10)
m o . l e . n a	(11)
o m . s eu . k eu	(12)
ae l . l i . s eu	(13)
h o . d eu l	(14)
s eu . t i . g eu l . l eo	(15)
s eu . t eu . l a . u . b eu	(16)
b a . b oe . p eu	(17)
e . i . k i n	(18)
p i . l a n . d e l . l o	(19)
m e ng . k e n	(20)
