b e n . t eu . l i	(1)
g u l . d eu . b e . l eu . g eu	(2)
l a . u . p eu	(3)
m u . s eu . k o . g i	(4)
k u . m eo	(5)
l a . j i	(6)
l e . b i n	(7)
k o n . t i	(8)
a . m a n . d a	(9)
l o . m e l	(10)
t a . s yu . k e n . t eu	(11)
d o l . l o . l e . s eu	(12)
b a . l e	(13)
b i . s a . u	(14)
a l . l e g . s a n . d eo	(15)
m a . l eu . t i . n e . s eu	(16)
m a . l eu . k eu . s eu	(17)
n a . t a n	(18)
h a m . b u . l eu . k eu	(19)
j o . l eu . j i . n a	(20)
