l ae ng . m yu . eo	(1)
a . t eu l . l a . s eu	(2)
p a . u l . l i	(3)
h eo . s eu . t eu	(4)
d o . d e . s eu . b e l	(5)
s eu . p eu . l i ng . p i l . d eu	(6)
p a . u l . l u . s eu	(7)
a . m a . l a	(8)
l o . l a ng . s ae ng	(9)
a . i . s eu l . l a n . d eu	(10)
n i . k i	(11)
h eo . b eu l	(12)
g eo . b eo	(13)
b eu . l u . k eu l . l i n	(14)
wi n	(15)
b e . k eo . j eu . p i l . d eu	(16)
t a . u n . s e n . d eu	(17)
h o . h eu	(18)
a . s i . k e . n a . j i	(19)
g a . b o ng	(20)
ch e . s a l . p i . n o	(21)
p a . u l . l eo	(22)
l ae n . s eu	(23)
ae . b eo . k eu . l o m . b i	(24)
d eo n . h ae m	(25)
h e . k e l	(26)
d u l . l i . t eu l	(27)
j o . m eo . p e l . t eu	(28)
a . l eu . n o	(29)
n u . k u . a l . l o . p a	(30)
m ae . k eu l . l ae . l eo n	(31)
e l . g a	(32)
m a . l a	(33)
n a . s a . l e s	(34)
m o l . l i	(35)
b i . s e l	(36)
l i n . d eu	(37)
d i . a . s eu	(38)
m o ng . t e . l eu l . l a ng	(39)
m i . k eu . l o . n e . s i . a	(40)
