E _1 . d_< i _1 . s` @:-n _1	(1)
v i _1 . l a: _1 . r\ i _1	(2)
n i _1 . b_< u@ _1	(3)
l a:-n _1 . k a:-t _2 . s` @: _3 . t @: _1	(4)
t @: _1 . r\ a:-n _1 . s i-n _1 . v a: _1 . n i _1	(5)
m i-t _2 . k i _1 . e _1 . v i-c _2	(6)
a:-n _1 . t o _1 . n e _1 . s @: _3 . k u _1	(7)
f @: _3 . r\ e _1 . t o _1 . r\ i _1 . u-t _2	(8)
J\ a: _1 . t E-n _1 . G a: _1	(9)
l o _1 . l o _1 . b_< @: _3 . r\ i _1 . G i _1 . d_< a: _1	(10)
m a: _1 . J\ o-t _2	(11)
h a:-t _2 . t i _1	(12)
t a: _1 . G O _1	(13)
k a: _1 . r\ i _1 . b_< a: _1	(14)
k a:-n _1 . d_< i _1	(15)
k o _1 . l o _1 . m E-n _1 . s` @: _3 . k i _1	(16)
l e _1 . z i-n _1	(17)
v a: _1 . l E-n _1	(18)
G i-n _1 . m i-t _2	(19)
k EU _1 . b_< u-n _1 . f a:-n _1	(20)
k a:-k _2 . l @: _1	(21)
a: _1 . b_< a: _1 . J\ a: _1	(22)
f 1 _1 . k 1 _1 . o _1 . k a: _1	(23)
m i _1 . m E-n _1 . s i-n _1 . G @: _1	(24)
k a: _1 . l a:I _1	(25)
O-t _2 . s` @: _3 . b_< @:-t _2	(26)
i-n _1 . d_< @: _3 . r\ a: _1 . v a:-k _2 . m a:-n _1	(27)
k o _1 . l i-n _1	(28)
m i _1 . l a:-n _1 . k o _1 . v i-t _2	(29)
a: _1 . t_h a: _1 . n a:I _1	(30)
l i _1 . s` a:-n _1	(31)
r\ a:I _1 . l @: _1	(32)
b_< a: _1 . r\ a: _1 . n a: _1	(33)
s` @:-n _1	(34)
z u-n _1	(35)
h @:-t _2 . t @:-n _1	(36)
l i _1 . w i-t _2	(37)
k a: _1 . s i _1 . u-t _2	(38)
u-t _2 . v a:-n _1	(39)
f e _1 . l i-J _1	(40)
b_< OI _1 . v @: _1	(41)
b_< a: _1 . l a: _1 . d_< i-n _1	(42)
v E-t _2 . t @-n _1	(43)
k u@ _1 . n O-t _2	(44)
b_< e _1 . r\ a:-n _1 . G @: _1	(45)
a:-p _2 . b_< a: _1 . l a: _1 . ts\ i _1 . a:-n _1	(46)
b_< a: _1 . r\ e _1 . t o _1	(47)
b_< u _1 . i _1	(48)
b_< o _1 . s` @: _3 . w a:-t _2	(49)
f @: _3 . l a: _1 . m i _1 . n i _1 . u-t _2	(50)
a: _1 . b_< e _1 . b_< e _1	(51)
k a:-k _2 . l @: _1	(52)
G o _1 . m E-n _1	(53)
b_< u _1 . d_< a: _1	(54)
s` E _1 . r\ @: _1	(55)
a: _1 . h a: _1 . G a: _1	(56)
p a: _1 . t e _1 . s i _1	(57)
k e _1 . m a:-n _1	(58)
r\ e _1 . p i-n _1	(59)
a:I _1 . m a: _1 . t o-p _2	(60)
r\ o _1 . d_< a-N _1 . b_< a:-k _2	(61)
E-t _2 . s` @: _3 . t E-n _1 . s` o _1 . r\ o _1	(62)
b_< @: _3 . r\ o _3 . v i-n _1	(63)
m a:-n _1 . t a: _1	(64)
t a: _1 . l E-t _2	(65)
n i _1 . n i _1 . v @: _1	(66)
k @: _3 . l a:U _1 . d_< i _1 . u-t _2	(67)
h O-t _2 . s` @: _3	(68)
G O _1 . a: _1 . d_< @: _1 . l u-p _2	(69)
m e _1 . l i _1 . l a: _1	(70)
b_< a: _1 . b_< i _1 . l O-n _1	(71)
b_< a: _1 . k u _1 . l E-p _2	(72)
a:-n _1 . t o _1 . n i _1 . u-t _2	(73)
a: _1 . t o-n _1	(74)
b_< e _1 . r\ E-n _1	(75)
a: _1 . l i _1 . E-n _1 . d_< e _1	(76)
b_< i-n _1 . b_< a:U _1	(77)
s` a: _1 . x @: _1 . m a: _1 . t o-p _2	(78)
l u _1 . n o _1 . x o-t _2	(79)
ts` a:-n _1 . z O-t _2 . d_< a: _1 . n i _1	(80)
r\ o _1 . t E-k _2 . d_< a:-m _1	(81)
r\ o _1 . b_< @:-t _2	(82)
p o _1 . l u _1 . b_< i _1 . o-t _2	(83)
G @: _3 . r\ e _1 . b_< o _1	(84)
h a:I _1 . d_< a: _1 . r\ a: _1 . b_< a:-t _2	(85)
n i _1 . k i _1	(86)
f a: _1 . J\ O-n _1	(87)
b_< i-c _2 . k E-t _2	(88)
m u _1 . z @: _3 . t a:-k _2	(89)
f E _1 . r\ @: _1 . r\ @I _1	(90)
m E _1 . z i _1 . k a: _1 . n o-t _2	(91)
n o _1 . v o _1 . s` i _1 . b_< i@ _1 . s` @: _3 . k @: _1	(92)
b_< a: _1 . t_h E-t _2	(93)
r\ o _1 . s e _1 . l i _1 . n i _1	(94)
b_< a: _1 . s` @: _1	(95)
k EU _1	(96)
a: _1 . G a: _1 . m E-m _1 . n o-N _1	(97)
b_< a:U _1 . h a:U _1	(98)
b_< O-t _2 . m O _1	(99)
s` u _1 . x o-p _2	(100)
