d i . d o . s eo	(1)
m ae l . k eo m	(2)
s a n . t a n . d e . l eu	(3)
p a . i . eo . s eu . t o n	(4)
p u l . b eu . l a . i . t eu	(5)
l eo g	(6)
m e n . d e l . j o n	(7)
k u . p eu . l ae ng	(8)
h a . ya s	(9)
p eu . l i . d a	(10)
d o . h a	(11)
k e . i	(12)
a . m a . j o n	(13)
g o . d i n	(14)
t e n	(15)
d e l . m a	(16)
j i . l o ng . d eu	(17)
k e n . d eu . l u	(18)
h o . n o . l i . u . s eu	(19)
o . k a m . p o	(20)
