h a:I _1 . d_< @: _1 . r\ a: _1 . b_< a:-t _2	(1)
k a-m _1 . b_< o-t _2	(2)
G o-n _1 . G i _1	(3)
u-t _2 . t a: _1	(4)
m o-n _1 . t @: _1 . G o _1 . m @: _1 . r\ i _1	(5)
b_< a: _1 . l a:-n _1 . ts\ i-n _1	(6)
a: _1 . b_< u _1 . r\ e _1	(7)
k a: _1 . m E-k _2 . l i-J _1	(8)
b_< o _1 . t E-p _2	(9)
r\ o-t _2 . ts` o _1 . b_< o _1 . v i-c _2	(10)
a: _1 . z E-k _2 . b_< a:I _1 . z a:-n _1	(11)
b_< o _1 . t a: _1	(12)
b_< Oa: _1 . t o _1	(13)
a:-n _1 . v e _1	(14)
m O _1 . s` EU _1	(15)
r\ o _1 . s @: _3 . t @U _1	(16)
b_< a: _1 . v e _1 . J\ e _1	(17)
u _1 . s i _1 . m a: _1	(18)
m a:-k _2 . s OE-n _1	(19)
z E-n _1 . l i-n _1 . s @: _3 . k i _1	(20)
b_< a: _1 . b_< @: _3 . r\ i _1 . u-t _2	(21)
b_< @: _3 . l o-n _1 . s` @: _3 . k i _1	(22)
h E-t _2 . z a: _1	(23)
h a:-n _1 . n o _1 . v @: _1	(24)
h u-t _2	(25)
k a: _1 . m a: _1	(26)
l a:-n _1 . G E-n _1 . d_< e _1 . r\ @: _1	(27)
a: _1 . d_< o-k _2 . n o _1	(28)
p o _1 . l u _1 . b_< i _1 . o-t _2	(29)
l E _1	(30)
b_< u _1 . ts` o-t _2	(31)
a: _1 . s i _1 . a: _1	(32)
k @: _3 . r\ a: _1 . ts\ e _1	(33)
G @I _1 . a: _1 . m i _1	(34)
h u _1 . d_< o-N _1	(35)
n a:U _1	(36)
l u _1 . t o _1 . s @: _3 . l a:-p _2 . s @: _3 . k i _1	(37)
t a:I _1 . l @: _1	(38)
n a: _1 . d_< a: _1	(39)
s` e _1 . l @: _1	(40)
m i-n _1 . k u-t _2	(41)
a: _1 . l a: _1 . t aU _1	(42)
b_< @: _3 . r\ i-t _2 . s` @: _3 . b_< @-n _1	(43)
k O-k _2 . s @: _1	(44)
h e _1 . v i _1 . s` a:I _1	(45)
a: _1 . t_h a: _1 . n a: _1 . s i _1 . u-t _2	(46)
b_< o _1 . s` @: _1	(47)
k a:-n _1 . k u-t _2 . t a: _1	(48)
h a:I _1 . l @: _1	(49)
z E _1 . n @: _1	(50)
l O _1 . r\ E-n _1 . z o _1	(51)
b_< i _1 . s` @: _3 . ts` i _1 . k a: _1	(52)
l i _1 . b_< E-n _1	(53)
f O-t _2	(54)
r\ o _1 . b_< @:-t _2 . s @:-n _1	(55)
s` @I _1 . m O _1	(56)
h a:-n _1	(57)
b_< @: _3 . l o-N _1 . d_< E-n _1	(58)
m a:-n _1 . h a: _1 . n i _1	(59)
l E _1 . s @: _3 . b_< i _1 . a: _1	(60)
u-n _1 . s` E-t _2	(61)
l u _1 . t_h @: _1	(62)
b_< u _1 . d_< o-p _2 . k i-n _1	(63)
v i-t _2 . v a: _1 . k a:-k _2 . m a:-n _1	(64)
b_< a: _1 . G a:-n _1	(65)
m u@ _1 . n aU _1	(66)
v a:-t _2 . t_h a: _1 . n a: _1	(67)
m E-k _2 . n a: _1	(68)
b_< u _1 . v @: _1	(69)
b_< o-t _2 . s` @: _3 . t @:-n _1	(70)
m e _1 . t E-k _2 . n i-c _2	(71)
v i-n _1 . n i _1 . u-t _2	(72)
k a: _1 . r\ a:-k _2 . ts\ i _1	(73)
b_< @: _1 . x o _1 . f @: _1	(74)
a: _1 . n a:U _1 . r\ a: _1 . t a: _1	(75)
u _1 . t a: _1 . m a: _1 . r\ o _1	(76)
k a: _1 . v a: _1 . l i _1	(77)
k a: _1 . b_< a: _1 . k a: _1	(78)
b_< i-n _1 . s e _1 . v @-n _1	(79)
a: _1 . k i-n _1 . k u-m _1	(80)
b_< a: _1 . t_h @:-t _2	(81)
k @: _3 . l a:I _1 . b_< @:-n _1	(82)
t_h @: _1 . r\ a: _1 . s @: _3	(83)
a:-n _1 . t o _1 . n e _1 . s @: _3 . k u _1	(84)
r\ e _1 . G o _1	(85)
s` E _1 . l i _1	(86)
t i _1 . m u@ _1	(87)
k u _1 . d_< u _1 . G u _1	(88)
G a:-k _2 . n i _1 . @: _1	(89)
k u _1 . z @: _1 . n e _1 . s` @: _3 . k i _1	(90)
l e _1 . s` @: _3 . b_< o _1	(91)
v a: _1 . l E-n _1 . s i _1 . a: _1	(92)
b_< a:-n _1 . d_< 1-N _1	(93)
m a:U _1 . b_< a:-t _2 . t @:-n _1	(94)
l a:-n _1 . d_< a:U _1	(95)
a:U _1 . s @: _3 . t E-k _2 . l i-t _2	(96)
t u _1 . n E _1 . s @: _1	(97)
G @: _3 . r\ i _1 . s @:-n _1	(98)
a:-n _1 . t_h u-t _2 . s` @: _1	(99)
m u _1 . s` @: _3 . O-k _2 . s` @: _3 . k i _1	(100)
l aI _1 . EU _1	(101)
m u-n _1 . s @: _3 . t E-k _2 . b_< @:-t _2	(102)
b_< i _1 . s @: _3 . k a: _1 . t o _1	(103)
b_< i _1 . l i _1 . s a: _1	(104)
f O-t _2 . m E-n _1 . t e _1 . r\ a: _1	(105)
t E _1 . t i-t _2	(106)
n e _1 . s a: _1 . h u _1 . a:-n _1 . k OI _1 . o-t _2	(107)
a: _1 . s u-n _1 . s i _1 . o-n _1	(108)
b_< @: _3 . r\ a: _1 . m a:-n _1 . t e _1	(109)
t a:-n _1 . n E-n _1 . b_< @:-t _2	(110)
ts\ e _1 . l i _1 . a: _1 . b_< i-n _1 . s @: _3 . k @: _1	(111)
E-t _2 . w @:-t _2	(112)
t i@ _1 . s` o _1	(113)
h i _1 . r\ a: _1 . d_< o _1	(114)
a: _1 . l o-n _1 . z o _1	(115)
x i@U _1	(116)
b_< a-m _1 . b_< a: _1 . r\ i _1	(117)
k u _1 . z @: _1 . n E-t _2	(118)
v E-t _2 . s` @: _3 . b_< u _1 . ts\ i _1	(119)
z e _1 . r\ i _1 . k o _1	(120)
v E-k _2 . s @I _1	(121)
m i-n _1 . G a: _1 . l a: _1 . d_< o-n _1	(122)
l u _1 . J\ a: _1	(123)
b_< a: _1 . t u _1 . m i _1	(124)
k O-t _2	(125)
t a: _1 . n e _1 . E-p _2	(126)
m a:-k _2 . m a: _1 . r\ a: _1	(127)
k a: _1 . b_< E-t _2	(128)
G e _1 . l i _1 . b_< o _1 . l u _1	(129)
n a: _1 . h a: _1	(130)
b_< a:-t _2 . s a-k _2	(131)
a: _1 . z a: _1 . s i _1 . o _1	(132)
v o _1 . l i-n _1 . s` @: _3 . k i _1	(133)
b_< a:-t _2 . z i _1 . t a:-n _1	(134)
s` @: _3 . t a:I _1 . n i-t _2	(135)
u _1 . r\ a:-n _1	(136)
m i-t _2	(137)
t_h a: _1 . k @: _1 . r\ aI _1	(138)
v e _1 . n e _1 . z i _1 . a: _1	(139)
f iU _1	(140)
b_< e _1 . r\ u _1 . z i _1 . n o _1	(141)
i _1 . v a: _1 . n o-p _2	(142)
z E-t _2 . k i-n _1	(143)
v o-n _1 . t a: _1	(144)
f @: _3 . r\ a-N _1 . f @:-t _2	(145)
u _1 . z u-N _1	(146)
h aI _1 . E-k _2	(147)
z a: _1 . k o _1 . b_< a:-J _1	(148)
b_< u _1 . r\ 1-n _1 . d_< a:I _1 . t a:-n _1	(149)
h u _1 . l a: _1 . G u _1	(150)
h @:-t _2 . t @:-n _1	(151)
h u-m _1 . b_< o-n _1	(152)
l a:-t _2 . s` @: _3 . b_< @I _1 . r\ E-t _2	(153)
k a:-k _2 . b_< o _1 . n i _1 . e _1	(154)
m a:U _1 . t i _1 . @: _1	(155)
b_< O-n _1 . n a: _1	(156)
z E-k _2 . n i _1 . k e _1	(157)
s` o _1 . u _1 . m a:-n _1	(158)
m a: _1 . s` @: _3	(159)
b_< @-k _2	(160)
m a: _1 . d_< @: _1 . l E-n _1	(161)
J\ o-k _2 . n a: _1 . p a: _1 . t a:U _1 . f a: _1	(162)
l a: _1 . s a:-n _1	(163)
h @I _1 . n a:U _1 . s` @: _3 . k i _1	(164)
n i _1 . n i _1 . z i _1	(165)
a: _1 . s @: _3 . k o _1 . l i _1	(166)
k a: _1 . n a: _1 . r\ i _1 . a: _1	(167)
s` @: _3 . n i-t _2 . k i _1	(168)
m e _1 . l a: _1 . k a: _1	(169)
s` i _1 . m E-n _1	(170)
s` u-m _1 . b_< e _1 . t @: _1	(171)
a:-n _1 . m a: _1 . d_< i _1	(172)
m a-k _2 . n u-t _2	(173)
b_< a: _1 . r\ i _1	(174)
ts` i _1 . n i _1 . d_< a:-t _2	(175)
k a: _1 . l i-n _1 . G a: _1	(176)
m e _1 . n a:-n _1 . d_< @: _3 . r\ o-t _2	(177)
m a:-n _1 . v i _1 . n a:-t _2	(178)
n a: _1 . b_< u _1 . s` o _1 . d_< o _1 . n o _1 . J\ O _1	(179)
ts\ a: _1 . G o-t _2	(180)
f @: _3 . r\ a: _1	(181)
b_< o-n _1 . d_< a: _1 . ts\ u-k _2	(182)
J\ a: _1 . m a: _1 . z a: _1 . k i _1	(183)
k u-n _1 . s` a:-n _1	(184)
t E-n _1	(185)
t e _1 . t o _1 . v o _1	(186)
a: _1 . v i-n _1 . h o-N _1	(187)
r\ u _1 . J\ @: _1 . v E-n _1	(188)
n i _1 . a: _1 . r\ i-t _2	(189)
s` E-k _2 . b_< a: _1	(190)
k O-n _1 . s` @: _3 . t @I _1 . b_< o _3	(191)
a:-p _2 . b_< @: _1 . v i-n _1	(192)
E-t _2 . t a: _1 . d_< o-t _2	(193)
k a:-t _2 . s` @: _3 . t i _1 . l i _1 . o _1 . n e _1	(194)
r\ u-n _1 . d_< u _1	(195)
p a: _1 . t e _1 . s i _1	(196)
k a: _1 . t aI _1	(197)
b_< a: _1 . l aU _1	(198)
b_< e _1 . l a: _1 . r\ u-t _2	(199)
n a:I _1 . w i-t _2	(200)
b_< e _1 . t i _1	(201)
b_< a:U _1 . l i-J _1	(202)
u _1 . s` i-n _1 . s @: _3 . k i _1	(203)
b_< @: _3 . r\ a: _1 . t E-n _1	(204)
s` i-n _1 . k a: _1	(205)
a:-k _2 . m e _1 . l i _1 . n i _1	(206)
s` i _1 . o _1	(207)
a: _1 . f a: _1	(208)
b_< @: _3 . r\ a: _1 . k @: _1	(209)
b_< E-n _1 . z i _1 . a:-t _2	(210)
a: _1 . b_< o _1 . m @I _1	(211)
k @: _3 . r\ a:U _1 . f O-t _2	(212)
n i _1 . i _1 . G a: _1 . t a: _1	(213)
b_< a: _1 . b_< @: _3 . r\ a-k _2	(214)
E-t _2 . s` @: _3 . t E-n _1 . s` o _1 . r\ o _1	(215)
b_< a:-t _2 . t a:-m _1 . b_< a:-N _1	(216)
f @: _3 . r\ o _1 . v a-N _1 . s @: _1	(217)
b_< u _1 . x a: _1 . r\ a: _1	(218)
f i-n _1 . l @I _1	(219)
i-n _1 . G o-n _1	(220)
f E-p _2 . v @: _1	(221)
t a: _1 . m aI _1 . o _1	(222)
s` a: _1 . x @: _1 . m a: _1 . t o-p _2	(223)
k o _1 . m i _1 . n o _1	(224)
u@-k _2 . v i-c _2	(225)
b_< o _1 . l a: _1 . n i _1	(226)
r\ a: _1 . z a: _1 . n u _1 . h a:-p _2	(227)
k a: _1 . l i _1 . f O _1 . n i _1 . a: _1	(228)
m E _1 . r\ i-t _2	(229)
l a: _1 . n i _1 . E-n _1	(230)
l a:-k _2 . t e _1	(231)
v @:-n _1 . t a: _1 . v a: _1	(232)
m E _1 . z i _1 . k a: _1 . n o-t _2	(233)
a:-k _2 . r\ a: _1	(234)
m o-n _1 . r\ o _1	(235)
r\ a: _1 . m o _1	(236)
v i-n _1 . s @:-n _1	(237)
h e _1 . l i _1 . k o-N _1	(238)
r\ i _1 . ts\ a:-k _6	(239)
r\ a:-m _1 . s E-t _2	(240)
G a: _1 . r\ a: _1 . m o-N _1	(241)
E _1 . r\ @: _3 . l a:-N _1 . G a: _1	(242)
a: _1 . n i _1 . b_< a:-n _1	(243)
k a: _1 . r\ @: _1 . f O _1	(244)
k e _1 . d_< a: _1	(245)
f @: _3 . l a:-n _1 . d_< @: _3 . r\ @: _1	(246)
z i-n _1 . n i _1	(247)
k a:-t _2 . s` a:I _1	(248)
b_< u-t _2 . l e _1 . r\ o-p _2	(249)
v o-t _2	(250)
l i _1 . e _1 . b_< a:I _1 . a: _1	(251)
G o _1 . b_< i _1 . n o _1	(252)
G o _1 . l o _1 . v i-n _1	(253)
r\ o-t _2 . ts\ E-n _1 . k o _1	(254)
z a: _1 . d_< e _1	(255)
b_< o-n _1 . d_< a: _1 . r\ E-p _2	(256)
b_< @I _1	(257)
u _1 . d_< O-n _1 . t_h a: _1 . n i _1	(258)
ts\ O _1 . r\ e _1 . r\ a:-t _2	(259)
l o _1 . k a:-k _2 . n o _1	(260)
l u@-n _1 . d_< o-n _1	(261)
v E-k _2 . m E _1	(262)
h a: _1 . k E-n _1	(263)
l a:-n _1 . k a:-t _2 . s` @: _3 . t @: _1	(264)
b_< o _1 . i _1 . G i-n _1 . b_< @:-t _2	(265)
b_< @: _3 . l o-k _2	(266)
b_< O-n _1 . s` a: _1 . n a: _1	(267)
v i-t _2 . t o _1 . r\ i _1 . o _1	(268)
b_< @: _3 . r\ u-k _2 . n @: _1	(269)
b_< @: _3 . r\ i-t _2 . m E-n _1	(270)
b_< @: _3 . r\ a:I _1	(271)
m e _1 . n u _1 . h i-n _1	(272)
s E-p _2 . ts\ E-n _1 . k o _1	(273)
k a: _1 . z a: _1 . l @: _1 . m a-k _2	(274)
f @: _3 . r\ a:-n _1 . l a:-n _1	(275)
t a: _1 . s` @: _3 . m a: _1 . n i _1	(276)
ts` u _1 . z i _1 . l o _1	(277)
G a:-n _1 . t o-N _1	(278)
b_< a:-n _1 . z a: _1 . m a: _1 . s i-n _1	(279)
l a:-m _1 . b_< @:-t _2	(280)
G u _1 . s @: _3 . t a: _1 . v @: _1	(281)
f u _1 . k uI _1	(282)
k o-N _1 . s @: _3 . t a-N _1 . t i _1 . n o-p _2	(283)
r\ @: _1 . n Oa: _1	(284)
m @I _1 . @: _1 . b_< i@ _1	(285)
G O-n _1 . v a: _1 . n a: _1	(286)
h a:-k _2 . m a:-n _1	(287)
l a:U _1 . r\ @: _1	(288)
a: _1 . ts\ @:-n _1	(289)
s` @: _3 . w a:-p _2	(290)
h i-n _1 . d_< E-n _1 . b_< @:-t _2	(291)
k u _1 . t a:I _1 . s` i _1	(292)
t u-n _1 . G u _1 . s @: _3 . k a: _1	(293)
r\ o _1 . d_< e _1 . s` i _1 . a: _1	(294)
b_< @: _3 . l a:-c _2 . t @:-n _1	(295)
m i _1 . t a: _1 . n i _1	(296)
k O-n _1 . w EU _1	(297)
t a: _1 . G a:-n _1 . r\ o-k _2	(298)
k a: _1 . n i _1	(299)
b_< a: _1 . h a: _1 . m a: _1	(300)
f iU _1 . d_< i-J _1	(301)
G @: _3 . r\ i _1 . J\ i _1	(302)
f a:-n _1 . s @: _3 . t E _1	(303)
k a:-n _1 . v i-n _1	(304)
a: _1 . l e _1 . G @: _3 . r\ i _1 . a: _1	(305)
b_< a-k _2 . s o _1 . k o _1	(306)
b_< a:-k _2 . b_< u _1 . d_< a: _1	(307)
v e _1 . r\ o _1 . n e _1 . z e _1	(308)
v i-t _2 . t o _1 . r\ i _1 . n i _1	(309)
b_< @: _3 . r\ a: _1 . m a:-n _1	(310)
n @: _3 . d_< o _1 . l a: _1	(311)
a:-n _1 . t o _1 . n i _1 . o _1 . n i _1	(312)
ts\ i _1 . l e _1	(313)
k a:-n _1 . n i _1 . z a: _1 . r\ o _1	(314)
v i-k _2 . n o _1 . l a: _1	(315)
n o _1 . v @: _1	(316)
a: _1 . r\ a:-n _1	(317)
a:-n _1 . t i _1 . o _1 . x @I _1 . a: _1	(318)
f i _1 . l o-k _2 . l E-t _2	(319)
t u _1 . l a: _1 . r\ o _1 . s a: _1	(320)
b_< o _1 . l i _1 . a:I _1	(321)
s` @: _3 . l i _1 . E-p _2 . f E-n _1	(322)
f u _1 . m i _1	(323)
a: _1 . s` @: _1	(324)
k u-n _1 . s` @: _3 . t @: _1 . k a: _1 . m @: _1	(325)
m a: _1 . J\ o _1	(326)
m i-t _2 . s` a:U _1 . r\ i _1	(327)
z a:I _1 . a: _1	(328)
m a: _1 . s i _1 . a: _1 . n u-t _2	(329)
b_< @: _3 . r\ @: _1 . u-t _2	(330)
r\ a:I _1 . z @: _1 . m a:-n _1	(331)
a: _1 . r\ a: _1 . G o _1	(332)
r\ u-t _2 . t a: _1 . v i _1	(333)
a:-n _1 . b_< E-k _2 . t i _1	(334)
b_< u _1 . s` o _1 . n i _1	(335)
k a:-n _1 . t o _1	(336)
G @: _3 . l a: _1 . s @: _3 . G @U _1	(337)
b_< E-n _1 . G e _1 . l a: _1	(338)
b_< E-n _1 . s` i-n _1 . v a: _1 . n i _1 . a: _1	(339)
h a: _1 . d_< a:-t _2 . s a: _1	(340)
b_< a: _1 . f @: _3 . l o _1 . v a: _1	(341)
b_< o _1 . G o _1 . m o _1 . l E-t _2	(342)
h i _1 . m a: _1 . l aI _1 . a: _1	(343)
i _1 . b_< o _1	(344)
ts\ @I _1	(345)
b_< a: _1 . b_< i _1 . l O-n _1	(346)
G @: _3 . r\ o-t _2	(347)
f @: _3 . r\ i _1 . m o _1	(348)
f @I _1 . m a:-n _1	(349)
v @: _1 . d_< a:-n _1	(350)
k a:-n _1 . t o _1	(351)
m O _1 . G @-n _1	(352)
G a:-k _2 . f a:-n _1 . h a: _1 . n a: _1	(353)
a:-p _2 . s a: _1 . r\ a: _1	(354)
k e _1 . m u _1 . s u _1	(355)
b_< u _1 . i _1 . G E-t _2	(356)
b_< u _1 . s` @: _3 . k i-n _1	(357)
r\ E-m _1 . b_< @: _3 . r\ a:-n _1	(358)
G uI _1 . d_< o _1	(359)
h o _1 . r\ a: _1 . t i _1 . u-t _2	(360)
t_h a:-t _2 . ts\ @: _1	(361)
b_< @-n _1 . d_< i _1	(362)
a:-m _1 . m a:-n _1	(363)
a: _1 . r\ a: _1 . f a:-t _2	(364)
n OI _1	(365)
a:-n _1 . d_< o _1 . k i _1 . n E-t _2	(366)
t a: _1 . n i _1 . u-N _1 . b_< E _1 . r\ i _1 . u-k _2	(367)
b_< o-n _1	(368)
f @: _3 . l i _1 . o-t _2 . s E-n _1 . z @: _1	(369)
t i-n _1 . t o _1 . r\ E-t _2 . t o _1	(370)
m o-p _2 . t i _1	(371)
r\ a: _1 . b_< i _1 . l @I _1	(372)
v e _1 . s` a: _1 . l i _1 . u-t _2	(373)
n a: _1 . v i _1 . @: _1	(374)
f @: _3 . r\ a: _1 . h a: _1	(375)
b_< @: _3 . l a-N _1	(376)
k e _1 . r\ E-n _1 . s` @: _3 . k i _1	(377)
k @: _3 . n o _1 . s o-t _2	(378)
m o _1 . s` i _1	(379)
z i _1 . d_< @: _1	(380)
b_< o _1 . z a-k _2 . s` @: _3 . k i _1	(381)
b_< e _1 . x @: _1 . t e _1 . r\ E-p _2	(382)
a:-k _2 . k o-n _1	(383)
l e _1 . s` o _1 . t_h o _1	(384)
r\ a: _1 . m u _1 . z @: _3	(385)
b_< @: _3 . r\ o-m _1 . l @I _1	(386)
a:-k _2 . m E-t _2	(387)
a: _1 . n a: _1 . s a: _1 . G o _1 . r\ a:-t _2	(388)
h i _1 . r\ o _1 . s` i _1 . G e _1	(389)
m a: _1 . k e _1 . d_< o _1 . n i _1 . a: _1	(390)
t a:-t _2 . z i _1 . k i _1 . s @: _3 . t a:-n _1	(391)
l a:-t _2 . s` @: _3 . k @: _1	(392)
s` i _1 . m a: _1 . n o-p _2 . s @: _3 . k i _1	(393)
b_< i _1 . E _1	(394)
v e _1 . n a:I _1 . z @: _1	(395)
m O-t _2 . v a:-n _1	(396)
b_< u-n _1 . t o _1	(397)
l e _1 . n a: _1	(398)
m i _1 . s` a:-n _1	(399)
@I _1 . r\ E-t _2	(400)
b_< o-t _2 . f O _1	(401)
v i _1 . t i _1	(402)
k a:-m _1 . b_< a: _1 . n E _1 . l a: _1	(403)
b_< i _1 . o-t _2	(404)
l a:-t _2 . d_< i _1 . n a:I _1	(405)
b_< E-n _1 . v e _1 . n i-t _2	(406)
t a: _1 . b_< i-n _1 . s` u _1 . e _1 . t i _1	(407)
G @: _3 . r\ e _1 . s` a:-m _1	(408)
h a:-n _1 . m a: _1 . h e _1 . r\ a: _1	(409)
r\ e _1 . b_< @: _3 . r\ e _1 . a: _1 . n u _1	(410)
m E _1 . l a: _1 . r\ E-n _1	(411)
h i _1 . s` @: _3 . t a:-t _2 . s` @: _3 . b_< e _1	(412)
a: _1 . m a: _1 . r\ o _1	(413)
t u _1 . r\ i-J _1	(414)
m @: _1 . t @:-n _1	(415)
b_< e _1 . l o _1 . b_< o _1 . n i _1 . s o-t _2	(416)
m o _1 . r\ i _1 . a: _1	(417)
m a:-t _2 . s u _1 . J\ a: _1 . m a: _1	(418)
a:-n _1 . t i _1 . o _1 . x o-t _2	(419)
k u@ _1 . G a:-n _1	(420)
b_< @U _1	(421)
a: _1 . s o _1 . k a: _1	(422)
G i _1 . o _1 . s o _1	(423)
t o _1 . r\ e _1	(424)
l o _1 . r\ a-N _1	(425)
n o _1 . v o _1 . s` i _1 . b_< i@ _1 . s` @: _3 . k @: _1	(426)
k a:I _1 . l a:-t _2	(427)
z @I _1 . a: _1	(428)
k i _1 . s a:-n _1 . G a: _1 . n i _1	(429)
s` o _1 . b_< a:-t _2	(430)
m E-t _2 . n i _1 . k o-p _2	(431)
n e _1 . v a: _1 . d_< a: _1	(432)
m a:-k _2 . k a: _1	(433)
G a: _1 . z a: _1	(434)
m o-n _1 . t e _1 . G o _1	(435)
f E-t _2 . d_< i _1 . n a-N _1	(436)
s` O-t _2 . k i _1	(437)
l i _1 . b_< E-k _2 . m a:-n _1	(438)
b_< e _1 . G a: _1 . Oa:-n _1	(439)
k @: _3 . r\ i _1 . s @: _3 . t i _1 . a:-n _1 . s E-n _1	(440)
h u-t _2 . s @:-n _1	(441)
w i-n _1 . t i _1 . l i _1 . a: _1 . n u-t _2	(442)
h O _1 . t @:-n _1	(443)
l o-m _1 . b_< a: _1 . d_< i _1 . a: _1	(444)
m E-n _1 . J\ E-n _1	(445)
r\ o _1 . s @: _1	(446)
i-n _1	(447)
k a:-k _2 . b_< E-n _1 . t a: _1 . r\ i _1 . a: _1	(448)
t u _1 . v a: _1 . l u _1	(449)
k a: _1 . s @: _3 . t i-n _1	(450)
m a: _1 . G i _1 . n o-t _2	(451)
b_< @: _3 . r\ iU _1 . l o-p _2	(452)
b_< @: _3 . r\ a:-t _2	(453)
o _1 . k a: _1 . z a: _1 . k i _1	(454)
b_< a:-k _2 . ts` i _1 . z a: _1	(455)
a:-n _1 . v @: _1 . b_< E-n _1	(456)
k i-J _1	(457)
k a-N _1 . t a:-n _1	(458)
l o _1 . b_< i _1 . t u _1	(459)
m i _1 . t @: _1 . r\ i _1 . d_< a:-t _2	(460)
b_< u@ _1 . G a:-t _2	(461)
k a: _1 . t a:-n _1	(462)
v o-n _1 . t a: _1 . i-c _2	(463)
h o-n _1	(464)
n a: _1 . b_< o _1 . b_< o _1 . l a:-t _2 . s a: _1	(465)
t a: _1 . s @: _3 . m a: _1 . n i _1 . a: _1	(466)
f i-c _2 . t @: _1	(467)
b_< i _1 . k a: _1 . b_< i _1 . a: _1	(468)
k a: _1 . l e _1 . d_< i-n _1	(469)
b_< E-k _2 . n u _1 . l i _1	(470)
a: _1 . k i _1 . h i _1 . t o _1	(471)
t u _1 . r\ a:-n _1	(472)
b_< a:-n _1 . G i _1	(473)
ts` a: _1 . s` i _1 . m E _1 . n o _1	(474)
s` a: _1 . d_< @: _3 . r\ @: _1	(475)
k O-t _2 . d_< i _1 . l e _1 . r\ a: _1	(476)
z a: _1 . G @: _3 . r\ o-t _2	(477)
r\ i _1 . k @: _1	(478)
m a:I _1 . l O-n _1	(479)
k o _1 . s @: _3 . t a: _1	(480)
k e _1 . l a:-n _1 . t a: _1	(481)
m i _1 . t u-m _1 . b_< a: _1	(482)
k a:-p _2 . r\ i _1	(483)
b_< OI _1 . l o _1	(484)
a: _1 . t a: _1 . f u _1	(485)
b_< e _1 . r\ u _1 . z a: _1	(486)
z O-t _2 . z @: _1 . t_h a:U _1	(487)
m a: _1 . s a: _1 . ts\ u _1 . s E-t _2	(488)
l a: _1 . l i-t _2 . b_< u@ _1	(489)
t i _1 . t a:-n _1	(490)
a: _1 . r\ @-p _6	(491)
b_< o _1 . t_h a: _1	(492)
f @: _1 . s @: _3 . m a:-n _1	(493)
b_< a: _1 . h a:-N _1	(494)
b_< o _1 . d_< o-t _2	(495)
k e _1 . l a: _1 . n i _1	(496)
m a: _1 . r\ i _1	(497)
a: _1 . m a: _1 . d_< o _1	(498)
z E _1 . s @: _3 . b_< @: _1	(499)
h a:-n _1 . d_< a: _1 . n E _1	(500)
h O-m _1 . s @: _1	(501)
z a: _1 . l a: _1	(502)
b_< u@ _1 . l a: _1	(503)
f @: _3 . r\ a:-k _2 . h i-m _1	(504)
h u _1 . v @: _1	(505)
x u-t _2 . z a:-n _1	(506)
b_< e _1 . l u _1	(507)
a: _1 . r\ a: _1 . s @: _1	(508)
e _1 . s a: _1 . k i _1	(509)
a: _1 . k a:-n _1	(510)
f @: _3 . r\ i _1 . b_< a:-n _1 . t i-c _2	(511)
i-n _1 . w a:-t _2	(512)
b_< @: _3 . r\ O-m _1 . v @: _1	(513)
b_< E-k _2 . n i _1 . n i _1	(514)
l E-n _1 . n ui: _1 . @: _1	(515)
b_< a: _1 . s a: _1	(516)
h o-p _2 . b_< @: _1	(517)
b_< a:-t _2 . s` @: _3 . t_h EU _1	(518)
a: _1 . m a: _1 . t e _1 . r\ a: _1 . s` u _1	(519)
l u _1 . s E-k _2 . n @: _1	(520)
k i _1 . o _1 . t o _1	(521)
z O-t _2 . b_< a: _1 . ts\ o-p _2	(522)
n e _1 . v a: _1	(523)
G i _1 . b_< E-k _2 . t i _1	(524)
a: _1 . r\ i-t _2 . t o-t _2	(525)
s` E _1 . l @: _1	(526)
v a: _1 . l o-N _1	(527)
b_< a:-n _1 . k a-N _1	(528)
r\ i _1 . v i _1 . E _1 . r\ a: _1	(529)
b_< a: _1 . l i _1	(530)
m a:-n _1 . t e _1 . J a: _1	(531)
z a: _1 . m u _1 . n a: _1	(532)
v i _1 . n o _1 . r\ a: _1 . d_< o-p _2	(533)
h a:-n _1 . s @: _1	(534)
h e _1 . l e _1 . n a: _1	(535)
m i _1 . l aU _1 . k i _1	(536)
z u _1 . s @: _3 . t a: _1 . n i _1 . a: _1	(537)
v i _1 . ts\ a: _1 . d_< a: _1	(538)
f @: _3 . l a:-t _2	(539)
k a:-n _1 . v a: _1	(540)
r\ u _1 . d_< o-n _1 . f @: _1	(541)
u-k _2 . b_< E-n _1	(542)
ts` o-n _1 . h E-m _1	(543)
s` E _1 . r\ @: _1	(544)
a: _1 . s a:-m _1	(545)
t a:-n _1 . G a: _1	(546)
h a:-t _2 . t u _1 . s a: _1	(547)
k @U _1 . v E-n _1 . t @: _1 . r\ i _1	(548)
a:-n _1 . G @: _1 . r\ E-n _1	(549)
r\ E-n _1 . z @: _1	(550)
z u _1 . l i _1 . a: _1	(551)
f i _1 . l a: _1 . d_< E-n _1 . f i _1 . a: _1	(552)
h o _1 . G a:-k _2	(553)
E-k _2 . m o _1 . l o _1 . v a: _1	(554)
h E _1 . l i-N _1	(555)
G o _1 . b_< @: _1 . l a:-J _1	(556)
k a: _1 . r\ i _1 . m a: _1 . t a: _1	(557)
v a: _1 . d_< u-t _2	(558)
a:-t _2 . s` @: _3 . t a: _1 . n a: _1	(559)
b_< O-m _1 . b_< @I _1 . u-t _2	(560)
b_< iU _1 . f O-t _2	(561)
l e _1 . z i-n _1	(562)
b_< a:-k _2 . m E-n _1	(563)
m O _1 . s @: _1	(564)
b_< a: _1 . k u _1 . n i-n _1	(565)
n o _1 . v i _1	(566)
t i _1 . f a: _1 . n o _1	(567)
t a: _1 . b_< o _1 . ts\ aU _1	(568)
m a: _1 . r\ i _1 . a: _1 . n a: _1	(569)
k o-n _1 . n i-t _2	(570)
v a: _1 . G a:-t _2	(571)
k o _1 . s a: _1 . l a: _1	(572)
b_< a: _1 . l E-t _2 . ts` i _1 . n a: _1	(573)
m i _1 . n a: _1 . m o _1 . t o _1	(574)
h O _1 . l i _1 . G u-t _2	(575)
k o _1 . i-m _1 . b_< @: _3 . r\ a: _1	(576)
b_< i _1 . t i _1 . o-t _2	(577)
l a:-n _1 . k a: _1	(578)
ts\ u _1 . k o-t _2	(579)
t_h i _1 . e _1	(580)
f o _1 . k @: _3 . l E-n _1	(581)
G E-n _1 . n @: _1 . G a:U _1	(582)
b_< a: _1 . d_< E-n _1	(583)
b_< u _1 . r\ u _1 . r\ i _1	(584)
n a: _1 . t @: _1 . v i-n _1	(585)
f @: _3 . l E-t _2 . n @: _1	(586)
h a:-t _2 . s` E-n _1	(587)
f @: _3 . l i _1 . s E-t _2 . s @: _3 . k a:I _1 . a: _1	(588)
b_< @: _3 . r\ @: _1 . n o _1	(589)
n i _1 . n e _1 . v E _1	(590)
a: _1 . v e _1 . n a: _1 . r\ i _1 . u-t _2	(591)
n a:-n _1 . k o-p _2 . s @: _3 . k a: _1	(592)
k o _1 . n o _1 . e _1	(593)
l i-t _2 . l @: _1	(594)
b_< o-N _1 . b_< i _1 . d_< u _1	(595)
ts\ e _1 . l iU _1 . s @: _3 . k i-n _1	(596)
b_< E-k _2 . t oI _1 . a: _1	(597)
r\ i _1 . k a:-k _2 . d_< o _1	(598)
E _1 . k e _1 . b_< @:-t _2	(599)
l @I _1 . d_< @: _1	(600)
s` e-c _2 . s @: _3 . b_< i _1 . a: _1	(601)
k EU _1 . b_< u-n _1 . f a:-n _1	(602)
k aI _1 . E-n _1	(603)
s` a: _1 . b_< o _1 . r\ i-n _1	(604)
b_< @: _3 . r\ u _1 . n E-t _2	(605)
t o _1 . l i _1 . d_< o _1	(606)
h a:I _1 . d_< E-n _1 . b_< @:-t _2	(607)
v o-N _1 . s a: _1	(608)
k e _1 . r\ a: _1 . m a: _1	(609)
m a: _1 . r\ O-t _2	(610)
b_< i _1 . a:-n _1	(611)
E-m _1 . m E-t _2	(612)
m O _1 . r\ i-t _2	(613)
k i-p _2 . r\ E-n _1 . s` @: _3 . k i _1	(614)
G @: _3 . l a:I _1 . z @: _1	(615)
t o _1 . k a: _1 . r\ E-p _2	(616)
b_< a: _1 . v E-k _2	(617)
f @: _3 . n o-m _1	(618)
G @: _3 . r\ i _1 . f i-t _2	(619)
b_< a:U _1 . l o _1	(620)
b_< a: _1 . v i _1	(621)
t E-n _1 . n a:-n _1	(622)
v a: _1 . s a: _1	(623)
s` @: _3 . b_< E-n _1 . s` @: _1	(624)
s` e _1 . b_< e _1 . l e _1	(625)
n iU _1 . l E-n _1	(626)
m o _1 . G E-n _1 . s` @: _3 . t @:-n _1	(627)
n o _1 . G u _1 . ts\ i _1	(628)
m a: _1 . d_< @I _1 . r\ a: _1	(629)
a: _1 . b_< o _1 . l o-N _1	(630)
G @: _3 . l E-n _1	(631)
b_< e _1 . G u _1	(632)
l e _1 . v i-n _1	(633)
z u _1 . r\ a: _1	(634)
G O _1 . a: _1	(635)
b_< u-n _1 . t a: _1 . r\ e _1 . n a:-t _2	(636)
t u@-k _2 . G e _1 . n E-p _2	(637)
k a: _1 . b_< i _1 . @-n _1	(638)
k a: _1 . l i _1 . a:U _1	(639)
l a: _1 . k a-N _1	(640)
l u _1 . J\ i _1 . t a: _1 . n i _1	(641)
b_< i-n _1 . G a: _1	(642)
m a: _1 . h a:-n _1	(643)
G i _1 . s e _1 . n i _1	(644)
a: _1 . n a: _1 . d_< o _1 . l u _1	(645)
l u _1 . s i _1 . a: _1	(646)
m a:-k _2 . k e _1	(647)
k a:-m _1 . b_< @: _3 . r\ i-t _2	(648)
k a: _1 . m u-t _2	(649)
k a:-k _2 . m a:-n _1	(650)
v i-c _2 . t O _1 . r\ i _1 . a: _1	(651)
b_< a:-k _2 . m a: _1	(652)
a: _1 . d_< E-n _1	(653)
m u _1 . e _1 . r\ u _1	(654)
k @: _3 . r\ i _1 . v oI _1	(655)
G @: _3 . r\ a:-m _1 . b_< i _1 . a:-n _1	(656)
b_< E-k _2 . ts` a-N _1	(657)
t a: _1 . G O _1	(658)
l e-c _2	(659)
b_< O-k _2	(660)
v i _1 . a:-n _1 . d_< E-n _1	(661)
t a:-m _1	(662)
k o _1 . s` i _1	(663)
b_< E-t _2 . s` @: _3 . m E-t _2 . n o _1 . v a: _1	(664)
h o-p _2	(665)
b_< i _1 . r\ o _1 . G o-p _2	(666)
z E-n _1 . G a: _1 . v a: _1	(667)
x @: _1 . m E _1	(668)
h o-n _1 . b_< a:-c _2	(669)
i@ _1 . k u-t _2	(670)
G O _1 . a: _1 . d_< @: _1 . l u-p _2	(671)
b_< e _1 . r\ i _1 . e _1	(672)
t u-p _2 . k a:-n _1	(673)
m a: _1 . d_< o-k _2	(674)
f @: _3 . r\ a:-n _1 . s a: _1	(675)
k i _1 . r\ o _1 . v a: _1 . b_< a:-t _2	(676)
t a: _1 . r\ a: _1 . k i _1	(677)
n e _1 . r\ o _1	(678)
m o _1 . r\ e _1 . n a: _1	(679)
k i _1 . e _1 . ts\ o-p _2	(680)
n i _1 . k o _1 . b_< a: _1	(681)
m o _1 . r\ a: _1 . v i _1	(682)
h o _1 . b_< o _1 . k @:-n _1	(683)
f @: _3 . r\ o _1 . s @: _3 . t a: _1 . k o-p _2	(684)
t i _1 . G @: _3 . r\ a:-n _1	(685)
r\ o-t _2 . s` @: _3 . t o-p _2	(686)
k E-n _1 . d_< @: _3 . r\ iU _1	(687)
n a: _1 . m i _1 . b_< @: _1	(688)
t i-n _1 . t i-n _1	(689)
b_< a: _1 . k u _1	(690)
b_< e _1 . t @: _1 . r\ a: _1 . s` E-p _2 . s @: _3 . k i _1	(691)
m a:-k _2 . n @: _1	(692)
b_< i _1 . z a: _1	(693)
v e _1 . s @: _3 . n i-n _1	(694)
b_< E-n _1 . z a:-p _2	(695)
v a:-k _2 . l a: _1 . m o-p _2	(696)
b_< a:-n _1 . b_< Oa: _1	(697)
b_< @: _3 . r\ a:I _1 . m E-n _1	(698)
G @: _3 . r\ a: _1 . s @: _1	(699)
b_< a:-n _1 . t a: _1 . n a:-n _1	(700)
v i _1 . l iU _1	(701)
k u _1 . r\ i-n _1	(702)
v i _1 . l a: _1 . r\ i _1	(703)
h E-m _1 . h o-n _1	(704)
G O-t _2 . k i _1	(705)
n O _1 . z i _1 . @: _1	(706)
b_< i _1 . r\ a:-n _1 . G a: _1	(707)
l a: _1 . ts\ a:I _1	(708)
b_< i _1 . t @: _1	(709)
z uI _1 . d_< @: _1 . z i _1	(710)
k i-n _1 . b_< i _1	(711)
l i _1 . d_< i _1 . a: _1	(712)
l i _1 . s` a:-n _1	(713)
G O-t _2 . k i _1	(714)
G o _1 . m @-n _1	(715)
ts\ a:-n _1 . d_< @: _3 . r\ a: _1 . G u-p _2 . t a: _1	(716)
a: _1 . G a: _1 . m E-m _1 . n o-N _1	(717)
G a:-k _2 . d_< E-n _1	(718)
a:-n _1 . d_< a: _1 . m a:-n _1	(719)
u _1 . r\ u _1 . w aI _1	(720)
l u@ _1 . l a: _1 . b_< a: _1	(721)
f @: _3 . r\ a-N _1 . k @: _1	(722)
r\ i _1 . k a: _1	(723)
b_< E-n _1 . f O-t _2	(724)
f @: _3 . r\ a:-t _2	(725)
r\ @: _1 . d_< o-N _1	(726)
m a: _1 . k i _1 . a: _1 . v E _1 . l i _1	(727)
v o _1 . r\ o _1 . n i _1 . x i-n _1	(728)
a: _1 . s` a:-n _1 . G a: _1	(729)
l aU _1 . r\ a: _1 . J\ i _1 . a: _1	(730)
m i-t _2 . ts` a:-n _1	(731)
v i _1 . l a: _1 . z @: _1	(732)
k o _1 . s @: _3 . r\ a: _1 . e _1	(733)
m a-N _1 . s` a:-k _2	(734)
a: _1 . n a: _1 . s i _1 . m e _1 . n E-t _2	(735)
a:-k _2 . t o _1	(736)
t_h O-t _2 . v a:-n _1 . s E-n _1	(737)
a: _1 . m a: _1 . z o-n _1	(738)
b_< u _1 . k o _1 . v i _1 . n a: _1	(739)
b_< e _1 . t @: _1 . r\ @: _1 . z a-k _2	(740)
b_< i _1 . s` o-p _2	(741)
h a:-n _1 . J\ a:-N _1	(742)
m a: _1 . k o _1 . k o _1	(743)
b_< @: _3 . r\ E-t _2	(744)
b_< i-J _1	(745)
b_< i _1 . b_< u-n _1	(746)
z e-n _1 . l @: _1	(747)
b_< i _1 . l o-t _2	(748)
n i-c _2 . s @:-n _1	(749)
k o _1 . l a: _1 . n i _1	(750)
G u _1 . n O-t _2	(751)
h u-t _2 . ts\ @: _1	(752)
f iU _1	(753)
z a: _1 . v E-n _1 . t E-m _1	(754)
a:-m _1 . s` @: _3 . ts` O-N _1	(755)
b_< @: _3 . r\ u _1 . n @I _1	(756)
s` e _1 . d_< @: _3 . r\ i-n _1	(757)
b_< a: _1 . r\ o _1 . n o _1 . v a: _1	(758)
m a: _1 . z O-t _2 . k a: _1	(759)
m o _1 . r\ i _1 . t a: _1 . n i _1	(760)
ts\ @: _1 . n a:-N _1	(761)
b_< e _1 . t i _1 . o _1	(762)
v a: _1 . t i _1 . k a-N _1	(763)
m a-N _1 . s ui: _1	(764)
h u _1 . l a: _1 . G u _1	(765)
z o _1 . h a:-n _1 . n E-t _2 . s @: _3 . b_< @:-t _2	(766)
b_< a: _1 . l a: _1 . d_< i _1 . o _1	(767)
n o _1 . v o _1 . n i _1 . k o _1 . l a: _1 . E-p _2 . s` @: _3 . k @: _1	(768)
b_< a: _1 . t @:-n _1	(769)
r\ a:-t _2 . s` EU _1	(770)
x a:I _1 . f E-N _1	(771)
n O _1 . r\ i _1 . s` @: _1	(772)
ts\ E-k _2 . n 1 _1 . s` E-p _2 . s @: _3 . k i _1	(773)
b_< E-k _2 . w E _1 . r\ EU _1	(774)
k a:-k _2 . t a: _1 . z i _1 . n a: _1	(775)
b_< @: _3 . l o-m _1 . m E _1 . s @: _3 . t e _1 . i-n _1	(776)
a: _1 . z @: _1 . t E-k _2	(777)
b_< a-k _2	(778)
f @: _3 . r\ i _1 . G o _1 . z i-n _1	(779)
a:-n _1 . b_< @: _1	(780)
t a:-t _2 . k E-n _1	(781)
b_< u _1 . t @: _1 . n a:-n _1	(782)
E-t _2 . k a:-n _1 . d_< E-t _2	(783)
v i-c _2 . t O _1	(784)
r\ i-c _2 . m @:-n _1	(785)
n @I _1 . m @:-n _1	(786)
k a:-k _2 . t a: _1 . z @: _1	(787)
k o _1 . l o _1 . f o-n _1	(788)
b_< O-t _2 . t a: _1 . l i-t _2	(789)
t o-n _1 . d_< i _1 . n i _1	(790)
b_< o _1 . l o _1 . J @: _1	(791)
b_< E-n _1 . z a:-p _2	(792)
k a: _1 . m @: _1 . r\ u-n _1	(793)
u _1 . G a:-n _1 . d_< a: _1	(794)
l i-t _2 . t @: _1 . v i _1 . a:-n _1 . k a: _1	(795)
G u _1 . e _1 . t_h @: _1	(796)
k o _1 . d_< i _1 . a-k _2	(797)
m a: _1 . s @: _3 . t @: _1 . r\ oI _1 . a:-n _1 . n i _1	(798)
b_< a: _1 . d_< i-n _1	(799)
m a: _1 . s` o _1 . n a: _1 . l E-n _1	(800)
