u@ _1 . m i _1 . z a: _1	(1)
b_< E-t _2 . G E-n _1	(2)
s` o _1 . s @: _3 . t a: _1 . k o _1 . v i-c _2	(3)
k a: _1 . s` @: _1 . G a: _1	(4)
h i-p _2 . b_< o _1 . l u _1 . t o-t _2	(5)
h o _1 . k u _1 . s a:I _1	(6)
m i _1 . n a: _1 . m a: _1 . t a: _1	(7)
E-t _2 . t i-J _1 . s` @: _3 . h a:U _1 . s` @:-n _1	(8)
t @: _1 . r\ u _1 . b_< E-k _2 . k oI _1	(9)
v i _1 . s` @: _3 . n E-p _2 . s @: _3 . k i _1	(10)
E _1 . d_< i _1 . s` @:-n _1	(11)
m a:-n _1 . d_< e _1 . l a: _1	(12)
v i-t _2 . t o _1 . r\ i _1 . n i _1	(13)
v i _1 . G o _1	(14)
n a:-k _2 . b_< a: _1 . d_< a: _1	(15)
m o-n _1 . k a: _1 . d_< a: _1	(16)
b_< u@ _1	(17)
E-p _2 . f E-n _1	(18)
b_< E-t _2 . s` @: _3 . m @: _1 . n i _1	(19)
x O _1 . s` a: _1 . b_< a:-t _2	(20)
a: _1 . d_< a:-m _1	(21)
m a: _1 . r\ a: _1 . k a:I _1 . b_< o _1	(22)
n u _1 . m i _1 . d_< i _1	(23)
E _1 . r\ a:-t _2 . m u-t _2	(24)
k o _1 . s i _1 . @:-t _2 . k @: _1	(25)
m i _1 . l o _1	(26)
z e _1 . v O-n _1	(27)
k a:-k _2 . d_< u _1 . ts\ i _1	(28)
h i-p _2 . b_< a:-k _2 . x o-t _2	(29)
G ui: _1 . o-t _2	(30)
s` o _1 . G u-n _1	(31)
v i _1 . o-N _1	(32)
l E-k _2 . m o-n _1 . t o-p _2	(33)
a: _1 . G @: _3 . r\ i _1 . k o _1 . l a: _1	(34)
h o-t _2 . m a:-n _1	(35)
t_h @: _1 . m i _1 . d_< o _1	(36)
u@-k _2 . b_< i _1 . n o _1	(37)
t_h a: _1	(38)
b_< i-t _2 . s @: _3 . b_< @:-t _2	(39)
s E-p _2 . ts\ E-n _1 . k o _1	(40)
m a: _1 . k a: _1 . r\ o _1 . v a: _1	(41)
t O _1 . r\ e _1 . s @: _3 . m o _1 . l i-J _1	(42)
h i-t _2 . l E _1	(43)
v i-c _2 . t O _1 . r\ i _1 . a: _1	(44)
b_< a: _1 . r\ a:-J _1	(45)
v o _1 . r\ o-n _1 . k a: _1	(46)
z a-k _2	(47)
b_< Oa: _1 . t o _1	(48)
t E-t _2 . m E-n _1	(49)
h i _1 . s i-n _1 . G @: _1	(50)
h O-t _2 . t i _1	(51)
z i _1 . r\ a:-k _2 . d_< o-N _1	(52)
k a:-k _2 . l @: _1	(53)
m a: _1 . s` o _1 . n a: _1 . l E-n _1	(54)
b_< a:U _1 . l o _1	(55)
b_< u _1 . x a: _1 . r\ a: _1	(56)
m a: _1 . l i _1 . a: _1 . v i-n _1	(57)
f @: _3 . r\ i _1 . E-t _2 . l E-n _1	(58)
r\ i _1 . z a:-n _1	(59)
k i _1 . n a: _1 . b_< a: _1 . l u _1	(60)
r\ o _1 . k E-n _1	(61)
m a:-t _2 . s` @: _3 . b_< a: _1 . t e _1	(62)
G @: _3 . l i-n _1 . k a: _1	(63)
n a: _1 . x O-n _1	(64)
m e _1 . s i _1 . k o _1	(65)
b_< o _1 . t i _1 . s E _1 . l i _1	(66)
b_< o _1 . t a: _1	(67)
k e _1 . l a: _1 . n i _1	(68)
a:-n _1 . t a: _1 . k i _1 . a: _1	(69)
f @: _3 . l aU _1 . t u-t _2	(70)
r\ a: _1 . f a: _1 . E _1 . l o _1	(71)
h E-t _2 . s` @: _3	(72)
b_< i _1 . l o-t _2	(73)
E-n _1 . G E-n _1	(74)
n i-c _2 . s @:-n _1	(75)
b_< e _1 . k a: _1	(76)
k u _1 . e _1 . l a: _1	(77)
b_< a: _1 . l i _1 . k i _1 . a: _1	(78)
l u _1 . k u _1 . G a: _1	(79)
f u-n _1 . t @:-n _1	(80)
k @: _3 . r\ i _1 . v oI _1	(81)
a: _1 . l o-n _1 . z o _1	(82)
k @: _3 . r\ i _1 . t i _1 . a:-t _2	(83)
s` a-k _2 . s` a:-n _1	(84)
s` i _1 . m E-n _1	(85)
t a: _1 . r\ a: _1 . Oa: _1	(86)
m iU _1 . z @: _1	(87)
k o-t _2 . s` @: _3 . t @: _1	(88)
f @: _3 . r\ i-t _2 . s` @: _3	(89)
b_< o _1 . l o _1 . J a: _1	(90)
s` E _1 . r\ i _1 . d_< @-n _1	(91)
r\ @I _1 . s @: _1	(92)
b_< i _1 . t i _1	(93)
b_< i _1 . s` a: _1 . n o _1	(94)
m E-t _2 . z E-t _2 . d_< a: _1	(95)
b_< a:-t _2 . t a:-m _1 . b_< a:-N _1	(96)
t o _1 . l E-n _1	(97)
z @I _1 . d_< @: _3	(98)
t a: _1 . ts` a:-t _2 . s` @: _3	(99)
k a: _1 . r\ a: _1 . d_< E _1 . n i-t _2	(100)
