b e . eo . m eo n	(1)
h a . n o . b eo	(2)
wa . t eu n	(3)
k e . n e . d i	(4)
p o n . d a	(5)
b eu l . l ae g . p u l	(6)
k eo . t i . s eu	(7)
k a . d i . n a l	(8)
m o . ch a . l eu . t eu	(9)
j e l . l a n . d eu	(10)
j a . k o . m e . t i	(11)
h a . i . d eu n	(12)
p u l . m eo n	(13)
g o . h eu	(14)
m a . l i	(15)
m a . i . a	(16)
i . s eo n	(17)
p eo l	(18)
m oe . n i . e	(19)
wo l . l a . s eu	(20)
