m a: _1 . z i _1 . n i _1	(1)
k a: _1 . s a: _1 . m a-N _1 . s @: _1	(2)
G i-p _2 . s @: _1	(3)
m a:I _1 . s` E-n _1	(4)
m e _1 . n e _1 . l a:U _1 . s` @: _3	(5)
k a: _1 . m e _1 . r\ a: _1	(6)
b_< @: _3 . r\ E-t _2 . s` @:-n _1	(7)
h a:U _1 . s` @: _3 . t @:-n _1	(8)
u _1 . ts\ e _1 . l o _1	(9)
z a: _1 . x a: _1 . r\ o-p _2	(10)
k @: _3 . l o _1 . d_< E-n _1	(11)
l a:-t _2 . d_< i _1 . n a:I _1	(12)
G i _1 . z e _1	(13)
G ui: _1 . o-t _2	(14)
a:-n _1 . t i _1 . o _1 . x @I _1 . a: _1	(15)
b_< @: _3 . r\ u _1 . n o _1	(16)
m i _1 . k EU _1	(17)
b_< a: _1 . s @: _3 . k o _1 . l i _1	(18)
a:-k _2 . s u-m _1	(19)
a:-m _1 . s @: _3 . t E-n _1	(20)
