l i . b e . i . l u	(1)
d eo ng . k eo n	(2)
d a . i . s i	(3)
m e . i	(4)
m e . s eu . k i . t a	(5)
wi l . m a	(6)
s o l . l i . s eu	(7)
p u . a . t i . e	(8)
p i . s ae m	(9)
l a . m eu . n e	(10)
p i l . l i . p eu	(11)
e . p i . l u . s eu	(12)
b e . d eu . n o . l eu . ch eu	(13)
b u . h eu	(14)
e . i . h e n . b a . u m	(15)
n o . i . m a n	(16)
s e . k i	(17)
k eu . s e . n o . p o n	(18)
g a . b ae ng	(19)
l i . ch i	(20)
g e . t i	(21)
l ae n . d a l	(22)
a . d o . l eu . n o	(23)
l i . t eo n	(24)
p i . eo . s eu	(25)
s ya . g a l	(26)
s i ng . k eu l . l e . eo	(27)
l a . u . p eo	(28)
h e . d i	(29)
s eu . t i . b eu n	(30)
p a . s eu	(31)
b eu . l a m . s eu	(32)
l o . p e . s eu	(33)
m a . i . e . l eu	(34)
b u . l u n . d i	(35)
p e g	(36)
l o . s e l . l i . n i	(37)
p a . s eu . k o l . l i	(38)
p e m . b eu . l u g	(39)
p e s . j o l . t eu	(40)
m eo . t eu n	(41)
b o . wi . e	(42)
b i l . l i ng . s eu	(43)
a n . d eu . l i . ch i	(44)
s i . t eu . we l	(45)
d i . b a . i	(46)
n i . k o l . l eo . s eu	(47)
m eo . h ae n	(48)
b o . u . d e n	(49)
t o . l i . n o	(50)
o . s eu . k a	(51)
s e g . s eu . t eo n	(52)
l i . s ye	(53)
b e g	(54)
m a . g eu . d e . b u . l eu . k eu	(55)
b e l . m a n	(56)
s a . b o . n a . l o l . l a	(57)
n ae . s i	(58)
b a . j e l	(59)
l i . n u . s eu	(60)
s i . k e l . l e	(61)
s ye l . b i	(62)
b eo . j i l	(63)
l o . b e . s eu . p i . e . l eu	(64)
d eu . l e . p wi . s eu	(65)
ch e . s eu . t eo . p i l . d eu	(66)
e . i . m eo n	(67)
t i l . m a n	(68)
l o . b o	(69)
k eu . l i . s eu . t i n	(70)
k a ng . d e l . l a	(71)
h o . p eo	(72)
we . d eu l	(73)
s o l . l o . g u . p eu	(74)
p i . e . l o	(75)
b eo n . h a . d eu	(76)
s i . d eu . n i	(77)
k i . s a ng . g a . n i	(78)
l u . s a . k a	(79)
n oe . t eo	(80)
m a . l i . o . t eu	(81)
b a . i l	(82)
k u . l o . p a s . k i n	(83)
p i . k eu	(84)
p a . j eo n	(85)
j a . k o b	(86)
p i l . l i . p o . p eu	(87)
l u . n a	(88)
l a ng . b a ng	(89)
h o . n o . l i . u . s eu	(90)
p e . l e n . ch eu	(91)
l e . s o . t o	(92)
wo l . p o l	(93)
b o . ye . l eu	(94)
p ae . t eu n	(95)
k a . i	(96)
u . g a n . d a	(97)
k e . s e l	(98)
t o . l eo n . s eu	(99)
e n . j e l . l e . s eu	(100)
t a . h i . t i	(101)
m ae n . h ae . t eu n	(102)
k a n . t i	(103)
l u . o	(104)
b e . n i . g eu . n o	(105)
k ae . d i l . l a g	(106)
b eo . p o . d eu	(107)
a . u . l o . l a	(108)
m i . d o . u . s eu	(109)
j e . l eo l . d eu	(110)
s a . b i . n a	(111)
b a . l eu . s ya . b a	(112)
k a m . b i . a . s o	(113)
e . m i l . l i	(114)
m o . j eu l . l i	(115)
t e n . t eu	(116)
d i . e . g o	(117)
t o l . l i . a . t i	(118)
l o . d o . s eu	(119)
e . g o n	(120)
b a . l i . o . s eu	(121)
d eo . b eu l . l i n	(122)
h a . d eu . wi . k e	(123)
m a . u . l o	(124)
k o . l eu . n e l . l i . u . s eu	(125)
we . i l . l i	(126)
p a . i n . m eo n	(127)
m a . n e	(128)
ae m . b eu l . l eo	(129)
a . b e	(130)
l i . b eo . m eo n	(131)
s eu . t i . g e	(132)
t o m	(133)
h o . b e . m a	(134)
a b . t i . d o n	(135)
b e . h a . i m	(136)
b a . d e	(137)
g ae . b i n	(138)
s e . n i	(139)
p a l . l e m . b a ng	(140)
a . i . o . wa	(141)
b e . l eu . n a . n o . s eu	(142)
m a . k a . l e n . k o	(143)
h e . l i ng . t eo n	(144)
p eo . s eu	(145)
b a . u . s yu	(146)
n a . b a . l a	(147)
h a . d i	(148)
k eu . n o	(149)
a . n a . t o l	(150)
b a . i . ch eu . m a n	(151)
l o b	(152)
t i . g a . d eu n	(153)
a . d eu l . l eo	(154)
s i l . b ae ng	(155)
l o . j i . e	(156)
p a . b e . s e	(157)
n yu . k ae . s eu l	(158)
ae n . d eu . l yu	(159)
s e . l eu . h i	(160)
j ae . k i	(161)
s i . d o	(162)
k eu l . l i n . t eo n	(163)
k a . p eu	(164)
e n . j e l	(165)
e . b i ng . h a . u . s eu	(166)
h o l . ch eu	(167)
g a . l eu . s i . a	(168)
s yu . t i . l eu . n eo	(169)
b e l	(170)
b eu . l a . g a	(171)
l i b . s i . ch eu	(172)
m o . h a . b i	(173)
s wi . p eu	(174)
ch ae . p eu . m eo n	(175)
i ng . k a	(176)
h e . d eu . t o . p eu . t eu	(177)
a . l eu . b o l . l e . d a	(178)
l u . i . s eu	(179)
m a . g eo . l i . t eu	(180)
b e n . j a . m i n	(181)
k ae . p eu l . l i s	(182)
i . b a . l eu . b u . l u	(183)
h e . b e l	(184)
n o . b o . s i . b i . l eu . s eu . k eu	(185)
d o . l o . s i	(186)
m ae ng . g eo	(187)
s yu . t a . l eu . k eu	(188)
k a l . l i n	(189)
p eu . l ae ng . k eu . s eu	(190)
h i . ch i . k o g	(191)
o . k eo m	(192)
b e . b e . l eu n	(193)
m o . n i . j eu	(194)
k a . b eu . l e . l a	(195)
u . d o	(196)
n a . n a	(197)
h yu . s eu . t eo n	(198)
a . s u n . s i . o n	(199)
b e . l eu . g e l . l a n	(200)
b a . l eu . t eu	(201)
h ae . l i ng . t eo n	(202)
k e m . b eu l	(203)
t i . m eo . s i	(204)
a l . d o	(205)
b o . i . t eu	(206)
b e l . l i . j eu	(207)
t ae n . s eu l . l i	(208)
m o . n i . u . s yu . k o	(209)
d i l . l eo	(210)
m i . s ya	(211)
h wi . t eu . m eo n	(212)
n a . i . m a n	(213)
o l . b eo . n i	(214)
j e n . n a . l o	(215)
a . s eu . t eu . l a . h a n	(216)
e . d i . s eu	(217)
k eu . l i . s eu . t eo n . s eu n	(218)
k a . l eu . b a l . l yo	(219)
ye . i . ch eu	(220)
j u n . k e . i . l u	(221)
eo l . l ae ng . eo	(222)
h o . m eo	(223)
t a . i . t eu	(224)
l eo . d eo . p eo . d eu	(225)
a . l eu . d e n	(226)
g a . b eu . l i . e l	(227)
ae . d i . s eu n	(228)
b a l . l a . d eu	(229)
h o b . s eu n	(230)
g o . a	(231)
p eo . s i ng	(232)
b o . ch eu	(233)
e n . d eu . l e	(234)
m i . n e . s o . t a	(235)
g i . yo m	(236)
i ng . g eu l . l i . s eu	(237)
l o b . s eu n	(238)
l o . we l	(239)
o . s eu l . l eo	(240)
m a . l eu . k eu	(241)
b eu . l i s	(242)
k u . t eo	(243)
p a . i . l i	(244)
s ya l . l eo s . t a . u n	(245)
k a . m a . i . k eu l	(246)
a . b e l	(247)
b o . s eu	(248)
s e . g a n . t i . n i	(249)
h o . k i n . s eu	(250)
b u . g eo n . b i l	(251)
k ae . b eo n . d i . s i	(252)
k eu . l a . u . j e	(253)
t eu . l u . h i . yo	(254)
k ae . n a . d i . a n	(255)
d i g . s eu n	(256)
h ae . l i . s eu n	(257)
b a l . l e n . t e	(258)
j o . s eu . p ae ng	(259)
m a . g o l . l i . s eu	(260)
k ae . m eo . l eo n	(261)
l e . i l . l a	(262)
p a l . k eu . b e . l eu . g e	(263)
k o . l eu . s i . k a	(264)
k ae . s eu	(265)
p eu l . l o . i . d eu	(266)
yo . g i	(267)
h e b . b eo n	(268)
e . s eu . t e . b a n	(269)
s eu . t ae . p eo . d eu . s yeo	(270)
l eo . b eu . l e . i . s eu	(271)
h o . p eu . s eu . t ae . t eo	(272)
t a . j i . k i . s eu . t a n	(273)
l i . k e . ch eu	(274)
j o . l eu . j e	(275)
ae . g eu . n yu	(276)
k e . i . t eu	(277)
l a . b i . n o . b i . ch eu	(278)
g a . d a . m eo	(279)
s eo g	(280)
k o l . l i n	(281)
b e . i . l a	(282)
n a . l a . ya n	(283)
b u . l eu . n o ng . b i l	(284)
l i . j e	(285)
a n . t o . n i	(286)
s i . m i	(287)
g i . e . l e . k eu	(288)
ch o . p eu . l a	(289)
j a . p eu . n a	(290)
l eo . s i	(291)
h a . wo . d eu	(292)
k i . l eu . h i . n eo	(293)
t eu . l i . eo	(294)
m o m . j e n	(295)
j e . s eu	(296)
s wi l . d eu	(297)
p eu . l a . i . d eu	(298)
g e . l eu . d a	(299)
m o . d e . n a	(300)
m ae . d eu . p o . d eu	(301)
b i . n o . g eu . l a . d o . p eu	(302)
b i l . l i . a m	(303)
n a . b a . l eu	(304)
m e ng . k e n	(305)
p o . u l	(306)
b e . s eu . t e . l eu . b e . l i	(307)
m a l . l i n	(308)
s yu l . ch e	(309)
p eu . l a ng . s i . s eu	(310)
l a . i . s eu	(311)
b i g . s e l	(312)
o . i l . l eo	(313)
g e . l i	(314)
b o . e n	(315)
m a . k i . a . b e l . l i	(316)
b eu . l i . j eu . b eo n	(317)
m o . l i n	(318)
b eu l . l e . i . k eu . s eu l . l i	(319)
j i . l o . d u	(320)
k eu . l eo m . p eu . t eo n	(321)
h e n . ch e	(322)
b a . l eu . s eu . t o . u	(323)
l u . n e . b e . l i	(324)
p o l . l i ng	(325)
a l . h e . s i . l a . s eu	(326)
wo . k eu . m ae n	(327)
j o . n eo . s eo n	(328)
k i . g a l . l i	(329)
p e . t eu	(330)
n a . i . t eu l . l i	(331)
s eu . t eo . l i ng	(332)
k eu . l ae . b eu	(333)
p i . n e . l o	(334)
m a . d eo	(335)
b ae . j eo s	(336)
b a l . l e . t a	(337)
g eu . l i . p i . s eu	(338)
m eo l . l o . n i	(339)
d e . i . n a	(340)
wa . i . k i . k i	(341)
l i . b o	(342)
h e . i . g eu	(343)
a n . d eu . l a . d e	(344)
i m . s eu	(345)
yo . h a . n e . s eu	(346)
b e . n a . b i . d e . s eu	(347)
n e l . l i	(348)
l o . b eo . t eu	(349)
l e . m o	(350)
i . o . n e . s eu . k o	(351)
ch a . o	(352)
a . l eu . t i . g a . s eu	(353)
wo . h o l	(354)
h a . i n . j eu	(355)
k eu l . l i ng . g eo	(356)
p a . b e l	(357)
b i . ch eo m	(358)
p a . u l . j eu	(359)
p eu l . l i n . t eu	(360)
s wi . m a ng	(361)
b i . ch eu	(362)
g o . l eu . ch a . k o . p eu	(363)
b e . l eu . t o . p eu	(364)
k o . s eu . t o . p eu	(365)
a . b eu . l eu	(366)
g u . s eu . t a . b o	(367)
l a . i . n eo . s eu	(368)
b e . i n . b eu . l i . j i	(369)
k e m . p eu	(370)
s a . l a . ye . b o	(371)
e . b eo . l e s	(372)
d a l	(373)
ch i	(374)
a l . l o n . s o	(375)
s o . n o . l a	(376)
k i . ch eu	(377)
a . b e	(378)
p eu . l u . d o ng	(379)
s e . b e . l i . n i	(380)
d o . n a	(381)
k e m . p i . s eu	(382)
l a . i . t eu . s eu n	(383)
k o l . l i n . s eu	(384)
d u . m e . l eu . g eu	(385)
d i . k i n . s eu n	(386)
l o . l e n	(387)
j e . i . m i . s eu n	(388)
i l . l i . ye . p eu	(389)
l i . d eu l . l i	(390)
h a . ya s	(391)
e . m i n	(392)
l i . h i . t e n . b e . l eu . k eu	(393)
b i . eo . d eu	(394)
a l . b e . l eu . b i l	(395)
l ae m	(396)
m e . s eu	(397)
l o l . l o	(398)
l o . b i n	(399)
b eo n . ch i	(400)
m i n . d i	(401)
wo . d i	(402)
m e l . l a . n i	(403)
b o . n i	(404)
h a m	(405)
b eu . l wi . a ng	(406)
b eu . l ae . d eu l . l i	(407)
g o n . s a l . l o	(408)
k i . ye . p eu	(409)
e . b a	(410)
k eu . l i . s yu . n a	(411)
s a . m a	(412)
t eu . l o . t eu . m a n	(413)
p e . t eu . l o . p a . b eu . l o . s eu . k eu	(414)
k u . p eu . l ae ng	(415)
d a . i . ae n	(416)
b a n	(417)
ch e . s eu . t eo	(418)
b eo . m o n . t eu	(419)
k o . p eu . m eo n	(420)
wa . i l . d eo	(421)
b a . i . eo . s yu . t eu . l a . s eu	(422)
k i . b i	(423)
d o . j eu	(424)
wo . t eo . b e . l i	(425)
s eu . t yu . eo . t eu	(426)
k i . d eu	(427)
p eu . l a . i . t a . k eu	(428)
l o . m o . n o . s o . p eu	(429)
t o l . b eo s	(430)
k o ng . d i . ya . k eu	(431)
t i l . l a . k eu	(432)
b i . b eo	(433)
e n . j o	(434)
k ae m . d eo n	(435)
d e . b eu . s eu	(436)
a ng . g e l . l a	(437)
s a . m o . a	(438)
t o . m eo . s eu	(439)
p eu l . l e . m i ng	(440)
l a . b a n	(441)
b i . a . s eu	(442)
b a . s i l . l e . p eu . s eu . k a . ya	(443)
n a . s i . m e n . t u	(444)
l o . s yu . m i . t eu	(445)
g a l . l i l . l e . o	(446)
b a . m o n . t eu	(447)
b eu . l a . t e l . l i	(448)
k o . s i	(449)
g a . l eu . b o	(450)
l e n . t eu	(451)
h o . i . g e n . s eu	(452)
b e . l e n . s eu	(453)
e . s eu . k u . d e . l o	(454)
n i . k o l . s eu	(455)
j e . l eo l . d eu	(456)
h o . eo	(457)
s a . l eu . d i . n i . a	(458)
i n . d i . l a	(459)
l i . d eu	(460)
b o . l eu m . s eu	(461)
s eu . m o l . l e s	(462)
k e . i l	(463)
p eu . l o . s eu . t eu	(464)
h eo l	(465)
i . s o l . l a	(466)
e . g eu . b eo . t eu	(467)
h u . b e . l eu . t u . s eu	(468)
p o . s eu . t eo	(469)
e n . l i . k e . s eu	(470)
h a . l a	(471)
ae n	(472)
p e . i . j i	(473)
b a l . l e n . s i . a	(474)
a n . s e l . m o	(475)
l e . m i ng . t eo n	(476)
k o . p eu l . l ae n . d eu	(477)
k eu . n i . s eu	(478)
m e . l i . t eu	(479)
p i . d eo . s eu n	(480)
b eu . l e . m eo . h a . p e n	(481)
s eu . t i m . s eu n	(482)
yo . h a n	(483)
s ye l . l i	(484)
a . g eu . n e . s eu	(485)
d i . j eu . n i	(486)
l o l . p eu	(487)
l o . j eo . s eu	(488)
l o . p eu . t eo . s eu	(489)
s eu . m o l	(490)
t ae . n eo	(491)
d eo . d eu l . l i	(492)
m i . n i . ae . p o l . l i . s eu	(493)
b i l . l eu m	(494)
yo . s e . p eu	(495)
g o . m o ng	(496)
ae g . s eo l . l o . d eu	(497)
s yae . n eo n	(498)
l u . i . j e	(499)
l i n . d a	(500)
p eu . l i . s yu	(501)
e l . l i . eo . t eu	(502)
e . d eu . b a . l eu	(503)
k a m . p u . s eu	(504)
l i n . s eu . h o . t e n	(505)
k eo . n i . eo	(506)
ae m . b eo	(507)
l a . n a . s i ng . h e	(508)
b a l . l e n . t a . i n	(509)
s a m . m a . l eu . t i . n i	(510)
m o n . l o . i	(511)
b eo . ch eu	(512)
p i . g a l	(513)
yu . j i n	(514)
p o . j o	(515)
d i . o . l eu	(516)
m a . n a . m a	(517)
h e . l eu . m a n	(518)
k a m . p o	(519)
b eu . l e n . d a	(520)
h ae ng . k eu	(521)
k u . l eu . t u . a	(522)
l i . b a	(523)
m a . g u l . l i . s eu	(524)
k a . j a n	(525)
e l . l i . a	(526)
b a . l eu . t o l . l o m . m e . o	(527)
wa . t eu	(528)
l u . ch i . a	(529)
j o m . b a . l eu . t eu	(530)
i ng . g e n . h o . u . s eu	(531)
j o . m eo	(532)
o . d eu . l i	(533)
s eo . d eo l . l ae n . d eu	(534)
o . d eu	(535)
d o n	(536)
m a . p e . k i ng	(537)
p o . ch eu . m eo . s eu	(538)
p e . l a n . t eu	(539)
l u . b i n	(540)
a . l a n . d a	(541)
b eu . l a . i . eo n	(542)
p e . l e n . l e . i	(543)
h ae . l eo l . d eu	(544)
m e ng . g e l . b e . l eu . k eu	(545)
t i . p e s	(546)
ae . t eu l . l ae n . t a	(547)
b eu . l i . j i s	(548)
b o . h e . m i . a	(549)
k o n . s eu . t a n . t i n	(550)
k e l . j e n	(551)
k o . s eu . t eo	(552)
k a . l eu l	(553)
m e l . t o n	(554)
b o n . t e m . p e l . l i	(555)
e . m a	(556)
k i . s i	(557)
d wi . s ya ng	(558)
m e l . l o	(559)
s eu . n e	(560)
s eu . k o l	(561)
o g . t a . b i . o	(562)
l u . d i . g eo	(563)
a . b eu . l u . ch i	(564)
b eu l . l i g . s e n	(565)
k a . s ae ng	(566)
n i . k o . s i . a	(567)
l e . t eu . n eo	(568)
p eo . s eu	(569)
b a . k eu l . l i	(570)
k ae . s eu . p eo	(571)
n eo . d ae . n i . eo l	(572)
k wo n . t i n	(573)
b e . l eu . t o	(574)
k wi . b i . e	(575)
o . l eu . t i . s eu	(576)
l o . k e s	(577)
i ng . g eo	(578)
g eu . l o . j a	(579)
g eu . l i n . p i l . d eu	(580)
b eu . l a n . t eu	(581)
p i . s eu . k a . t o . l eu	(582)
b e . l i n . j eo	(583)
l u . d i n	(584)
s i . n i . eo	(585)
s yo l . l o . h o . p eu	(586)
i . t a l . l i . a	(587)
b o . ch eu . wa . n a	(588)
k e . n eo l . l i	(589)
s i . s eu l . l e	(590)
k wo n . t eu	(591)
g o . l eu . t e . l eu	(592)
b eo n . s eu	(593)
we l . j eu l . l i	(594)
l e . i . t eu n	(595)
a n . d eu . l e . i	(596)
l o . i . s eu . d a l	(597)
ae ng . g eu . l eu	(598)
t i n . d eu l	(599)
j i l . l e s	(600)
d e . i l	(601)
p e . l e . l o	(602)
b a . t i . k a n	(603)
m a . ch i	(604)
wi . b eo	(605)
h yu . l e s	(606)
wo . j eu . wo . s eu	(607)
a . n o ng	(608)
n a . t a n	(609)
b eu . l a ng . g e l	(610)
a l . l e . h a n . d eu . l o	(611)
s o . s wi . l eu	(612)
p ae g . k eo . d eu	(613)
p i . eo	(614)
h a . t eu	(615)
b e . n e . d i g . t eu	(616)
p eu . l ae ng . k eu l . l i n	(617)
l u . i . j eu	(618)
p eu l . l o . l i . d a	(619)
s u . a . l e . j eu	(620)
o . ch i . l eu . b a . t eu	(621)
g o ng . k u . l eu	(622)
j o . d i	(623)
n e . l eu . b a	(624)
b e . d e . k i n . t eu	(625)
n a . i . l eu	(626)
g eu . we n	(627)
m ae g . g wa . i . eo	(628)
k a l . t eu n	(629)
k a . t a . n i . a	(630)
b i . n o . s yu	(631)
m a l . l e . l eu . b eu	(632)
l o . s eu n	(633)
k eu . l o . n e	(634)
j o . n i	(635)
n i . k o l . l a	(636)
b a . n i	(637)
b a . b i l . l o n	(638)
k a . l a . ya n	(639)
k o . m o	(640)
l wi . k eu	(641)
s ae n . d eu . l a	(642)
s o . a . l e . s eu	(643)
s yae . d eu . we l	(644)
p eu l . l a . t o . n o . p eu	(645)
k eu . l i . s eu . t i	(646)
u l . l eo . s eu . t eo n	(647)
s e . l eu . g e	(648)
p e . i n	(649)
i . b a . n o . p eu	(650)
p i . n i	(651)
g ae l . l eo b	(652)
s eu . b e n	(653)
h a ng . k e l	(654)
l o . b i n . s eu n	(655)
p eu . l a . t a	(656)
u l . b eo . h ae m . t eo n	(657)
d i . m i . t eu . l o . p eu	(658)
p u l . l a ng . k eu	(659)
d i l	(660)
g eu . l e . s yeo m	(661)
b a l . d e . s eu	(662)
o l . l i . b i . a	(663)
a . b a . n a	(664)
b a . s o . p eu	(665)
d eu . l yu	(666)
s eu . t eu . l ae . p eo . d eu	(667)
s yae . h i n	(668)
h e . l eu . ch eu	(669)
ch e l . l a n	(670)
n a . b a . l o	(671)
p eu . l a . u . t eu	(672)
o l . t eu . m eo n	(673)
b o . n e	(674)
d o l	(675)
h a . j e n . k eu l . l e . b eo	(676)
d o l . l o . l e . s eu	(677)
b o . j eu . wo . s eu	(678)
ch e . l eu . n i	(679)
p oe . l eu . s eu . t eo	(680)
g ae l . l o . n i	(681)
o . i . k e n	(682)
o . b e . l o n	(683)
e . l eu n . s eu . t eu	(684)
h u . b eo	(685)
t u . l i n	(686)
k eu l . l a . k eu	(687)
l i . b eu . l eu . b i l	(688)
s ae n . d eu . b eo . g eu	(689)
b eu . l a n . t eu	(690)
d eu . b o . l eu . j a g	(691)
h o . s e b	(692)
b a g . s eu . t eu	(693)
wo l . s i ng . eo m	(694)
h o . p eu . m a n	(695)
k o l . m a . l eu	(696)
b a n	(697)
a l . l a	(698)
j a . k a . d eu	(699)
j a . j a . k eu	(700)
e . b e . l e . s eu . t eu	(701)
s eu . m i . s eu	(702)
b o . i . s eu	(703)
p eu . l a . i . b u . l eu . k eu	(704)
d o	(705)
h a l . l i . u . d eu	(706)
m ae s	(707)
j a . s u l . l i . ch i	(708)
j o . l a n	(709)
b eu . l a m	(710)
t a . t a	(711)
m o . n a	(712)
k e . p eu l . l eo	(713)
l a . b u . a n	(714)
j u . d i	(715)
k eu l . l i . p eo . d eu	(716)
m ae g . k e . i	(717)
a ng . s e . l eu . m e	(718)
h a . s eu	(719)
d i g	(720)
b i . b i . a n	(721)
h i l . p eo . d i ng	(722)
e . l i g . s eu n	(723)
b ae n . k u . b eo	(724)
we l . d eo n	(725)
i . l i . n a	(726)
k wi n	(727)
k a . p eu	(728)
b eu . l o m . l i	(729)
n o . e l	(730)
yo . s e b	(731)
l o s	(732)
s yu l . l a . p eu	(733)
j eo . s eu . t i n	(734)
p a . u . s eu . t eu	(735)
l i . b eu . s eu	(736)
k e l . l eo	(737)
s yu l . ch eu	(738)
k a . s i . a . s eu	(739)
g a . b eu . l i . e l . l i	(740)
b a . t eu l . l i s	(741)
s o l . l i . d a . d eu	(742)
l i . p e n . s yu . t a l	(743)
t e . eo . d o . eo	(744)
k e l . b i n	(745)
i . ch eu . h a . k eu	(746)
h ae m . l i n	(747)
k o . l eu . t o . n a	(748)
k e . i n	(749)
k a l . l a . i l	(750)
e . d eu n . b eo . l eo	(751)
m e l . b a	(752)
g a . m a . l a	(753)
p a . ch e . k o	(754)
yu . d o . l a	(755)
m e . k a	(756)
wa . i . d eu . m eo n	(757)
n a . h u m	(758)
b a . i . s eu	(759)
k eu l . l a . u . j e . b i . ch eu	(760)
a . p o l . l i . n e . l eu	(761)
l a ng . j u . b ae ng	(762)
s eu . k o . p i l . d eu	(763)
k eu l . l i m . t eu	(764)
k eu . l e . i . g eu	(765)
j e . m a	(766)
s e . p eo . d eu	(767)
k eu . l e . m o . n a	(768)
u . s a . i	(769)
l i . b e n . t eu . l o . p eu	(770)
p i . s a . l o	(771)
k a l . l i	(772)
b o . b e . l i	(773)
p eu . l e . g eu l	(774)
m i . l eu . ch e . a	(775)
j o . p eu . l eu	(776)
k eu l . l e . m e n . t eu	(777)
l o m . b a . d eu	(778)
n i . k o l . l a . e	(779)
d e . d o	(780)
p ae . l i . s wi	(781)
i n . d i . ae . n a . p o l . l i . s eu	(782)
p eu . l a . i . d eu	(783)
h e l . l eu m . h o l . ch eu	(784)
l a . p a . e l	(785)
l e n . j o	(786)
a . s eu . k e	(787)
p o . i . b e	(788)
i ng . g a . l eu . d e n	(789)
e . p eu . l a . i m	(790)
p o . s e	(791)
b a n . d a	(792)
a . m a . d a . b a . d eu	(793)
b a . i n . d eo	(794)
k ae l . g eo . l i	(795)
h e . i . s eu . t i ng . s eu	(796)
k ae . s eo . l i n	(797)
h e g . t eu	(798)
s eo l . l i . b eo n	(799)
b e . ch eo . m eo n	(800)
k we n . t a l	(801)
a . s eu . t a . n a	(802)
k o m . s eu	(803)
k i . p eu l . l i ng	(804)
l i . s yu l . l i . oe	(805)
wi . s eu . m a ng . s eu	(806)
yu . d a	(807)
s u . l i . k o . p eu	(808)
l o . m e	(809)
d eo . b i . s yeo	(810)
m a . s ya	(811)
m i l	(812)
h eo . b eo . t eu	(813)
h a . i . d a . l eu	(814)
g u . d eu . l u n	(815)
l eu . n u . a . l eu	(816)
h o . b e l . m o	(817)
k o . i . t eo	(818)
a . i . b i	(819)
s a . m u . e l . s eu n	(820)
j o l . l i . t i	(821)
g eu l . l a . u . b eo	(822)
k e . i n . s eu	(823)
p i . n i	(824)
wo l . t eo	(825)
l u . s i	(826)
l o . j a l . l i	(827)
b eu . l i . j i . t a . u n	(828)
m i g	(829)
o . p e . l eu . t eu	(830)
s eu . l o n	(831)
n e . j eu . b a l	(832)
n i g . s eu n	(833)
ye . l e . m i . ya	(834)
e . d u . a . l eu . d o	(835)
d yu . l ae n . t eu	(836)
a . l eu . n o	(837)
m a . i . k eu l	(838)
k a . m a . l a	(839)
b i ng	(840)
a . d o l . p eu	(841)
b ae ng . s a ng	(842)
s eo n . d eo . s eu	(843)
k o l . t eu	(844)
s eu . k o . d a	(845)
p e . g i	(846)
j a . b i . s eu	(847)
o . i . s eu . t eu . l a . h eu	(848)
e l . s eu . t o n	(849)
t i n . d e . m a n . s eu	(850)
p o l . l i	(851)
m e . l i l	(852)
t a . s ya	(853)
n a . s i . l eu	(854)
s yu . t e . p a n	(855)
s yu l . l i . k eu	(856)
b e . l eu . t eu . h a . i . m eo	(857)
b e . b i n	(858)
h a l . s eu	(859)
n i l	(860)
s eu . k a l . l e s	(861)
d e n . t eu n	(862)
eo . n i	(863)
m o . l e l	(864)
l u . d e n . k o	(865)
k e . b i n	(866)
s eu . t a . u b	(867)
b o . ae . s eu	(868)
h eo . g i n . s eu	(869)
b a l . l e . l i	(870)
i . j a . b e l	(871)
b a . k eu l . l i	(872)
b o . s eu . k o	(873)
k a . l e l	(874)
h o . i . t eu	(875)
we . b eo	(876)
k i n . j e . i	(877)
l a . m wi	(878)
k a l . h u n	(879)
m a . s a	(880)
d i . o . k eu l . l e . t i . a . n u . s eu	(881)
a n . t o n	(882)
t e . i l . l eo	(883)
n i . b e l . s eu n	(884)
j e . n i . s eu	(885)
u . d o ng	(886)
b i l	(887)
k e l . l i	(888)
d a . b i . d e	(889)
m o . l a	(890)
b a l . b o . a	(891)
l o . j eu	(892)
i . d eu	(893)
k eu l . l u . j o	(894)
e . k eu l . s eu	(895)
b o . i . d eu	(896)
k eu . l a . s eu . n o . ya . l eu . s eu . k eu	(897)
m a . t a	(898)
g eu . l o . m i . k o	(899)
l a . s i n	(900)
a . m i . e l	(901)
g i . j a	(902)
s e . i . n i	(903)
h eo . s i	(904)
l a . b i	(905)
a . ch eo	(906)
wo . n eo	(907)
p e . l eu . g o l . l e . s i	(908)
a . u . eo	(909)
m o . l eu . d e . h a . i	(910)
h e b . wo . s eu	(911)
d wi . p eu l . l e g . s eu	(912)
wi l . l u . b i	(913)
b e . l eu . n a . l eu . d i . n o	(914)
g o l . d eu . b e g	(915)
b eu . l a . i . d i	(916)
a ng . l i	(917)
k wi n	(918)
l i . yo ng	(919)
p o . k eo	(920)
b o l . l o . g eu	(921)
m a . l e g	(922)
d o . h eo . t i	(923)
h e . l e n	(924)
e . l eu . b a . k a n	(925)
b eo . l o . s eu	(926)
l a . j i	(927)
p eu . l i n . s i . p e	(928)
n o . t o	(929)
n u . a g . s yo . t eu	(930)
j wi l . l i . ae ng	(931)
h eo n . ch eu . m eo n	(932)
g a . s a ng . d i	(933)
h u m . b o l . t eu	(934)
l o . n eo l . d eu	(935)
p o l . g eu . l e . i . b eu	(936)
p e . t e . s eu . b u . l eu . k eu	(937)
b a . g eu . d a . d eu	(938)
s eu . t i . p e	(939)
b a . l eu	(940)
a . l eu . t u . l eu	(941)
t a . m a . yo	(942)
s eu . t e . p a . n o	(943)
wi n . ch i	(944)
s o . b i	(945)
b i . s yu . k e . k eu	(946)
k o . n a . k eu . l i	(947)
g o . t i . e	(948)
eo . b i n	(949)
p o . l eu . t i . n a . l i	(950)
d a . d eu	(951)
b u . h a . l i n	(952)
k i . l eu . p i . ch i . n i . k o . p eu	(953)
s eu . p a . k eu	(954)
m o . n i . k eu	(955)
k e . n eo n	(956)
l a . i n	(957)
p e l . l i . s i . a	(958)
n e . l i	(959)
ae l . l eo n	(960)
l e . s ye . k eu	(961)
b o l . l i . b i . a	(962)
l o m . b a . l eu . d eu	(963)
ae . t eu n . b eo . l eo	(964)
ch a l . s eu . t eo n	(965)
l a . u l	(966)
m e . n yu . i n	(967)
s eu . t o l . l i . p i n	(968)
p o . j i . a	(969)
h e . p eu . n eo	(970)
k eu . l a . u . s eu	(971)
p o . t a . n i n	(972)
g o . t i . e	(973)
h e n . j e l	(974)
h yu . s eu . t eo n	(975)
d a n	(976)
p eu . l ae s	(977)
l o . k a	(978)
m a . s ya	(979)
p eu . l e n . ch i	(980)
l a . o	(981)
s ya . p eu . t a l	(982)
wi n . t eo . s eu	(983)
o . s eu . t a . d e	(984)
l a . i . n eo . j eu	(985)
m a . s a . ch o	(986)
eo . wi n	(987)
e ng . g e l . s eu	(988)
kk a . e . tt a . n u	(989)
t a . u l . l eo	(990)
d o n	(991)
s o . k o l . l o . p eu	(992)
m i . g e l	(993)
m o . l e . t i	(994)
l e . b e n . h u . k eu	(995)
g i l . g u . d eu	(996)
g i l . b eu . l e . s eu	(997)
b e l . p a . s eu . t eu	(998)
k u . o . m o	(999)
b e l . l a . s eu . k o	(1000)
