s o-k 3 . l o 4 . s i 1	(1)
l oi 4 . j a-n 1	(2)
w ai 6 . l i-ng 4 . d eo-n 6	(3)
m o-ng 5	(4)
l ou 6 . d a-k 1	(5)
w ai 1 . l i-m 4 . s i 1	(6)
n o-k 6 . aa 3	(7)
j-i 1 . l aai 1 . h a-k 1	(8)
d e-k 6 . k aa 1 . j i 4	(9)
oi 3 . w aa 4 . d eo-n 6	(10)
aa 3 . s ai 3 . o n 1	(11)
b aa-k 3 . l ou 5 . w ui 6	(12)
n ei 4 . h a-k 1 . s a-m 1	(13)
p aa-k 3 . s i 1	(14)
m aa 5 . d a-k 6 . l o-k 3 . h a-k 1	(15)
aa 3 . m ou 5 . s i 1 . z o-ng 3	(16)
s aa 1 . s i 6 . b ei 2 . aa 3	(17)
b ou 3 . d a-k 6	(18)
w u 1 . z i 1 . b i-t 6 . h a-k 1	(19)
ng aa 5 . n ei 4 . h a-k 1	(20)
m ai 5 . c i-t 3 . j i 5	(21)
g o-t 3 . l aai 1 . f u 4	(22)
l ou 4 . s a-m 1 . b ou 2	(23)
ou 3 . g u 2 . s i 1 . d ou 1	(24)
h a-ng 1 . l ei 6	(25)
g aa 1 . l a-k 6 . b ei 2	(26)
f aa-t 3 . l o-ng 4	(27)
d aai 3 . h a-k 1 . s i 1	(28)
t i-n 4 . n aa-p 6 . s ai 1	(29)
m ai 5 . g ou 1	(30)
b aa 1 . l eoi 4	(31)
s yu-t 3 . f a-t 6 . l aa-n 4	(32)
m u-ng 4 . t aai 3 . k ei 4	(33)
aa 3 . b aa-k 3 . l aai 1 . h o-n 5	(34)
c oi 3 . n oi 6 . g aa 1 . j i 5	(35)
n ei 4 . j i 5	(36)
m aa 5 . d a-k 6 . l aai 1	(37)
h a-ng 1 . d a-k 6	(38)
b ei 2 . l aa-k 6 . t o 4 . n ei 4 . aa 3	(39)
m aa 5 . l ei 6	(40)
l aai 1 . w ai 1 . j i 5	(41)
s yu-t 3 . l ei 4	(42)
h a-k 1 . l ei 5 . s i 1 . t o-k 3 . f a-t 1	(43)
t aai 3 . l a-k 6	(44)
g a-t 1 . t aa 1	(45)
h a-m 2 . d a-k 6	(46)
ou 3 . d aai 6 . l ei 6 . aa 3	(47)
l aai 1 . f aa-t 3 . j i-p 6	(48)
g o 1 . d a-k 1 . b ou 2	(49)
h aa 6 . w aa 1	(50)
g oi 3 . l o-k 3 . p ou 2	(51)
s ou 1 . aa 3 . l eoi 4 . s i 1	(52)
aa 3 . l i-ng 4 . d eo-n 6	(53)
s ai 1 . b aa-k 3 . l ei 6 . aa 3	(54)
p aa-k 3 . w aa 4 . l o-k 3 . d ai 3	(55)
m aa 5 . l ei 6	(56)
s i 2 . d ai 3 . f a-n 1	(57)
aa 3 . l ei 6 . s o-ng 1 . n aa 5	(58)
w ai 1 . l ei 6	(59)
aa 3 . m ei 5 . b aa 1	(60)
m a-k 6 . h a-k 1	(61)
g aa-k 3 . l a-m 4	(62)
aa 3 . s a-t 1	(63)
t ou 2 . j i 5 . k ei 4	(64)
s aa 1	(65)
k aa 1 . l o-k 3 . s i 1	(66)
b aai 3 . j a-n 1	(67)
w ai 4 . d o 1 . l ei 6 . aa 3	(68)
c e 1 . s a-n 4	(69)
c aa 4 . j i 5 . s i 1	(70)
m aa 1 . f e 1	(71)
l aai 1 . t yu-t 3 . w ai 4 . aa 3	(72)
k aa 1 . l o 4	(73)
aa 3 . d o-ng 1	(74)
b ou 2 . g aa 1 . d i-k 6	(75)
f au 4 . s i 6 . d a-k 1	(76)
d a-k 1 . j i 5 . b aa-n 1	(77)
k aa 1 . d a-k 6	(78)
g aa 3 . f e 1 . j a-n 1	(79)
b ou 3 . d i-ng 1	(80)
