n aa 4 . p o 3 . l eo-n 4	(1)
s aa 1 . d a-k 6	(2)
m a-t 6 . d a-k 6 . l o-ng 5	(3)
d a-t 6 . n ei 4 . s ai 1 . aa 3	(4)
b ou 3 . d i-ng 1	(5)
l o-ng 5 . l ei 6	(6)
b aa 1 . b ui 3 . d o 1	(7)
h ei 1 . l aai 1 . l ei 6	(8)
b ou 3 . l o-ng 5	(9)
h a-k 1 . l ou 2 . z i 1	(10)
aa 3 . d a-k 6 . l aa-n 4 . d aai 6	(11)
h aa 6 . w ai 1 . j i 4	(12)
aa 3 . l aai 1 . s i 1 . g aa 1	(13)
p o-k 3 . h a-k 1	(14)
n ei 4 . m ai 5 . s e-k 6	(15)
g i-t 6 . d a-k 6	(16)
o-n 1 . n aa 4	(17)
b e 1 . l ei 4	(18)
g o 1 . d a-k 1	(19)
n o-k 6 . m aa-n 6 . d ai 6	(20)
