h e g	(1)
k we . s eu . d a	(2)
p a . b eo	(3)
p eu . l o . s eu . p e . l eu	(4)
b e . b eo n	(5)
p o n . t eu . l ya . g i n	(6)
p a . s eu . t eo . n e g	(7)
b o l . d eu . wi n	(8)
t i . s e l . l i . u . s eu	(9)
l e . m i ng . t eo n	(10)
l i . eo m	(11)
p ae . l i ng . t eo n	(12)
n i . k o	(13)
h a . d eu n	(14)
k e . i	(15)
d e m . b i n . s eu . k i	(16)
b ae . l i	(17)
k a . t eu . l a . i . t eu	(18)
m e . l eu . k e l	(19)
s ya . g a l	(20)
