m a . l eu . s yu . n eo	(1)
b o l	(2)
l i . t a	(3)
a . g i . l e	(4)
k eu . l o . m eo	(5)
b e . i . ch eu	(6)
h a . m e . n e . i	(7)
t o . m a . s eu	(8)
s yae . k eu l . t eo n	(9)
h e . b i . s a . i . d eu	(10)
m ae g	(11)
s eo n . d eo . l ae n . d eu	(12)
e l . l i . s eu	(13)
l o . b eo . ch eu	(14)
t e . l e . s a	(15)
h ae . j eu l . l i s	(16)
b o . b eu . n a . l eu . g eu	(17)
p e . l ae ng	(18)
k i n	(19)
ch i . g eu l . l eo	(20)
k o n	(21)
d eo . d eu l . l i	(22)
a . d i l	(23)
m e . i . h yu	(24)
s yu . t e . p i	(25)
g a . d eu . n eo	(26)
k a . s eu . p a . eo	(27)
e . b eo n . j eu . b i l	(28)
b a l . d u ng	(29)
p eo . s eu	(30)
p i l . l i . p i n	(31)
b eu . l eu . n o	(32)
h a . g eu . l i . b eu . s eu	(33)
n o . s eu . k eu l . l i . p eu	(34)
l ae . b eu . l a . d o	(35)
l e . n a . u	(36)
p eu . l o . i . t eu	(37)
l u . i . j e	(38)
wi . m eo n	(39)
k eu . l a . u . j e	(40)
