k a . j a . d eu . j wi	(1)
m o . j eu l . l i	(2)
yu . d i . s eu	(3)
b o n	(4)
s a . i . p eu . l eo . s eu	(5)
m a . h a . p i	(6)
j o . p eu . l i	(7)
b a . k eu l . l i	(8)
p e . l e n . l e . i	(9)
n e . k eu . l a . s o . p eu	(10)
b o . p eo . t eu	(11)
ae l . l eo n	(12)
j i . m i	(13)
o . d yu . b o n	(14)
yu . d o . l a	(15)
g e . l eu l . l a . h eu	(16)
g eo . t eu . l u . d eu	(17)
b o l . t eu	(18)
b a l . l e n . t i n	(19)
l a . d eu . b eu . l u . h eu	(20)
s eu . k o l	(21)
yo . h a n	(22)
g i . j o	(23)
m a . l eu . k eu	(24)
e . m i l . l i	(25)
k o . l eu . n e l . l i . s eu	(26)
t i . g a . d eu n	(27)
m i l . l a . n o	(28)
k i . s a ng . g a . n i	(29)
l i . s a	(30)
d o l	(31)
l o . b e	(32)
p e . k a . n e n	(33)
a . l a	(34)
j a n . n i	(35)
e l . l e . n a	(36)
h o . p eu	(37)
d a . b i . ch eu	(38)
a . s eu . m a . l a	(39)
s o . k o l . l o . p eu	(40)
