b eu . l o . d eu . we . i	(1)
h a . wa . i	(2)
k ae n . j a . s eu	(3)
we . j e l	(4)
m ae g . b eu . l a . i . d eu	(5)
p e . l eu . g o l . l e . s i	(6)
s a n . t u . s eu	(7)
g eu . l o	(8)
h e l . l e n	(9)
m o . l i	(10)
d o . n a . t eu	(11)
b i n . d a . u . s eu	(12)
k a . d i . s eu	(13)
h e . l eu . m a n	(14)
n a . i . m a n	(15)
b a n . d e l . l o	(16)
g o . p u	(17)
t o . l eo n . s eu	(18)
i . l i . n a	(19)
h a . s a n	(20)
