b e . n e . d e . t i	(1)
k o . i . t eo	(2)
h a . n a	(3)
g o . m e . s eu	(4)
h e . l eu . n e	(5)
b a . t eu	(6)
b ae ng . s a ng	(7)
s eu . t o g . h o l . l eu m	(8)
n a . b a . l a	(9)
e l . d eo	(10)
p i . n i	(11)
u l . l i . h i	(12)
m a . g o l . l i . s eu	(13)
i m . l e	(14)
m o l . l o . t o . p eu	(15)
s yu . t a . i n	(16)
b a . t yu . s yu . k o . p eu	(17)
b u . s i . a	(18)
e . b e l . h a . l eu . t eu	(19)
t i . t u l . l e . s eu . k u	(20)
l a n . s eu . t e . i n	(21)
p eu l . l i n . t eu	(22)
ch a l . s eu . t eo n	(23)
b a . k eu l . l i	(24)
g eu . l e . g o . l i . u . s eu	(25)
h u m . m e l	(26)
s eu . wi . n i	(27)
u l . l a n . b a . t o . l eu	(28)
b eo . n eo l	(29)
l a . m o	(30)
k u . n a . u	(31)
o . g eo . s eu . t a	(32)
b u . i . yo ng	(33)
ch e . k eu	(34)
l o ng . s ya ng	(35)
j o . n i	(36)
s wi l . l i	(37)
k o . s eu . t o . p eu	(38)
n ae . s i	(39)
s yo . t eu	(40)
p e . i n . t eo	(41)
k eu l . l a . u . d i . u . s eu	(42)
l a . s eu . p u . t i n	(43)
k a l . p eu	(44)
s ae n . d eu . b eo . g eu	(45)
n a . p o l . l e . o ng	(46)
s a . h a . l o . p eu	(47)
g e . l a	(48)
m a . t ae	(49)
j a . i . l eu	(50)
g eu l . l e . i . j eu	(51)
s eu l . l ae m	(52)
i . s o l . l a	(53)
p o m . p e . i	(54)
d o . n a . h yu	(55)
b eu . l o . i . eo	(56)
t a . h o	(57)
t e . n e . s i	(58)
j o . s i	(59)
b e . l eu . n i . e	(60)
s yu . l i . p eo	(61)
t i n . d e . m a n . s eu	(62)
p a l . l o . p i . u . s eu	(63)
k eu l . l e . b e	(64)
p e . s e n . d e n	(65)
m ae . k o . b i	(66)
h e . l eu . ch eu l	(67)
p eu l . l o . l i	(68)
k a	(69)
ch e . s eu . t eo	(70)
p eu . l i . ch eu	(71)
d i n	(72)
j a n . ch e n	(73)
p u . l i . e	(74)
b o . b u . a . l eu	(75)
s eo n . d eo . s eu	(76)
m a . l a	(77)
h o . m e . i . n i	(78)
l o . b eo . t eu	(79)
d a . n i . e l	(80)
m a . d eu . l e n	(81)
b o . l o n . ch o . p eu	(82)
wo . t eo . b e . l i	(83)
l u . m a . n i . a	(84)
a l . b a . l e . s eu	(85)
l wi . b e . l eu . s eu	(86)
h a . p eo	(87)
s yu . t e . l eu n	(88)
i . d eu	(89)
b eu l . l a . d i . m i . l eu	(90)
h u . p eo	(91)
k u . s i	(92)
b e . t i . n o	(93)
m a . s eu . t eo . s eu	(94)
b a . n eo . d eu	(95)
b a . t i . s eu . t a	(96)
m o . n i . k a	(97)
b e . n a . b i . d e . s eu	(98)
e . s eu . p i	(99)
p a . i . l i	(100)
s eo . l i	(101)
g a l . l a ng	(102)
p e ng . k eu	(103)
b e . l eu . ye . l o n	(104)
p e s . j o l . t eu	(105)
h a . l eu . t u m	(106)
k e l . l i	(107)
s yo n . g a . u . eo	(108)
m e . l i	(109)
p a . b e l	(110)
o . t eu	(111)
h ae . m o n . d eu	(112)
i ng . k a	(113)
p e l . l i . p e	(114)
l u ng . g e	(115)
b i . s e l	(116)
a . i l . l i n	(117)
d a . n i . k a	(118)
s yu l . l e . g e l	(119)
i . l e . i n	(120)
m ae g . k e n . j i	(121)
b o l . l i . b i . a	(122)
d a . d ae . o	(123)
m i . t e . l a ng	(124)
s eu . t e . d eu	(125)
b o . u . l i ng	(126)
h e . p eu . n eo	(127)
g i n . j eu . b eo . g eu	(128)
t o . g o	(129)
p o . l eu . t a	(130)
k eu l . l e . m e n . s eu	(131)
b a ng . b i l	(132)
wi n . p eu . l e . d eu	(133)
s yu . p a . i . eo	(134)
g eu l . l ae . s eu . g o	(135)
a . b eu . l eu	(136)
k o n . s eu . t a n . t i . n e . s eu . k u	(137)
n o . d eu	(138)
b a . i . o l . l e s	(139)
p i . d e l	(140)
p eu . l a ng . k eu	(141)
s eu . t a . i n . b eo . g eo	(142)
g eu l . l ae . d eu . s eu . t eo n	(143)
n e . b e . l o . p eu	(144)
p u l . t eo n	(145)
s ae n . t eu	(146)
p eu . l a . s a . d eu	(147)
p eu . l e . i . j eo	(148)
s ye l . t eo n	(149)
p ae g . s eu . t eo n	(150)
d yu . eo	(151)
l eu . n o . l eu . m a ng	(152)
l e . i . k ya . b i . k eu	(153)
o . d eu	(154)
p eo l . l e . i . d eu	(155)
s e n	(156)
p o ng . s eu	(157)
m a . u . l i . ch i . o	(158)
we . j i . u . d eu	(159)
o . p e n . b a . h eu	(160)
m o . l o	(161)
l ae n . j eu	(162)
k eu . l o m . we l	(163)
h i n . s yeo l . u . d eu	(164)
m e . i . t eu	(165)
b i . e . l eu . k eu . n e . s eu	(166)
g u . d eu . l u n	(167)
g eu . l a . p eu . t eu n	(168)
l e . s eu	(169)
j a . k a . l eu . t a	(170)
s i n . s i . a	(171)
s we l	(172)
h o l . t eu	(173)
m a . l eu . t o n	(174)
t eu . l i . n a	(175)
s eu . t i m . s eu n	(176)
p e . i . j eu	(177)
d i . d eu . l o	(178)
s eu . t o . ya . n o . p eu	(179)
n o . b a g	(180)
m e l . l a n . h i . t o n	(181)
l u . i . j i . ae . n a	(182)
o . l i . o l	(183)
a . m e l . l i . e	(184)
d a l . l eo	(185)
l ae . s eu . k i	(186)
ae m . b eo	(187)
k eu . l a . s eu . n o . ya . l eu . s eu . k eu	(188)
l e . o . n a . d eu	(189)
l e . j i . s eu	(190)
l i . n a	(191)
l i . b a . i	(192)
b o l . g e . m u . t eu	(193)
b e . d e . k i n . t eu	(194)
p i . t eu	(195)
l a . p i . k eu	(196)
g ae l . l o . n i	(197)
n a . b a . l o	(198)
b e . ch eo . m eo n	(199)
k a . l eu . s a . b i . n a	(200)
b o l . t e . l eu	(201)
p o . i . eo . b a . h eu	(202)
g u . t i . e . l e . s eu	(203)
b i . a . s eu	(204)
g eu . l a . u	(205)
m o . t eo n	(206)
s ye . l i	(207)
s ae m	(208)
s ye l . b i	(209)
k ae . s eo . l i n	(210)
k a . t eo	(211)
a . p eu . l i . k a	(212)
g eu . l i n . p i l . d eu	(213)
b eu l . l a ng . k i	(214)
n o . s eu	(215)
h a . i . eo s	(216)
l o . j eo . s eu	(217)
p u l . ch i	(218)
s o n . d a . i . k eu	(219)
l u . d eu . wi g	(220)
d eo . b a n	(221)
p eu . l i . s yu . b i n	(222)
k a l . l a . i l	(223)
b i n . s eu . b a ng . g eo	(224)
s eo l . l i . b eo n	(225)
s yu . p i . l i	(226)
b eu . l e . j i n . s eu . k i	(227)
g eu l . l e . i . j eo	(228)
a . d eu l . l eo	(229)
p a . i . n i ng . eo	(230)
t o . s eu . k a . n e l . l i	(231)
n e . b eu	(232)
d i . o . g e . n e . s eu	(233)
m ae g . l a . l e n	(234)
k i . t o	(235)
a n . t o . n i n	(236)
g oe . t e	(237)
b e n	(238)
k e . b i n	(239)
b i l . l i b	(240)
n o . b i l . l e	(241)
d a s . s eu n	(242)
e l . b i . l a	(243)
h a n . k a	(244)
k e . s eu l . l eo	(245)
s eu . wa . l eu . t eu	(246)
l o . b e . l eu . t o	(247)
t a . u n . s e n . d eu	(248)
m o n . t e . b e . l eu . d i	(249)
p a l . l i . s i	(250)
p o . t eu	(251)
h ae m . p eu . s yeo	(252)
m a . k o . wi . ch eu	(253)
yu . i ng	(254)
s eu . wa m . m e . l eu . d a m	(255)
l u . d o . b i	(256)
s u . j a	(257)
b e . g a ng	(258)
wo l . p eu . l eo m	(259)
s eu . k o . t eu	(260)
m a l . l i . p i . e . l o	(261)
d e l	(262)
b i . b eo	(263)
d eu . m i . t eu . l i	(264)
s eu . t ae n	(265)
g eu l . l e n . d e . i l	(266)
b a . l eu . k a	(267)
i l . l i . ya	(268)
l e . s eu . p i . g i	(269)
o . b a n . d o	(270)
m a . l i . o . t eu	(271)
we . b eo	(272)
m a . l i	(273)
j i m . m eo . m a n	(274)
wa l . l o ng	(275)
m a l . l e . i . s i . a	(276)
b o l . k eo	(277)
m a l . l i	(278)
a n . d eu . l e . u	(279)
b eo . t eu	(280)
k a . p e n . t eo	(281)
k eu l . l e . m eo n . ch eu	(282)
n u . b e l	(283)
t o . d eu	(284)
s i l . l i ng	(285)
e n . b i . k eu	(286)
n i . k o l . l a . s eu	(287)
s eu . t i . g e	(288)
g o . eo	(289)
l e . b i	(290)
m o . l i . j o	(291)
g o . g a . l eu . t e n	(292)
k o ng . s eu . t a ng	(293)
l o . t eu . b e . l eu . t u . s eu	(294)
l i . h i . t e n . b e . l eu . k eu	(295)
p eu . l a . i . b eo . g eu	(296)
m a . t i l . d a	(297)
b i . yo ng	(298)
l a . l eu . s e n	(299)
a . s ya . l eu	(300)
s a . b o . n a . l o l . l a	(301)
wi n . t eo . s eu	(302)
g o n . s a l . b e . s eu	(303)
a b . d u l	(304)
l a . k a . yu	(305)
k ae . s eu . p eo	(306)
p o . t eo	(307)
n a . s a . u	(308)
h u . d eu	(309)
h e . i	(310)
p eu . l e . i . k eu	(311)
s o l . l a . l i	(312)
h eo l	(313)
l e . d eo . b eo . g eu	(314)
s yeo l . l o g	(315)
l a . i . t eu . s eu n	(316)
b eu . l i . j eu . b eo n	(317)
n o . b i	(318)
b u . s e	(319)
b e l	(320)
s eu . k e l . t eo n	(321)
k e n . t eu	(322)
yu l . l i . a . n u . s eu	(323)
j o . j e	(324)
m a . l i . o	(325)
s o . l e l	(326)
we n . d i	(327)
s yu . n i . ch eu l . l eo	(328)
h a . i m	(329)
b eu . l e . s eu	(330)
m o . g a . d i . s yu	(331)
b e l . l eo . m i	(332)
k we . b e g	(333)
we . i l . l i	(334)
m a . h eu . m u . d eu	(335)
a . i . h e n . d o . l eu . p eu	(336)
s eu . wa n	(337)
l o . d o l . p o	(338)
l o . d i	(339)
h wi s . t o l	(340)
k wo g . k eu	(341)
h e n . ch i	(342)
m e . d eu . h eo . s eu . t eu	(343)
g wa . l i . n o	(344)
k e . n ya	(345)
j eu . b i . g eu . n i . e . p eu	(346)
a . l i . o . s eu . t o	(347)
s e . s i l . l i . a	(348)
s eu l . l wi . t e . l eu	(349)
s eu . t i . b eu n . s eu n	(350)
l o . m ae ng	(351)
l a . l eu . s o n	(352)
d u . b eu . ch e . k eu	(353)
l i . h i . t eu	(354)
d a . u . s eu n	(355)
p o ng . t e n	(356)
d a . i . eo	(357)
d o . n i	(358)
k eo l . l eo m . b i . a	(359)
p yeo ng . ya ng	(360)
l i l . l i	(361)
b o . m eo n	(362)
l i . b a . s eu	(363)
k a l . l i . d eu	(364)
b a . i . l eo n	(365)
d eu l . l i . b eu	(366)
i . g eu l . l e . s i . a . s eu	(367)
b o . m a . l eu . s ye	(368)
s ya . p eu	(369)
l o . b e . l eu	(370)
b o . n i	(371)
b u . k a . l e . s eu . t eu	(372)
s a ng . t i . n i	(373)
s eu . t e . i . s i	(374)
d o . b eu . s eu n	(375)
l o . p e . s eu	(376)
n u . b i . a	(377)
k eu l . l a . i . b eu	(378)
o . n e . g e . l eu	(379)
h a m	(380)
p o l . l e . b o . i	(381)
b eu . l i . j i . p o . t eu	(382)
l oe . b e	(383)
s eu . t o . d o . l a	(384)
k a m . p a l . l a	(385)
m o . l i . ch eu	(386)
n o . l a	(387)
b i n . ch e n . ch o	(388)
yo ng . k i n . t eu	(389)
k o l . ch o . p eu	(390)
b e . d o . s eu	(391)
wi . s eu . k o n . s i n	(392)
m a . l eu . s ya	(393)
m a . m a l . l o . n i	(394)
j i l . l i	(395)
ch o . p eu . l a	(396)
b o . n e	(397)
m eu . l a . j eu	(398)
a . k eu . b a . l eu	(399)
p eu . l e . i . t a . s eu	(400)
