s aa 1	(1)
g o-t 3 . l aa-n 4 . d a-k 6	(2)
l ou 4 . l i-k 6 . s i 6	(3)
b ui 3 . l ei 5 . ng aa 5	(4)
t o-ng 1 . m aa 5 . s i 6	(5)
g aa 1 . l a-k 6 . b ei 2	(6)
s i 2 . m a-t 6 . s i 1	(7)
s i 6 . d aa-n 1 . l ei 6	(8)
l o 4 . b aa-k 3 . d a-k 6	(9)
n ei 4 . j a-t 6 . j i 5	(10)
g o 1 . s i 1 . d aa-t 6	(11)
d i-k 1 . k o-k 3 . l oe-ng 4	(12)
au 1 . m ou 5	(13)
k aa 1 . t u-ng 1	(14)
d aai 3 . ou 3 . s a-n 1	(15)
aai 6 . m aa-n 6 . n ou 4	(16)
ng o 4 . h oi 6 . ng o 4	(17)
l o 4 . s i 1 . f u-k 1	(18)
aa 3 . d o-ng 1 . s i 1	(19)
m aa 5 . l ei 6	(20)
