m a . h e n . d eu . l a	(1)
k o n . p o . s eu	(2)
h o . m eo	(3)
p eu . l a ng . s u . a	(4)
p o . b eu . s eu	(5)
b o . t e	(6)
e . l eu l . l i . h i	(7)
g eu . l a . k u . s eu	(8)
b a l . l e . l i	(9)
l i ng . g eo	(10)
n o l . j eu	(11)
d i . n a	(12)
t e . n eo n . t eu	(13)
a . d a . m a	(14)
i m . h o . p eu	(15)
g eu l . l o . l i . a	(16)
a n . p i n . s eu n	(17)
m a . s ye l	(18)
g a . l a ng	(19)
l eu . b oe . p eu	(20)
s e l	(21)
m e . ch eu . l eo	(22)
s eu . k o l . s e . i . j i	(23)
p o l . l i	(24)
n a . s e . l eu	(25)
h e . n i	(26)
p eu . l e . d eo . l i g	(27)
s i l . l o . n e	(28)
n o . d i . e	(29)
h eo . p eu	(30)
wa . t eu	(31)
s o l . j eu . b e . l i	(32)
yu . d i . t eu	(33)
p a . h i m	(34)
a . l eu . n o	(35)
b e l . m a n	(36)
k eu l . l i . p eo . d eu	(37)
m a n . d a l . l e . i	(38)
k a l . h u n	(39)
p o . t i n . j eo	(40)
