b ei 2 . d a-k 1	(1)
l o-k 3	(2)
aai 6 . d a-k 1 . d eo-n 1	(3)
j-i 1 . s i 1 . l aa-n 4	(4)
w ai 1 . j i 5 . s i 1	(5)
j oe-k 3 . d aa-n 3	(6)
h a-m 2 . d a-k 6	(7)
au 1 . b u-n 2 . h oi 2 . m a-k 6	(8)
gw o 1 . d a-ng 1	(9)
c aa 4 . j i 5 . s i 1	(10)
w u 1 . l aai 1 . gw ai 1	(11)
b o 1 . j i 5 . k aa 1	(12)
z i-t 6 . h a-k 1	(13)
c i-t 3 . f ei 1 . j i 5 . d a-k 1	(14)
m a-k 6 . d i-k 6 . m a-n 4	(15)
h oi 2 . d aa-t 6 . g aa-k 3 . l aa-n 4	(16)
gw o 1 . j i 5	(17)
h a-k 1 . s eoi 1 . l ai 4	(18)
f aa-t 3 . s ai 1 . s i 1	(19)
m o 1 . s ai 1	(20)
m aa 5 . d i-n 1 . n ei 4	(21)
f o-k 3 . j i 5	(22)
d o 1 . n ou 5	(23)
aa 3 . b aa-k 3 . l aai 1 . h o-n 5	(24)
g i-t 6 . d a-k 6	(25)
s aa-t 3 . h a-k 1 . s eo-n 3	(26)
p aa-k 3 . s i 1	(27)
aa 3 . s i-n 1 . n ou 4	(28)
m aa 5 . j i 5 . s aa-t 3 . s i 1	(29)
d a-k 1 . j i 5 . b aa-n 1	(30)
oi 3 . d aa-t 6 . h o 4	(31)
s aa 1 . l aai 1	(32)
b aa 1 . h a-k 1 . l ei 5	(33)
s i-ng 3	(34)
k aa 1 . s i 6	(35)
l o-ng 5 . n ei 4	(36)
l aai 1 . s ou 3	(37)
b ui 3 . l ei 5 . ng aa 5	(38)
ou 3 . s i 1 . l u-k 6	(39)
m a-k 1 . h a-k 1 . f u-ng 1	(40)
b i-t 1 . s i-ng 3	(41)
aai 6 . l eo-n 4	(42)
aa 3 . l aai 1 . s i 1 . g aa 1	(43)
f ui 1 . b a-k 1 . h a-k 1	(44)
j a-t 6 . j i 5 . m aa-n 6	(45)
b aa 1 . g ei 1 . s i 1 . t aa-n 2	(46)
b a-n 1 . c i 4	(47)
b u-n 2 . d a-k 6 . s a-m 1	(48)
aa 3 . d a-k 6 . l aa-n 4 . d aai 6	(49)
s o-ng 1 . n aa 4	(50)
g ou 1 . j i 5	(51)
b aai 3 . j a-n 1	(52)
ng aa 5 . f u 2	(53)
m aa 4 . s aa-t 3 . z yu 1 . c oi 3	(54)
s aa-t 3 . l ei 5	(55)
h oi 2 . d a-k 1 . b ou 2	(56)
s aa 1 . d a-k 6	(57)
g a-t 1 . p ou 2	(58)
j-i 2 . l i-n 4 . n aa 4	(59)
n ei 4 . j i 5	(60)
m u-k 6 . n aai 5 . j i 1	(61)
l ei 5 . ng o-ng 4	(62)
o-n 1 . d aai 6 . l oe-k 6	(63)
h ei 1 . b aa-k 3 . l oi 4	(64)
l o 4 . m aa-n 6 . d ai 3 . h a-k 1	(65)
m ai 5 . g ou 1	(66)
n aai 5 . s i-k 1	(67)
o-n 1 . n ei 4	(68)
j oe-k 3 . h o-n 6	(69)
f o 1 . w ai 1 . d a-k 6	(70)
p ou 3 . s i 6	(71)
c oi 3 . l aai 1	(72)
b o 1 . s eo-t 1	(73)
m ai 5 . h i-t 3 . j i 5	(74)
f aa-t 3 . l aa-n 4 . s ai 1	(75)
aa 3 . j i 5 . k aa 1 . d a-k 6	(76)
h o 2 . l o-k 6	(77)
z au 6 . s i 1	(78)
m aa 5 . d a-k 6 . l o-k 3 . h a-k 1	(79)
m ei 5 . l ei 6 . g i-n 1	(80)
b ui 3 . d o 1 . f a-n 1	(81)
w ai 1 . n ei 4 . s i 1	(82)
aa-k 1 . gw aa 1 . d o 1 . j i 5	(83)
b aa 1 . c oi 3 . l u-ng 4 . n aa-p 6	(84)
k aa 1 . j i 5	(85)
b aa-n 1 . n ei 4	(86)
aai 6 . m aa-n 6 . n ou 4	(87)
b o 1 . s i 6 . d eo-n 6	(88)
l aai 1 . w ai 1 . j i 5	(89)
j au 1 . m a-k 6	(90)
l ou 4 . s a-m 1 . b ou 2	(91)
aa 3 . b ou 3 . l u-ng 4 . n ei 4	(92)
m aa 1 . f e 1	(93)
g aa-n 2 . b ou 3 . z aai 6	(94)
h aa 1 . f a-t 6	(95)
w u 1 . h a-k 1 . l aa-n 4	(96)
h a-k 1 . s i 1	(97)
b aa 1 . s i 1 . f u 1	(98)
g a-t 1 . t aa 1	(99)
s aa-t 3 . m aa 5 . l aa-n 4 . k ei 4	(100)
d aa-t 6 . l aai 1 . s i 1	(101)
w ai 4 . j aa 5 . n aa-p 6	(102)
ng aa 4 . m aai 5 . g aa 1	(103)
b aa 1 . l a-k 6 . s i 1 . t aa-n 2	(104)
k aa 1 . d a-k 6	(105)
n ei 4 . l o 4	(106)
m aa 5 . j i 5 . d oi 6 . f u 1	(107)
d e-k 6 . k aa 1 . j i 4	(108)
l oi 4 . j a-n 1	(109)
n o-k 6 . m aa-n 6	(110)
g o 1 . s i 1 . d aa-t 6	(111)
g ou 1 . j i 5 . f u 1	(112)
h ei 1 . l aai 1 . l ei 6	(113)
b i-k 1 . h aa-m 4	(114)
ou 3 . n ei 4 . l aai 1 . s i 1	(115)
aa 3 . d o-ng 1 . s i 1	(116)
m ai 5 . ou 3 . l aai 1	(117)
d aai 3 . ou 3 . s a-n 1	(118)
b aa 1 . s i-n 1	(119)
b ou 3 . l u-ng 4 . d i-k 6	(120)
