b aai 3 . j a-n 4	(1)
ou 3 . s i 1 . l u-k 6	(2)
t a-n 1 . n aa 4	(3)
d i-k 6 . k aa 1 . b ei 2 . ou 3	(4)
d i-k 6 . g a-ng 1 . s i 1	(5)
m aa 5 . h aa 1 . t ai 3 . j i 5	(6)
m aa-n 6 . d a-k 1 . l aai 1	(7)
c oi 3 . n oi 6 . g aa 1 . j i 5	(8)
j-aa 5 . m u-n 4	(9)
l ei 6 . m a-t 6 . p ou 2	(10)
m aa-n 6	(11)
b aa 1 . l o-k 3 . h a-k 1	(12)
d e-k 6 . k aa 1 . j i 4	(13)
t aa-p 3 . g a-t 1 . h a-k 1 . s i 1 . t aa-n 2	(14)
l o 4 . b a-n 1	(15)
g o 1 . l eo-n 4 . b ou 3	(16)
g i-t 6 . d a-k 6	(17)
aa 3 . l i-k 6 . s aa-n 1 . d aai 6	(18)
m aa 5 . l ei 5 . l aa-n 4	(19)
n ei 4 . n o-k 6	(20)
c aa 4 . l ei 5	(21)
m a-k 6 . s ai 1 . g o 1	(22)
aa 3 . l aai 1 . b aa 1 . m aa 5	(23)
b u-n 2 . d a-k 6 . s a-m 1	(24)
m ai 5 . l o-k 3 . s e 2 . w ai 4 . k ei 4	(25)
ng aa 5 . d a-k 6	(26)
s yu 1 . b aa-k 3 . d a-k 6	(27)
h o 2 . l o-k 6	(28)
s aa-t 3 . l ei 5	(29)
aai 6 . m aa 5	(30)
n ei 4 . g u 2 . d i-ng 1	(31)
gw o 1 . d a-ng 1	(32)
g ei 1 . n oi 6 . aa 3	(33)
n aai 5 . s i-k 1	(34)
m ai 5 . ou 3 . l aai 1	(35)
h ei 1 . l aai 1 . h a-k 1	(36)
k ei 4 . j i 6	(37)
h aa 1 . s aa-t 3 . h a-k 1 . s i 1 . t aa-n 2	(38)
t o-ng 1 . m aa 5 . s i 6	(39)
f o 1 . l aai 1 . s o-ng 1	(40)
ou 3 . d aai 6 . l ei 6 . aa 3	(41)
g aa-k 3 . l a-m 4 . s i 1 . p u-n 1	(42)
oi 3 . w aa 4 . d eo-n 6	(43)
t o-ng 1 . s a-n 4	(44)
m ai 5 . c i-t 3 . j i 5	(45)
m aa 5 . l aai 1 . c u-ng 4	(46)
d ou 6 . g aa-k 3 . l aai 1 . s i 1	(47)
t i-n 4 . n aa-p 6 . s ai 1	(48)
l o-ng 5 . gw o 1	(49)
w ai 1 . l ei 6	(50)
s ai 1 . b aa-k 3 . l ei 6 . aa 3	(51)
n ei 4 . j a-t 6 . j i 5	(52)
j-e 4 . l ou 5	(53)
n ei 4 . w ai 4 . d a-k 6	(54)
d i-k 1 . k o-k 3 . l oe-ng 4	(55)
d o 1 . t aai 3	(56)
z i 1 . s i 6	(57)
aa 3 . s i 1 . p a-t 1 . l a-m 4	(58)
b aa 1 . j i 5 . h aa-k 3 . s a-p 6	(59)
z oe-k 3 . s i 6	(60)
aa 3 . b ou 3 . l u-ng 4 . n ei 4	(61)
d aai 3 . j i 5	(62)
h aa 1 . g a-n 1	(63)
d aai 3 . c oe-k 3 . j i 5	(64)
t ou 4 . g aa-k 3 . n i-p 6 . f u 1	(65)
b i-t 1 . s i-ng 3	(66)
p o-k 3 . h a-k 1	(67)
h ei 1 . d a-k 6 . l a-k 6	(68)
l ei 6 . b ei 2 . aa 3	(69)
k aa 1 . m ai 5 . l aai 1	(70)
g aa 1 . l eo-n 4	(71)
d aa-n 1 . m a-k 6	(72)
h oi 2 . m i-ng 4 . w ai 1	(73)
ou 3 . s i 1 . t i-ng 1	(74)
j-i 2 . l i-n 4 . n aa 4	(75)
b aai 3 . z i-m 3 . t i-ng 4	(76)
k aa 1 . n oi 6 . g ei 1	(77)
h a-m 2 . d a-k 6	(78)
c i-t 3 . f ei 1 . j i 5 . d a-k 1	(79)
d o 1 . m u-ng 4 . d a-k 6	(80)
