b ui 3 . j i 5 . g aa-k 3 . l oi 4 . d a-k 1	(1)
d aa-t 6 . h ei 1 . j i 5	(2)
b aa-k 3 . l ou 5 . w ui 6	(3)
s i-ng 1 . n aa-p 6	(4)
s o-ng 1 . n aa 4	(5)
b ui 3 . l ou 5 . d a-k 6	(6)
g o 1 . l eo-n 4 . b ei 2 . aa 3	(7)
b o 1 . d a-k 6	(8)
j a-t 6 . j i 5 . m aa-n 6	(9)
b ei 2 . d a-k 1	(10)
s ou 1 . d aa 2	(11)
g ou 1 . j i 5	(12)
h o 2 . h o 2	(13)
w u 1 . z i 1 . b i-t 6 . h a-k 1 . s i 1 . t aa-n 2	(14)
g o-t 3 . l eoi 4 . n o-k 6	(15)
h a-k 1 . l o 4 . d ei 6 . aa 3	(16)
w ai 1 . l i-m 4 . s i 1	(17)
b e 1 . l ei 4	(18)
c oi 3 . p ou 2 . l ou 6 . s i 1	(19)
s o-ng 1 . t aa-p 3 . n aa-p 6	(20)
