n ei 4 . h a-k 1 . l ou 5	(1)
aa 3 . l i-k 6 . s aa-n 1 . d aai 6	(2)
m ai 5 . l aa-n 4	(3)
a k 1 . l aa-p 6 . d a-k 6 . l ei 5 . aa 3	(4)
m aa 5 . j i 5 . d oi 6 . f u 1	(5)
t o-ng 1 . s a-n 4	(6)
b ui 3 . l ei 5 . ng aa 5	(7)
d a-k 6 . l o-k 3 . j i 1	(8)
l aa-p 6 . t ou 4 . j yu-n 2	(9)
s ou 1 . aa 3 . l eoi 4 . s i 1	(10)
b aa 1 . l o-k 3 . h a-k 1	(11)
ng aa 4 . m aai 5 . g aa 1	(12)
h oi 2 . d a-k 1 . b ou 2	(13)
w ai 1 . l i-m 4	(14)
aai 6 . d a-k 1 . d eo-n 1	(15)
b aa 1 . l aai 1 . gw ai 1	(16)
j-i-ng 1 . d a-k 6 . j i 5	(17)
gw o 1 . b ei 2	(18)
s ou 1 . d aa 2	(19)
b a-n 1 . z i-k 6 . f aa-t 3 . n ei 4 . aa 3	(20)
f aa-t 3 . l aa-n 4 . h aa-k 1 . f u-k 1	(21)
l oi 4 . j a-n 1	(22)
l ai 4 . g o-k 3	(23)
c oi 3 . p ou 2 . l ou 6 . s i 1	(24)
j-i 1 . s o-k 3 . b ei 2 . aa 3	(25)
b aai 3 . j a-n 4	(26)
d a-k 1 . h a-k 1 . s aa-t 3 . s i 1	(27)
l ei 5 . ou 3 . s i 1	(28)
f u 3 . l eo-n 4	(29)
l o 4 . m aa 5	(30)
p ou 2 . l a-m 4 . s i 1 . d eo-n 6	(31)
g ou 1 . j i 5 . f u 1	(32)
j-i 1 . l o-ng 5	(33)
b aa 1 . n aa 4 . m aa 5	(34)
aa 3 . m ei 5 . b aa 1	(35)
n o-k 6 . m aa-n 6	(36)
c i-t 3 . f ei 1 . j i 5 . d a-k 1	(37)
ou 3 . g u 2 . s i 1 . d a-k 6	(38)
m a-t 6 . j i 5 . d eo-n 6	(39)
l o 4 . m aa-n 6 . d ai 3 . h a-k 1	(40)
l ai 6 . g aa 1	(41)
w ai 4 . d o 1 . l ei 6 . aa 3	(42)
l a-m 4 . h a-ng 2	(43)
d ou 6 . l ou 5 . m u-n 4	(44)
d aa-n 1 . m a-k 6	(45)
b ei 2 . d a-k 6	(46)
h ei 1 . j i 5 . d eo-n 6	(47)
gw o 1 . j i 5	(48)
m aa 5 . l oi 4 . s ai 1 . aa 3	(49)
b i-ng 1	(50)
n ei 4 . j a-t 6 . l ei 6 . aa 3	(51)
b u-n 2 . d a-k 6 . s a-m 1	(52)
b aa 1 . g ei 1 . s i 1 . t aa-n 2	(53)
h a-k 1 . l ei 5 . d a-k 6	(54)
b aa 1 . b ui 3 . l ei 6	(55)
m u-k 6 . h o-n 2 . m a-k 6 . d a-k 1	(56)
l u-ng 4 . b o 1	(57)
w ai 4 . g aa 1 . s i 1	(58)
g i-t 3 . s ai 1 . k aa 1	(59)
f a-t 1 . l ei 6 . ng o-ng 4	(60)
aa 3 . j i 5 . b aa 1 . n ei 4 . aa 3	(61)
l ei 5 . ng o-ng 4	(62)
s yu-t 3 . l ei 4	(63)
h a-k 1 . l ou 5 . s yu-t 3 . f u 1	(64)
j a-t 6 . j i 5 . m aa-n 6	(65)
b aa 1 . s i-n 1	(66)
s o-ng 1 . t aa-p 3 . n aa-p 6	(67)
d aa-n 1 . f a-t 6	(68)
m ai 5 . s ou 1 . l ei 5	(69)
aa 3 . l i-ng 4 . d eo-n 6	(70)
g oi 3 . c i 4	(71)
l eo-n 4 . d eo-n 1	(72)
b ou 3 . l u-ng 4 . d i-k 6	(73)
b o 1 . h ei 1 . m ai 5 . aa 3	(74)
g aa-k 3 . l a-m 4 . w ai 1 . j i 5	(75)
h aa 1 . w ai 4	(76)
aa 3 . b ou 3 . l u-ng 4 . n ei 4	(77)
n ei 4 . l u-ng 4	(78)
w ai 1 . l ei 6	(79)
d o 1 . n ou 5	(80)
m ai 5 . ou 3 . l aai 1	(81)
s yu-t 3 . f a-t 6 . l aa-n 4	(82)
f aa-t 3 . l ou 5	(83)
w aa 4 . j i 5 . z i 1	(84)
l o 4 . b a-n 1 . s a-m 1	(85)
h o-ng 1 . n aai 5 . d i-k 6 . h a-k 1	(86)
m aa 1 . f e 1	(87)
h o 2 . l o-k 6	(88)
b ou 2 . l i-ng 4	(89)
s o-k 3 . l aai 1 . n aa-p 6	(90)
f ei 1 . l eo-t 6 . b a-n 1	(91)
w ai 6 . l i-ng 4 . d eo-n 6	(92)
n ei 4 . n o-k 6	(93)
h a-k 1 . l ou 5 . s i 1	(94)
j-i 1 . l aai 1 . h a-k 1	(95)
t o-k 3 . j i 5 . s i 1 . t aai 3	(96)
m a-k 6 . d i-k 6 . m a-n 4	(97)
h a-ng 1 . d a-k 6 . l ei 6	(98)
h aa 1 . d a-k 1 . w ai 1	(99)
m aa 5 . n ei 4 . l aai 1	(100)
