j i-ng 1 . g a-t 1 . l ei 6	(1)
d aa-n 1 . n ei 4 . j i 5	(2)
b i-ng 1	(3)
d ei 6 . ng aa 4 . g o 1	(4)
p aa-k 3 . l aai 1 . t ou 4	(5)
ng ai 4 . h u-ng 4	(6)
h oi 2 . d ei 6	(7)
c oi 3 . j i 5 . w ai 4 . aa 3	(8)
d aa-t 6 . l aai 1 . s i 1	(9)
m o 1 . j i 5	(10)
s ou 1 . g aa-k 3 . l aai 1 . d ai 2	(11)
f ai 3 . d i-k 6 . h a-k 1	(12)
h u-ng 4 . d ou 1 . l aai 1 . s i 1	(13)
m aa 5 . j i 5 . d oi 6 . f u 1	(14)
j i 1 . s i 1 . t aa-n 2 . b ou 3 . j i 5	(15)
f a-n 1 . l aa-n 4	(16)
b aa 1 . b ui 3 . l ei 6	(17)
g a-t 1 . p ou 2	(18)
m aa 5 . h i-t 3 . j i 5	(19)
w ai 4 . d o 1 . l ei 6 . aa 3	(20)
s i 1 . t aa-n 2 . f u-k 1	(21)
s aa-t 3 . h a-k 1 . s eo-n 3	(22)
b ou 3 . g ei 1 . n aa-p 6	(23)
k aa 1 . j i 5	(24)
j i 1 . l ei 6 . s aa 1 . b aa-k 6	(25)
m a-k 6 . d i-k 6 . m a-n 4	(26)
n ei 4 . n o-k 6	(27)
m o-k 6 . z aa-t 3 . d a-k 6	(28)
s aa-t 3 . m aa 5 . l aa-n 4 . k ei 4	(29)
d i-k 6 . g a-m 1 . s i 1	(30)
w u 1 . l aai 1 . gw ai 1	(31)
n au 2	(32)
g aa 1 . l eo-n 4	(33)
k aa 1 . t aa-p 3 . j i 5	(34)
j e 4 . l ou 5	(35)
m ai 5 . ou 3 . l aai 1	(36)
k i-ng 4 . s i 1	(37)
h oi 2 . l eo-n 4	(38)
n o-k 6 . aa 3	(39)
z oe-k 3 . s i 6	(40)
m i-ng 4 . n ei 4 . s ou 1 . d aa-t 6	(41)
o n 1 . n aa 4	(42)
b o 1 . j i 5 . d o 1	(43)
b aa-k 3 . l ou 5 . w ui 6	(44)
l ei 6 . b ei 2 . l ei 5 . aa 3	(45)
h o 2 . h o 2	(46)
gw o 1 . j i 5	(47)
gw o 1 . s i 1 . d a-k 6	(48)
b o 1 . g o 1 . d aai 6	(49)
b o 1 . j a-n 1	(50)
oi 3 . z i 1	(51)
g aa 3 . f e 1	(52)
h i-t 3 . s i 1 . d ai 2 . l ei 5	(53)
m ai 5 . c i-t 3 . j i 5	(54)
h o-n 3 . b ou 2	(55)
n aa 4 . d ou 6	(56)
n ei 4 . w ai 4 . d a-k 6	(57)
ou 3 . d ei 6 . l ei 6	(58)
n aa-m 4 . d i-ng 1 . g aa-k 3 . j i 5	(59)
g o-t 3 . l eoi 4 . n o-k 6	(60)
h a-k 1 . l ou 2 . z i 1	(61)
w ai 1 . l i-m 4	(62)
s aa-t 3 . l ei 5	(63)
h a-k 1 . l a-m 4 . d eo-n 6	(64)
h oe-ng 1 . n oi 6 . j i 4	(65)
m aa 5 . t aai 2	(66)
oi 3 . d a-k 1 . l ei 5	(67)
m o 1 . n aa-p 6 . g o 1	(68)
b aa 1 . f a-t 6 . l ei 6 . aa 3	(69)
m u-k 6 . h o-n 2 . m a-k 6 . d a-k 1	(70)
aa 3 . l ei 6 . s o-ng 1 . n aa 5	(71)
ou 3 . h aa-k 1 . l aa-n 4	(72)
h o-ng 1 . n aai 5 . d i-k 6 . h a-k 1	(73)
oi 3 . d i-k 6 . s a-ng 1	(74)
b aa-k 6 . l i-ng 6	(75)
aa 3 . g a-n 1 . t i-ng 4	(76)
n o-k 6 . g ei 1 . aa 3	(77)
j a-n 3 . d ai 6 . o n 1	(78)
b a-ng 1 . d aai 3	(79)
h o 4 . n oi 6	(80)
w a-n 1 . b ou 3 . l oi 4	(81)
n o 4 . w ai 1	(82)
m aa 5 . h aa 1 . t ai 3 . j i 5	(83)
p o-k 3 . h a-k 1	(84)
k aa 1 . m ai 5 . l aai 1	(85)
j i 1 . l o-ng 5	(86)
f a-t 1 . l ei 6 . ng o-ng 4	(87)
l a-m 4 . h a-ng 2	(88)
g ou 1 . b ei 2	(89)
m ai 5 . h a-k 1	(90)
o n 1 . d aai 6 . l oe-k 6	(91)
b aai 3 . j a-n 1	(92)
f u-k 6 . d a-k 6	(93)
j au 4 . t aa 1	(94)
m ai 5 . l ou 5	(95)
c aa 4 . j i 5 . s i 1	(96)
d aa-t 6 . h ei 1 . j i 5	(97)
oi 3 . h o 4 . w aa 4	(98)
p ou 3 . s i 6	(99)
b aa 1 . l eoi 4	(100)
l aai 1 . d i-ng 1	(101)
aa 3 . s i 1 . p a-t 1 . l a-m 4	(102)
k aa 1 . l o 4	(103)
m aa 5 . l oi 4 . aa 3	(104)
h a-k 1 . l ou 5 . s i 1	(105)
h aa-k 3	(106)
b aa 1 . l a-k 6 . s i 1 . t aa-n 2	(107)
s i 2 . d ai 3 . f a-n 1	(108)
m a-k 1 . h a-k 1 . f u-ng 1	(109)
aa 3 . c oi 3 . b aai 3 . g oe-ng 1	(110)
d ou 6 . g aa-k 3 . l aai 1 . s i 1	(111)
g aa-k 3 . l a-m 4 . w ai 1 . j i 5	(112)
oi 3 . k a-m 4	(113)
m aa 5 . l ei 5 . ou 3	(114)
aa 3 . b ou 3 . h aa 1 . z i 1	(115)
b aa 1 . s i 6	(116)
b ui 3 . l ei 5 . ng aa 5	(117)
g oi 3 . l o-k 3 . p ou 2	(118)
l o-k 3	(119)
k aa 1 . d a-k 6 . j i 5	(120)
