s e l	(1)
m e . ch eu . l eo	(2)
s eu . k o l . s e . i . j i	(3)
p o l . l i	(4)
n a . s e . l eu	(5)
h e . n i	(6)
p eu . l e . d eo . l i g	(7)
s i l . l o . n e	(8)
n o . d i . e	(9)
h eo . p eu	(10)
wa . t eu	(11)
s o l . j eu . b e . l i	(12)
yu . d i . t eu	(13)
p a . h i m	(14)
a . l eu . n o	(15)
b e l . m a n	(16)
k eu l . l i . p eo . d eu	(17)
m a n . d a l . l e . i	(18)
k a l . h u n	(19)
p o . t i n . j eo	(20)
