d u . s ya n . b e	(1)
yu ng	(2)
h a . u	(3)
j a m . s a	(4)
l i l . l i	(5)
b eu . l eu . n o	(6)
a . b a . d a n	(7)
l eo . s eu . k eu	(8)
p a . s o l . l i . n i	(9)
d eu . l e g . s eu l . l eo	(10)
a . d a m	(11)
m ae . l i . eo n	(12)
p eu . l a ng . k o	(13)
g o . t eu . s ye . t eu	(14)
s yu . m e . i . k eo	(15)
l ae ng . k eo . s yeo	(16)
m e . s e . l e . l eu	(17)
t e . l e . j eu	(18)
b eu . l e . s eu	(19)
a n . s o . n i	(20)
