s eu . p a g . s eu	(1)
t a . t i . a . n a	(2)
p e . s eu . t a l . l o . ch i	(3)
m a . l i . n o	(4)
h a g . s eu	(5)
k a . m wi	(6)
m i . s ye l	(7)
b a l . l u . a	(8)
k o n . s eu . t a n . t i . n o . s eu	(9)
d u . b eu . l o . b eu . n i . k eu	(10)
k i . d eu	(11)
g a l . l i l . l e . o	(12)
p i n . s e n	(13)
j i l . s o ng	(14)
t eu . l e n . d e l . l e n . b u . l eu . k eu	(15)
p eu . l a . i . eo	(16)
p eu . l e . d e . l i g	(17)
d a . wi n	(18)
p u . s ae ng	(19)
h i l	(20)
a . l eu . n e	(21)
p eu . l a . i	(22)
a . t e . n e	(23)
t i . p a . n i	(24)
ae l . b eo . ch eu	(25)
m o . l i . s eu	(26)
s yu . t i . l eu . n eo	(27)
s i . m o . n o . p eu	(28)
p eu . l a ng . k o	(29)
l e . i . t eu n	(30)
p e . l eu . n a ng	(31)
j e . l a . l eu	(32)
p a . l a . m a . l i . b o	(33)
m ae . t yu . s eu n	(34)
b e . d e l	(35)
l i . u	(36)
l o . d eu	(37)
j o l . l i	(38)
m e . l e . d i . s eu	(39)
k o . wa . n i . e	(40)
n i . j a ng	(41)
t e . o	(42)
p i . d eo . s eu n	(43)
ae l . p eu . l e . d eu	(44)
k eu l . l a . i n	(45)
a . l eu . b u . j o . p eu	(46)
s u . t i n	(47)
a . s a	(48)
m a n . l i . k e	(49)
l u . b i	(50)
s o . b eu . l e . l o	(51)
ch wi . l i . h i	(52)
b i . l eu . t a . n e n	(53)
s eu . t ae n . p eo . d eu	(54)
j e . n o n	(55)
o . b i	(56)
b a n . d a . l a . n a . i . k e	(57)
t o . p i . k a	(58)
l o b . s eu n	(59)
l i . ch eo . d eu	(60)
h o . p a	(61)
b e n . ch eu	(62)
o . b e . l eu	(63)
b eo . d eu	(64)
k o . l eu . n e . i . ch u . k eu	(65)
k o l . l eo m . b eo . s eu	(66)
a . t a . wa l . p a	(67)
l i n . d eu n	(68)
b u . n i n	(69)
k a . n a . l o	(70)
d e . n i . j eu	(71)
d o . h eo . t i	(72)
ch i . p e n . d e . i l	(73)
e n . s o . l eu	(74)
e . d eu . wo . d eu	(75)
s e . g a n . t i . n i	(76)
s e l . l e . s eu	(77)
n i . k o l	(78)
p u . n a . p u . t i	(79)
b eu . l ae n . d eu	(80)
b e g	(81)
s i l . b e . s eu . t eo	(82)
p eo l	(83)
b eu l . l e . i . k eu	(84)
h o l . l eo . we . i	(85)
m ae . s a . ch u . s e . ch eu	(86)
j e . p eu . s eu n	(87)
b eu l . l a . s yu	(88)
m e . s o . p o . t a . m i . a	(89)
k a . i n	(90)
b e . l o . k i . o	(91)
m o n . t eu . l i . o l	(92)
k ae . s i . d i	(93)
s ye . i g . s eu . p i . eo	(94)
m ae . d eu . p o . d eu	(95)
p eo . s eu	(96)
wa . g a . d u . g u	(97)
d e . n i . s eu	(98)
d e . s eu . n o . s eu	(99)
i . s eu . t eo n	(100)
wo	(101)
a . m a . t o	(102)
s ae m . s eu n	(103)
d u . a . l eu . t e	(104)
l o . i . d eu	(105)
l e g . s i ng . t eo n	(106)
e . k eo	(107)
p eu . l e . s eu . t eo n	(108)
ae l . l a . b ae . m a	(109)
a n . t o . n i . o	(110)
h u . s eu	(111)
l u g . k eu	(112)
g ae . l i g	(113)
b a l . l a . d o ng	(114)
j o n . s eu . t a . u n	(115)
b e l . l a . ya . t i	(116)
j o n . s eu	(117)
b e . n e s	(118)
h o . i . j i ng . g a	(119)
j a . b i . s eu	(120)
t eu . l wi . d o	(121)
a . u . eo	(122)
s e . l eu . b e	(123)
d i . p ae g	(124)
b e l . m o . p a n	(125)
s o . m a . l e	(126)
b eo n . h a . d eu	(127)
wi l . t eu	(128)
l a . k o m	(129)
p eo . k i n . s eu	(130)
h e . k eu . m a . t i . a . l eu	(131)
h e . i l . j eu	(132)
k eu l . l u . g e	(133)
j a . k o b	(134)
s yo . m o ng	(135)
s a . b i n	(136)
k eu . l o . ch e	(137)
b o . s yu	(138)
k a . s eu . t i l . l i . o . n e	(139)
n a n . s e n	(140)
s eu . b e n . s o n	(141)
h a . u . eo l . s eu	(142)
k o n . p i l . d eu	(143)
b yu . k ae . n eo n	(144)
g i . eo	(145)
h o . p eo	(146)
k a n . t o . eo	(147)
g i b	(148)
b ae n . t i ng	(149)
p o . l e . s eu . t eo	(150)
p e l . l i . s eu	(151)
a . s e l	(152)
l i . eo . l i	(153)
d a . i . ae n	(154)
b eu . l a . j i l . l i . a	(155)
g o . t i . e	(156)
yo . e l	(157)
yo . s eu . t eu	(158)
e . n o g	(159)
b i . n o . g eu . l a . d o . p eu	(160)
e . b e . l e . s eu . t eu	(161)
g eu . we n	(162)
a l . t a . m i . l a	(163)
g eu . l i n . b eo . g eu	(164)
e . s eu . k o . b a	(165)
h ae m . l i s	(166)
s u . s eu l . l o . p eu	(167)
k u . o . m o	(168)
m i . n o . g eu	(169)
o . s eu . t i n	(170)
k i . s eu	(171)
a l . d o	(172)
p i . n e l	(173)
g o l . d eu n	(174)
b o n . j e l . s eu	(175)
h ae . l i . s eu . b eo . g eu	(176)
e . k wa . d o . l eu	(177)
b eu . l ae n . d eo n	(178)
k e l . j e n	(179)
p eu l . l a . b i . u . s eu	(180)
s i l . l eo	(181)
k ae . l i	(182)
p eu . l e . d i	(183)
p i . ch i	(184)
s eu . n e	(185)
b i l . l i b . b o	(186)
b e . s i	(187)
l o . j eu . m e . l i	(188)
k e n . t eo . k i	(189)
i . m eo . m a n	(190)
b a . i . d e n	(191)
s eu . k i . p i . o	(192)
l a . b u . a n	(193)
b o . j eu . we l	(194)
h o . i . t eu	(195)
g ae . l i . s eu	(196)
m i . n o	(197)
we . i . k eu . p i l . d eu	(198)
l e l . l e . b e l	(199)
l e g . s eu	(200)
