d o . s eu n	(1)
ch e . s eu . t eo . p i l . d eu	(2)
n o . s ae m . p eu . t eo n	(3)
b e . l eu . g i . u . s eu	(4)
m o . h a . b i	(5)
p o . t a . n i n	(6)
a . j e . b e . d o	(7)
e l . j a	(8)
a . b eu . l a m . s eu	(9)
m i . d eu l . s e g . s eu	(10)
k o . m o . l o	(11)
i n . s eu	(12)
m u . s a	(13)
d i . o ng	(14)
p eu . l e . s eu . t eo n	(15)
l a b . t e . p eu	(16)
p a . s eu . t eo	(17)
b eo . n e s	(18)
k o n	(19)
d e . s i . d e . l i . u . s eu	(20)
