k a:-t _2 . ts` i _1	(1)
f @: _3 . r\ a: _1 . h o _1 . v a: _1	(2)
b_< O-m _1 . b_< aI _1	(3)
b_< OI _1	(4)
b_< @: _3 . r\ i _1 . a-N _1	(5)
u-k _2 . b_< E-n _1	(6)
G o-n _1 . m a:-n _1	(7)
r\ o-t _2 . ts` o _1 . b_< o _1 . v i-c _2	(8)
h i _1 . r\ o _1 . s` i _1 . G e _1	(9)
a: _1 . s` i-n _1	(10)
k o-n _1 . m @: _1	(11)
k a:-n _1 . d_< @: _3 . l a: _1	(12)
h u-m _1 . b_< o-n _1	(13)
k u _1 . b_< @: _1	(14)
a: _1 . r\ i _1 . k a: _1 . m e _1 . d_< u _1	(15)
t u _1 . l u _1 . z @: _1	(16)
m o _1 . s` i _1	(17)
a: _1 . J\ u _1 . t_h a: _1 . J\ a: _1	(18)
t i _1 . r\ e _1 . n o _1	(19)
b_< a:-n _1 . d_< @I _1 . r\ a: _1	(20)
k a: _1 . n a: _1 . d_< a: _1	(21)
t i _1 . h a: _1 . m a: _1	(22)
m i-n _1 . t i _1 . a: _1 . d_< E-t _2	(23)
b_< @-n _1 . d_< i _1	(24)
G @: _3 . r\ i-n _1	(25)
m aU _1 . t @: _1	(26)
k i _1 . s` @: _1	(27)
f @: _3 . r\ i-t _2 . m a:-n _1	(28)
f @: _3 . r\ e _1 . d_< E-n _1 . s` @: _3 . b_< O-t _2	(29)
k @: _3 . l i _1 . v @: _1 . l @-n _1	(30)
b_< o _1 . d_< E-n _1 . s` i _1	(31)
v a:-t _2	(32)
a: _1 . l i _1	(33)
m i _1 . l i _1 . k E-n _1	(34)
k a: _1 . l @: _1	(35)
r\ u _1 . s` @: _3 . d_< @: _1	(36)
m a:-m _1 . b_< u _1 . r\ a:U _1	(37)
b_< a: _1 . l aU _1	(38)
b_< @: _3 . r\ i _1 . t a: _1 . n i _1 . k u-t _2	(39)
a:-t _2 . t i _1 . k a: _1	(40)
u _1 . l u-k _2	(41)
k @: _3 . l a:I _1 . b_< e _1 . d_< a: _1	(42)
G u _1 . n O-t _2	(43)
b_< O-n _1 . n E-t _2	(44)
m a: _1 . t i _1 . s @: _1	(45)
a: _1 . v i-n _1 . h o-N _1	(46)
t a: _1 . k a:U _1 . z i _1	(47)
b_< a:-t _2 . t a:-m _1 . b_< a:-N _1	(48)
f u-n _1 . s` o _1 . l i-J _1	(49)
b_< @: _3 . h aU _1 . n a: _1 . G a: _1	(50)
e _1 . s a: _1 . k i _1	(51)
m o _1 . l e _1 . s` O-t _2	(52)
t OI _1 . n @: _1 . b_< i _1	(53)
t E-t _2 . z E-n _1	(54)
b_< i _1 . w i _1	(55)
r\ u-t _2 . t a: _1 . v i _1	(56)
b_< i _1 . a: _1 . ts\ E-n _1 . z a: _1	(57)
r\ o-t _2 . ts\ E-n _1 . k o _1	(58)
a: _1 . l eU _1 . t i _1 . a:-n _1	(59)
n e _1 . f u-t _2	(60)
m a:U _1 . r\ a:I _1	(61)
a:-k _2 . s` i _1 . b_< E-n _1 . k o _1	(62)
b_< a: _1 . G o _1	(63)
z a:I _1 . a: _1	(64)
b_< o _1 . l i _1 . v i _1 . a: _1	(65)
h o-n _1 . d_< u _1 . r\ a:-t _2	(66)
b_< O-m _1 . b_< @I _1 . u-t _2	(67)
b_< a: _1 . r\ a:-n _1	(68)
a: _1 . s` @: _1	(69)
t a: _1 . n a: _1 . k a: _1	(70)
b_< o _1 . l o _1 . v E-n _1	(71)
t u-n _1 . s i _1 . d_< a:-t _2	(72)
t a:-t _2 . s 1 _1 . m i _1	(73)
l E _1 . s @: _3 . b_< i _1 . a: _1	(74)
t E-k _2 . m E-t _2	(75)
b_< @: _3 . r\ a:I _1	(76)
k @: _3 . l i-n _1 . t @:-n _1	(77)
E-t _2 . w @:-t _2	(78)
a: _1 . G @: _3 . r\ i _1 . k o _1 . l a: _1	(79)
l E-n _1 . n ui: _1 . @: _1	(80)
b_< o _1 . t E-p _2	(81)
t a: _1 . n i _1 . z a: _1 . k i _1	(82)
k O-t _2	(83)
a: _1 . s` i _1 . r\ i _1 . a: _1	(84)
m a: _1 . t u _1	(85)
r\ a:-t _2 . s E-n _1 . h o _1 . f @: _1	(86)
ts` a:-n _1 . k E-t _2	(87)
m a: _1 . e _1 . s e _1 . n a:-t _2	(88)
ts\ e _1 . l iU _1 . s @: _3 . k i-n _1	(89)
k a:-k _2 . t a: _1 . z i _1 . n a: _1	(90)
l e _1 . b_< e _1 . s` i-n _1 . s` @: _3 . k a: _1 . z a: _1	(91)
t i _1 . t u-t _2	(92)
a: _1 . z i-t _2	(93)
n o _1 . v @: _1	(94)
f a-N _1 . G a: _1 . f O-n _1	(95)
s` o _1 . b_< a:-t _2	(96)
t u _1 . l o-N _1	(97)
t i-t _2 . ts\ i _1 . n o _1	(98)
b_< @: _3 . r\ aU _1 . @: _1	(99)
n a:-t _2 . s` a-k _2 . d_< o _1 . r\ i _1	(100)
