g a . b eu . l i . e l	(1)
b eo . k eu l	(2)
s a . l a . g o . s a	(3)
m ae g . k ae n	(4)
e . k eu . m a n	(5)
k eu l . l a . p eu . l o . t eu	(6)
l u . i . j i	(7)
m o . l eu . g eo n	(8)
m e n . d e l	(9)
b a . l e . n i . u . s eu	(10)
m a . i	(11)
l a . j i n	(12)
k eu . l ae . s yo	(13)
l i . p eu . k eu . n e . h i . t eu	(14)
i . s eu . m a . i l	(15)
l e . o . n i	(16)
h e . k eu . s ye . l eu	(17)
k a . l a . ch i	(18)
e l . m eo n	(19)
m a . g eo . l i s	(20)
s ya l . l eo s	(21)
j o . i . s eu	(22)
k i . l eu . h i . n eo	(23)
s i n . d i	(24)
d e . i . b i . s eu n	(25)
l u . b i n . s yu . t a . i n	(26)
l a . i . n e . k e	(27)
b e . l eu . n u . i	(28)
h a . i . p e . ch eu	(29)
l e . s ye . k eu	(30)
a n . t o . n o . p eu	(31)
wi l . l i . s eu	(32)
j a . k eu	(33)
b a . u m . g a . l eu . t e n	(34)
b eo . k eu	(35)
g i . s i ng	(36)
n e . d eu	(37)
k o . h ae n	(38)
g o l . d eu . m a ng	(39)
b e . l eu . t eu	(40)
