b ou 3 . l aai 1 . g aa-k 3	(1)
h a-k 1 . l a-m 4 . d eo-n 6	(2)
b aa 1 . g aa-k 3 . d aa-t 6	(3)
f u-k 1 . d a-k 6	(4)
s ou 1 . g aa-k 3 . l aa-n 4	(5)
l o-ng 5 . n aa 4 . d ou 6	(6)
ng o 4 . h oi 6 . ng o 4	(7)
m ai 5 . c i-t 3 . j i 5	(8)
b aai 3	(9)
w ai 1 . j i 5 . s i 6	(10)
d o 1 . t aai 3	(11)
d aai 3 . o-n 1 . n aa 4	(12)
m aa 5 . d i-ng 1	(13)
s aa-t 3 . h aa 1 . l aai 1	(14)
oi 3 . k a-m 4	(15)
oi 3 . z i 1	(16)
ou 3 . d ei 6 . l ei 6	(17)
k aa 1 . aa 3	(18)
f o-k 3 . h a-k 1	(19)
m aa 5 . j i 5 . t aa 1	(20)
