b eu . l u . n eo	(1)
j u . s eu . t i	(2)
b a . b eo . l a	(3)
h o . n o . l i . u . s eu	(4)
a . u . l o . l a	(5)
m a l . l eo	(6)
j ae g . s eu	(7)
s o . a . l e . s eu	(8)
d eo n . l o b	(9)
b eu . l e . n eo	(10)
k eu . l o . n e	(11)
d a l . l i n	(12)
p i . j o	(13)
p eu . l ae s	(14)
s yu . t e . p a n	(15)
a . s a . d eu	(16)
k oe l . l eu n	(17)
ch a . t eo . j i	(18)
b eu . l a . s a ng . s eu	(19)
yo . k eu	(20)
