a k 1 . l aa-p 6 . d a-k 6 . l ei 5 . aa 3	(1)
m aa 5 . h a-k 1	(2)
g ei 1 . d u-k 1	(3)
n aa-p 6 . s eoi 3	(4)
g aa-k 3 . l a-m 4 . w ai 1 . z i 6	(5)
l oi 4 . l ei 6	(6)
g aa-k 3 . l aai 1 . s i 1	(7)
j oe-k 3 . h o-n 6	(8)
ou 3 . d aai 6 . l ei 6 . aa 3	(9)
m aa-n 6 . d a-k 1 . l aai 1	(10)
h oi 1 . l o 4	(11)
b u-n 2 . d a-k 6 . s a-m 1	(12)
m a-k 6 . s o-k 3 . l ei 5 . n ei 4	(13)
z o 2 . d aa-n 1 . n ou 4	(14)
j e 4 . l ou 6 . s aa-t 3 . l aa-ng 5	(15)
ng aa 5 . d a-k 6	(16)
g aa-k 3 . l i-ng 4 . l aa-n 4	(17)
m u-k 6 . h o-n 2 . m a-k 6 . d a-k 1	(18)
t aa-p 3 . g a-t 1 . h a-k 1 . s i 1 . t aa-n 2	(19)
t aai 3 . gw o 1 . j i 5	(20)
j-i-ng 1 . d a-k 6 . j i 5	(21)
h ei 1 . j i 5 . d eo-n 6	(22)
d aa-n 1 . f a-t 6	(23)
b aa 1 . b aa 1 . l aai 1	(24)
ou 3	(25)
h oi 2 . d a-k 1 . b ou 2	(26)
b ei 3 . l ou 5	(27)
m aa 4 . s aa-t 3 . z yu 1 . c oi 3	(28)
g o 1 . b u-n 2 . h aa 1 . g a-n 1	(29)
c oi 3 . l oi 4 . s i 1	(30)
m ai 5 . c i-t 3 . j i 5	(31)
k aa 1 . n oi 6 . g ei 1	(32)
n au 2 . k aa 1 . s ou 3	(33)
h a-k 1 . l ei 5 . s i 1 . t o-k 3 . f a-t 1	(34)
h a-ng 1 . d a-k 6	(35)
t ou 2 . j i 5 . k ei 4	(36)
l o 4 . b a-n 1	(37)
b o 1 . j a-n 1	(38)
aa 3 . l i-ng 4 . d eo-n 6	(39)
aa 3 . d o-ng 1 . s i 1	(40)
t aa-n 2 . s o-ng 1 . n ei 4 . aa 3	(41)
z yu 1 . g u 2 . l i-k 6	(42)
ng ai 4 . d ei 6 . m aa 5 . l aai 1	(43)
h ei 1 . d i-n 1 . h a-k 1	(44)
b e 1 . l ei 4	(45)
b aa 1 . b ei 2	(46)
w u 1 . z i 1 . b i-t 6 . h a-k 1 . s i 1 . t aa-n 2	(47)
h ei 1 . l aai 1 . l ei 6	(48)
l o 4 . m aa-n 6 . d ai 3 . h a-k 1	(49)
g u 2 . b aa 1	(50)
w ai 1 . l i-m 4	(51)
m aa 1 . f e 1	(52)
d o 1 . m ai 5 . n ei 4 . h a-k 1	(53)
aai 6 . m aa 5	(54)
m o-k 6 . s i 1 . f o 1	(55)
b o 1 . l o 4	(56)
t i-n 4 . n aa-p 6 . s ai 1	(57)
d a-k 1 . j i 5 . b aa-n 1	(58)
b ou 2 . l o 4	(59)
ou 3 . s i 1 . l u-k 6	(60)
h oi 2 . l eo-n 4	(61)
b ei 2 . l aa-k 6 . t o 4 . n ei 4 . aa 3	(62)
t a-n 1 . n aa 4	(63)
h o 2 . l o-k 6	(64)
w ai 4 . n aa-p 6 . s i 1	(65)
b aa-k 3 . l ei 6 . h a-ng 4	(66)
aa 3 . j i 5 . k a-p 6 . j i 5	(67)
n ei 4 . j a-t 6 . j i 5	(68)
j-i 2 . l i-n 4 . n aa 4	(69)
n aa 4 . d ou 6	(70)
l ou 4 . l i-k 6 . s i 6	(71)
d i-k 6 . g a-m 1 . s i 1	(72)
m a-k 6 . j i 5 . b u-n 2	(73)
h a-k 1 . l ou 2 . z i 1	(74)
aa 3 . l ei 6 . s o-ng 1 . n aa 5	(75)
b aa-n 1 . l aa-p 6 . d a-k 1	(76)
s ai 1 . l aa-n 4	(77)
m ai 5 . h oi 1 . l aa-n 4 . g ei 1 . l o 4	(78)
b aa 1 . l a-m 4	(79)
g o 1 . d a-k 1	(80)
