b_< a: _1 . l a: _1 . d_< i _1 . o _1	(1)
i _1 . v a:-n _1	(2)
b_< a: _1 . G @: _3 . r\ a: _1 . t i _1 . o-n _1	(3)
a: _1 . k a:-t _2	(4)
G o _1 . t i-c _2	(5)
n a: _1 . t i _1 . @: _1	(6)
f @: _3 . r\ e _1 . o _1 . b_< @: _3 . r\ a: _1 . z E-n _1 . s @: _3 . k a:I _1 . a: _1	(7)
k o _1 . s a: _1 . l a: _1	(8)
m a:-k _2 . s E-n _1	(9)
t a: _1 . k i _1 . z a: _1 . w a: _1	(10)
b_< E-k _2 . ts` a-N _1	(11)
m a:-k _2 . t o-p _2	(12)
k a: _1 . s` a: _1 . b_< @: _3 . l a:-n _1 . k a: _1	(13)
k a:-k _2 . m E-n _1	(14)
t E-m _1 . b_< o _3	(15)
n a:-n _1 . z i-N _1	(16)
b_< i@ _1 . m @: _1	(17)
k @: _3 . n o _1 . s o-t _2	(18)
b_< u _1 . s` a:-n _1	(19)
a:-n _1 . v e _1	(20)
