p eu . l u n . j e	(1)
j i . j e l . l a	(2)
ae ng . g eu l	(3)
n i . k o	(4)
o . eo	(5)
k a	(6)
p eu . l e . b i n	(7)
k o . ch i n	(8)
s eu . t o g . h o l . l eu m	(9)
i . o . n e . s eu . k o	(10)
d i . u . p eu	(11)
a . b a	(12)
s ya . g a l	(13)
g o . m o ng	(14)
n o . s a . k eu	(15)
k a . s eu . t i l . l o	(16)
b eo . t eo . p i l . d eu	(17)
s yu . t a . l eu . k eu	(18)
k a . t eu . l i n	(19)
p i . k a . b i . a	(20)
m a . i . eo	(21)
b e . b eo n	(22)
g o . s i	(23)
b a . t eu l . l i s	(24)
o . n a . s i . s eu	(25)
k o . ch e . b u	(26)
a . n a	(27)
k a ng . d e l . l a	(28)
b eu . l e . t eu n	(29)
k eu . l a . i . s eu . t eu . ch eo . ch i	(30)
n a . s e . l eu	(31)
l a . i . m eo n	(32)
m a . l i	(33)
h ae n . d eu l . l eo	(34)
d e l . m a	(35)
b eu l . l u . m i ng . t eo n	(36)
h wi . s eu l . l eo	(37)
l e . b u . e l . t a	(38)
b e . l eu l . l e n	(39)
p a l . m a	(40)
