k o . m o	(1)
ch o m . s eu . k i	(2)
b eu l . l eo . p eu	(3)
m o . l i . s yeo . s eu	(4)
l i m	(5)
g i . d eu n . s eu	(6)
b u . t a n	(7)
g e l . j e n . k i . l eu . h e n	(8)
p eu l . l a . i . t e . l eo	(9)
s i . g e . t i	(10)
a . j a m	(11)
l o ng	(12)
k a l . t eu n	(13)
p o . t yo m . k i n	(14)
p e . t eu . l i	(15)
m a . s a	(16)
b u n . j e n	(17)
o l . d eu . l i n	(18)
l a . m i	(19)
n i . k o l . l a	(20)
p eo . d yu	(21)
g a . i . d yu . s e g	(22)
p a l . l i	(23)
k e . k o . n e n	(24)
s i . d a	(25)
i . b a . l eu . b u . l u	(26)
k a . s a n . d eu . l a	(27)
l a ng . k o . b i . ch i	(28)
s yo . p e n . h a . wo	(29)
l i l	(30)
d a l . m a n	(31)
s e . l eu . h i	(32)
j o . j i . t a . u n	(33)
l ae n . s i ng	(34)
d e l . g a . d o	(35)
we . d eu l	(36)
j o . b a n . n i	(37)
b eu . l o g	(38)
b a . k a n	(39)
ch i	(40)
