s yo . m o ng	(1)
o . p e n . b a . h eu	(2)
m a n	(3)
h e . p eu . n eo	(4)
l o . b eo . ch eu	(5)
p eu l . l ae . n eo . g eo n	(6)
b eu . l u . t u . s eu	(7)
j ae n	(8)
l e . o n . k a . b a l . l o	(9)
h a l . t eo	(10)
p a . t i . n i . l eu	(11)
a . d eu n	(12)
j o . h ae n . s eu n	(13)
k a . l u . s o	(14)
e . d u . a . l eu	(15)
o l . g a	(16)
m a . l eu l . l e . n e	(17)
m a . t i n	(18)
k o l . l o m . b i . a	(19)
g i b	(20)
p i . t eu	(21)
eu n . k eu . l u . m a	(22)
g a . s eu . p a . l i	(23)
g i . b eo n	(24)
l i n . j i	(25)
d a l . l i n	(26)
d i . j e l	(27)
l i . m o . j u	(28)
b eo . n i	(29)
p a . g a . n i . n i	(30)
h eo n . ch eu . b i l	(31)
p eu . l a ng . k eu	(32)
we b . s eu . t eo	(33)
s ae . k eu . l a . m e n . t o	(34)
a . m e l . l i . e	(35)
u l . l i . k eu	(36)
k o . p eu	(37)
a n . j e l . l o	(38)
k ae . b eo l	(39)
b eu . l ae . d eu l . l i	(40)
b e l . ch eo	(41)
k a . l eu . d i . n a l . l e	(42)
l i . h i . t e n . s yu . t a . i n	(43)
b i l . l i . a m	(44)
d a . l eu m . s yu . t a . t eu	(45)
e . i . d eo	(46)
b o . ch eu . wa . n a	(47)
a . p eu . l i . k a	(48)
b i . g a . n o	(49)
b eu . l a . j i l . l i . a	(50)
b e . l eu . n u . i	(51)
k ae n . b eo . l a	(52)
wo . j eu . wo . s eu	(53)
j i . o . n o	(54)
yo . h a . n e . s eu	(55)
t o . l eo n . s eu	(56)
j i m . m eo . m a n	(57)
i . b a . n o . p eu	(58)
s i n . p eu . s eu n	(59)
b eu . l wi n	(60)
a . m a . t o	(61)
ae l . p eu . l e . d eu	(62)
n e l . l i	(63)
j a m . b o . n i	(64)
s eu . wa m . m e . l eu . d a m	(65)
t eu . l i . n a	(66)
a . t a . wa l . p a	(67)
e . k eu . h a . l eu . t eu	(68)
d o . h eo . t i	(69)
j u . o	(70)
t u . l a	(71)
m o . l e l . l i	(72)
h e l . g e	(73)
m a . l eu . t eu . n o	(74)
b e . l o . n a	(75)
m ae . s yu . s eu	(76)
m a l . l o n	(77)
l a . d eu . n eo	(78)
s yu l . ch eu	(79)
p o . u . i . s eu	(80)
h e l . l e . n e	(81)
l a . p o ng . t e n	(82)
b a l . l e . t a	(83)
a . l eu . b o . s eu	(84)
l o b . s eu n	(85)
p a . b e . s e	(86)
m u . g a . b e	(87)
p e . l eu . g o l . l e . s i	(88)
p o n . b i . j i n	(89)
k wi n . j eu	(90)
s ye l . l e	(91)
l u . g o	(92)
d yu . l ae n . t eu	(93)
l i . d eu	(94)
we . i l	(95)
p o l . l i	(96)
k o . n eo s	(97)
b a . i . k i ng	(98)
h a . i . d eo	(99)
k e . i . m eo n	(100)
