u . d eu	(1)
k eu l . l a . i . d eu	(2)
m i . s yo	(3)
s e l . l i m	(4)
b a . l o . s u	(5)
o . p i . ch eu	(6)
n o . l eu . we . i	(7)
o . g eu . d eo n	(8)
l i . s a	(9)
t u . b a l . l u	(10)
l a ng . g eo	(11)
k o l . m ae n	(12)
k a . b e . n ya . k eu	(13)
p ae ng . k eu . h eo . s eu . t eu	(14)
m o . l a	(15)
a . b eu . l u . ch i	(16)
d i . a n	(17)
s a n . t a . n a	(18)
l o m . b a . h eu	(19)
l i l . l i	(20)
