aa 3 . h a-ng 2 . s i-k 1	(1)
p ou 2 . j i 5	(2)
b ou 2 . g aa 1 . d i-k 6	(3)
w ai 4 . n aa-p 6 . s i 1	(4)
d ou 6 . g aa-k 3 . l aai 1 . s i 1	(5)
f u-k 1 . j i 5 . m aa 5 . l a-m 4	(6)
k aa 1 . j i 5	(7)
b o 1 . s i 6	(8)
n ei 4 . j i 5	(9)
t aa-p 3 . g a-t 1 . h a-k 1 . s i 1 . t aa-n 2	(10)
z oe-k 3 . s i 6	(11)
h aa 1 . ng aa 5 . n aa 5	(12)
j i 1 . d i-n 1	(13)
m aa 5 . h a-k 1	(14)
g i-t 6 . h a-k 1	(15)
h aa 1 . d a-k 6	(16)
aa 3 . g a-n 1 . t i-ng 4	(17)
h a-ng 1 . l ei 6	(18)
h oi 2 . m i-ng 4 . w ai 1	(19)
aa 3 . m o 1 . n ei 4 . aa 3	(20)
