g wi . yo	(1)
b e . l eu . d oe ng	(2)
j i l . b e . l eu . t o	(3)
ch a . o	(4)
d i g	(5)
m a . l i . a n	(6)
d eu . l i . s yu	(7)
d a . i . s eu . m a n	(8)
l a . b e	(9)
b e n . t eo n	(10)
k o l . l i . eo	(11)
m o . l i . s eu n	(12)
t o l . l eo	(13)
l a . b i	(14)
h wi . t i . eo	(15)
d wi . b a l . l i . e	(16)
k i . l o . p eu	(17)
b a . s i l . l e . p eu . s eu . k a . ya	(18)
b eo . d i	(19)
k a l . p e l . t eu	(20)
b eo . l o . u . j eu	(21)
s ya . n e l	(22)
l e n	(23)
k i . t eu n	(24)
b i . k o	(25)
g o m . b eu . l i . ch i	(26)
n a . i . j i . l i . a	(27)
g o . m o ng	(28)
j ae . g eo	(29)
t u . l i n	(30)
m e . s e . l e . l eu	(31)
g wa . d a l . k a . n a l	(32)
l u . t o . s eu l . l a . p eu . s eu . k i	(33)
l e . o . n o . l eu	(34)
k e . i n	(35)
l e . i . d a m	(36)
b u . h a . l i n	(37)
i . g eu . n a . s i . o	(38)
k eu l . l i . b eu l . l ae n . d eu	(39)
a m . s eu . t eu . l o ng	(40)
h e . i . g eu	(41)
m e ng . g eo	(42)
d i l	(43)
s eu . p a . k eu	(44)
m a . t i n . d e . i l	(45)
p eo l . t a . d o	(46)
wi . d eo . s eu . p u n	(47)
p i . g a l	(48)
l i . b i	(49)
a l . t eu	(50)
k a l . l a	(51)
p u ng . k e	(52)
n e . i . d i n	(53)
k ae . b eo l	(54)
s eu . t i l	(55)
m a . l i	(56)
j i l . l a . s eu	(57)
a . i . s eu l . l eo	(58)
l o . k e s	(59)
k eu . l i . s eu . p i	(60)
g i l . m o . eo	(61)
k i . eo . s eu l . l i	(62)
m a ng . s a . l eu	(63)
b i l . l i . a m	(64)
l a . i . p eu . ch i . h i	(65)
b o n	(66)
j a . d o . l eu . n o . p eu	(67)
e . d eu . wi n	(68)
yu . d a	(69)
d eu . b i l	(70)
ae n . d eo . s eu n	(71)
m a n . ch o . n i	(72)
m a l . l i n	(73)
l u . s eu	(74)
b e . l eu l . l i n	(75)
h o . h eu	(76)
g ae l . l eo b	(77)
k o . h a . n o . p eu . s eu . k i	(78)
k u . l eu . n o	(79)
l i . d i . a	(80)
k o l . m a . l eu	(81)
a . i . eo . k o . k a	(82)
s yu . b e . l eu . t eu	(83)
j u l . l i . o	(84)
s yu m . p e . t eo	(85)
t a . i	(86)
b a . l eu . s eu . t o . u	(87)
g o l . d eu . s eu . m i . s eu	(88)
g o . m e . j eu	(89)
m a . g eo . l i . t eu	(90)
d e l . l a . we . eo	(91)
d a l	(92)
e . s e n	(93)
h e . l i g	(94)
h o b . s eu	(95)
d a . i . s i	(96)
s ya . l eu . d o n	(97)
ch a l . t eo n	(98)
h yu m	(99)
ae l . l eo n	(100)
g a . l eu . n i . e	(101)
h e . b e l	(102)
k eu l . l a . u . s eu	(103)
e l . m eo	(104)
a n . d eu . l o . p o . p eu	(105)
s eu . t i . g eu l . l i . ch eu	(106)
p i . eo	(107)
ch e . s a . l e	(108)
g eu . l ae n . t eu	(109)
k eu . l i m	(110)
t e . i . t eo m	(111)
s ae . k eo . l i	(112)
p a . k i . s eu . t a n	(113)
n o . l i . s i	(114)
m e . l i l	(115)
k o . k eo	(116)
l e . b a n . t eu	(117)
b eu l . l ae g . s eu . t o n	(118)
l o . we	(119)
j u . g e n	(120)
b eu . l o . k eu . m a n	(121)
a n . d eu . l e . i	(122)
l o . l i	(123)
k eu . l a . k o . p eu	(124)
b e . s o . s eu	(125)
g o l . d o . n i	(126)
h i l . l i	(127)
k a b . t e . i n	(128)
kk a . e . tt a . n u	(129)
k a . n i	(130)
e . b a	(131)
we . i . i	(132)
m u . l a . t eu	(133)
g ae n . j i . s eu	(134)
m i . n yo ng	(135)
d o ng . b a ng	(136)
t eu . l u . h i . yo	(137)
l a ng . s o ng	(138)
p o n . t a . n a	(139)
k o l . l i n	(140)
s a . t eo n	(141)
n e . s eu	(142)
l o . l e n . ch eu	(143)
yu . d a	(144)
m e . l i l . l ae n . d eu	(145)
g a . p i l . d eu	(146)
s a . n e . t i	(147)
p i . k a . b i . a	(148)
d i ng . g eu l . l eo	(149)
e . l a . m a n . n o	(150)
m e . n o n	(151)
s a . ya ng	(152)
a . p e . l eu	(153)
s eu . t i . b eu n . s eu	(154)
k i m . b eo l . l i	(155)
h a . i . d e . l a . b a . d eu	(156)
j u l . l eo	(157)
k ae . d eo . l i n	(158)
m o . l i n	(159)
b i l . l i	(160)
l a . i . n eo . s eu	(161)
s e . l a . o	(162)
p o . t eo	(163)
d eu . l a . g o	(164)
m a . i n . d e . l eu . t eu	(165)
g u . s eu . t a . p eu	(166)
j i	(167)
p o n . d e l	(168)
e . m eo . s eu n	(169)
m eo n . l o	(170)
l e n . n a . l eu . t eu	(171)
k o . s i	(172)
d a . i . a n	(173)
k e . i	(174)
we . s eu . t eo . m a . k eu	(175)
a l . b e . l eu . t o	(176)
m ae g . d o . n eo l . d eu	(177)
g eu . l i . p i n	(178)
h yu . l e s	(179)
n a . u . l u	(180)
p ae . n i ng	(181)
d e . m u l . l ae ng	(182)
h e b . b eo n	(183)
m o . i	(184)
b ae m . b eo . g eo	(185)
l o l . l a ng	(186)
j e . n i . p eo	(187)
ch e . l eu . n o . p eu	(188)
l i . t eu l . t eo n	(189)
s eu . b e n	(190)
l o . ch i	(191)
m a . l eu . t i n	(192)
k eu . l i . s eu . t i	(193)
d i . p e n . b e . i . k eo	(194)
k ae . p eu l . l a n	(195)
l a . m i . l e . j eu	(196)
d e . s a . i	(197)
u . d eu . wo . s eu	(198)
k a . ye n	(199)
l a . i . eo n	(200)
h eo . s eu . t eu	(201)
m a . j eo . l i	(202)
a . d eu . l i . a . n a	(203)
s u . j a n	(204)
b a . n a	(205)
m u . s a	(206)
l o . b eo g	(207)
k ae . s eu	(208)
b i . t e n . b e . l eu . k eu	(209)
p eu . l e . n e l	(210)
e . l i . o	(211)
k eu . l a . n a . h eu	(212)
b eu l . l u m . p o n . t e . i n	(213)
h e . l eu . b a . l eu . t eu	(214)
k a . t a l . l o . n i . a	(215)
s eu . m i . l eu . n o . p eu	(216)
g eu . l e . s yeo m	(217)
s eo . m eo . s i s	(218)
j o . p eu . l eu	(219)
a l . b a . n o	(220)
s ye l . l e	(221)
b o . n a . l eu	(222)
o . s eu l . l o	(223)
i n . s e l	(224)
t i l . m eo n	(225)
t eu . l i . s eu . t eu . l eo m	(226)
b eu . l i . j i s	(227)
m o l . l i	(228)
t i m . b u	(229)
b i . h a . l eu	(230)
p a . t eu . l i . k eu	(231)
b o . n i . ch i	(232)
a . s eu l . l a n	(233)
p a . s eu . k o l . l i	(234)
b o . ae . s eu	(235)
t eu . wa . l eu . d o . p eu . s eu . k i	(236)
b eu l . l i g . s e n	(237)
wo . t eo . p eo . d eu	(238)
b o ng . g o	(239)
l i l . l i . e n . s o l	(240)
i . d eo n	(241)
e . p eu . l a . i m	(242)
p o n . t o . l eu . m o	(243)
p eu l . l ae n . d eo . s eu	(244)
l u . ch eu	(245)
b eu . l u . s eu	(246)
p e . l i . e	(247)
h e l . g e	(248)
p e . s ya . wa . l eu	(249)
d a ng	(250)
b u . j u m . b u . l a	(251)
s ae l . l i n . j eo	(252)
b a . u l	(253)
b i l . l a n . t eu	(254)
d a . g e . l eu . m a n	(255)
g i . yo . m ae ng	(256)
a ng . l i . o	(257)
h u m . p eo . d i ng . k eu	(258)
k a . k o . h eu	(259)
h e . b e l	(260)
g wa . l eu . d i	(261)
j i . o . k eu	(262)
s o . n ya	(263)
j o . l eu . d a . n o	(264)
d a n	(265)
t wi . n i . s eu	(266)
k a n	(267)
m ae g . g wa . i . eo	(268)
p i . o	(269)
h a m . j a	(270)
m a . s i . e l	(271)
l i . o n	(272)
ae n . t a l	(273)
k eu . l e . i . b eu n	(274)
o . s eu . k a . l eu	(275)
g o . s e . k eu	(276)
b eu . l wi . n a	(277)
d o . n e	(278)
h a l . l e	(279)
h a . u . d eu	(280)
yo . h a . n e . s eu . b eo . g eu	(281)
h ae ng . k eu . s eu	(282)
d i l . l a . n o	(283)
s i m	(284)
n e . i . p i . eo	(285)
o l . g a	(286)
l o l . l i ng . s eu	(287)
m e l . b i l	(288)
s eo . t eu	(289)
n i . k o l . l a . u . s eu	(290)
m a . l e	(291)
k eu l . l a . u . j i . u . s eu	(292)
we n . d eu	(293)
k o . s i	(294)
h u ng . h a . i	(295)
p eu . l i . d a	(296)
g e . l eu . h a . l eu . t eu	(297)
p i l . d eu	(298)
e . m eo . l i . h i	(299)
p eu l . l a . g eu . s eu . t a	(300)
s eu . t a l . l i ng	(301)
p i l . l i . p eu	(302)
a l . l ae . s eu . k a	(303)
h a . b a . l o . p eu . s eu . k eu	(304)
m i . s eu . t eu . l a l	(305)
b ae n . k u . b eo	(306)
ch e . n i	(307)
e . i . eo	(308)
u l . l i	(309)
yu l . l i . u . s eu	(310)
s eu . t o l . ch eu	(311)
a . b eu . l a m	(312)
m eo . d o g	(313)
a n . d eu . l e . i	(314)
s eu l . l i m	(315)
p i . o . t eu . l o . p eu . s eu . k i	(316)
e . b eo n . s eu	(317)
b e . l i ng	(318)
s eu . t ae . p eo . d eu . s yeo	(319)
d i . eo . s eu	(320)
a l . eo m	(321)
m o . l a . b i . a	(322)
k o n . ch a	(323)
u . j eu	(324)
g eu . l a . s eu	(325)
m i . d o . u . s eu	(326)
l o . d eu . n i	(327)
b a . ye . h o	(328)
k eu . l i . s yu . n a	(329)
g a . u . s eu	(330)
m e . l eu . k a . t o . l eu	(331)
d o . d o . m a	(332)
h a . n i . we l	(333)
ch e . p e l . l i n	(334)
we n . t eu . wo . s eu	(335)
l o . l e n	(336)
k e n . j i ng . t eo n	(337)
d a n . t e	(338)
k a . d i . p eu	(339)
s eu . p e n . s eo	(340)
k o l . l a . u . s yu	(341)
o l . s eu n	(342)
k e . i . ch eu	(343)
t a . i . t eu	(344)
d e . b eu	(345)
s u . p eu l . l o	(346)
m e . n yu . i n	(347)
h a . ch a . t u . l i . a n	(348)
b i . b eo . l i	(349)
m e . i . s eu	(350)
h o . p eu . m a n	(351)
g a . i . g eo	(352)
h e . i . g eu	(353)
ya . k o . b wi . s eu	(354)
b u . s eu . n e . s eu . k eu	(355)
s e . l eu . b a n . t e . s eu	(356)
l e . d eu	(357)
g eu . l a m	(358)
a l . m a	(359)
p eu . l u . s eu . t eu	(360)
p i . eo . l i	(361)
m o ng . j u	(362)
ch a n . d eu . l a	(363)
e . l a . s eu . m u . s eu	(364)
e . i . h e n . b a . u m	(365)
s yu . t a . l eu . k eu	(366)
b o . eo	(367)
s ya . p eu . s a l	(368)
m a . l eu . t a	(369)
yo . p e	(370)
a l . l eu m . k eu . b i . s eu . t eu	(371)
l i n . ch i	(372)
g i . b e . l eu . t i	(373)
b u . d eu	(374)
k a . l a . b a . j o	(375)
g o l . t eu . s yu . m i . t eu	(376)
g e . l i	(377)
s i . b e l . l i . u . s eu	(378)
u . l eu . b a n	(379)
k u l . l i . k o . p eu	(380)
l i . s eu . b o n	(381)
b o . l eu . j a	(382)
e . i l . l i n	(383)
s o l	(384)
b e . eo	(385)
ya l . l a	(386)
l u . b i n	(387)
k ae . s eo . l i n	(388)
k a ng . d o l	(389)
l i . b i . u . s eu	(390)
l o . wi	(391)
p o . t eu l . l ae n . d eu	(392)
a . p a . n a . s i . ye . p eu	(393)
k o n . d o	(394)
k e . n i	(395)
h e . i . d e n	(396)
s i . d eu	(397)
l e n . k wi . s eu . t eu	(398)
p i . e l	(399)
h o . t eu n	(400)
