oi 3 . l aa p 6 . s eo n 3	(1)
s ai 3 . g aa 1	(2)
f o k 3 . j i 5 . g a m 1 . n aa 4	(3)
h o ng 1 . n aai 5 . h i ng 1	(4)
s ou 1 . g aa k 3 . l aa n 4	(5)
b aa 1 . h aa 1	(6)
aa 3 . b aa k 3 . l aai 1 . h o n 5	(7)
b ei 2 . d a k 6	(8)
m aa 5 . h a k 1	(9)
h a k 1 . c oi 3	(10)
b aa 1 . b ui 3 . l ei 6	(11)
m u k 6 . h o n 2 . m a k 6 . d a k 1	(12)
n ei 4 . l u ng 4	(13)
s aa n 1 . aai 1	(14)
aa 3 . h a ng 2 . s i k 1	(15)
w aa 4 . j i 5 . z i 1	(16)
m ai 4 . n ei 5	(17)
t i n 4 . n aa p 6 . s ai 1	(18)
l aai 1 . d i ng 1	(19)
f o 1 . s o k 3 . j u k 1	(20)
g o 1 . l eo n 4 . b ei 2 . aa 3	(21)
b aa 1 . b ei 2	(22)
s aa t 3 . h aa 1 . l aai 1	(23)
f o k 3 . h a k 1	(24)
ou 3 . d aai 6 . l ei 6 . aa 3	(25)
s aa 1	(26)
n ei 4 . c oi 3 . aa 3	(27)
b ei 2 . s i 1 . m a k 6	(28)
c oi 3 . j i 5 . w ai 4 . aa 3	(29)
n au 2	(30)
b aa 3 . l i ng 4	(31)
m o k 6 . s i 1 . f o 1	(32)
l o 4 . m aa 5	(33)
ou 3 . l a m 4 . p a t 1 . h a k 1	(34)
d a k 1 . l ou 5 . h a k 1	(35)
g aa k 3 . l a m 4 . s i 1 . p u n 1	(36)
m o 1 . m u n 4	(37)
j a t 6 . j i 5 . m aa n 6	(38)
b aai 3 . j a n 1	(39)
f a t 1 . l ei 6 . ng o ng 4	(40)
