k i . l o . p eu	(1)
n a . i . t eu l . l i	(2)
e l . s eu	(3)
e l . l i . a . d e	(4)
g ae . l i . s eu n	(5)
a . i . o . wa	(6)
b u . l eu . j u . a	(7)
l a . u . s eu	(8)
p a . s eu . k o l . l i	(9)
p i . s yeo	(10)
a n . d eu . l e	(11)
l o . l i n	(12)
m a g . s eu	(13)
g e . p a . t eu	(14)
g eu . l o . s eu	(15)
k ae . d eo	(16)
k eu . l i . s eu . t o . p eo	(17)
m a n . d a l . l e . i	(18)
j e . i m . s eu n	(19)
b eu . l a . d e . s eu	(20)
l a . g o . s eu	(21)
p i . k eu	(22)
h a l . s eu	(23)
k i . l eu . h i . n eo	(24)
o . s eo n	(25)
e . p e l	(26)
b e . ch eo . m eo n	(27)
s yu . t e . p e n . s eu	(28)
h o b . s eu n	(29)
g o . a	(30)
p e . l eo	(31)
b ae . j eo s	(32)
g a . b eu . l i . e l . l a	(33)
k eo . m i n . s eu	(34)
h e b . wo . s eu	(35)
we . s eu l . l i	(36)
j i	(37)
l u n . d eu . b e . l i	(38)
m e . l i l . l i n	(39)
b eu . l e . t eu	(40)
g a . p i l . d eu	(41)
b eo . ch eu	(42)
b i m	(43)
b i . k i l . l a	(44)
s ye l . l i ng	(45)
s i . t eo n	(46)
s ye l . t eo n	(47)
d eo n . l o b	(48)
l o . j eu	(49)
s i . n i . eo	(50)
m ae ng . g eo	(51)
g e . l a	(52)
p eu l . l ae m . s eu . t i . d eu	(53)
d wi . e m	(54)
k e . s eu . wi g	(55)
a . l eu . t u ng	(56)
m a . h e . l eu	(57)
b eu . l i . j i . t a . u n	(58)
p e . i n	(59)
b a . n u . a . t u	(60)
b i . d eo	(61)
a l . l ae . s eu . k a	(62)
k o l . l i . j i	(63)
p eu . l e . i . s i . n e s	(64)
o . a g . s a . k a	(65)
b e n	(66)
l a . t eu . b i . a	(67)
k o . h a . n o . p eu . s eu . k i	(68)
b o . l eu . h e . l eu . t eu	(69)
s eu . t a m	(70)
m a . d e . i . l a	(71)
n u . n i . s eu	(72)
l e . n o n	(73)
m e . d i . ch i	(74)
n i l . s eu	(75)
b i n . t eu . h u . k eu	(76)
m a . t eo . h o . l eu n	(77)
k a . l i n	(78)
l e . m o ng	(79)
k ae . n a . d i . a n	(80)
m yu . eo . h e . d eu	(81)
m o m	(82)
ch e . i n	(83)
m e . s i . e	(84)
l o . k a	(85)
s eu . t eu . l ae ng	(86)
k a . s a n . d eu . l a	(87)
d eo l . l e . s eu	(88)
p o . ch eo n	(89)
wi l . l i . eo m	(90)
b a . l i . o . s eu	(91)
m a . b e l	(92)
d o . h eo . t i	(93)
s e . l eu . j o	(94)
s a . m u . e l . s o n	(95)
s a . d a . t eu	(96)
p e . t eo . s eu	(97)
s yu . b a . p eu	(98)
e . k eo . m a n	(99)
k a l . l i . n i n . g eu . l a . d eu	(100)
wi l . t eu . s yeo	(101)
k eu . l a . u . s eu	(102)
b e ng . g a . j i	(103)
k e . i n	(104)
m ae n . s i . n i	(105)
p u l	(106)
b eu . l o . d eu . s eu . k i	(107)
s i . t eu . we l	(108)
p e n . l o . s eu	(109)
m e . s o . p o . t a . m i . a	(110)
b eo n . s eu	(111)
p e . t eu . l o . g eu . l a . d eu	(112)
s e . s a . l eu	(113)
l i l . l i	(114)
u l . l eo . s eu . t eo n	(115)
h eo . m eo n	(116)
s i . m o n . j eu	(117)
t o m . s e n	(118)
k ae . s eu	(119)
l i n	(120)
d eu . l e . i . k eu	(121)
p i l . l i . p eu	(122)
j a . g eu . l e . b eu	(123)
j o . j i . p eu . s eu n	(124)
u l . l a n . b a . t o . l eu	(125)
p o . d eu	(126)
o . s eu . g u s	(127)
s a l	(128)
l a . d i . s eu l . l a . p eu	(129)
l a . i l	(130)
b i l . l a l	(131)
p o . s e	(132)
d a l . m a n	(133)
k ae . s eo . l i n	(134)
m u . eo	(135)
h yu . i . s i	(136)
g eu l . l i . k eu . m eo n	(137)
g a ng . s eu	(138)
s eu . we . d e n	(139)
s e . n a	(140)
i . l a . k eu	(141)
d o . l o . s i	(142)
m u . s eu . k o . g i	(143)
a . i . h e n . d o . l eu . p eu	(144)
l o . b i n	(145)
a l . d o	(146)
s yu . m i . t eu	(147)
k eu . l e . i . b eu n	(148)
t eo . s o	(149)
s eu . m i . l eu . n o . p eu	(150)
p e . k a . n e n	(151)
b i l . l i b . b o	(152)
n i . g eu . l o	(153)
a n . d eu . l e . a	(154)
l i . ch eo	(155)
o . t eu . l e . d eu	(156)
k u . p eu . m eo n . s eu	(157)
d e . i . b i . s eu	(158)
s a . u l	(159)
k a . u . p eu . m a n	(160)
g eu . l o . m e . l eu	(161)
l e . o . n a . l eu . d o	(162)
s eu . k o l . s e . i . j i	(163)
n o l . s eu	(164)
s u . a . l e . j eu	(165)
b a . k eu l . l i	(166)
d e . m e . t e . l eu	(167)
a . l eu . t u . l o	(168)
s yu . t o . k eu . h a . u . j e n	(169)
b a l . l e n . t i . n o	(170)
b a . s eu . t eu	(171)
m i l . t eo n	(172)
e . g o n	(173)
b o . l i . s eu	(174)
b eu . l a . u n	(175)
m i l . l i	(176)
b e . i . t eu . s eu n	(177)
j a . l eu	(178)
l eu . n u . a . l eu	(179)
h o . j i . k i n	(180)
n a . i . t i ng . g e . i l	(181)
l o . s yu . m i . t eu	(182)
l o . l e n . ch o	(183)
l a . ch e n . h o . p eo	(184)
p o . i . h i . t eu . b a ng . g eo	(185)
m yu . l i . s eu	(186)
p a l . k eu . b e . l eu . g e	(187)
h a . s eu	(188)
b i . eo . d eu	(189)
s ye l . b i	(190)
d o n	(191)
ch e . i m . b eo . s eu	(192)
t e . eo . d o . eo	(193)
e . b a	(194)
wo . d eu	(195)
e l . l i . a	(196)
n a . i . p o l	(197)
l eo . k eo	(198)
l o . l e . n a	(199)
b u l . l eo g	(200)
