s yu . l a . i . eo	(1)
e . d eu . b a . l eu	(2)
t a l . l i n	(3)
p eu . l a . u n . h o . p eo	(4)
yu . l i	(5)
o . d e . ch eu	(6)
g eu . l a . b a . t eu	(7)
p e . l e . l o	(8)
j o n . s eu . t o n	(9)
k a . d e m	(10)
n e . l u . d a	(11)
b eu . l a . t i . s eu l . l a . b a	(12)
b i . j eu . m a . k eu	(13)
a . b i . j a ng	(14)
t a . u l . l eo	(15)
a . m i . ae ng	(16)
l i . d eu	(17)
p i . s a . l e . p eu	(18)
b a . n e s	(19)
a . l a . u . j o	(20)
t a . u . s i . g eu	(21)
p eu . l e . t o . l i . u . s eu	(22)
p a . d u . ch eu	(23)
p e l . d eo	(24)
ch i n . ch e n . d o . l eu . p eu	(25)
g e . j e l	(26)
h o . p eo	(27)
t e . i . s ye . i . l a	(28)
h o n	(29)
b ae . j eo l	(30)
u l . p eu	(31)
h eo n . t i ng . t eo n	(32)
k o l . d eo . k eo s	(33)
d o . l i n	(34)
l o . d eo	(35)
e n . l i . k o	(36)
m a . d eu . l i . d eu	(37)
p i . ch i n . n i	(38)
s i . g a	(39)
a . u . l e l . l i . o	(40)
