k eu . l e . i n	(1)
g eu . l o . s eu	(2)
i . d a	(3)
k a . ya	(4)
b eu l . l ae . k i s	(5)
l a . i . s eu	(6)
l u . s eu	(7)
g o . ch i	(8)
h e g . t o . l eu	(9)
l u . l i . a	(10)
g wa ng . d u ng	(11)
ch e . k o	(12)
t e . l e . s a	(13)
s yu l . l o . m o	(14)
n i . k o l . l a . i	(15)
p eu . l a ng . k eu . p u . l eu . t eu	(16)
k o ng . g o	(17)
ya n	(18)
g eu l . l ae . d eu . s eu . t eo n	(19)
k e . i . j i	(20)
