ng aa 5 . d i-n 2	(1)
g aa-k 3 . l a-m 4 . s i 1 . p u-n 1	(2)
aa 1 . p i-n 3	(3)
aai 6 . j i 5 . d eo-n 1	(4)
o-n 1 . d a-k 1 . s a-ng 1	(5)
b aai 3 . j a-n 4	(6)
gw o 1 . b ei 2	(7)
w ai 4 . n aa-p 6 . s i 1	(8)
s aa-t 3 . h aa 1 . l aai 1	(9)
j-i 1 . l o-ng 5	(10)
m aa 5 . t aai 2	(11)
aa 3 . s i-n 1 . n ou 4	(12)
m o 1 . s ai 1	(13)
b ei 2 . d a-k 1	(14)
l ou 6 . d a-k 1	(15)
j oe-k 3 . h o-n 6	(16)
p ou 2 . l ou 5 . s i 6	(17)
g ou 1 . b ei 2	(18)
s yu-t 3 . f a-t 6 . l aa-n 4	(19)
g ei 1 . j a-n 1	(20)
w aa 4 . j i 5 . z i 1	(21)
p ou 2 . l a-m 4 . s i 1 . d eo-n 6	(22)
aa 3 . m ei 5 . n ei 4 . aa 3	(23)
d aa-n 1 . m a-k 6	(24)
l ou 4 . s a-m 1 . b ou 2	(25)
h aa 6 . w aa 1	(26)
d aai 3 . o-n 1 . n aa 4	(27)
g a-t 1 . p ou 2	(28)
aa 3 . b aa-k 3 . l aai 1 . h o-n 5	(29)
z i 1 . s i 6	(30)
s aa-t 3 . l ei 5	(31)
h oi 1 . m a-k 6 . l aa 1	(32)
aai 6 . h i-t 3 . j i 5	(33)
w ai 4 . j aa 5 . n aa-p 6	(34)
ou 3 . l a-m 4 . p a-t 1 . h a-k 1	(35)
w ai 1 . l i-m 4	(36)
b aa 1 . l ei 5	(37)
z yu 1 . g u 2 . l i-k 6	(38)
d ou 6 . g aa-k 3	(39)
k aa 1 . j i 5	(40)
g oi 3 . c i 4	(41)
m ai 5 . l aa-n 4	(42)
g aa 3 . f e 1	(43)
b aa 1 . b ei 2	(44)
h aa 1 . d a-k 6	(45)
h o 4 . n oi 6	(46)
n aa-p 6 . s eoi 3	(47)
w aa 4 . s i-ng 6 . d eo-n 6	(48)
g aa-k 3 . l aai 1 . s i 1	(49)
aa 3 . b ou 3 . h aa 1 . z i 1	(50)
b ou 3 . d i-ng 1	(51)
m ai 5 . d a-k 6 . l aa-n 4	(52)
g o 1 . d a-k 1 . b ou 2	(53)
l ei 6 . b ei 2 . aa 3	(54)
s aa 1 . s i 6 . b ei 2 . aa 3	(55)
d ou 6	(56)
t o-k 3 . f u-k 1	(57)
h a-k 1 . l eoi 4 . d ai 3 . o-n 1	(58)
m o-k 6 . s i 1 . f o 1	(59)
z au 6 . s i 1	(60)
b aa 1 . s ai 1	(61)
f aa-t 3 . l aa-n 4 . s ai 1	(62)
k aa 1 . l o 4	(63)
aa 3 . l aai 1 . s i 1 . g aa 1	(64)
o-n 1 . d ou 6 . j i 5	(65)
d i-k 6 . k aa 1 . b ei 2 . ou 3	(66)
f ui 1 . b a-k 1 . h a-k 1	(67)
n ei 4 . j a-t 6 . l ei 6 . aa 3	(68)
d a-k 1 . h a-k 1 . s aa-t 3 . s i 1	(69)
m ou 6 . n ei 4 . h a-k 1	(70)
ng au 4 . d eo-n 6	(71)
m aa 5 . k ei 4 . d eo-n 6	(72)
aa 3 . l aai 1	(73)
b o 1 . s i 6 . d eo-n 6	(74)
l aai 1 . f aa-t 3 . j i-p 6	(75)
c i-t 3 . f ei 1 . j i 5 . d a-k 1	(76)
ng ai 4 . h u-ng 4	(77)
oi 3 . d a-k 1 . l ei 5	(78)
n ei 4 . h a-k 1 . l ou 5	(79)
w ai 1 . l i-m 4 . s i 1	(80)
l a-k 6 . h a-k 1 . s i 1	(81)
n aa-m 4 . d i-ng 1 . g aa-k 3 . j i 5	(82)
s eoi 6 . d i-n 2	(83)
p ou 4 . t ou 4 . ng aa 4	(84)
b aa-k 6 . l aa-n 4 . d ei 6	(85)
w ai 1 . s i 6 . g ei 6	(86)
b ou 2 . d eo-n 6	(87)
k aa 1 . d a-k 6 . j i 5	(88)
g a-t 1 . p ou 2 . c oi 3	(89)
t ou 4 . g aa-k 3 . n i-p 6 . f u 1	(90)
z o 2 . d aa-n 1 . n ou 4	(91)
j e 4 . w o 4 . w aa 4	(92)
o 1 . m aa-n 6	(93)
h a-k 1 . s i 1	(94)
n ei 4 . s i 1	(95)
n ei 4 . j i 5	(96)
k aa 1 . t aa-p 3 . j i 5	(97)
s ou 1 . g aa-k 3 . l aai 1 . d ai 2	(98)
m ai 5 . l ou 5	(99)
b ou 3 . j i 4 . n o-k 6 . s i 1	(100)
m aa-n 6 . d a-k 1 . l aai 1	(101)
h o 4 . f u 1 . m aa-n 6	(102)
m u-ng 4 . t aai 3 . k ei 4	(103)
aa 3 . d o-ng 1	(104)
h a-k 1 . l ou 5 . s yu-t 3 . f u 1	(105)
s aa-t 3 . m aa 5 . l aa-n 4 . k ei 4	(106)
m aa 1 . f e 1	(107)
n ei 4 . l u-ng 4	(108)
oi 3 . j a-n 1 . s i 1 . t aa-n 2	(109)
f aa-t 3 . l aa-n 4 . h aa-k 1 . f u-k 1	(110)
h a-k 1 . l a-m 4 . g aa-k 3	(111)
c oi 3 . j i 5 . d a-k 6	(112)
n ei 4 . c oi 2	(113)
b o 1 . j i 5 . k aa 1	(114)
h ei 1 . l aai 1 . h a-k 1	(115)
l aai 1 . s ou 4	(116)
g o-t 3 . l eoi 4 . n o-k 6	(117)
g aa 1 . l eo-n 4	(118)
n ei 4 . m ai 5 . s e-k 6	(119)
l ou 4 . b ei 2	(120)
