b e . ch eu	(1)
t eu . l o . t eu . m a n	(2)
k eu . l e . p e l . l i n	(3)
ch ae . t eo . t eo n	(4)
p eo . t eu . l i . s ya	(5)
k ae . l o l . l a . i n	(6)
p eo . s i	(7)
k a . s eu . t i l . l i . a . n o	(8)
g e . s eu . n eo	(9)
k a . l a . j i . a l . l e	(10)
g e . i	(11)
j a . i . p e l	(12)
k a . s a ng . d eu . l eu	(13)
h e . eo . p o . t eu	(14)
b a . d e	(15)
b eo n . l i	(16)
i . b a . n o . p eu	(17)
l u . d o l . p eu	(18)
s a . i . p e . l eu . t eu	(19)
s eu . wa . m i	(20)
p a l . l e . s eu . t eu . l i . n a	(21)
s ye . l eo . t eo n	(22)
b e n . t u . l i	(23)
b a n . t eu	(24)
s eu . t a l . l i n	(25)
l e . i . n o l . j eu	(26)
p e . t eu	(27)
e . g eu l . s eu . t eo n	(28)
b e . n i . t o	(29)
i . s eu . t eu . m eo n	(30)
t o . l e	(31)
m o . l a . e . s eu	(32)
k a l . l i . n i n . g eu . l a . d eu	(33)
wi l . l i . eo m . s eu	(34)
k o n . wo l	(35)
h o . l o . b i . ch eu	(36)
l o s	(37)
g eu . l a . s i . a	(38)
l o g . s a n . n eu	(39)
b e n . d eo . s eu	(40)
