l u . s o	(1)
p a . d e . ye . p eu	(2)
l a . ch e n . h o . p eo	(3)
l o . ch e . s eu . t eo	(4)
p ae . l eo n	(5)
m i . ch i	(6)
s i ng . k eu l . l e . eo	(7)
p a . s eu . k a l	(8)
b o . g a . d eu	(9)
n o . p eo g	(10)
n yu . t eo n	(11)
m o . j eo	(12)
b e . l o . n i . k a	(13)
l e . i	(14)
l eo . s e l	(15)
b a . s eu	(16)
d a . n i . e l . s o n	(17)
a . n u . i	(18)
b eu . l a . d e . s eu	(19)
d e . n i . s eu	(20)
b a . i . s eu . m a n	(21)
k o l . l a . l o . p eu	(22)
u . l u . g wa . i	(23)
j o . s u . a	(24)
s yu . wi ng . g eo	(25)
ae ng . g eu l	(26)
b eu . l e . m eo . h a . p e n	(27)
g eu . l e . k o . p eu	(28)
l eo n . d eo n . d e . l i	(29)
h e . l e . l a	(30)
p a . s eu n . s eu	(31)
b a . a l	(32)
p e . t eo . s eu n	(33)
a . g eu . n e . s eu	(34)
m e n . d e . l e . s eu	(35)
m a . t i . a . s eu	(36)
e l . j eu . wo . s eu	(37)
g o . k i	(38)
l e . n o	(39)
k a . i . j eo	(40)
