b o . eo	(1)
d o . l eu . t eu . m u n . t eu	(2)
p o . k eo	(3)
t o . p eu l . l eo	(4)
m a l . l o n	(5)
h o b . s eu	(6)
l u . s i	(7)
s ya . p i . l o	(8)
s o n . d a . i . k eu	(9)
h a . p eo	(10)
l u n . d eu	(11)
s eu . b e . t eu l . l a . n a	(12)
l ae . s wi	(13)
p eu . l a n . ch e . s eu . k o	(14)
b i . b i . eo n	(15)
p eu . l a ng . k eu . p u . l eu . t eu	(16)
g u m . p eu l . l o . b i . ch i	(17)
t o . d eu	(18)
g eu . l e . g o . l i . o	(19)
k a m . p i l . l i	(20)
i . eo n	(21)
j i l . s o ng	(22)
b a . s eu . t i . a n	(23)
m o . l eu . g a . n i	(24)
b eu . l a . u . n i ng	(25)
b eu . l a ng . k o	(26)
n o . s eu . k e	(27)
k wi n	(28)
l i . o . n e	(29)
d o . s e . t eu	(30)
l eo m . p eo . d eu	(31)
k a . b u l	(32)
p eu . l a . t a	(33)
s e . p eo . d eu	(34)
d i . d eu	(35)
s eu . wa . j i l . l a n . d eu	(36)
p i l . l i . p a	(37)
m a . ya	(38)
b e n . d i g . s eu	(39)
g a . l eu . b o . l eu . g eu	(40)
