ch e _4 . m a _3 . k e _4 (1)
l uo _2 . d e _2 . l i _3 . g e _1 (2)
n uo _4 . b a _4 . e n _1 (3)
j i _1 . s e n _1 (4)
d i _2 . m o _4 (5)
b a ng _1 . n i _2 (6)
k e _1 . c i _2 (7)
sh a _1 . e r _3 . d u n _4 (8)
w ei _1 . k e _4 . l i _4 (9)
l a _1 . f u _1 . s ai _4 . d e _2 (10)
s i _1 . p u _3 . l u _3 . y i _1 . e r _3 (11)
s ai _4 . d e _2 . b a _4 . t e _4 . m u _3 (12)
f ei _4 . e r _3 (13)
d a _2 . l i n _2 (14)
p e ng _2 . l i _4 (15)
b u _4 . l i _3 . s i _1 . t uo _1 (16)
h a _1 . s i _1 (17)
h e _4 . m u _3 . h uo _4 . e r _3 . z i _1 (18)
b u _4 . k e _4 . b a n _1 . d e _2 (19)
w ei _1 . q i _2 (20)
f a n _4 . d e _2 . b i _3 . e r _3 . t e _4 (21)
m a _3 . d i ng _1 . l i _4 (22)
h uo _4 . y i _1 . s i _1 . t e _4 (23)
d i _2 . f u _1 . l i _4 (24)
a _1 . b i _3 (25)
y a ng _2 . g e _2 (26)
l uo _4 . m a n _4 (27)
t e _4 . l ei _2 . e r _3 (28)
p o _4 . l ai _4 . y i n _1 (29)
b u _4 . l i _4 . t e _4 (30)
l i _3 . h e _4 . d e _2 (31)
d e _2 . l i _3 . e r _3 (32)
j ia _1 . w a _3 (33)
n i _2 . l u n _2 (34)
h ai _3 . l ei _1 . m u _3 (35)
f ei _4 . m a n _4 (36)
h e _4 . s i _1 . k e _4 . e r _3 (37)
b a _4 . l a n _2 (38)
a ng _2 . d e _2 . d a _2 . e r _3 (39)
s i _1 . t e _4 . l ao _2 . m a _3 . n i _2 . s i _1 (40)
ai _4 . k e _4 . e r _3 . b a _4 . g e _2 (41)
g ai _4 . y i _1 (42)
s i _1 . t e _4 . m a n _4 (43)
a _1 . g e _2 . n iu _3 (44)
w a _3 . ai _1 . t e _4 (45)
s ai _4 . l i _3 . ao _4 . t e _4 (46)
k e _4 . l ai _2 . m o _4 (47)
k e _1 . d i ng _1 . l i _4 (48)
ai _1 . s i _1 . t e _4 . l ei _2 . m u _3 (49)
t a n _3 . x i _1 . e r _3 (50)
d e _2 . t e _4 . m a _3 (51)
m ai _4 . k e _4 . n i _2 . e r _3 (52)
s a ng _1 . d e _2 . s i _1 (53)
s i _1 . t e _4 . l a n _2 . q i _2 . l uo _4 . f u _1 (54)
a _1 . l a n _2 (55)
f e ng _2 . n uo _4 . y i _1 . l a _1 . t e _4 (56)
a n _1 . d e _2 . l i _3 . k e _1 . s i _1 (57)
p ei _4 . l uo _4 (58)
s i _1 . k e _4 . l uo _2 . p u _3 (59)
ao _4 . l i n _2 (60)
l u n _2 . n o ng _2 (61)
sh e ng _4 . a _1 . s a _4 . f u _1 (62)
m e ng _2 . t a _3 . f e ng _2 (63)
k e _1 . e n _1 . s i _1 . m ai _4 . y e _1 (64)
g e _2 . l uo _2 . e r _3 (65)
k e _4 . l i _3 . x i _1 (66)
b u _4 . l u n _2 . k e _4 . e r _3 (67)
f u _2 . x iao _1 (68)
w u _3 . d e _2 . b a _4 . e n _1 (69)
p i _2 . l i n _2 (70)
ai _4 . l u n _2 (71)
x i _1 . e r _3 . s i _1 (72)
x i _1 . e r _3 (73)
c ai _4 . t e _4 . l i n _2 (74)
f u _2 . e r _3 . c i _2 (75)
s i _1 . t e _4 . m a n _4 (76)
m ai _4 . g e _2 . l a _1 . f u _1 (77)
n uo _4 . l i _3 . sh e n _2 (78)
h uo _4 . e n _1 (79)
a _1 . s ai _4 . e r _3 (80)
b a _1 . z uo _3 . n i _2 (81)
b u _4 . t i ng _2 (82)
h ai _3 . z e _2 (83)
ao _4 . h ei _1 (84)
d i _2 . k e _4 . s i _1 (85)
e _4 . p u _3 . d e _2 . g e _2 . l uo _2 . f u _1 (86)
p u _3 . l uo _2 . m i _3 . x iu _1 . s i _1 (87)
k e _4 . l uo _2 . s e n _1 (88)
h uo _4 . y i _1 . t e _4 (89)
h uo _4 . e r _3 . b ai _4 . y i n _1 (90)
f ei _1 . s i _1 . k e _4 (91)
g e _1 . l a _1 (92)
j ia _1 . l a n _2 . t e _4 (93)
m o _4 . f ei _4 . t e _4 (94)
b a _4 . l u n _2 . s i _1 . t a n _3 (95)
s a _4 . m o _4 . l ei _2 . e r _3 (96)
m a _3 . l ao _2 . d e _2 (97)
x i _1 . k e _4 . s e n _1 (98)
m ai _4 . j i n _1 . n i _2 . s i _1 (99)
f u _2 . l ai _2 . w e n _2 (100)
