k wo n . t eu	(1)
d eu . b o . l eu . j a g	(2)
m o l . l eo	(3)
k eu l . l e . m e n . t i	(4)
p eu . l e . s ye . t eu	(5)
l u . s eu . n i g	(6)
h e . d i n	(7)
d a . n i . e l	(8)
l o l . l a ng	(9)
e . s eu . k u . d e . l o	(10)
m o . l a	(11)
s i . j i . wi g	(12)
m i . s we l	(13)
b e . l eu n	(14)
p ae . l i . s wi	(15)
b eu l . l ae g	(16)
m a . d eu . l a . s eu	(17)
yo . g i	(18)
a . l eu . m a n . d o	(19)
b e . a . t eu . l i . ch e	(20)
