k o . n a . k eu . l i	(1)
h ae . l i	(2)
b eo n . s eu	(3)
m o . s eu	(4)
b i . t eu . g e n . s yu . t a . i n	(5)
t i . p e s	(6)
l u . l eu . d eu	(7)
ch e . k o	(8)
l i n . d eu n	(9)
k a . l eu . t a ng	(10)
t o ng . g a	(11)
e l . l i . eo n	(12)
u ng . g a . l e . t i	(13)
h e . s e n	(14)
s wi . s e	(15)
l a . i . s ya . wo	(16)
d o . ch e . s eu . t eo	(17)
t o . n i	(18)
s e . g u . l a	(19)
b e . l i g	(20)
