p eu l . l o . l e n . s eu	(1)
k eu . l i . b e l . l i	(2)
p e l . l i . o	(3)
b a . k eu . s eu	(4)
b o l	(5)
a n . t o . n e . s eu . k u	(6)
h a . u . eo l . s eu	(7)
n o . b i . k o . p eu	(8)
p u . a . s o ng	(9)
k o g . s eu	(10)
l e n	(11)
h a . i . ye . l eu . m a n . s eu	(12)
h e l . m o n . t eu	(13)
e l . l i	(14)
h o b . s eu n	(15)
h a . l eu l . l e m	(16)
b eu . l o g	(17)
m o l . l i	(18)
l i . ch eo . j eu	(19)
u . j i	(20)
b i . d e l . l a	(21)
d o l	(22)
d i . o . k eu l . l e . t i . a . n u . s eu	(23)
a n . t o . n i . a	(24)
b e g	(25)
k e . i . t eu	(26)
h a l . l i . u . d eu	(27)
t e . d eu	(28)
p e . l a . l a	(29)
h e g . t o . l eu	(30)
n a . s i . m e n . t u	(31)
p e . l o	(32)
o . m a	(33)
s yu . t a . u . d i ng . g eo	(34)
k eu l . l e . m e n . s eu	(35)
e l . s i	(36)
h e . b eu . l a	(37)
s yo l . l o	(38)
m a g . d a l . l e . n a	(39)
b a . l eu . s e l . l o . n a	(40)
