t eu . l i . eo	(1)
l e . i n	(2)
l i . b e . l eu . m a n	(3)
t e . l e . j eu	(4)
s eu . t e n	(5)
d a . b i . d e	(6)
o . p e n . h a . i . m eo	(7)
s o . l o . s eu	(8)
e . d i ng . t eo n	(9)
t o l . l e	(10)
k ae l . g eo . l i	(11)
p i . ch eu . n eo	(12)
p i . k eu	(13)
s i . m eu . o n	(14)
b e . a	(15)
e n . l i . k e . s eu	(16)
m a . t u . t e	(17)
b eo . s eu . b i	(18)
k ae . l eo l	(19)
j u l . s eu	(20)
