m u . l i . yo	(1)
b i . b eo	(2)
g eu l . l a . i . d i . s eu	(3)
l a . h o . l eu	(4)
h a . b e l	(5)
s yu . wo . ch eu	(6)
p eu . l a n . s eu	(7)
k o l	(8)
t i n . d eu l	(9)
n o l . t e	(10)
a l . b a	(11)
j ae . n i . n i	(12)
l i . d i g	(13)
a . b a . d a n	(14)
ae . p eu l . t eo n	(15)
k u . b a	(16)
p e . n i	(17)
k a m . p e . l eu	(18)
d e . b eo	(19)
d o . m a	(20)
