s ai 1 . b aa-k 3 . l ei 6 . aa 3	(1)
h aa 1 . d a-k 1 . w ai 1	(2)
ou 3 . l a-m 4 . p a-t 1 . h a-k 1	(3)
b aa 1 . b ui 3 . l ei 6	(4)
h o 4 . l aa-n 4	(5)
n aa 5 . b a-t 1 . l a-k 6 . s i 1	(6)
h a-k 1 . j i 5 . s a-n 1 . g ei 1	(7)
f aa-t 3 . s o-k 3	(8)
b ou 3 . l u-ng 4 . d i-k 6	(9)
g ei 1 . j a-n 1	(10)
j i 2 . l i-n 4 . n aa 4	(11)
t ou 2 . j i 5 . k ei 4	(12)
h a-k 1 . l oi 4 . s i 1 . l a-k 6	(13)
g aa 1 . s ai 1 . aa 3	(14)
m ai 5 . g ou 1	(15)
m aa 5 . h i-t 3 . j i 5	(16)
m a-t 6 . j i 5 . d eo-n 6	(17)
l eoi 4 . m aa-n 6	(18)
s aa 1 . d a-k 6	(19)
ng aa 5 . d a-k 6	(20)
