i . s yeo . u . d eu	(1)
l o . s i	(2)
a . k i l . l e	(3)
d i l . l eo n	(4)
t i . s o	(5)
s i . l i . a	(6)
m a g . s eu	(7)
b e n . ch yu . l a	(8)
b o . p eu	(9)
wo l . k eo s	(10)
s eu . t eu . l i g . l ae n . d eu	(11)
m i l . l o . s ye . b i . ch i	(12)
p eu . l i . m a . k o . p eu	(13)
t u . d o . l eu	(14)
k eo . t i . s eu	(15)
i . s eu . l a . e l	(16)
b o n . h oe . p eo	(17)
g a . d a . m eo	(18)
b i l . l e m . s eu . t a . t eu	(19)
n a . s a . l e s	(20)
