c i-t 3 . f ei 1 . j i 5 . d a-k 1	(1)
a k 1 . l aa-p 6 . d a-k 6 . l ei 5 . aa 3	(2)
s o-k 3 . f ei 1 . aa 3	(3)
b o 1 . d a-k 6 . l aa-n 4	(4)
m o 1 . s i 6	(5)
s yu 1 . b aa-k 3 . d a-k 6	(6)
w ai 1 . j i 5 . s eo-n 3	(7)
f o-k 3 . h a-k 1	(8)
oi 3 . l aa-p 6 . s eo-n 3	(9)
aa 3 . m ei 5 . b aa 1	(10)
b a-n 1 . c i 4	(11)
l eoi 4 . d aa-t 6	(12)
n aa-m 4 . d i-ng 1 . g aa-k 3 . j i 5	(13)
ng aa 4 . m aai 5 . g aa 1	(14)
n ei 4 . w ai 4 . d a-k 6	(15)
k i-ng 4 . s i 1	(16)
g i-t 3 . s ai 1 . k aa 1	(17)
l ei 5 . ou 3 . s i 1	(18)
w ai 1 . j i 5	(19)
p ou 2 . l ei 6 . s i 1 . t u-ng 1	(20)
m u-k 6 . h o-n 2 . m a-k 6 . d a-k 1	(21)
p aa-k 3 . l o 4 . d a-k 6	(22)
m a-t 6 . j i 5 . d eo-n 6	(23)
n ei 4 . c oi 3 . aa 3	(24)
a k 1 . t aai 3 . w aa 4	(25)
d ou 6 . g aa-k 3	(26)
h oi 2 . d eo-n 6	(27)
b ou 3 . l o-ng 5	(28)
p aa-k 3 . w aa 4 . l o-k 3 . d ai 3	(29)
ng ai 4 . h u-ng 4	(30)
m o 1 . j i 5	(31)
o-n 1 . n ei 4	(32)
m aa 5 . d a-k 1 . l ei 5	(33)
aai 6 . l i-k 6 . h a-k 1	(34)
n oi 6 . w aa 4 . d aa-t 6	(35)
k aa 1 . j i 5	(36)
h ei 1 . l aai 1 . h a-k 1	(37)
l o-ng 5 . gw o 1	(38)
aa 3 . s ai 3 . aa 3	(39)
j a-t 6 . j i 5 . m aa-n 6	(40)
s ou 1 . w ai 4 . oi 1	(41)
aai 6 . l oe-k 6 . d a-k 6	(42)
s aa-t 3 . h a-k 1 . s i 1 . f u-ng 1	(43)
g aa-k 3 . l a-m 4 . w ai 1 . z i 6	(44)
g oi 3 . l o-k 3 . p ou 2	(45)
m aa 5 . j i 5 . t aa 1	(46)
d a-k 1 . h a-k 1 . s aa-t 3 . s i 1	(47)
j-aa 5 . m u-n 4	(48)
m u-k 6 . n aai 5 . j i 1	(49)
b o 1 . s i 6	(50)
l o-ng 5 . n aa 4 . d ou 6	(51)
l aai 1 . s i 1	(52)
z oe-k 3 . s i 6	(53)
f u-k 1 . d a-k 6	(54)
w a-n 1 . b ou 3 . l oi 4	(55)
b a-t 1 . k aa 1 . s o-k 3	(56)
b aa-k 3 . m ou 6 . d aa-t 6	(57)
d ou 6 . g ei 1	(58)
aa 3 . m ou 5 . s i 1 . d a-k 6 . d aa-n 1	(59)
h a-k 1 . l ei 5 . f u 1 . l aa-n 4	(60)
d o 1 . m u-ng 4 . d a-k 6	(61)
b ei 2 . l aa-k 6 . t o 4 . n ei 4 . aa 3	(62)
s eoi 6 . d i-n 2	(63)
b o 1 . c i 4 . t aa-n 2	(64)
s o-ng 1 . n aa 4	(65)
gw o 1 . s i 1 . d a-k 6	(66)
f aa-t 3 . s ai 1 . s i 1	(67)
aa 3 . s a-t 1	(68)
ou 3 . d ei 6 . l ei 6	(69)
b o 1 . j i 5 . d o 1	(70)
m ai 5 . c i-t 3 . j i 5	(71)
m aa 5 . l aai 1 . c u-ng 4	(72)
l aai 1 . d i-ng 1	(73)
d a-k 1 . l ou 5 . h a-k 1	(74)
d ou 6	(75)
m aa 5 . d aa-t 6 . g aa 1 . s i 1 . g aa 1	(76)
j e 4 . w o 4 . w aa 4	(77)
b ui 3 . j i 5	(78)
g o 1 . l eo-n 4 . b ei 2 . aa 3	(79)
aa 3 . b ou 3 . h aa 1 . z i 1	(80)
p ou 4 . t ou 4 . ng aa 4	(81)
ou 3 . s i 1 . l u-k 6	(82)
h a-k 1 . c oi 3 . j i 5 . t i-ng 4	(83)
h aa 1 . d a-k 6	(84)
b i-t 1 . s i-ng 3	(85)
k ei 4 . j i 6	(86)
b ou 2 . l i-ng 4	(87)
j-a-n 3 . d ou 6 . z i 1 . n aa 5	(88)
s o-k 3 . m aa 5 . l ei 5	(89)
b ui 3 . h a-k 1	(90)
j-e 4 . l ou 5	(91)
gw o 1 . j i 5	(92)
b a-n 1 . z i-k 6 . f aa-t 3 . n ei 4 . aa 3	(93)
t o-ng 1 . m aa 5 . s i 6	(94)
w ai 4 . n aa-p 6 . s i 1	(95)
l o-k 3 . g ei 1	(96)
g u 2 . l aa-n 4	(97)
p ou 3 . s i 6	(98)
g aa 1 . s ai 1 . aa 3	(99)
s aa 1 . l aai 1	(100)
