c oi 3 . j i 5 . d a-k 6	(1)
n au 2 . l eo-n 4 . b ou 2	(2)
b ei 2 . d a-k 6	(3)
aa 3 . d o-ng 1	(4)
w ai 1 . l ei 6	(5)
b aa 1 . s ai 1	(6)
k aa 1 . l ou 6 . l ei 5	(7)
f u-k 1 . j i 5 . m o 1 . s i 1	(8)
k aa 1 . l aai 1	(9)
f ai 3 . d i-k 6 . h a-k 1	(10)
l o-k 3 . d a-k 6	(11)
aai 6 . d a-k 1 . d eo-n 1	(12)
g aa 1 . l ei 6 . l oe-k 6	(13)
j-i-ng 1 . g a-t 1 . l ei 6	(14)
m o 1 . j i 5	(15)
k aa 1 . s i 1 . d ai 3 . l o 4	(16)
w ai 6 . l i-ng 4 . d eo-n 6	(17)
g aa 1 . s ai 1 . aa 3	(18)
l eo-n 4 . d eo-n 1	(19)
m aa 5 . d a-k 6 . l o-k 3 . h a-k 1	(20)
h o 2 . l o-k 6	(21)
w ai 1 . l i-m 4 . s i 1	(22)
a k 1 . t aai 3 . w aa 4	(23)
h oi 1 . m aa-n 6	(24)
n ei 4 . s i 1	(25)
h i-t 3 . s i 1 . d ai 2 . l ei 5	(26)
o n 1 . d u-ng 1 . n ei 4	(27)
m aa 5 . j i 5 . s aa-t 3 . s i 1	(28)
n aa-p 6 . s i 1 . d aa-t 6 . h a-k 1	(29)
b aai 3 . z i-m 3 . t i-ng 4	(30)
j-i 5 . t aai 3	(31)
b aa 1 . s i 1 . f u 1	(32)
c oi 3 . n aa-p 6	(33)
b ui 3 . j i 5	(34)
d i-k 6 . s i 6 . n ei 4	(35)
w ai 4 . g aa 1 . s i 1	(36)
k aa 1 . m u-n 4	(37)
s aa-t 3 . l ei 5	(38)
h a-k 1 . l a-m 4 . d eo-n 6	(39)
s o-k 3 . f ei 1 . aa 3	(40)
