e l . l i	(1)
s a m . m a . l eu . t i . n i	(2)
d o . eo . s i	(3)
k o . l eu . n e l . l i . s eu	(4)
m a . l a	(5)
g a . b eu . l i . e l . l a	(6)
ch e . l eu . n e n . k o	(7)
l e g . s eu	(8)
h o l . t eu	(9)
d o . m a	(10)
h eo l . b eo . t eu	(11)
g u l . l e . d eu	(12)
b a . k eu l . l i	(13)
a . n i . t a	(14)
m e . l eu . k e l	(15)
a . i . b i	(16)
o . l eu . t eu	(17)
d eo . l eo m	(18)
h e . eo . ch o . k eu	(19)
m o ng . j u	(20)
