t i n . d eu l	(1)
g ae . s eu . k o . i n	(2)
s eu . t ae . p o . d eu	(3)
e . d e l . s eu . t e . i n	(4)
g a . e . t a . n o	(5)
d u . b i . n i n	(6)
d a . n i . e l . l i	(7)
g o . t eu l . l i . b eu	(8)
n o . t eo n	(9)
m o . t eu	(10)
m o . i	(11)
n e . i . d i n	(12)
m a . g eu . d e . b u . l eu . k eu	(13)
h e . l eu . m e . s eu	(14)
e . i . h e n . b a . u m	(15)
l a . m u . s eu	(16)
b a . u . m a . i . s eu . t eo	(17)
k o l . l eo m . b eo . s eu	(18)
s eu . t a . n i . s eu l . l a . p eu	(19)
a . p e l	(20)
g e . l eu . t eu	(21)
t i n . b eo . g e n	(22)
s a ng . t e . l eu	(23)
k o n	(24)
s eu . k a . b o . l o	(25)
m a . s a	(26)
p u . s i . k i n	(27)
b a l . l a . d o ng	(28)
p i l . l i . p eu	(29)
d e . i . b i . s eu n	(30)
wa l . l o ng	(31)
k a l . l a . m a . j u	(32)
wo . h o l	(33)
p i . s eu . k a . t o . l eu	(34)
a . i . j e n . s yu . t a . i n	(35)
g eu . l o . m e . l eu	(36)
ch e . s eu	(37)
h a . b i	(38)
m ae . s yu	(39)
b o . l eu . j a	(40)
a m . b eu . l o . s i . u . s eu	(41)
d a . t eu	(42)
h a . i . d eo	(43)
p a l . m a	(44)
d e n . b eo	(45)
e l . l e n	(46)
o . s eu l . l o	(47)
h o . p eu . s eu . t ae . t eo	(48)
d e . i l . l i	(49)
k o ng . s eu . t a ng	(50)
l o . d eu	(51)
l ae l . s eu . t eo n	(52)
k u . n o	(53)
l eu . n u . a . l eu	(54)
p eu . l ae ng . k eu . s eu	(55)
a n . d eu . l e . i	(56)
s i . t eu . we l	(57)
s i l . l eo	(58)
p e . t eu . l a	(59)
s a . b eu . l i	(60)
l a . h o . l eu	(61)
p e l . t i . e	(62)
b e n . t o	(63)
m a . i . n e . k e	(64)
s yu . t e . l eu n	(65)
m e l . b eo . l eu n	(66)
l o . we l	(67)
g eu . l u . j i . a	(68)
j u . g eu . n o . t eu	(69)
p eu . l a ng . k e n	(70)
yu . d a	(71)
t eu . l e n . d e l . l e n . b u . l eu . k eu	(72)
m i . s ye l	(73)
k a . s e l	(74)
h i l	(75)
l i . o . n e l	(76)
b eo . n e s	(77)
b a . k eo . s eu	(78)
wi g	(79)
g o . t eu	(80)
g eu . l e . g eu	(81)
wo l . l a . s eu	(82)
p o n . t a . n a	(83)
b o . n e	(84)
s e . i . n i	(85)
g a . g o	(86)
i . s eu . m a . e l	(87)
b e . d e l	(88)
l o m . b a . l eu . d i . a	(89)
l u . n i	(90)
g eu . l o	(91)
m e m . p i . s eu	(92)
s eo . b ae . s eu . ch eo n	(93)
h o . ch i . k i . s eu	(94)
b i . b eo . l i	(95)
ya ng . g o n	(96)
b u n . j e n	(97)
a . n a . t o l . l i . a	(98)
b a . s o . p eu	(99)
i ng	(100)
p i l . d i ng	(101)
l o . t e . l eu . d a m	(102)
h a . i n . d eu . m eo n	(103)
n i . b u . eo	(104)
ae . s eu . t eo n	(105)
ye . l e . m i . ya	(106)
k i . t i	(107)
l i . s a . j u	(108)
a . l eu . p eu	(109)
k o n . s eu . t a n . t i n	(110)
b a . b i . t eu	(111)
k i . b i	(112)
d a . i . s eu . m a n	(113)
l a . l eu . s o n	(114)
g eu . l e . ch e n	(115)
b e l . l i . a . e . p eu	(116)
m o . d eu	(117)
p a l . l a . u	(118)
s eu . t i . b eu n . s eu n	(119)
g eu . l a m	(120)
b i . yo ng	(121)
g o . a	(122)
b a l . l e . t a	(123)
b a . l eu . k a	(124)
h e . d eu . t o . p eu . t eu	(125)
b eu . l e n . d eo n	(126)
t i m	(127)
h eo m . p eu . l i	(128)
b e . l eu . n i . e	(129)
k a . i	(130)
b eo n . s eu	(131)
p i . j o	(132)
k o l . l o n . n a	(133)
d e n . t eu n	(134)
n e . l u . d a	(135)
k a . t eu . l i n	(136)
m o l . l o . t o . p eu	(137)
m a . o	(138)
m eo . d o g	(139)
p eu . l e n . d eo . g a . s eu . t eu	(140)
i . b o	(141)
m i . h a . i l	(142)
d yu . g eo n	(143)
k a . n a l . l e . t o	(144)
m e l . l o	(145)
s u . d a n	(146)
m a . i . k eu	(147)
h wi . t eu . wo . s eu	(148)
b e . l eu . t eu	(149)
e n . d eu . l e	(150)
t u . l eu . k o	(151)
l e . i n . j eo	(152)
k a . l eu . p a . ch o	(153)
h eo . s i	(154)
m a . j eo . l i	(155)
a . j e . l eu . b a . i . j a n	(156)
m a . l i . t ae ng	(157)
h a . m i l	(158)
e l . b a	(159)
h ae . m i l . t eo n	(160)
j e . i . m i . s eu n	(161)
d o . p eu . s yu	(162)
m e l . b a	(163)
m a . l i . t eu	(164)
b e . l eu . n i . k e	(165)
b a . l e . l a	(166)
p a . k i . s eu . t a n	(167)
u . j eu l . l a	(168)
a . i . b o . l i	(169)
l ae ng . b a . i n	(170)
d eu l . l o . n e	(171)
l o . d eu . l i . g o	(172)
d o . s eu n	(173)
s a n . ch e . s eu	(174)
b u . s yu	(175)
a n . j e . i	(176)
h a b . s eu . b u . l eu . k eu	(177)
m u . j i l	(178)
m a . l i . u . s eu	(179)
s i . g eu . n a	(180)
l i . k e . ch eu	(181)
m i . t eu . l a	(182)
s ae n . d eo . s eu	(183)
i . d eu	(184)
b i . b e . s eu	(185)
g a n . d i	(186)
a m . m a n	(187)
ch e . i m . b eo l . l i n	(188)
l a . p eu	(189)
wi . t eu . l e . h eu . t eu	(190)
k eu . l a . u . j e	(191)
t a . b a . l e . s eu	(192)
m a . n i l . l a	(193)
s eu . we . d e n	(194)
we l . d eo n	(195)
u . d o ng	(196)
s a . m i . l eu	(197)
s i . eo . l eo	(198)
h a l . l o	(199)
p a . t i . s eu n	(200)
