n iU _1 . k a:-t _2 . s` o _1	(1)
h u _1 . l a: _1 . G u _1	(2)
b_< e _1 . @: _1	(3)
s` @: _3 . b_< E-n _1 . l @: _1	(4)
s` a: _1 . l i _1 . a: _1 . b_< i-n _1	(5)
n iU _1 . b_< O-t _2	(6)
l i-t _2 . s` @: _3 . t @: _1	(7)
a:-n _1 . s E-n _1 . m @: _1	(8)
z i _1 . s` EU _1	(9)
G @: _3 . r\ i-p _2 . f i-n _1	(10)
a:-n _1 . b_< e _1 . n i-t _2	(11)
m a: _1 . r\ @I _1 . n i _1	(12)
b_< a: _1 . z i-n _1	(13)
x a: _1 . b_< a: _1 . r\ o-p _2 . s @: _3 . k i _1	(14)
k i-n _1 . s` a: _1 . s a: _1	(15)
ts` o-n _1 . s` @: _1	(16)
r\ @I _1 . n o _1	(17)
a:-k _2 . m a:-n _1	(18)
t ui: _1 . n i-t _2	(19)
s` e _1 . G @: _3 . r\ e _1	(20)
r\ i-m _1 . s` @: _3 . k i _1	(21)
a:-n _1 . b_< i _1	(22)
r\ o-t _2 . s o _1	(23)
s` E-m _1 . z a: _1 . k i-n _1	(24)
r\ i _1 . a: _1 . z a:-n _1	(25)
b_< o _1 . k E-t _2 . ts\ i _1 . o _1	(26)
l a: _1 . v @: _1 . z OI _1	(27)
v o-n _1 . t E _1	(28)
k E-n _1 . t u-k _2 . k i _1	(29)
k o _1 . r\ a:-p _2	(30)
k e _1 . r\ E-n _1	(31)
h e _1 . G u-t _2	(32)
h O-k _2 . k a:I _1 . d_< o _1	(33)
h a: _1 . b_< @: _3 . r\ @I _1 . t @: _1	(34)
m o _1 . s` E-t _2	(35)
l o _1 . r\ a-N _1	(36)
m a: _1 . r\ i _1 . E-t _2	(37)
b_< a-k _2 . k u-t _2	(38)
x @: _3 . b_< e _1 . l e _1	(39)
m i _1 . n a:-t _2	(40)
b_< u@-k _2 . s` a:-t _2	(41)
b_< a:I _1 . k a:-n _1	(42)
G Oa: _1 . J\ a: _1 . k i-n _1	(43)
f @: _3 . r\ a: _1	(44)
k a: _1 . r\ a: _1	(45)
m O-k _2 . n aI _1	(46)
G @: _3 . l E-n _1	(47)
k o _1 . n E-n _1	(48)
b_< @: _1 . s E-n _1	(49)
w i-n _1 . t i-n _1	(50)
m u@ _1 . G a:-p _2	(51)
a:-n _1 . d_< o _1 . r\ a: _1	(52)
a: _1 . m a: _1 . l i _1	(53)
m Oa: _1 . v @: _1 . r\ @: _1	(54)
v a: _1 . a:-n _1	(55)
b_< a:-t _2 . s` @: _3 . t i _1 . a:-t _2	(56)
u _1 . l a: _1 . n o _1 . v a: _1	(57)
t a:-p _2 . t i _1	(58)
a: _1 . ts\ @:-n _1	(59)
u-n _1 . d_< a:-n _1	(60)
m o-n _1 . k a: _1 . d_< a: _1	(61)
u _1 . k a: _1 . J\ a: _1 . l i _1	(62)
l i-p _2 . b_< i _1	(63)
a: _1 . t a: _1 . k o _1 . r\ a: _1	(64)
m a:-t _2 . s` @: _3 . b_< a: _1 . t e _1	(65)
b_< o-n _1 . r\ i _1 . k i _1	(66)
b_< @: _3 . l o-k _2	(67)
k a: _1 . r\ a: _1 . t a:-n _1	(68)
b_< o _1 . ts\ i _1 . o _1 . n i _1	(69)
a: _1 . f a: _1	(70)
k a: _1 . r\ o _1 . l i-n _1	(71)
k o _1 . s @: _3 . t a: _1	(72)
E-t _2 . t a: _1 . d_< a: _1 . m E-n _1	(73)
b_< @: _3 . r\ u _1 . G E-n _1	(74)
k o-n _1 . x i-t _2	(75)
n a: _1 . h a: _1	(76)
t_h i _1 . e _1	(77)
k o-k _2 . t o _1	(78)
n u _1 . k u _1 . n o _1 . n o _1	(79)
t a: _1 . G a: _1	(80)
k o _1 . t o _1 . n u _1	(81)
h a-m _1 . f @: _3 . r\ i _1	(82)
a:I _1 . k @:-n _1	(83)
ts\ e _1 . x o-p _2	(84)
b_< E-n _1 . z a:-p _2	(85)
f @: _3 . l a:-t _2	(86)
v i _1 . n e _1	(87)
m e _1 . d_< a:-n _1	(88)
f u _1 . t a: _1	(89)
z u _1 . b_< i _1 . t @: _1	(90)
a:-t _2 . s` @: _3 . t a: _1 . n a: _1	(91)
b_< @: _3 . r\ E-t _2 . m O-t _2	(92)
u-m _1 . b_< E-t _2 . t o _1	(93)
b_< @: _3 . h a: _1 . v a: _1 . b_< @: _3 . h u _1 . t i _1	(94)
k aU _1 . n a:-t _2	(95)
r\ a: _1 . r\ o _1 . t o-n _1 . G a: _1	(96)
a:-p _2 . b_< @: _1 . v i-n _1	(97)
v a: _1 . t i _1 . k a: _1 . n u-t _2	(98)
b_< u _1 . t @: _1 . n a:-n _1	(99)
k i _1 . s u _1 . m i _1	(100)
u _1 . d_< o-N _1	(101)
h aI _1 . d_< @:-n _1	(102)
i-c _2 . t i _1 . n o-t _2	(103)
h i-m _1 . l @: _1	(104)
t o _1 . l E-n _1	(105)
s` @: _3 . v a:-n _1	(106)
a: _1 . d_< E-n _1	(107)
ts\ a:I _1 . d_< @: _1	(108)
m a: _1 . v a: _1 . k a: _1	(109)
a: _1 . v i _1 . s E-n _1 . n @: _1	(110)
k @: _3 . r\ a: _1 . s` o-p _2 . s` @: _3 . k i _1	(111)
l u _1 . k a: _1 . s` i _1 . e _1 . v i-c _2	(112)
a:-n _1 . t i _1 . o-t _2	(113)
k a: _1 . l i _1 . G a: _1 . r\ i _1	(114)
z a: _1 . v OI _1 . s` @: _3 . k i _1	(115)
m E-k _2 . k a: _1 . t O _1	(116)
b_< a: _1 . k u _1 . n i-n _1	(117)
l o-k _2 . k @: _1	(118)
n a: _1 . b_< u-k _2 . h a:-t _2 . n e _1 . z a:-n _1	(119)
k o _1 . s @: _3 . r\ a: _1 . e _1	(120)
E-m _1 . m E-t _2	(121)
b_< e _1 . r\ u _1 . z a: _1	(122)
v a:I _1 . r\ a: _1 . b_< o _1 . d_< i _1	(123)
l a:-n _1 . G E-n _1 . d_< e _1 . r\ @: _1	(124)
b_< a:-n _1 . t a: _1 . n a:-n _1	(125)
s` @: _3 . t a:I _1 . n @: _1	(126)
b_< u _1 . n i-n _1	(127)
l E-t _2 . t @: _1	(128)
b_< @I _1 . k @: _1	(129)
m i-n _1 . G a: _1 . s` a:U _1	(130)
n e _1 . v a: _1 . d_< O _1	(131)
a: _1 . s` @: _1 . x a: _1 . b_< a:-t _2	(132)
m a: _1 . G @: _3 . r\ i-t _2	(133)
O-m _1 . b_< a:I _1	(134)
t_h a:U _1	(135)
m i _1 . t u-m _1 . b_< a: _1	(136)
t_h a: _1 . k @: _1 . r\ aI _1	(137)
h a: _1 . l i _1 . k a: _1 . n a: _1 . s @: _3	(138)
f @: _3 . n i _1	(139)
s` @: _3 . l u _1 . x o-t _2 . s @: _3 . k i _1	(140)
f @: _3 . r\ a:-n _1 . k o _1	(141)
b_< @: _3 . r\ @: _1 . u-t _2	(142)
m E-t _2 . n i _1 . k o-p _2	(143)
J\ E-k _6 . s i-n _1	(144)
G a: _1 . m o-p _2	(145)
r\ u _1 . h E-n _1 . G e _1 . r\ i _1	(146)
m u-n _1 . ts\ @: _3	(147)
a: _1 . r\ i-n _1	(148)
n e _1 . G i _1 . n a: _1	(149)
m aI _1 . s` @: _3 . n @: _1	(150)
G @: _3 . r\ i _1 . s @:-n _1	(151)
b_< i-t _2 . r\ a:I _1	(152)
b_< a:-n _1 . k a: _1	(153)
u _1 . G a: _1 . r\ i-t _2	(154)
n i _1 . k o _1 . l o _1	(155)
a: _1 . b_< @: _3 . r\ a:-m _1 . s @: _1	(156)
G i _1 . r\ o _1	(157)
v e _1 . n E-n _1	(158)
k u _1 . s i _1	(159)
G a: _1 . m a: _1	(160)
t @: _1 . r\ u _1 . m a:-n _1	(161)
b_< @: _1 . k i-n _1	(162)
z a: _1 . h i _1 . a: _1	(163)
n @I _1 . J\ @: _1 . b_< i _1	(164)
h a: _1 . J\ a:-m _1	(165)
t o _1 . r\ i _1 . n o _1	(166)
b_< @: _3 . l a: _1 . G o _1 . v E-t _2 . s` E-n _1 . k @: _1	(167)
G O-t _2 . z a:-t _2	(168)
n o _1 . r\ o _1 . d_< o-m _1	(169)
n a: _1 . G o _1 . J\ a: _1	(170)
f i _1 . a: _1 . n a: _1 . r\ a:-n _1 . s Oa: _1	(171)
b_< o-t _2 . k i-n _1	(172)
a: _1 . r\ i _1 . a:-n _1	(173)
b_< a: _1 . l E-t _2 . t i-n _1	(174)
b_< u@-k _2 . d_< i _1 . @: _1	(175)
m u _1 . t a: _1 . r\ e _1	(176)
r\ u-n _1 . d_< u _1	(177)
a: _1 . n o _1 . s o-p _2	(178)
k @: _3 . l a:I _1 . h a:-n _1 . s @: _1	(179)
k i _1 . w i-n _1	(180)
l E-n _1 . s` @: _3 . d_< e-n _1	(181)
m uI _1 . n a:-k _2	(182)
s` @I _1 . m O _1	(183)
i _1 . o _1 . f e _1	(184)
G o _1 . J\ a: _1	(185)
t aU _1 . l @: _1	(186)
k @: _3 . l o-t _2	(187)
l E-p _2 . z i-c _2	(188)
ts` a:-n _1 . s` @: _3 . v a: _1 . a:-n _1	(189)
n @-n _1 . s` @: _3	(190)
b_< u _1 . n i-c _2	(191)
m u-k _2 . d_< E-n _1	(192)
z a: _1 . r\ a: _1 . n i _1	(193)
r\ i _1 . v a:-t _2	(194)
f E-t _2 . n a-N _1 . d_< E-n _1	(195)
v a: _1 . l i _1 . r\ a: _1	(196)
m a: _1 . d_< i _1 . a: _1	(197)
f @: _3 . r\ a-N _1 . f @:-t _2	(198)
m a:-k _2 . s OE-n _1	(199)
b_< o _1 . w E-n _1	(200)
