k e l . l eo . m a n	(1)
m o . l e l	(2)
h o . j i	(3)
l a . i n . h a . l eu . t eu	(4)
s yu . b i . t eo . s eu	(5)
k eo . m i ng . s eu	(6)
e . s eu . l a	(7)
l i n . j i	(8)
m i l . s eu	(9)
p a . m i ng . t eo n	(10)
a . u . g u . s eu . t eu	(11)
g eu . l i . p i . s eu	(12)
h eo g . s eu l . l i	(13)
p eu . l e n . d eo . g a . s eu . t eu	(14)
h e l . g a	(15)
m i . l o n	(16)
m a l . l i	(17)
l e . b i n	(18)
k e . i . t i	(19)
s eu . t o g . t eo n	(20)
j o . m eo	(21)
b eu l . l eo m . b eo . g eu	(22)
m a . s eu . p e . l o	(23)
l e . o . n a . l eu . d o	(24)
l o . j i . e	(25)
a . d o . n i . s eu	(26)
s eu . t o . k o . p eu . s eu . k i	(27)
o . b e . l eu . t eu	(28)
t o ng . g a	(29)
b i l . l i ng . s eu	(30)
b a . yo n . n eu	(31)
b eu . j a ng . s o ng	(32)
a l . l i . n a	(33)
p a . b eu l . l o . b a	(34)
h i l . d e . b eu . l a n . d eu	(35)
s a l . wi n	(36)
k eu . l i . s eu . p i . n u . s eu	(37)
s e . d eu . l i g	(38)
b e . n i	(39)
m u . h a	(40)
