k e l . l eo . m a n	(1)
m o . l e l	(2)
h o . j i	(3)
l a . i n . h a . l eu . t eu	(4)
s yu . b i . t eo . s eu	(5)
k eo . m i ng . s eu	(6)
e . s eu . l a	(7)
l i n . j i	(8)
m i l . s eu	(9)
p a . m i ng . t eo n	(10)
a . u . g u . s eu . t eu	(11)
g eu . l i . p i . s eu	(12)
h eo g . s eu l . l i	(13)
p eu . l e n . d eo . g a . s eu . t eu	(14)
h e l . g a	(15)
m i . l o n	(16)
m a l . l i	(17)
l e . b i n	(18)
k e . i . t i	(19)
s eu . t o g . t eo n	(20)
