G a: _1 . s @: _3 . b_< @: _1	(1)
n o-p _2 . G o _1 . r\ o-t _2	(2)
a:-t _2 . z a: _1 . r\ i _1	(3)
b_< a: _1 . z o _1	(4)
z @: _1 . s i _1	(5)
b_< o-t _2 . s` @: _3 . t @:-n _1	(6)
k a:-k _2 . b_< E-n _1 . t a: _1 . r\ i _1 . a: _1	(7)
b_< u _1 . l aU _1 . @I _1 . o _1	(8)
r\ o _1 . s E-n _1 . b_< @:-t _2	(9)
b_< u _1 . x E-n _1 . v a:-n _1	(10)
h a: _1 . b_< @: _1 . m a:-t _2 . s` @: _3	(11)
m a:-t _2 . s @: _3 . k @: _1 . v a: _1	(12)
r\ a:-m _1 . s E-t _2	(13)
b_< @: _3 . r\ e _1 . l O-k _2	(14)
k a: _1 . z a:-n _1	(15)
a:I _1 . m i _1 . a: _1	(16)
k o _1 . m a:-n _1 . d_< o _1 . s` @: _3 . k i _1	(17)
ts\ E-k _2 . n 1 _1 . s` E-p _2 . s @: _3 . k i _1	(18)
m i _1 . r\ a: _1 . b_< o _1	(19)
u _1 . G a:-p _2	(20)
