b_< a: _1 . l i _1	(1)
z i _1 . s` EU _1	(2)
a:-n _1 . m @I _1 . d_< a: _1	(3)
h i _1 . r\ o _1 . h i _1 . t o _1	(4)
t u@ _1 . m o _1 . t u _1	(5)
m a: _1 . r\ i _1 . t a:-n _1	(6)
t_h EU _1	(7)
k @: _3 . r\ i _1 . s @: _3 . n a: _1	(8)
b_< e _1 . t i _1	(9)
ts\ @: _1 . n a:-N _1	(10)
b_< u-n _1 . s` E-n _1	(11)
n a:I _1 . w i-t _2	(12)
m a: _1 . r\ a: _1 . k a:I _1 . b_< o _1	(13)
b_< E-n _1 . d_< i-J _1	(14)
k i _1 . r\ o _1 . v a: _1 . k a:-n _1	(15)
m e _1 . z o-k _2	(16)
u _1 . t ui: _1	(17)
a: _1 . n u _1 . ts\ i-n _1	(18)
h u _1 . r\ o-n _1	(19)
G o _1 . l a:-n _1	(20)
t u _1 . w i-m _1	(21)
l e-c _2	(22)
h e _1 . v e _1 . s` i _1	(23)
u _1 . r\ 1 _1 . s o-n _1	(24)
m E _1 . l a: _1 . r\ E-n _1	(25)
s` i _1 . r\ e _1	(26)
m a:-t _2 . s` @: _3 . b_< e _1 . r\ o _1	(27)
v a:-k _2 . l a: _1 . m o-p _2	(28)
s` i _1 . G e _1 . f u _1 . m i _1	(29)
v a: _1 . l i _1 . r\ a: _1	(30)
b_< e _1 . G a: _1 . Oa:-n _1	(31)
k a:-p _2	(32)
h a: _1 . l i-t _2	(33)
b_< i _1 . E _1	(34)
f @: _3 . l E-t _2 . n @: _1	(35)
z a: _1 . k o _1 . b_< a:-J _1	(36)
a: _1 . d_< a:-m _1 . k i _1 . e _1 . v i-c _2	(37)
k a:U _1 . l a-k _2	(38)
v E-k _2 . s @I _1	(39)
b_< u _1 . s` @: _3 . k i-n _1	(40)
h ui: _1 . G E-n _1	(41)
m a: _1 . e _1 . s e _1 . n a:-t _2	(42)
t a: _1 . l 1-t _2	(43)
z a: _1 . k o _1 . m E-t _2 . t i _1	(44)
f @: _3 . r\ o _1 . x o _1 . r\ o-p _2	(45)
k a: _1 . r\ a: _1 . t a:-n _1	(46)
b_< u _1 . v @: _1	(47)
m o _1 . r\ E _1 . s @: _3 . b_< i _1	(48)
a: _1 . z @: _1	(49)
k a:-t _2 . s` @: _3 . m i@ _1	(50)
v i _1 . l a: _1 . r\ i _1	(51)
v a: _1 . r\ o _1	(52)
n i _1 . a: _1 . G a: _1 . r\ a: _1	(53)
k a:-p _2 . r\ i _1	(54)
b_< o _1 . n E _1	(55)
m a:-k _2 . s i-m _1	(56)
b_< i _1 . a: _1 . r\ i-t _2	(57)
k u _1 . b_< a: _1	(58)
a: _1 . b_< u _1 . r\ e _1	(59)
h u _1 . G o _1	(60)
a: _1 . m @: _1 . l i-J _1	(61)
m E-n _1 . s E-n _1	(62)
G @: _3 . l a: _1 . r\ i _1 . s E-k _2	(63)
b_< @: _3 . r\ i-t _2 . s` @: _3 . b_< @-n _1	(64)
n o _1 . v o _1 . n i _1 . k o _1 . l a: _1 . E-p _2 . s` @: _3 . k @: _1	(65)
b_< a: _1 . l u _1	(66)
b_< o-n _1 . d_< o _1 . n e _1	(67)
t_h e-m _1	(68)
n u _1 . k u _1 . a: _1 . l o _1 . f a: _1	(69)
l a: _1 . t u _1 . a: _1	(70)
k a: _1 . r\ a: _1 . s` u _1	(71)
G o _1 . s a: _1 . i-n _1 . t_h a:-n _1	(72)
k i _1 . t ue _1	(73)
b_< e _1 . l a: _1 . r\ u-t _2	(74)
f @: _3 . r\ a:-k _2 . h i-m _1	(75)
t a: _1 . s @: _3 . m a: _1 . n i _1 . a: _1	(76)
b_< o-N _1 . b_< i _1 . d_< u _1	(77)
k o _1 . t o _1 . n u _1	(78)
e _1 . d_< i _1	(79)
t a:I _1 . b_< a: _1	(80)
b_< @: _3 . r\ a: _1 . m a:-n _1	(81)
t a: _1 . G a:-n _1 . r\ o-k _2	(82)
m u _1 . r\ a: _1 . s a: _1 . k i _1	(83)
m i _1 . n o-t _2	(84)
b_< a:-k _2 . b_< u _1 . d_< a: _1	(85)
m a:U _1 . s` o-n _1	(86)
l i-t _2	(87)
m O-t _2 . t i _1 . l E-t _2	(88)
k i-p _2 . r\ E-n _1 . s` @: _3 . k i _1	(89)
a:-t _2 . t i _1 . l a: _1	(90)
b_< a: _1 . t a: _1 . l o-p _2	(91)
G a: _1 . l i _1 . l e _1	(92)
G i _1 . b_< E-k _2 . t i _1	(93)
m u _1 . h a: _1 . r\ a-k _2	(94)
G @I _1 . a: _1 . m i _1	(95)
t a: _1 . E _1 . G u _1	(96)
k a: _1 . r\ u _1	(97)
G a: _1 . r\ u _1 . d_< a: _1	(98)
s` @: _3 . v a:-n _1	(99)
G u _1 . l i-c _2	(100)
a: _1 . m a: _1 . r\ o _1	(101)
m a:I _1 . l O-n _1	(102)
m o _1 . r\ i _1 . z o _1	(103)
k a: _1 . l o _1 . o _1 . k a:-n _1	(104)
a:-t _2 . z a: _1 . r\ i _1	(105)
m e _1 . s u _1 . r\ a: _1 . d_< o _1	(106)
t u-k _2	(107)
l e _1 . o _1 . n i _1 . d_< o-p _2	(108)
h u-k _2	(109)
k o _1 . l u-m _1 . b_< i _1 . a: _1	(110)
l i _1 . b_< a-N _1	(111)
k e _1 . m u _1 . s u _1	(112)
b_< E-k _2 . m a:-n _1	(113)
b_< o-n _1	(114)
G o _1 . J\ a: _1	(115)
b_< o _1 . r\ i _1 . s o-p _2	(116)
J\ @-N _1	(117)
m a:-k _2 . t i-n _1 . s @:-n _1	(118)
m i _1 . n a: _1 . m a: _1 . t a: _1	(119)
ts` o-n _1 . h E-m _1	(120)
b_< a:-n _1 . z a-k _2	(121)
b_< a:-k _2 . b_< @: _1	(122)
z @I _1 . d_< @: _3	(123)
h i-t _2 . t i-t _2 . s` @: _3	(124)
b_< u _1 . r\ u _1 . r\ i _1	(125)
z E _1 . n i _1 . k a: _1	(126)
k i _1 . l i _1 . m a:-n _1 . z a: _1 . r\ o _1	(127)
v @: _3 . l a: _1 . d_< i _1 . v o-t _2 . s` @: _3 . t o-k _2	(128)
r\ a: _1 . s` i-t _2	(129)
m E-n _1 . G @: _1	(130)
z a: _1 . v a: _1 . d_< o-p _2 . s @: _3 . k i _1	(131)
b_< O-m _1 . b_< aI _1	(132)
b_< E-k _2 . n i _1 . n i _1	(133)
a:-n _1 . m a: _1	(134)
k a: _1 . l a:U _1	(135)
b_< a:-t _2	(136)
b_< a:-m _1	(137)
b_< @: _3 . r\ e _1 . z @: _1 . n E-p _2	(138)
z a: _1 . r\ a: _1 . t_h u-t _2 . s` @: _3 . ts` a: _1	(139)
n O-n _1 . t_h a: _1 . b_< u _1 . r\ i _1	(140)
f @: _3 . r\ a:I _1 . a: _1	(141)
n e _1 . v a: _1 . d_< a: _1	(142)
v E-k _2 . n a:-t _2 . s @: _3 . k i _1	(143)
G u-p _2 . t a: _1	(144)
a: _1 . r\ e _1 . n i _1 . u-t _2	(145)
b_< i _1 . z a-N _1 . t i-n _1	(146)
f O _1 . n i _1 . @: _1	(147)
b_< @: _3 . r\ i-n _1 . s E _1 . t @:-n _1	(148)
k a:-n _1 . v a: _1	(149)
E-t _2 . t i-J _1 . s` @: _3 . h a:U _1 . s` @:-n _1	(150)
a: _1 . k i-n _1 . k u-m _1	(151)
G e _1 . l i _1 . b_< o _1 . l u _1	(152)
r\ o _1 . s a: _1 . r\ i _1 . o _1	(153)
h u-p _2 . b_< o _1	(154)
l u _1 . J\ i _1 . t a: _1 . n i _1	(155)
G a:-t _2 . ts\ i _1 . n a: _1	(156)
m a: _1 . l o _1	(157)
z a: _1 . J\ a: _1 . v a:-k _2 . m a:-n _1	(158)
m a: _1 . v i-n _1	(159)
k a:-n _1 . d_< @: _1	(160)
i-n _1 . ts\ @:-n _1	(161)
h a: _1 . r\ i _1 . b_< u-n _1 . z a: _1 . J\ a: _1	(162)
k O-k _2 . s @: _1	(163)
b_< u _1 . x a: _1 . r\ a: _1	(164)
t a: _1 . k i _1 . z a: _1 . w a: _1	(165)
k a: _1 . s @: _3 . k a:-t _2	(166)
a: _1 . m a: _1 . t i _1	(167)
b_< @:-n _1 . s` @: _3 . t e _1 . i-n _1	(168)
a: _1 . l o-n _1 . z o _1	(169)
s` @: _3 . n i-t _2 . k i _1	(170)
s` @: _3 . t @: _1 . r\ a: _1 . s @: _3 . m a:-n _1	(171)
a:-k _2 . t i _1 . u-m _1	(172)
m a:-k _2 . m a: _1 . r\ a: _1	(173)
f u _1 . r\ i _1 . e _1	(174)
b_< a: _1 . l i _1	(175)
n a: _1 . x i _1 . ts\ e _1 . v a:-n _1	(176)
x a: _1 . b_< a: _1 . r\ o-p _2 . s @: _3 . k i _1	(177)
n O _1 . z i _1 . @: _1	(178)
a: _1 . d_< e _1 . n a:U _1 . @: _1	(179)
k o _1 . m @: _1	(180)
v O-n _1 . t E _1 . r\ a: _1	(181)
ts\ i _1 . n i-t _2	(182)
t a:-n _1 . G e _1	(183)
k i _1 . r\ E-n _1 . s` @: _3 . k @: _1	(184)
G i _1 . o _1 . k u _1 . d_< o _1	(185)
b_< i _1 . k e _1 . n i _1 . b_< e _1 . u _1	(186)
k o-N _1 . s @: _3 . t a-N _1 . t i _1 . n o-p _2	(187)
h e _1 . G @: _1	(188)
m e _1 . s e _1 . t a: _1	(189)
n i-n _1	(190)
G @: _3 . l E-n _1	(191)
E-t _2 . m o-N _1	(192)
v a: _1 . G a: _1 . n o _1 . v a: _1	(193)
m i-t _2 . t @: _1 . r\ a-N _1	(194)
n i _1 . a: _1 . r\ i-t _2	(195)
b_< o _1 . r\ o _1 . d_< i _1 . n o _1	(196)
b_< a:-n _1 . G i _1	(197)
G i _1 . s e _1 . n i _1	(198)
m a: _1 . s` @: _3	(199)
G u _1 . n O-t _2	(200)
b_< i _1 . n E-t _2	(201)
b_< a-N _1 . k o-k _2	(202)
k a: _1 . n e _1 . r\ i _1 . a:-t _2	(203)
b_< a-m _1 . b_< a: _1 . r\ i _1	(204)
n a: _1 . s e _1	(205)
m o-N _1 . t a: _1 . J i _1 . e _1	(206)
b_< i _1 . z a: _1 . r\ o _1	(207)
s` i _1 . m a: _1 . n o-p _2 . s @: _3 . k i _1	(208)
t o _1 . b_< a: _1 . G o _1	(209)
b_< i _1 . G @: _1	(210)
G u@ _1 . d_< a:-n _1 . k i _1 . v i@ _1	(211)
t a: _1 . ts` a:-t _2 . s` @: _3	(212)
v i-t _2 . s` @: _3 . k O-n _1 . t i _1	(213)
b_< @: _3 . r\ u-t _2 . s` @: _3 . t @: _1	(214)
m a:-k _2 . n @: _1	(215)
b_< a: _1 . t i _1 . s @: _3 . t a: _1	(216)
l u _1 . s a: _1 . k a: _1	(217)
k u _1 . l i _1 . k o _1 . v o _1	(218)
ts\ a-k _2 . r\ i _1	(219)
G @: _3 . r\ o-t _2	(220)
n a:-t _2 . s` a-k _2 . d_< o _1 . r\ i _1	(221)
t a:I _1 . l O _1	(222)
b_< a: _1 . t_h @: _1	(223)
a: _1 . G a: _1 . n a: _1	(224)
s` @: _3 . v a:-k _2	(225)
h a-n _1 . s @: _1	(226)
m a: _1 . h a: _1 . z a:-n _1 . G a: _1	(227)
G @: _3 . l u-k _2	(228)
b_< o _1 . b_< o-p _2	(229)
f i _1 . l a: _1 . t o-p _2	(230)
h a:U _1 . s` @: _3 . h o _1 . f @: _1	(231)
O-n _1 . n E-t _2	(232)
l a:I _1 . m @: _1 . r\ i-t _2	(233)
m a:-k _2 . k e _1 . l i _1 . u-t _2	(234)
m a:-k _2 . s OE-n _1	(235)
z u _1 . l E-t _2	(236)
z E-n _1 . G a: _1 . v a: _1	(237)
b_< a:U _1 . l o _1	(238)
k E-n _1 . d_< @: _3 . r\ iU _1	(239)
b_< i@ _1 . m @: _1	(240)
h o-p _2 . s @: _1	(241)
k a: _1 . n a: _1 . r\ i _1 . a: _1	(242)
a:-k _2 . m e _1 . n i _1 . a: _1	(243)
b_< e _1 . ts` a:-k _2 . k a: _1	(244)
G i _1 . n a:-n _1	(245)
f @: _3 . r\ E-t _2 . l @: _1	(246)
k @: _3 . l a: _1 . r\ a: _1	(247)
n i _1 . k o _1 . l a: _1 . u-t _2	(248)
h e _1 . G u-t _2	(249)
b_< a: _1 . r\ i _1 . t o _1	(250)
b_< o _1 . l i _1 . k @: _3 . l @I _1 . t o-t _2	(251)
r\ i-m _1 . b_< a:U _1	(252)
n i _1 . a: _1 . s` a: _1	(253)
b_< o _1 . d_< E-n _1	(254)
k o _1 . r\ e _1 . l i _1	(255)
r\ @I _1 . l @I _1	(256)
f @: _3 . l aU _1 . t a: _1 . x @: _1	(257)
s` o-n _1 . b_< @:-t _2	(258)
k o _1 . b_< E-t _2	(259)
ts` a:-n _1 . k E-t _2	(260)
h E-k _2	(261)
b_< e _1 . r\ u-t _2 . s @: _1	(262)
E _1 . e _1 . r\ o _1	(263)
f @: _3 . r\ a-N _1 . s @: _1	(264)
m e _1 . s i _1 . k o _1	(265)
b_< a:-n _1 . b_< Oa: _1	(266)
k uI _1 . l u _1	(267)
b_< a: _1 . z E-n _1	(268)
f e _1 . l i-J _1	(269)
m i _1 . n i-n _1	(270)
J\ a: _1 . t E-n _1 . G a: _1	(271)
m a: _1 . r\ i-n _1 . s` @: _3 . k i _1	(272)
l @I _1 . t @: _3	(273)
h a:I _1 . @: _1 . r\ O _1 . n i _1 . m u-t _2	(274)
l i _1 . k @I _1 . o-t _2	(275)
a: _1 . b_< e _1	(276)
t @: _1 . r\ i _1 . s @: _3 . t a:-n _1	(277)
m e _1 . s i _1 . a:-n _1	(278)
ts\ i _1 . k a: _1 . m a:-t _2 . s 1 _1	(279)
l E _1 . s @: _3 . b_< i _1 . a: _1	(280)
v a: _1 . s a: _1	(281)
k i _1 . s` i-n _1 . z o-p _2	(282)
a: _1 . s u@ _1	(283)
b_< a: _1 . k u _1 . l E-p _2	(284)
a:-t _2 . t i _1 . k a: _1	(285)
h aI _1 . d_< @:-n _1	(286)
u _1 . ts` E-t _2	(287)
b_< a:I _1 . r\ @:-n _1	(288)
n e _1 . f u-t _2	(289)
r\ u-n _1 . d_< u _1	(290)
s` a: _1 . f @: _3 . r\ a:-n _1	(291)
b_< u _1 . d_< a: _1 . b_< E-t _2	(292)
ts` ui: _1 . f o _1	(293)
a: _1 . b_< a: _1 . J\ a: _1	(294)
b_< o _1 . t i _1 . s E _1 . l i _1	(295)
r\ a: _1 . z E-n _1 . d_< @: _3 . r\ a: _1 . v a:-k _2 . m a:-n _1	(296)
s` a: _1 . b_< o _1 . r\ i-n _1	(297)
k e _1 . n i _1 . a:-t _2 . t a: _1	(298)
EU _1 . b_< @:-t _2	(299)
s` E-n _1 . d_< @: _1	(300)
t u@ _1 . k u _1	(301)
a: _1 . m o _1 . G a: _1 . v a:I _1 . r\ a: _1	(302)
k a: _1 . r\ a: _1 . k u-m _1	(303)
m a:-n _1 . d_< E _1	(304)
G ui: _1 . a:-n _1	(305)
h a:I _1 . n @: _1	(306)
r\ E-t _2 . s` @: _3 . b_< i _1 . G i _1	(307)
b_< e _1 . r\ u _1 . z a: _1	(308)
b_< E-t _2 . G E-n _1	(309)
l a: _1 . n i _1 . E-n _1	(310)
f i _1 . a: _1	(311)
z u _1 . b_< a:-n _1	(312)
k a: _1 . r\ @: _1 . f O _1	(313)
i _1 . s` a: _1 . k i _1 . E-p _2 . s` @: _3 . k i _1	(314)
r\ a: _1 . m a: _1 . b_< i _1 . t_h a: _1 . k @:-t _2	(315)
a:-k _2 . m E-t _2	(316)
h a:-k _2 . k i-n _1	(317)
EU _1 . b_< @:-t _2	(318)
t a: _1 . s @: _3 . m a:-n _1	(319)
b_< a:-n _1 . d_< a: _1	(320)
G O _1 . a: _1	(321)
k a:-k _2 . s @: _3 . k @: _1	(322)
t a: _1 . G a: _1	(323)
l i-n _1 . d_< @: _1 . m a:-n _1	(324)
b_< o-n _1 . r\ i _1 . k i _1	(325)
k o-N _1 . G a: _1	(326)
a: _1 . s i _1 . a: _1	(327)
f @: _3 . r\ a: _1	(328)
m a: _1 . r\ a: _1 . n o _1	(329)
s i-n _1 . G u _1	(330)
l O _1 . r\ E-n _1 . s @: _1	(331)
b_< O _1 . G @: _3 . l u-m _1	(332)
k a:-k _2 . b_< o _1 . n i _1 . e _1	(333)
x o _1 . r\ E _1 . z @: _1 . m i _1	(334)
k u _1 . s` @: _3 . k o _1	(335)
b_< @: _3 . l u-m _1 . f iU _1	(336)
r\ a: _1 . v i _1	(337)
n a: _1 . G O-t _2 . n a:I _1	(338)
l i-m _1 . b_< o _1 . b_< o _1	(339)
m i _1 . G e _1 . l i _1 . t o _1	(340)
b_< a:-k _2 . s e _1 . l o _1 . n a: _1	(341)
k O-t _2 . z i-n _1 . s` @: _3 . k i _1	(342)
k a: _1 . b_< i _1 . l a: _1	(343)
k @: _3 . l a:-k _2	(344)
G i-n _1 . m i-t _2	(345)
k o _1 . l i _1 . m a: _1	(346)
r\ o-t _2 . s o _1	(347)
i-c _2 . t i _1 . n o-t _2	(348)
b_< E-k _2 . n a:-t _2	(349)
G a: _1 . r\ i _1 . b_< a:-n _1 . d_< i _1	(350)
G a:-n _1 . t o-N _1	(351)
a: _1 . l a: _1 . s @: _3 . k a: _1	(352)
k @: _3 . l o-t _2	(353)
s` u _1 . x o-p _2	(354)
G @: _3 . r\ o _1 . t_h E-n _1 . d_< i-c _2	(355)
k a: _1 . m u-t _2	(356)
v E-k _2 . z i _1 . l i _1 . u-t _2	(357)
u _1 . d_< o-N _1	(358)
t u-n _1 . s i _1 . d_< a:-t _2	(359)
b_< E-k _2 . z @: _1 . r\ a-k _2	(360)
v i _1 . l a: _1 . n u _1 . v @: _1	(361)
b_< @: _3 . l OI _1 . s` @: _3	(362)
a: _1 . m a: _1 . d_< o _1	(363)
ts\ a: _1 . G u _1 . a: _1 . n a:-t _2	(364)
m i-t _2 . k o _1 . v i-c _2	(365)
G O-t _2 . k i _1	(366)
m E-n _1 . d_< E-n _1 . s @:-n _1	(367)
b_< e _1 . r\ o-p _2	(368)
v @:-n _1 . t a: _1 . v a: _1	(369)
v o _1 . z @: _3 . r\ o _1 . z @: _1 . d_< e _1 . n i _1 . a: _1	(370)
m a: _1 . s E _1 . l o _1	(371)
b_< E-p _2 . s` @: _3 . n @: _1	(372)
m o _1 . r\ a: _1 . v a: _1	(373)
r\ a:-n _1 . t e _1 . k O-m _1 . b_< o _1 . l a: _1	(374)
x i _1 . v a: _1	(375)
b_< u-n _1	(376)
i _1 . v a: _1 . s` @: _3 . k i _1 . e _1 . v i-c _2	(377)
t i@ _1 . s` o _1	(378)
s` u _1 . b_< i-n _1	(379)
f @I _1 . m a:-n _1	(380)
m a: _1 . d_< o-k _2	(381)
k @: _3 . l E _1 . v @: _1	(382)
v o _1 . r\ o-n _1 . k a: _1	(383)
ts` @:-n _1 . k a: _1	(384)
k EU _1	(385)
m iU _1	(386)
t u _1 . r\ a:-n _1	(387)
u _1 . k a: _1 . J\ a: _1 . l i _1	(388)
n a:U _1	(389)
z u _1 . v @: _1	(390)
v @: _3 . l a: _1 . d_< i _1 . m i@ _1	(391)
b_< e-c _2	(392)
t @: _1 . r\ a:-n _1 . s @: _3 . k @I _1	(393)
m a: _1 . k i _1 . m o _1 . n o _1	(394)
u@ _1 . m i _1 . z a: _1	(395)
n a: _1 . m i _1 . b_< @: _1	(396)
a: _1 . r\ i-t _2 . t o-t _2	(397)
u _1 . r\ a: _1 . t u _1	(398)
G o _1 . b_< @: _1 . l a:-J _1	(399)
k a: _1 . l a: _1 . b_< a:-n _1	(400)
