h ae . t eu n	(1)
h eo l . l i	(2)
l a . i . s eu	(3)
s i . g eu . m eo n . d eu	(4)
m a . j a . l eu	(5)
m eo . u	(6)
p eu . i . g eu	(7)
a . i . l i ng	(8)
i . l a . k eu	(9)
s yu . m i . t eu	(10)
g a . i . a . n a	(11)
g a . s eu . t o ng	(12)
l i s	(13)
b ae . s eu	(14)
l o . s eu	(15)
g u . t e n . b e . l eu . k eu	(16)
b a . i . d eu n	(17)
m a l . l o n	(18)
ch a . i . s eu	(19)
k wi n	(20)
