t i _1 . a: _1 . G o _1	(1)
n @: _1 . f O-k _2	(2)
h a:-n _1	(3)
m o _1 . r\ E _1 . s @: _3 . b_< i _1	(4)
m i-n _1 . k o-p _2 . s` @: _3 . k i _1	(5)
b_< i _1 . ts\ @: _1	(6)
l i _1 . k i _1	(7)
n i _1 . k o _1 . l a: _1 . u-t _2	(8)
b_< u _1 . s` @: _3 . k i-n _1	(9)
h o _1 . b_< o _1 . k @:-n _1	(10)
k u _1 . b_< a: _1	(11)
b_< a: _1 . l E-k _2 . m o _1	(12)
k a:-k _2 . s @: _3 . k @: _1	(13)
b_< u-t _2 . l e _1 . r\ o-p _2	(14)
G E _1 . l i _1 . a:-N _1	(15)
m o-n _1 . d_< @: _3 . r\ i _1 . a:-n _1	(16)
v E-k _2 . d_< i _1	(17)
m a:-n _1 . h a: _1 . n i _1	(18)
b_< a:-c _2	(19)
l e _1 . o _1 . n i-t _2	(20)
r\ o-t _2 . s` @: _3 . t o-p _2	(21)
b_< a-k _2 . s @: _3 . t @:-n _1	(22)
v i _1 . s @: _3 . n u _1	(23)
b_< i _1 . s @: _3 . k u _1 . b_< i-n _1	(24)
t o _1 . s @: _3 . k a: _1 . n a: _1	(25)
l e _1 . d_< a-k _2	(26)
b_< i _1 . a: _1 . r\ i-t _2	(27)
v O-n _1 . t E _1 . r\ a: _1	(28)
a: _1 . r\ a:-k _2 . s @: _1	(29)
a:-n _1 . n E _1 . s i _1	(30)
b_< a: _1 . s @: _3 . k u _1 . a: _1	(31)
h a:I _1 . d_< E-n _1 . b_< @:-t _2	(32)
a: _1 . d_< @: _1	(33)
O _1 . r\ i-n _1 . z @: _1	(34)
b_< E-k _2 . w E _1 . r\ EU _1	(35)
l a:-t _2 . v i _1 . a: _1	(36)
b_< e _1 . ts` a:-k _2 . k a: _1	(37)
n a: _1 . r\ @: _1 . v i-c _2	(38)
m i _1 . l a:-n _1	(39)
b_< e-c _2	(40)
