l eo . n i . eo	(1)
d wi . m o ng	(2)
d a . l eu m . s yu . t a . t eu	(3)
s yu . t e . p i	(4)
b i . e . l eu . k eu . n e . s eu	(5)
n e l . l i	(6)
s eu . p i . g e l	(7)
b e l . p o	(8)
k o l . d eo	(9)
l o . t i . o	(10)
b a ng . b i l	(11)
u l . l i . k eu	(12)
s yu . eo l	(13)
d ae . b eu n . p o . t eu	(14)
e l . l a	(15)
e . l i . h i	(16)
g o . ch o l . l i	(17)
s eu . b e . b o	(18)
s i l . b e . s eu . t eo	(19)
h a . wa . i	(20)
b a . l e s	(21)
p i . k eo . l i ng	(22)
m a . i . k eo l . s eu n	(23)
l eo m . j i	(24)
ae . b eo . k eu . l o m . b i	(25)
s a l . l i m	(26)
g e . i	(27)
ae l . l i . s ya	(28)
d eu . l e . i . p eo	(29)
l a . d i . s eu l . l a . p eu	(30)
b e l . l a . ya . t i	(31)
p i l	(32)
m a l	(33)
l o . j eo . s eu	(34)
m e n . d o . j a	(35)
wi . eo	(36)
b eu . l u . s eu	(37)
d o n . b u . s i	(38)
i . ch eu . h a . k eu	(39)
n o . t eo n	(40)
o . l e l . l i . a	(41)
i ng . g eu . l ae m	(42)
s ya ng . p o l . l i . o ng	(43)
l ae m	(44)
j yu . k eu . s eu	(45)
k o l . l i . j i	(46)
a . p e l	(47)
b eo . s eu . t a . i n	(48)
p a . b i . a n	(49)
o . h a . p eu	(50)
a l . p eu	(51)
d wi . m a	(52)
g a . m a	(53)
ae . t a	(54)
l e . t eu . n eo	(55)
p u . l eu . m a . n o . p eu	(56)
l e . h eu	(57)
n o . n o	(58)
l u . i . j e	(59)
s eu . p a . k eu	(60)
p i . l eu	(61)
l i . k a	(62)
a . u . k e n	(63)
a . j e . l eu . b a . i . j a n	(64)
b eu . l u . n i	(65)
a . u . g u . s eu . t eu	(66)
g eu . l i l . l i	(67)
yu . n i . s eu	(68)
m a . s o ng	(69)
b a b . s eu	(70)
n o . l a	(71)
b e . l eu . g e n . g eu . l wi n	(72)
l e . b i n	(73)
e l . j eu . m i . eo	(74)
a l . b eo . t eu	(75)
b a . i . eo . s eu	(76)
b eu . l o . g eu l . l i	(77)
yu . s e . p eu	(78)
m e . d i . ch i	(79)
l eo . b eo g	(80)
p o . s e	(81)
a n . j e . ye . p eu . s eu . k i	(82)
s a . i . m i ng . t eo n	(83)
a ng . t u . a . n e . t eu	(84)
s eu . t ae n . p eo . d eu	(85)
s i . m a . n o . p eu . s eu . k i	(86)
d i . l i . k eu l . l e	(87)
l eu . n a ng	(88)
s eu . t eo . l i ng	(89)
l a . u . l a	(90)
s eu . t o g . we l	(91)
d i . e . g o	(92)
l i . eo . l i	(93)
s a l . m a n	(94)
p o l . l a . n i	(95)
d a . l i n	(96)
a . s yu . l a . p eu	(97)
l o m . b a . l eu . d i . a	(98)
e n . l i . k e . s eu	(99)
i . s eu . t a n . b u l	(100)
b e . i l	(101)
l o . j eu	(102)
k eu l . l u . j o	(103)
p o	(104)
g e . l a	(105)
h o . eo	(106)
b a . i . eo . s yu . t eu . l a . s eu	(107)
b i . yo . l eu . k eu . l u n . t eu	(108)
l o . d i	(109)
k a . s eu . t i l . l i . o . n e	(110)
k e . i . t eu n	(111)
p eu . l a n . t eu l	(112)
g eu . l ae . s eu	(113)
g o . s eu	(114)
k e . i . ch eu	(115)
p o l . l o	(116)
b e n	(117)
m o . l a	(118)
b a . g a	(119)
o . l eu . t a	(120)
b i ng	(121)
a . s o	(122)
h e . i . g eu	(123)
h a . k o . t eu	(124)
p o ng . t e n	(125)
h o b . h a . u . s eu	(126)
s yu . m e . i . k eo	(127)
p a . p i . n i	(128)
p o . j i . a	(129)
m eo . g eo n . t a l . l eo	(130)
l o . l i . t a	(131)
l e m . b eu . l u . k eu	(132)
h o l . l i ng . wo . s eu	(133)
h a . t eu	(134)
b u . h eu . n eo	(135)
p eu l . l a ng . k eu	(136)
k a . n a . l o	(137)
b o . i . eo	(138)
i . g eu . n a . t i . ye . p eu	(139)
s yu l . l o . m o	(140)
d a n	(141)
m e ng . g eo	(142)
ch e . s eu	(143)
g o . b i	(144)
j o . s u . a	(145)
m ae g . m i l . l a n	(146)
p ae ng . k eu . h eo . s eu . t eu	(147)
k a . l a m . j i n	(148)
p e . l eu . d i . n a n . d eu	(149)
l i m . b u . l eu . h eu	(150)
n e . l u . d a	(151)
a . p e n . j e l . l eo	(152)
wi l . m a	(153)
yo . p e	(154)
m a . s eu . p e . l o	(155)
l o . d eu	(156)
b eu . l eu . n o	(157)
m o . j eo	(158)
k u . l eu . t eu	(159)
b a . b i l . l o . p eu	(160)
g eu . l i . g eu	(161)
g u . s eu	(162)
p i . l eu . k e	(163)
k o n . s eu . t a n . t i . n e . s eu . k u	(164)
a . m i . yo	(165)
m a . j eo . l i	(166)
b i l . l i ng . s eu	(167)
p eu . l e . g eu l	(168)
e n . b i . k eu	(169)
s e . g u . l a	(170)
i n . d o . n e . s i . a	(171)
m e . l eu . k u . l i	(172)
k a m . b i . a . s o	(173)
b o . l o . n i n	(174)
s yu . t a . i n	(175)
m a . n a . g wa	(176)
l o . ch e	(177)
g eu l . l e n . d e . i l	(178)
l o m . b a . l eu . d o	(179)
h a . t eu	(180)
g o . p u	(181)
a l . b e . l eu . b i l	(182)
j e . l eo l . d eu	(183)
s a . l eu . n e . i	(184)
n a . n a	(185)
ae n	(186)
p u l . l eo . t eo n	(187)
t i m . b u	(188)
d ae . ch eo	(189)
p i . e . t eu . l o	(190)
h o l	(191)
n e . k e . l eu	(192)
s eu . wa n . s eu n	(193)
m ae . s yu . s eu	(194)
p eu . l u n . d i . ch i	(195)
b eu . l u . h eu	(196)
g o n . s a l . b e . s eu	(197)
b a . t i	(198)
a . i . j e n . s yu . t a . i n	(199)
p o l . l i	(200)
d eu . l o ng	(201)
j i . g e n	(202)
b o . t e	(203)
b e l . l o	(204)
d i l . l i . eo . s eu	(205)
a . d o . l eu . n o	(206)
g o . m u . u . k a	(207)
d i . p ae g	(208)
h e n . j e l	(209)
s eu . t ae n . d eu n	(210)
k eu . l i . s eu . p i . n u . s eu	(211)
p eu . l o . h o . l o . p eu	(212)
p e l . l i g . s eu	(213)
b e . g i n	(214)
m e . s eu . k i . t a	(215)
wi s	(216)
h o . s eu . k i n . s eu	(217)
m a . l eu . t i n	(218)
wi l . b eo . p o . s eu	(219)
g a . i . b e l	(220)
a . i . l i ng	(221)
b a ng . g eu l . l a . d e . s i	(222)
i b . s e n	(223)
ch e . i m . b eo . s eu	(224)
t e . n e . s i	(225)
s eu . n o . d eu n	(226)
l a . b u . a . j i . e	(227)
m a . l eu . k o	(228)
g o . l eu . ch a . k o . p eu	(229)
k eu . l i m	(230)
b i . e l	(231)
h o l . l eo . we . i	(232)
l i . o . n e	(233)
m a l . b eu . l a ng . s yu	(234)
a l . h e . s i . l a . s eu	(235)
ae . g eu . n yu	(236)
k a m . p a . n e l . l a	(237)
k e . i m . b eu . l i . j i	(238)
k a . l eu . m e l	(239)
m e . n yu . i n	(240)
s ya . p eu . t a l	(241)
t i n . b eo . g e n	(242)
m i . n i . ae . p o l . l i . s eu	(243)
m i . ch i . e	(244)
l i . j a	(245)
b o l . d eu . wi n	(246)
t i . s yu . b a . i n	(247)
l a . p i . k eu	(248)
e . d eu . m eo n . t eo n	(249)
s ae . k eu . l a . m e n . t o	(250)
s wi l . l a	(251)
i . j a . b e l	(252)
b eu . l o n . ch i . n o	(253)
a . m i . l eu	(254)
b i n . d e l . b a n . t eu	(255)
t e . l i	(256)
k i l . p i . n e n	(257)
g eu . l o . s eu	(258)
m a . k a . l o . p eu	(259)
h eo . t eu	(260)
i . s eu l . l a . m a . b a . d eu	(261)
k i l . k e . n i	(262)
l i . yo ng	(263)
p a . b eu . l i	(264)
b i g	(265)
k e . n e . d i	(266)
s yeo l . l o g	(267)
l ae ng . k eo . s yeo	(268)
s yu . t eu	(269)
m o . i	(270)
t e . l e . s a	(271)
a n . t o . n o . p eu	(272)
d o . s e . t eu	(273)
b u . h eu	(274)
m o ng . t e . s eu . k i . oe	(275)
g eo . s yu . wi n	(276)
h eo n . t i ng . t eo n	(277)
d e l . l i . a	(278)
g o . d eu . wi n	(279)
s yo . k eu l . l i	(280)
p eu . l a . u n . h o . p eo	(281)
b o l . p eu . g a ng	(282)
m ae . s i n . j eo	(283)
s eu . b e n . s o n	(284)
d i g . s i . t eu	(285)
b o . ch eu . wa . n a	(286)
n yu . l ae n . d eu	(287)
m a n . d e l . l a	(288)
ae . s eu . t eo n	(289)
m ae . k o l . l i	(290)
p o . l eu . s ye	(291)
g e . l eu . b i . n u . s eu	(292)
p o . g a . ch a . l o	(293)
d a l . l eo	(294)
t e . s eu . t a	(295)
g a . t o	(296)
m ae . s a . ch u . s e . ch eu	(297)
ye . l u . s a l . l e m	(298)
b eo . k eu	(299)
a ng . t u . a n	(300)
k a . n e . t i	(301)
h e . d i	(302)
i . g eu l . l e . s i . a . s eu	(303)
h o l . l i . d e . i	(304)
m i . h eu . n i . k eu	(305)
l i . ch eo . d eu	(306)
l a . b e l	(307)
l a . i . h i . s yu . t a . i n	(308)
g eu l . l o . b eo	(309)
b e . n e s	(310)
o . t eu	(311)
t o n . t eo n	(312)
j i	(313)
b eu . l e . j u . n e . p eu	(314)
m e n . d e l . j o n	(315)
j e . i	(316)
m o n . t i	(317)
we b . s eu . t eo	(318)
l u . i . s eu	(319)
b a . i n . g a . l eu . t eu . n eo	(320)
k ae m . b e l	(321)
a . l o ng	(322)
d i . n a	(323)
s eu . t e . b i n	(324)
yo . a . k i m	(325)
s i n . d i	(326)
yo . s e . p eu	(327)
h a . wo . d eu	(328)
h o . j i . s eu n	(329)
h e . k e l	(330)
b a . s o	(331)
l a . m o	(332)
s eo . t eu	(333)
n o . p eo g	(334)
p a . l eu . m a	(335)
k a . b a . n a . s eu	(336)
b i . b eo	(337)
n a . g e l	(338)
k a . l a . ch i	(339)
a . l eu . m e n	(340)
b eu . l e . i . eo	(341)
p o . u . i . s eu	(342)
i . s eu . m a . i l . l i . a	(343)
n o . s eu . k eu l . l i . p eu	(344)
n e . b eu . l ae . s eu . k a	(345)
i . b e . tt eu	(346)
l i b . s eu	(347)
e . l eu l . l i . h i	(348)
m o l . d e n	(349)
b o l	(350)
k o . m o . l o	(351)
j o . n i	(352)
e . s eu . l a	(353)
l e . n i n	(354)
b e . l eu . n a . l eu . t eu	(355)
h a . i m	(356)
i . g o . l eu	(357)
s yu . m i . t eu	(358)
b eu . l u . k eu . n eo	(359)
a . l eu . b u . j o . p eu	(360)
p o . t eu . m a n	(361)
p a . i . k eu	(362)
l o l . l i n . s eu	(363)
b eu . l eu . g o . b u . a	(364)
s o . i ng . k a	(365)
ae . d eu l . l e . i . d eu	(366)
m eo l . l o . n i	(367)
k a . l eu l . l o . s eu	(368)
j i . l a . d eu	(369)
p o . t eo	(370)
g eu . l i l . p a . l eu . ch eo	(371)
s a . b o . n a . l o l . l a	(372)
k o n . ch a	(373)
s e . n e . g a l	(374)
i . l eu . k u . ch eu . k eu	(375)
m a . k i . a . b e l . l i	(376)
h u . a n	(377)
l i ng . k eo n	(378)
m eo m . p eo . d eu	(379)
g wi . yo	(380)
p a l . k o . n e	(381)
p e . g i	(382)
g o n . ch a . l o . p eu	(383)
b o . l eu . h a	(384)
g a l	(385)
k e . i l	(386)
l a . s eu . we l	(387)
h i n . s yeo l . u . d eu	(388)
a . d o l . p eu	(389)
g i . n i	(390)
l a . m a . l eu . t i n	(391)
j e . i . d eu	(392)
a . s eu . t eu . l a . h a n	(393)
k ae . l i	(394)
e . i l . l i n	(395)
m u . l i . yo	(396)
d wi . k o . m oe ng	(397)
k a . l a	(398)
m i . l o n	(399)
m o . l eu . d eu . g ae	(400)
g eu l . l i . k eu . m eo n	(401)
p eo . k i n . s eu	(402)
ya n . s o n	(403)
d o . b eu . s eu n	(404)
wi . b e . l eu	(405)
m a . s i	(406)
l a . d e . m a . h eo	(407)
d e . m e l	(408)
s u . j i	(409)
e . k e . l eu . t eu	(410)
p e . l eu . g o l . l e . s i	(411)
m a . l eu	(412)
s eu . t a . u b	(413)
b e . l eu . ye . l o n	(414)
d o . l eu . t eu . l e . h i . t eu	(415)
h e n . l e	(416)
e . d i . s eu	(417)
b a . d a . h o . s eu	(418)
l i . b e . l a	(419)
b a l . l e . l o	(420)
n e . b eu	(421)
i . s o l . l a	(422)
l a . h o . l eu	(423)
g eu l . l a s . k o . p eu	(424)
s a . b e . d eu . l a	(425)
b e l . l a	(426)
e . k eu . m a n	(427)
a n . t o . n e . s eu . k u	(428)
b i . s eu . b a . d e n	(429)
ch e . i m . b eo l . l i n	(430)
l o . s i	(431)
b eu . l i . s eu	(432)
b e . d o . s eu	(433)
g i b	(434)
e l . s eu	(435)
l i . b eu . s eu	(436)
e . s eu . p o . s i . t o	(437)
d o ng . b a ng	(438)
l a n . t eu . s yu . t a . i . n eo	(439)
t ae . p eu . t eu	(440)
s eu . k i . ch eu . b e . l eu . g e n	(441)
s eu . t eu . l i g	(442)
b i . n e	(443)
p u . p i n	(444)
o . m a	(445)
wa . l i	(446)
b a . u . m a n	(447)
k i . p eo	(448)
b a . k eu . s yeo	(449)
l i . s ye	(450)
d o . l i . s eu	(451)
ae n . j e l . l u	(452)
b eo n . ch i	(453)
k o . s eu . t a	(454)
h o . b a . t eu	(455)
b e . l eu n	(456)
p a m . p a . s eu	(457)
k i . t i	(458)
d a . b i . d e	(459)
p eu . l a n . t i . s e g	(460)
t a m	(461)
b a . l eu . s ya . b a	(462)
n a . h u m	(463)
t a . i . t e l . b a . u m	(464)
i n . d i . l a	(465)
b o . j eu . wo . s eu	(466)
b a l . m eo	(467)
k a . l e l	(468)
d e . i . b i . s eu n	(469)
h e b . wo . s eu	(470)
b a . ya . l eu	(471)
n yu . k eo . m eo n	(472)
l i . ch eo	(473)
k e . i n	(474)
ch u . b a . s yu	(475)
p e ng . k eu	(476)
k u . l eu . t i . u . s eu	(477)
b e . l eu . t eu . h a . i . m eo	(478)
g eu . l e . i n . j eo	(479)
g eu . l e . t wi . j ae ng	(480)
p i . s eu . k eu	(481)
e n . t e . b e	(482)
l e . o . p a . l eu . d i	(483)
h a . s a n	(484)
d o . l i . a	(485)
b o g	(486)
k o n . s eu . t a n . t i n	(487)
b o . p eu	(488)
j o . s wi	(489)
b eu . l i . t eu n	(490)
m o ng . g o	(491)
b eu . wa . j ae ng	(492)
e l . l i . e . j e . l eu	(493)
h a . n o . b eo	(494)
l eo . s e l	(495)
l u . g a	(496)
s yu . b a . b e	(497)
e ng . g e l . s eu	(498)
k a n . t o	(499)
b u . l eu . n o ng . b i l	(500)
g e . l eu . ch e n	(501)
k e . b i n	(502)
m i . l a . b o	(503)
d i . a . s eu	(504)
i . o n	(505)
ya . n i ng . s eu	(506)
s eu . n a . i . d eo	(507)
b o . n e . b i l	(508)
s yu . b e . l eu . t eu	(509)
g o ng . k u . l eu	(510)
n a . d i . a	(511)
m e . s eu . t eu . l eu	(512)
e l . l i . n eo	(513)
n a . l a . ya n	(514)
b eu l . l ae . k i s	(515)
e l . j eu . wo . s eu	(516)
h e ng . k eu	(517)
d u . a . l eu . t e	(518)
a l . t eu	(519)
d i . l ae g	(520)
a . m a . j o n	(521)
d o . i . j i	(522)
o . n e . g i n	(523)
o g . s eu . p eo . d eu	(524)
l u . s yu . d i	(525)
b eu . l i . j eu . b eo n	(526)
k a . b o . u . l eu	(527)
p eu . l e . d eo . l i g	(528)
e . b a n . s eu n	(529)
s eo g	(530)
b i . b i . eo n	(531)
d a m	(532)
m o . l a . s eu	(533)
m a . g o l . l i . s eu	(534)
s eu . p eu . l i ng . s eu . t i n	(535)
m i . n i	(536)
m a l . l i . p i . e . l o	(537)
k we . i l	(538)
e n . s o . l eu	(539)
m eo . h ae n	(540)
h o l . b a . i n	(541)
p eu l . l ae . ch eo	(542)
m u . s eu . t a . p a	(543)
p i . s yo ng	(544)
d i . k o n	(545)
k eo . p o . t i	(546)
e . d i	(547)
p o . k e	(548)
wi . s eu l . l eo	(549)
b i . h e . l eu . t eu	(550)
p e . l e . i . l a	(551)
wo . n eo	(552)
l o . we	(553)
b ae . t eu . m ae n	(554)
g i . d i ng . s eu	(555)
h ae . m i l . t eo n	(556)
j u l . l eo	(557)
wo . p eu	(558)
m o . d e . n a	(559)
t wi . n i . s eu	(560)
p eu l . l o . l i . a n	(561)
b i l . l i . a m	(562)
p i . d eo . s eu . t o n	(563)
b o . s eu	(564)
n i g	(565)
k eu l . l e . m e n . s eu	(566)
k eu . l a . i . s eu l . l eo	(567)
k eu l . l a . s eu	(568)
d a . n i . e l . l i	(569)
ch i . l a n . k i . e . b i . ch i	(570)
a . l eu . b o . s eu	(571)
a . d eu . l i . a . n a	(572)
e . i . k i n . s eu	(573)
k wi n . j eu	(574)
ch i	(575)
o . d eu n	(576)
s eu . wi . p eu . t eu	(577)
h e n . d eu . l i g . s eu	(578)
s o . m a l . l i . a	(579)
p a . g a . n i . n i	(580)
p a . u l . j eu	(581)
yu l . l i . s i . s eu	(582)
a . n u . i	(583)
b i . s e l	(584)
a . t eu l . l a . s eu	(585)
n o . l i . s eu	(586)
a . g a . s a	(587)
m u . h a	(588)
s yu . t u m . p eu	(589)
k i . l eo n	(590)
k u . n a . u	(591)
s eu . t eu . l ae s . p o . d eu	(592)
l u . s i	(593)
t a . k i ng . t eo n	(594)
s i . m eo n . j eu	(595)
ch e . l eu . n o . p eu	(596)
d eo . b eu l . l i n	(597)
a . d o l . p o	(598)
b eu . l o . d eu . we . i	(599)
j o . p eu . l i	(600)
