l u . s e l	(1)
s e . l eu l . l i . o	(2)
j ae . k eu l . l i n	(3)
k eu . l i . s eu . p i	(4)
b u . h eu	(5)
p i . eo . l i	(6)
b i l . h e l . l eu m	(7)
l i . b i . eo	(8)
k a . t i l . l i . n a	(9)
h o l . l eo . we . i	(10)
n yu . l ae n . j eu	(11)
p u . k o	(12)
h a . i n . l i . h i	(13)
h a b . s eu . b u . l eu . k eu	(14)
i . g eo	(15)
b u . l eu . g eu	(16)
s yu l . ch e	(17)
p i . n e . l o	(18)
t i l . m a n	(19)
g o . s e . k eu	(20)
