k a . b a . n a . s eu	(1)
a . l a b	(2)
l u	(3)
g u . s eu . t a . b o	(4)
j e . l o l . l a . m o	(5)
s i . k a . g o	(6)
k ae n . t eo	(7)
b i . eo . j eu l . l i	(8)
j eo ng	(9)
b eu . l a . i . eo n . t eu	(10)
m o . l eu . d eu . g ae	(11)
d wi . s eu . b u . l eu . k eu	(12)
a . l eu . d e n	(13)
wo l . t eo	(14)
m o . l o	(15)
b eo . n i	(16)
l a . n a	(17)
n a . i . l o . b i	(18)
g eu l . l a s . k o . p eu	(19)
s o l . l o . g u . p eu	(20)
