s i . ch e b . k i n	(1)
l u	(2)
s yo . t a ng	(3)
b a l . t eu . h a . i m	(4)
k eu l . l a . u . s eu	(5)
b o . l eu m . s eu	(6)
b e l . l i . j eu	(7)
h a l . b a g . s eu	(8)
m a . l i . n e . t i	(9)
p o l . l i ng	(10)
b o . wi	(11)
e . s ye n . b a . h eu	(12)
b a l . l e n . t e	(13)
b a ng . b i l	(14)
b i . j eo	(15)
l u . d i	(16)
l o . t eu . n eo	(17)
j wi . g eu l . l a	(18)
g u . j eu . m eo n	(19)
m a l . l i n	(20)
