yo . e l	(1)
s yu . b a . i . ch eo	(2)
d i . u . p eu	(3)
e . i . d eu . l i . eo n	(4)
h a . t eu l . l i	(5)
l i . j a	(6)
s e . l eu . j o	(7)
p i . eo . s eu n	(8)
k eu . l e . ch i . m eo	(9)
i ng . g eu . l i . d eu	(10)
t ae . d eu	(11)
h o . n i . g eu	(12)
ya . k o b . s e n	(13)
k e . i n	(14)
k ae . s i . d i	(15)
t eu . l e n . t eo n	(16)
s wi . m a ng	(17)
k o . l o l	(18)
p e . l i . e	(19)
n i b . k o	(20)
wa . d e	(21)
p a . i . l i	(22)
t e . l e . j eu	(23)
b i . t i . h i	(24)
k a . p e n . t eo	(25)
l i . h i . t e n . b e . l eu . k eu	(26)
p i l	(27)
k eo . j eu n	(28)
l e . eo . d eu	(29)
p eo . s i ng	(30)
n i l . s eu n	(31)
h e b . wo . s eu	(32)
d o . m i . n i . k eu	(33)
m a . s i . m o	(34)
h i l . t eo n	(35)
p i . eo . l i	(36)
h a . u . s eu . m eo n	(37)
g o . k i	(38)
l i . eo m	(39)
s ya . h eu . t eu	(40)
