d eu . b i l	(1)
g a . b o . l o . n e	(2)
b a l . l a . d eu	(3)
ch a . m a . i	(4)
l i . o . n e	(5)
k oe . l eu . n eo	(6)
i ng . k a	(7)
k ae . l o l	(8)
b eu . l a ng . g e l	(9)
g wa . t e . m a l . l a	(10)
l u g . s e m . b u . l eu . k eu	(11)
p eu . l i . g o . j i n	(12)
b eo . g eo	(13)
p i l . l o ng	(14)
b u . h eu	(15)
b o l . ch i	(16)
s eu . p eu . l i ng . g eo	(17)
m o n . t e . b e . l eu . d i	(18)
s i . wo . t eu	(19)
s ae ng . eo	(20)
b e . l eu . n e	(21)
i m . h o . p eu	(22)
p e . d i n	(23)
t o . m eo . s eu	(24)
m ae g . k o . i	(25)
a n . d eu . l e . u	(26)
b yu . t eu	(27)
b ae ng . s a ng	(28)
t eu . l i . s eu . t a ng	(29)
g ae m . b eu l	(30)
n ae . n i	(31)
b i ng . h ae m	(32)
d a l	(33)
g eu . l i n . p i l . d eu	(34)
l o . k eu	(35)
l o l . l o	(36)
l u . d i	(37)
l e . i . p eu	(38)
b i n	(39)
p i . l e . s eu	(40)
s a . l a	(41)
p eu l . l o . l i . d a	(42)
u . g a n . d a	(43)
s eu . t e . p a . n o . p u l . l o . s eu	(44)
o . b a n . d o	(45)
e l . s eu . t o n	(46)
s o . n ya	(47)
b eo . n a . d eu	(48)
d a . n i . e l	(49)
l a . g eu . l a ng . j u	(50)
k ae . s eo . l i n	(51)
b e l . m o . p a n	(52)
p e . t eo . s eu n	(53)
g o . p eu . m eo n	(54)
k eu l . l a . u . j e . b i . ch eu	(55)
d eu . l e . s eu . d e n	(56)
k eu . l a . u . j e	(57)
k eu . l ae . s yo	(58)
p o . k eu	(59)
d a . u . s eu n	(60)
l ae n . s eo m	(61)
j e . p eu	(62)
k o n . ch a	(63)
g eu . l i . g o . l o . b i . ch i	(64)
l a . i . n a . h eu	(65)
k o . l eu . s i . k a	(66)
k a m . p a l . l a	(67)
k eu . l o . s eu . b i	(68)
m a n . d e l . l a	(69)
s e . n i	(70)
t eu . l u . m eo n	(71)
n u . l i	(72)
b e . eo	(73)
b e n . j a . m i n	(74)
e l . d eo	(75)
l e . b i n	(76)
d o . n a l . d eu . s eu n	(77)
h a . t eu . p eo . d eu	(78)
b e . l eu . t eu . l a m	(79)
l o . l e n	(80)
k o . p e n . h a . g e n	(81)
d wi . b i . b i . e	(82)
b i . b eo	(83)
p ae . l eo l	(84)
m a . s ya	(85)
k a . m u	(86)
s a . i . d eu	(87)
i . s a . d o . l a	(88)
s eu . k a . b o . l o	(89)
b e . n e . ch i . a . n o	(90)
s ae n . t eu	(91)
b e . l eu . p e l	(92)
b e n . d a m	(93)
h a . u . p eu	(94)
u l . b eo . h ae m . t eo n	(95)
d eo . b i . s yeo	(96)
m e . k a	(97)
s eu . t a . i n . b eo . g eo	(98)
l ae ng . k i n	(99)
g o . t i . e	(100)
