r\ o _1 . d_< a-N _1 . b_< a:-k _2	(1)
E-t _2 . s` @: _3 . t E-n _1 . s` o _1 . r\ o _1	(2)
b_< @: _3 . r\ o _3 . v i-n _1	(3)
m a:-n _1 . t a: _1	(4)
t a: _1 . l E-t _2	(5)
n i _1 . n i _1 . v @: _1	(6)
k @: _3 . l a:U _1 . d_< i _1 . u-t _2	(7)
h O-t _2 . s` @: _3	(8)
G O _1 . a: _1 . d_< @: _1 . l u-p _2	(9)
m e _1 . l i _1 . l a: _1	(10)
b_< a: _1 . b_< i _1 . l O-n _1	(11)
b_< a: _1 . k u _1 . l E-p _2	(12)
a:-n _1 . t o _1 . n i _1 . u-t _2	(13)
a: _1 . t o-n _1	(14)
b_< e _1 . r\ E-n _1	(15)
a: _1 . l i _1 . E-n _1 . d_< e _1	(16)
b_< i-n _1 . b_< a:U _1	(17)
s` a: _1 . x @: _1 . m a: _1 . t o-p _2	(18)
l u _1 . n o _1 . x o-t _2	(19)
ts` a:-n _1 . z O-t _2 . d_< a: _1 . n i _1	(20)
r\ o _1 . t E-k _2 . d_< a:-m _1	(21)
r\ o _1 . b_< @:-t _2	(22)
p o _1 . l u _1 . b_< i _1 . o-t _2	(23)
G @: _3 . r\ e _1 . b_< o _1	(24)
h a:I _1 . d_< a: _1 . r\ a: _1 . b_< a:-t _2	(25)
n i _1 . k i _1	(26)
f a: _1 . J\ O-n _1	(27)
b_< i-c _2 . k E-t _2	(28)
m u _1 . z @: _3 . t a:-k _2	(29)
f E _1 . r\ @: _1 . r\ @I _1	(30)
m E _1 . z i _1 . k a: _1 . n o-t _2	(31)
n o _1 . v o _1 . s` i _1 . b_< i@ _1 . s` @: _3 . k @: _1	(32)
b_< a: _1 . t_h E-t _2	(33)
r\ o _1 . s e _1 . l i _1 . n i _1	(34)
b_< a: _1 . s` @: _1	(35)
k EU _1	(36)
a: _1 . G a: _1 . m E-m _1 . n o-N _1	(37)
b_< a:U _1 . h a:U _1	(38)
b_< O-t _2 . m O _1	(39)
s` u _1 . x o-p _2	(40)
