k o n . d o	(1)
b i . s yu . k e . k eu	(2)
b e . b i n	(3)
s e . l eu . g e	(4)
b e . n e . d e . t o	(5)
s a . l eu . d u	(6)
d e . n i . s eu	(7)
l u . ch eu	(8)
e . i . k i n	(9)
g a . i . a	(10)
b e l . l a	(11)
g a . n a	(12)
ch u . k eu . m a . i . eo	(13)
s eu . t o l . ch eu	(14)
n o . b o . s i . b i . l eu . s eu . k eu	(15)
t a . s ya	(16)
t o l . b eo s	(17)
wa . l i	(18)
h o . s eu . k i n . s eu	(19)
h o . i . t eu	(20)
b eo n . s eu . t a . i n	(21)
h e n . d eu . l i g . s eu	(22)
a . s e . l eu	(23)
p eu . l e . d i	(24)
b i . e . l eu . k eu . n e . s eu	(25)
p a . i n . b eo . g eu	(26)
s u . l i . k o . p eu	(27)
k eu . n i . s eu	(28)
n a . t a n	(29)
d eu . l o . j eu . d o . b a	(30)
o . m a	(31)
b i . o . t i	(32)
d e l . t a	(33)
b i l . l i	(34)
b o . n i	(35)
p eu . l u . s eu . t eu	(36)
n yu . t eo n	(37)
b eu . l ae ng . g wi n	(38)
e . l i . h i	(39)
n oe . t eo	(40)
