j o . l eu . d a . n o	(1)
l i n . d eu . b eo . g eu	(2)
ae g . s eu	(3)
k eu . l o . p eo . d eu	(4)
h a . i . l ae n . d eu	(5)
s u . j a	(6)
s e . l i . n a	(7)
b o . k a . j e	(8)
p eu . l a ng . k e n	(9)
p a l . l i . s i	(10)
b eu . l a . j i l	(11)
s i . k a . g o	(12)
b eo . t eu l . l eo	(13)
a n . t u . n e . s eu	(14)
b a l . l e . l o	(15)
b i . s eu . b a . d e n	(16)
m o l . l o . t o . p eu	(17)
k eu l . l o . j e n	(18)
l e . d eu . m o n . d eu	(19)
m a . g a	(20)
