j e . l o m	(1)
h yu . b eo . m eo n	(2)
u . j eu	(3)
p ae . l eo n	(4)
k e . eo . d eu	(5)
m o n . d eu . l i . a n	(6)
h a . i . p a	(7)
t o . l e	(8)
b a . n eo . d eu	(9)
p i . t eu . m eo n	(10)
s eu . t eo m	(11)
h e . k eu . m a . t i . a . l eu	(12)
s o . l e l	(13)
l i . p eu . m a n	(14)
s yu . l o . d eo	(15)
b e . t i	(16)
b o l	(17)
n o . d i . e	(18)
n a . s eu	(19)
d a . i . k eu	(20)
p i . s eu . k eu	(21)
g eu . l i n . s eu . p eo n	(22)
a l . l e g . s a n . d eu . l i . a	(23)
h a . i . d e l . b e . l eu . k eu	(24)
g e . i	(25)
t eu . l e n . t eo n	(26)
j i m . b a . b eu . we	(27)
k a . j o . l i	(28)
k ae . l eo l . l i n	(29)
l eo . d eu	(30)
k o . s e l	(31)
g eu . l i . p i . u . s eu	(32)
m o . i . l a	(33)
k wi . g eu l . l i	(34)
m i l . d eu . l e . d eu	(35)
s i . eo . b eo l . d eu	(36)
k e . n e	(37)
d e . b eo n	(38)
p i . l a n . d e l . l o	(39)
ch a l . l i	(40)
