n a . t a l . l i	(1)
t a . i l . l eo	(2)
s eu . t o l . l i . p i n	(3)
k o . j eu l . l o . p eu	(4)
s yu . b a n	(5)
l wo	(6)
g o . d i . m eo	(7)
b a . s eu . k o	(8)
j o . l eu . j e	(9)
h a . i n . d eu . m eo n	(10)
h o . p eu . s eu . t ae . t eo	(11)
g o . d eo . d eu	(12)
e . d i . t eu	(13)
m o . l o	(14)
b e . l eu . s a . yu	(15)
d eu . l u . eo . l i	(16)
m e . k eu l . l e n . b u . l eu . k eu	(17)
l eu . n u . a . l eu	(18)
h o l . b eu . l u g	(19)
b i . e . l a	(20)
