o . p i . ch eu	(1)
o l . l i . b e . i . l a	(2)
wo l . t eo	(3)
j i . l o . d u	(4)
j a . m e . i . k a	(5)
h yu . i . s i	(6)
yu ng . g e	(7)
p i . ch i n . n i	(8)
p a . g a . n o	(9)
s a . m o . l a	(10)
n i . k o l . l a . i	(11)
b e . n a . b i . d e . s eu	(12)
m a l . l a . b o	(13)
n u . a g . s yo . t eu	(14)
a . b o . t eu	(15)
l u . ch i . a	(16)
l wi l . l i	(17)
h a . g e n	(18)
m u . n i . e	(19)
s o . a . l e . s eu	(20)
m e . n yu . i n	(21)
a . n i . b a l	(22)
b eu . l i	(23)
k eu . l i . s eu . t i n	(24)
m eo . u	(25)
s ya . i . d e . m a n	(26)
h yu m	(27)
wi l . m a	(28)
s eu . t i . eo . s eu	(29)
k e . i n	(30)
p o n . s e . k a	(31)
k o . l o l . l e n . k o	(32)
h e ng . k eu	(33)
h e . b eu . l i . d i . s eu	(34)
m e . s e . l e . l eu	(35)
m o . l e . n a	(36)
g eu . l o . t e . b o l	(37)
k wo g . k eu	(38)
b a . k eu . s yeo	(39)
b a . s eu	(40)
b a . n u . a . t u	(41)
g o l . d o . n i	(42)
m i l . l o . s eu	(43)
h yu . m e . i . s eu n	(44)
b e l . l a	(45)
g eu . l i . p i . s eu	(46)
j a n . n i	(47)
n a . h u m	(48)
m ae . s i	(49)
h a n . s eu	(50)
t eu . l e . b eo	(51)
ae n . d eo . s eu n	(52)
h a . t eu l . l a . i n	(53)
m ae g . s i m	(54)
h a . u . p eu . t eu	(55)
e . n e . s eu . k o	(56)
wo . d eu	(57)
p o . k eu	(58)
b i n . s e n . t eu	(59)
p i . n o	(60)
h e . l e n	(61)
j e . i . d eu	(62)
j eo . s eu . t i n	(63)
l eu . n o	(64)
k a . s i . a . s eu	(65)
l a m . p eu . l e . h i . t eu	(66)
d i . j e l	(67)
p eu . l e . n e l	(68)
m i l . l a . n o	(69)
a l . p o . d eu	(70)
p eu . l i . s eu . t eu l . l i	(71)
a l . t i . s i . m o	(72)
l a . t i	(73)
o . s eu l . l eo	(74)
k a . l eu . p i . n i	(75)
l e n . j o	(76)
b o . g o . s i . a ng	(77)
k e . n ya . t a	(78)
a l . l eu m . k eu . b i . s eu . t eu	(79)
h e n . l i	(80)
b u . t e . n a n . t eu	(81)
i l . s eu	(82)
g i . j o	(83)
e . m i l . l i	(84)
m a . l eu . t o n	(85)
a . l i . o . s eu . t o	(86)
ya . s ya	(87)
k a . m e . l u n	(88)
b o . g eu	(89)
s i . m eo n . s eu	(90)
e . i . d eu . l i . e n	(91)
u . b e	(92)
b a . t i . s eu . t a	(93)
d e . i . b i . s eu n	(94)
b i n	(95)
m i n . s eu . k eu	(96)
b o . i . t i . u . s eu	(97)
h a . b a . l o . p eu . s eu . k eu	(98)
l i ng . k eo n	(99)
m a . l i . a n . n eu	(100)
t o l . b eo s	(101)
l i . b eo . m eo n	(102)
a ng . t u . a n	(103)
wi . m eo n	(104)
o . l a ng	(105)
s yu l . ch eu	(106)
b a . l eu . g a . s eu	(107)
s eu l . l ae m	(108)
d e . n i	(109)
k ae l . l i . p o . n i . a	(110)
a . b e	(111)
d yu . k eu	(112)
j e . n o n	(113)
b o n	(114)
s eu . t o g . t eo n	(115)
e . s eu . p eu . l o n . s e . d a	(116)
m a . i . e . m i	(117)
d e . eo . d eu . l eu	(118)
g i l	(119)
b a . s eu . k eu	(120)
j o . n eo . s eo n	(121)
p e . a . n o	(122)
ya n	(123)
k o . l a . n a	(124)
m o ng . t i . s e l . l i	(125)
k a . s a . n o . b a	(126)
k a . l eu . m e n	(127)
b e . l eu . n a . wo	(128)
m ae g . g eu . l a . s eu	(129)
a . n u . i	(130)
l i . s ye	(131)
b eu . l ae . d i	(132)
k eu . l ae m	(133)
m ae g	(134)
h ae . m o n . d eu	(135)
k a n . p u . l eu	(136)
g o . m e . j eu	(137)
s ye l . l eo	(138)
p eu . l i . m eo n	(139)
m a . k o ng	(140)
n o . l i . s i	(141)
e . i l . l i n	(142)
m u s . s o l . l i . n i	(143)
a l . l o n . s o	(144)
k eu l . l e . eo	(145)
n yu . k ae . s eu l	(146)
n e . i . p i . eo	(147)
k wi n . j eu	(148)
b e n . d eo . s eu	(149)
ye . s eu . p e . l eu . s e n	(150)
b o . i . t eu	(151)
k a m . b o . d i . a	(152)
l o . m o . n o . s o . p eu	(153)
b e . g a	(154)
s eu l . l i m	(155)
k eu . l o m	(156)
d wi . n a ng	(157)
b eu . l e n . d e l	(158)
t a . h o	(159)
l i l . l o ng . g we	(160)
k o l . ch o . p eu	(161)
a . b eu . l a m	(162)
t e m . p e . s eu . t eu	(163)
a l . l e g . s a n . d eu . l a	(164)
a . i . j e n . s eu . t a . t eu	(165)
m eo l	(166)
wo . s i ng . t eo n	(167)
p a l . l a . k i . l eu	(168)
b i l . l a . n i	(169)
i ng . g a . l eu . d e n	(170)
k a . d i . n a l	(171)
a l . p o n . s eu	(172)
g eu . l o . j a	(173)
p e . s o . a	(174)
i . b e . tt eu	(175)
p o . g e l	(176)
l i m	(177)
p eu . l a . i l . l i . g eu . l a . t eu	(178)
m a . k a . l o . p eu	(179)
t o m . s eu n	(180)
m a . j e l . l a n	(181)
p a . u . s eu . t eu	(182)
s eu . m i . t eu	(183)
ya . l o . s eu l . l a . p eu	(184)
d o . m i ng . g e . j eu	(185)
k a . s eu . p eo	(186)
i . s eu . m a . i l . l i . a	(187)
l i n	(188)
l o m . b a . l eu . d eu	(189)
l e . n a . t a	(190)
p o . p eu	(191)
h o l . l i	(192)
b eo . j i l	(193)
m a . i . b eo . g eu	(194)
p a . s eu n . s eu	(195)
u l . l i . k eu	(196)
p e . p eu . s eu . n eo	(197)
s eu . m o l . l e s	(198)
b e . i . d eo	(199)
t a . j i . k i . s eu . t a n	(200)
k a . l i . n a	(201)
b eu . l ae . d eu l . l i	(202)
n i . k o l . l a	(203)
k eu l . l ae . l eo n . d eo n	(204)
p eu . l a . u n . h o . p eo	(205)
p ae g . s eu . t eo n	(206)
k o . l eu . n e l . l i . o	(207)
p i . e l	(208)
p e . s eu . t a l . l o . ch i	(209)
a m . s eu . t e . l eu . d a m	(210)
j ae g . s eu n	(211)
l u . s eu	(212)
s eu . t o . k eu . m eo n	(213)
a . l eu . t u . l eu	(214)
b a . i . d eu n	(215)
a ng . g e l . l i . k a	(216)
yu . l a . s i . a	(217)
m o . j eo	(218)
a l . p o ng . s eu	(219)
b i n . s eu	(220)
t a . g o . l eu	(221)
ch e . h o . p eu	(222)
n e . k eu . l a . s o . p eu	(223)
k a . m u	(224)
ya . n i ng . s eu	(225)
a . l a n . d a	(226)
g eu . l ae . s eu	(227)
k i . s i n . j eo	(228)
m o . b e . l i	(229)
b a . t i . s eu . t a	(230)
s ya . p eu	(231)
b e . n e s	(232)
a . i . g e n	(233)
j o . j e	(234)
j u . d eo . m a n	(235)
t i ng	(236)
ae . d eo m . s eu	(237)
t wi . l eu . g o	(238)
k a m . p u . s eu	(239)
d a . p eu . n e	(240)
g i . ye . l eu . m o	(241)
wa . i n . b eo . g eu	(242)
l a ng . e	(243)
wi . n eo	(244)
d a . m i . a . n i	(245)
p i . a . ch i	(246)
o . k eu . s yeo . t eu	(247)
d u . b e	(248)
s eu . wi n . b eo n	(249)
b o . u . l i ng	(250)
we . i l . l ae n . d eu	(251)
u . d eu	(252)
d eu . m o . p eu . s eu . k i	(253)
j o . i . s eu	(254)
a l . l e n . k a . l eu	(255)
b e . l eu . n a . n o . s eu	(256)
p e . l o	(257)
l o . b eo . t a	(258)
g i l . g u . d eu	(259)
m o ng . t eu . l eu . yu	(260)
p o . t eo	(261)
d eo ng . k eo n	(262)
l o . k e s	(263)
b eo . n o n	(264)
m ae g . k eu l . l ae n	(265)
j i . o . n o	(266)
p e m . b eu . l u g	(267)
s a n . t i . a . g o	(268)
a l . j e . l i	(269)
p e . l o	(270)
p a . i . s eu	(271)
s e . k eo l	(272)
m i l . l eo	(273)
o . l e n . b u . l eu . k eu	(274)
p i . j eo n	(275)
h e . i . d eu n	(276)
b eo . l i ng . t o n	(277)
u . l eu . b a n	(278)
b eu l . l e . eo	(279)
b a . d e n	(280)
e . b eo . l i	(281)
s i l . b e . s eu . t eo	(282)
d eu . l e . s eu . d e n	(283)
o . k eu l . l ae n . d eu	(284)
j wi . g eu l . l a	(285)
l u . s i l	(286)
d a . u	(287)
t o . l i . n o	(288)
k a . u n . t eu	(289)
j o . h ae n . s eu n	(290)
g eu l . l e . i . j eu	(291)
p e . i . t eo	(292)
yu . d a	(293)
k eu l . l e m . p e . l eo	(294)
m eo l . l o . n i	(295)
n e . l i	(296)
p eu . l e . s eu l . l i	(297)
g u . i . d o	(298)
k o l . m eo n	(299)
s eu . t eo n . b eo . g eu	(300)
d o . b eu . l i . eo n . s eu . k i	(301)
o . m a n	(302)
l o . t a . eo	(303)
k e . i . j i	(304)
h a . m eo	(305)
b a . l eu . g a	(306)
m i . s eu . t eu . l a l	(307)
b o l . t i . m o . eo	(308)
s i l . b eo	(309)
m i . s yu l . l e	(310)
h o l . l i . d e . i	(311)
m a . j o . b i . e . ch eu . k i	(312)
b eo . g eo	(313)
g e . l eu l . l a . h eu	(314)
k o l . l eo	(315)
u l . l a n . b a . t o . l eu	(316)
a n . t a . n a . n a . l i . b o	(317)
k o . h ae n	(318)
m a . l eu . k o	(319)
m a . j e . l i	(320)
u l . s eu . t eo n . k eu . l ae . p eu . t eu	(321)
l eo . d eu	(322)
b e . l eo n . s eu n	(323)
s u . j a n	(324)
b o . n eo	(325)
m o . l o	(326)
g a l . l i . o	(327)
h o . s o n	(328)
a . l eu . m a ng	(329)
l u . ch eu	(330)
b eu . l a m . s eu	(331)
j e l . l a n . d eu	(332)
l a . b e	(333)
n a . i . p o l	(334)
b a . g eu . n eo	(335)
p a . h i m	(336)
s u l . l a	(337)
b i . d eu l	(338)
a . k i . n o	(339)
a n . d o . l a	(340)
l e . d eu . p eo . d eu	(341)
l eo . b a . i n	(342)
g u . g e n . h a . i m	(343)
m o m	(344)
l e . n i n	(345)
ch e . s yeo	(346)
n a . i . t eu	(347)
m a l . l i n	(348)
m o . l wi . s eu	(349)
ae . d i . s eu n	(350)
h eo . t eu	(351)
m ae . s a . ch u . s e . ch eu	(352)
b ae . l i	(353)
b o . b u . a . l eu	(354)
ch a l . t eo n	(355)
g a . l i . b a l . d i	(356)
e . eo	(357)
o l . l i m . p i . a	(358)
k u l . l i . k o . p eu	(359)
k wi n	(360)
k eo . s eu . t i n	(361)
g a . l eu . b o	(362)
k a b . t e . i n	(363)
b o n . d i	(364)
o . s e n	(365)
b eu l . l i g . s e n	(366)
wi n . ch i	(367)
ae . t u . d eu	(368)
g a . i . s eu l . l eo	(369)
s i . k o . l eu . s eu . k i	(370)
n yu . k eo . m eo n	(371)
g ae . l i g	(372)
j u . d a . n o . p eu	(373)
l i m . b u . l eu . h eu	(374)
g eu . l o . s eu	(375)
p i . t eo	(376)
b a . t yu . s yu . k o . p eu	(377)
p a . s eu . k o l . l i	(378)
k i . g a l . l i	(379)
a . m a . d eu	(380)
d o . s e	(381)
d eo . b i	(382)
a . u . eo . b a . h eu	(383)
k a . b a . n a . s eu	(384)
b o . s eu . k o	(385)
l i b . s i . ch eu	(386)
l o m . b a . h eu	(387)
n a . p o l . l e . o ng	(388)
k eu . l i . s eu	(389)
a . n o l . d eu	(390)
b i . a n . k o	(391)
b e . s o ng	(392)
p oe . l eu . s eu . t eo	(393)
d eu . l eo . k eo	(394)
g a . d a . m eo	(395)
p a . b eu . l i	(396)
s i ng . k e l	(397)
n a . p i . s eu	(398)
n a n . s e n	(399)
k eu . l a . s eu . n o . ya . l eu . s eu . k eu	(400)
b e . l eu . g i . u . s eu	(401)
k a . l a . ch i	(402)
g a . b i	(403)
g eu . l eu . n i . e	(404)
a . b e n . d eu	(405)
h o . j a	(406)
e . l eu . h a . l eu . t eu	(407)
m o l . t a	(408)
g e . eo . d eu . n eo	(409)
a ng . l i	(410)
p ae g . k eo . d eu	(411)
s yu . t e . p a n	(412)
l a . b i . n o . b i . ch eu	(413)
j o . i . j e	(414)
m i l . l e . s eu	(415)
b i . d eo	(416)
k wa . s i . m o . d o	(417)
b e l . l e . b yu	(418)
ae . s yu l . l i	(419)
l ae n . s eo m	(420)
j a m . s a	(421)
b eo . t eo n	(422)
l o . l e . n a	(423)
h a l . l a . s eu	(424)
b a . l eu . t o l . l o m . m e . o	(425)
h ae . l i . eo s	(426)
s ye . l i ng . t eo n	(427)
l a . i . t eu	(428)
h e n . k e l	(429)
m o . s eu . k eu . b a	(430)
l a . p eu l . l a . s eu	(431)
ch e n . s i	(432)
d a m	(433)
l i . p a . t i	(434)
j u . o	(435)
j a . i . l eu	(436)
k ae . s eo . l i n	(437)
b o . l eu . g eu	(438)
h e n . ch i	(439)
n o . p eo g	(440)
l a . d u	(441)
s i . ae . t eu l	(442)
a . t a l	(443)
l e . m i	(444)
k u . l o . p a s . k i n	(445)
l ae l . p eu	(446)
t a . i	(447)
n a . u . l u	(448)
p eu . l o . k o . p i . ye . p eu	(449)
a n . d eu . l e . a	(450)
k a n	(451)
m a . l eu . t i n	(452)
g wa m	(453)
h i . e . l o . n i . m u . s eu	(454)
b u l . g a . l i . a	(455)
p a . b o	(456)
g eu l . l o . s eu . t eo	(457)
k a l . p e l . t eu	(458)
m o ng . t oe	(459)
j e . i m . s eu	(460)
d i . t eu . l o . i . t eu	(461)
d a . l eu m . s yu . t a . t eu	(462)
k i . l eu . h i . n eo	(463)
s yu . t i . l eu . n eo	(464)
d i g . s eu n	(465)
p i . d eo . s eu . t o n	(466)
j a ng	(467)
wa . i . k i . k i	(468)
k a m . p o	(469)
l i . d i . a	(470)
d e l . l a . we . eo	(471)
k a . s e l . l a	(472)
i . l i . s eu	(473)
l o s	(474)
ae ng . k eo . l i . j i	(475)
l o . l e n . j e n	(476)
n oe . t eo	(477)
o . i . k e n	(478)
t o n . t eo n	(479)
b e . i . t eu . s eu n	(480)
b e . l eu . n a . l eu . d o	(481)
l i . l o . i	(482)
t i m . b eo . l e . i . k eu	(483)
s eu . t a l . l i n	(484)
k a l . l a	(485)
t wi . n i . j i	(486)
k a . l a . b a . j o	(487)
eo . g eo . s eu . t i n	(488)
s yu l . l a . p eu	(489)
d o . d e	(490)
h a . s eu . k e l	(491)
m a l . l i . k eu	(492)
s we . p eo	(493)
p a . t a . n i	(494)
h o n . d u . l a . s eu	(495)
s eu . k o . t eu	(496)
e . j e . l eu	(497)
s e . n e . k a	(498)
g o l . d eu	(499)
n e . k e . l eu	(500)
m o . n a	(501)
g a . i . b e l	(502)
b eu . l a . j a . b i l	(503)
s ya l . l eo s . t a . u n	(504)
k ae . l o l . l a . i . n a	(505)
g a . a . n e s	(506)
t e . l a	(507)
p ae . t eo . s eu n	(508)
l o . l i	(509)
h a . s e l	(510)
l i . j eu	(511)
b eu l . l u m . p o n . t e . i n	(512)
ae n	(513)
b a n . t eu	(514)
d e . i l	(515)
wo	(516)
d e . i . t eo n	(517)
h u . b e . l eu . t u . s eu	(518)
b i . j eu . m a . k eu	(519)
n i . n a	(520)
a . d a . n i	(521)
p e . l o n	(522)
k ae . s eo . l i n	(523)
p o . d o l . s eu . k i	(524)
yo . l eu . d a n	(525)
b e . i n	(526)
s i . e n . p u . e . g o . s eu	(527)
m e l . t o n	(528)
l o . s eu . t a ng	(529)
m a . i n . ch eu	(530)
b e l . l a	(531)
k e m . n i . ch eu	(532)
k eo . m i n . s eu	(533)
l i . s yu l . l i . oe	(534)
s a l . b i . n i	(535)
m o . s ye	(536)
d eo n . k eo n	(537)
g o . t i . e	(538)
l u . i . j a	(539)
b o . l eu n	(540)
e l . l i . s eu	(541)
b e . n i . t e . j eu	(542)
wo l . l i . s eu	(543)
b eo . g eo	(544)
b a . k eu l . l i	(545)
n o l . d e	(546)
p eu l . l o . l i	(547)
k ae . p eu l . l a n	(548)
a n . d e . l eu . s o n	(549)
e . d eu n . b eo . l eo	(550)
a . s e . l eu	(551)
h a . d eu . wi g	(552)
d o . n e	(553)
n o . i . s eu	(554)
s a . l a	(555)
p eu . l i . ch i	(556)
p eu . l e . i . j eo	(557)
a . g wa . s eu . k a l . l i . e n . t e . s eu	(558)
l i . ch i . m eo n . d eu	(559)
k o . n eo s	(560)
k ae . d eo . l i n	(561)
yu . t a	(562)
j u l	(563)
b eu . l a . j i l . l i . a	(564)
p e . t i . t eu	(565)
s i . d eu . n eo m	(566)
i ng . g e n . h o . u . s eu	(567)
l i . s e n . k o	(568)
ae l . l i . s ya	(569)
l e . i . p eu	(570)
b e . a . t eu . l i g . s eu	(571)
p e . l eu . n a n . d e . s eu	(572)
s i . d eu . n i	(573)
k we g . k e n . b u . s i	(574)
k a . l u . s o	(575)
b eu l . l a . i n . d eo	(576)
a . i n . s yu . t a . i n	(577)
l u . b i n	(578)
m o l . l eo	(579)
l a . g u . s a	(580)
d yu . l a n . d eu	(581)
m wi n . h e n	(582)
b i . k i	(583)
p o . s eu . d a m	(584)
l a . m a n	(585)
p a . u l . l i	(586)
yu ng . k eo	(587)
j e . s i	(588)
l u . s o	(589)
h u m . b o l . t eu	(590)
p i . t eo . s eu n	(591)
g eu . l u m	(592)
yu . d i . t eu	(593)
p eu . l o g . t eo	(594)
b eu l . l a . d i . b o . s eu . t o . k eu	(595)
m e . j wi	(596)
p u . l i . e	(597)
n a . m u . l eu	(598)
k eu . l o m . l ae ng . k eu	(599)
e . k eu . h a . l eu . t eu	(600)
l i n . s eu . h o . t e n	(601)
d e . s a . i	(602)
s yu l . l e . g e l	(603)
m e . k a	(604)
j yu n	(605)
b ae . t eu l	(606)
s yu l . ch e	(607)
b eu . l u g	(608)
h a . l eu . t eu . m a n	(609)
b e . d e . s eu . d a	(610)
b a . i . d e n	(611)
m o . i . j eu	(612)
p i . l e . u . s eu	(613)
k eu l . l e . m e n . t i	(614)
e l . j eu . m i . eo	(615)
k o . e n	(616)
b i . e . t a	(617)
h e . p eu l . h wa . i . t eu	(618)
a . l a . g o	(619)
k a . t o	(620)
m e . i . s eo ng	(621)
m u . t eo	(622)
o g . t a . b i . a	(623)
g eu . l i l . l o	(624)
s eu . t e . b i n	(625)
m o n . t a l . b o	(626)
t e m . p eu l . t eo n	(627)
j o . m eo	(628)
l eo . d eo . p eo . d eu	(629)
g e . l a . s i . m o . p eu	(630)
a l . b a . n i	(631)
s i . m i . ch i	(632)
k a . n i n	(633)
l u . k eu	(634)
b eu l . l ae . k i s	(635)
yu l . l i . a . n u . s eu	(636)
t i . t o	(637)
t i . s e n	(638)
g o . d eo . d eu	(639)
d eo . b i . s yeo	(640)
a . s o	(641)
s e . l eu . h i	(642)
b eu . l ae . t eu n	(643)
p a . l eu . d o	(644)
p eu . l a n . ch eu	(645)
s i l . l o n	(646)
a . l eu . t u ng	(647)
s a l . l a . s eu	(648)
d e . m u l . l ae ng	(649)
m a . k i	(650)
b e n	(651)
b i . b eo . b eu . l u g	(652)
a n . d eu . l e	(653)
k u l . l i . j i	(654)
m ae n . ch e . s eu . t eo	(655)
m i . l a	(656)
o . d i l . l o ng	(657)
g eo n . s eo	(658)
h a m	(659)
s ya . l eu n . h o . l eu . s eu . t eu	(660)
l e m . b eu . l a n . t eu	(661)
a . b eu . l eu	(662)
b a . l i . o . s eu	(663)
b i . b i . eo n	(664)
n a . i . k i	(665)
b o . u l . d eo	(666)
k eu . l i . s eu . t o . p eo	(667)
h e . l i ng . t eo n	(668)
ae . t eu l . l ae n . t a	(669)
b a . u . eo	(670)
l i n . ch i	(671)
g i . yo . m ae ng	(672)
k o l . d eo . k eo s	(673)
j o . d e l	(674)
b eu . l yu . s o . p eu	(675)
l i n . d eu . g eu . l e n	(676)
l o . k e	(677)
a l . b a . n o	(678)
t o l . l e	(679)
m a . l eu . s yu . n eo	(680)
a l . p eu . l e . d o	(681)
k i . s eu	(682)
a . b a	(683)
ae . d eu . k i n . s eu	(684)
k e l . l i	(685)
l i . m eo . l i g	(686)
p u n . s a l . m a . g i n	(687)
b a l . d i . b i . a	(688)
m e . i . s eu	(689)
m e . ch eu . l eo	(690)
s yu . wo . ch eu . k o . p eu	(691)
b ae n . k u . b eo	(692)
s yu . b e . l eu . t eu	(693)
p i . ch i . b eo . g eu	(694)
n i . k a	(695)
g o . b i	(696)
s yo . m o ng	(697)
l i . k a . d o	(698)
d o . l a	(699)
m a . b i n	(700)
l i . s eu . m eo n	(701)
d e . b eu . s eu	(702)
e n . b e . l eu	(703)
k i . l i . b a . s i	(704)
t eu . l i . n i . d a . d eu	(705)
b o . s eu . t eo n	(706)
s eu . k eu . l ya . b i n	(707)
l a . m a	(708)
l e . b e n . h u . k eu	(709)
n i l . s eu	(710)
s eu . p eo l . l i ng	(711)
g eo n . d eo . s eu n	(712)
m a . t i n . d e . i l	(713)
j i m . l o . k eu	(714)
l o . m e . l o	(715)
h o n	(716)
d a . u . d eu n	(717)
d e . s a . u	(718)
m e . l i . eo m	(719)
m a . k i . a . b e l . l i	(720)
k a . d e . n a	(721)
k a . p i . ch a	(722)
yu . d i . s eu	(723)
h a m . j a	(724)
k a . l eu . d i . n a l . l e	(725)
s a . i . m eo n . j eu	(726)
p o n . t a . n e	(727)
h u . s eu	(728)
k eu . l o . n e	(729)
j i l . l a . d eu	(730)
l o l . l a n . d o	(731)
b o . n i	(732)
s yu . ch eu	(733)
b e n	(734)
i . s eu . l a . e l	(735)
h e l . l eu m . s eu	(736)
p eo . k i n	(737)
d a . u . s eu n	(738)
a . i . h e n . d o . l eu . p eu	(739)
p u l . l eo . t eo n	(740)
b i l	(741)
b e . n e . d e . t o	(742)
u l . l i	(743)
p o . k eu . t eu	(744)
t i . g a . d eu n	(745)
m a . t i . a . s eu	(746)
k a l . l i . d eu	(747)
u . s eu . t eo	(748)
m e . l eu . ch eu	(749)
m i . h eu . n i . k eu	(750)
d i . p o	(751)
a n . t o . n i . o	(752)
l a . i . eo n	(753)
l a . i . t eu	(754)
l i l . l i . eo n	(755)
j ae g	(756)
b a . s eu . k o	(757)
h i l . t i	(758)
p o . t i n . j eo	(759)
g i . yu . m ae ng	(760)
b e . l eu . k eu . m a n	(761)
k o . p eu l . l a	(762)
l e . b e . d e . p eu	(763)
l a . s e	(764)
d a . wi n	(765)
o n . t a . l i . o	(766)
e l . s eu . h a . i . m eo	(767)
a . l eu . b o l . l e . d a	(768)
a n . j e l . l o	(769)
t i . h u . a . n a	(770)
l o . j i	(771)
k eu l . l a . u . s eu	(772)
k o n	(773)
p o . l eu . t a	(774)
l i n . d e	(775)
g eu l . l a . j u . n o . p eu	(776)
h e . i n . j eu	(777)
p o ng . t e n . b eu l . l o	(778)
wi . l eu . b ae ng	(779)
wa l . d o	(780)
ch e l . l i . n i	(781)
k ae . m eo . l eo n	(782)
l a . s a	(783)
b o l . d eu . wi n	(784)
l eo n . d eo n	(785)
p o . j o	(786)
s eu . h u . s eu . t e . l eu	(787)
b a l . m eo	(788)
m a . l eu . s ye	(789)
m e l . b i l	(790)
k u . j eu . n e . ch o . p eu	(791)
e . d i	(792)
m o . d i l . l i . a . n i	(793)
p eu . l a . g a	(794)
l i . k o	(795)
b i l . l i	(796)
s yu . l a . i . eo	(797)
p e . l eu . d i . n a n . d eu	(798)
t o . l eu . b a l . s e n	(799)
m a . l i . a n	(800)
