h a-m 2 . s aa 1 . n o-k 6	(1)
b o 1 . j i 5 . d o 1	(2)
f o 1 . w ai 1 . d a-k 6	(3)
s i 2 . d ai 3 . f a-n 1	(4)
aa 3 . l ei 6 . s o-ng 1 . n aa 5	(5)
k aa 1 . l o 4 . s i 1	(6)
b aa 1 . n aa 4 . m aa 5	(7)
au 1 . b u-n 2 . h oi 2 . m a-k 6	(8)
k aa 1 . d a-k 6	(9)
m aai 6 . aa 3 . m a-t 6	(10)
s aa 1 . s i 6 . b ei 2 . aa 3	(11)
b ui 3 . j i 5 . g aa-k 3 . l oi 4 . d a-k 1	(12)
aa 3 . b aa-k 3 . l aai 1 . h o-n 5	(13)
h oi 2 . d eo-n 6	(14)
b ou 2 . g aa 1 . d i-k 6	(15)
aa 3 . m aa 5 . s eo-n 3	(16)
m ai 5 . ou 3 . l aai 1	(17)
g o 1 . d a-k 1 . b ou 2	(18)
h a-k 1 . l eoi 4 . s i 1	(19)
w aa 4 . n aa-p 6	(20)
m a-t 6 . j i 5 . d eo-n 6	(21)
oi 3 . d a-k 1 . w aa 4	(22)
h a-k 1 . l ou 2 . z i 1	(23)
n au 2	(24)
g o-t 3 . l aai 1 . f u 4	(25)
n ei 4 . j i 5	(26)
n ei 4 . c oi 3 . aa 3	(27)
g aa-k 3 . l a-m 4 . w ai 1 . z i 6	(28)
l o 4 . b a-n 1	(29)
l o-k 3 . g ei 1	(30)
m aa 5 . h a-k 1	(31)
b a-n 1 . z i-k 6 . f aa-t 3 . n ei 4 . aa 3	(32)
s aa 1 . d a-k 6	(33)
j oe-k 3 . h o-n 6 . n ei 4 . s i 1 . b ou 2	(34)
d o 1 . m u-ng 4 . d a-k 6	(35)
p aa-k 3 . l a-m 4	(36)
b aa 1 . c oi 3 . l u-ng 4 . n aa-p 6	(37)
o 1 . d aa-t 6	(38)
n o-k 6 . d i-ng 6 . h aa-m 4	(39)
m ou 6 . n ei 4 . h a-k 1	(40)
m o 1 . s ai 1	(41)
l aai 1 . f aa-t 3 . j i-p 6	(42)
c oi 3 . j i 5 . w ai 4 . aa 3	(43)
f ai 3 . d i-k 6 . h a-k 1	(44)
g aa 3 . f e 1	(45)
ou 3 . d ei 6 . l ei 6	(46)
t ou 4 . g aa-k 3 . n i-p 6 . f u 1	(47)
h a-ng 1 . d a-k 6 . l ei 6	(48)
g a-t 1 . p ou 2 . c oi 3	(49)
aa 3 . l i-k 6 . s aa-n 1 . d aai 6	(50)
b ui 3 . j i 5	(51)
b o 1 . h ei 1 . m ai 5 . aa 3	(52)
f o-k 3 . h a-k 1	(53)
g o 1 . b u-n 2 . h aa 1 . g a-n 1	(54)
d a-k 1 . s i 1 . d i-ng 1	(55)
b aa 1 . b ui 3 . l ei 6	(56)
b o 1 . j a-n 1	(57)
n ei 4 . l o 4	(58)
h aa 6 . w aa 1	(59)
j a-n 3 . d ou 6	(60)
h aa 1 . ng aa 5 . n aa 5	(61)
g i-t 3 . s ai 1 . k aa 1	(62)
d i-k 6 . s i 6 . n ei 4	(63)
g i-t 6 . d a-k 6	(64)
b ui 3 . j i 5 . f aa-t 3 . s i 1 . d a-k 6	(65)
j i-ng 1 . g a-t 1 . l ei 6	(66)
g u 2 . l aa-n 4	(67)
m ai 5 . s ou 1 . l ei 5	(68)
f u 3 . l eo-n 4	(69)
b o 1 . j i 5	(70)
aa 3 . s i-n 1 . n ou 4	(71)
m aa 5 . l oi 4 . aa 3	(72)
aai 6 . l i-k 6 . h a-k 1	(73)
j i-ng 1 . d a-k 6 . j i 5	(74)
b ou 3 . s yu 4	(75)
m ai 5 . l a-k 6	(76)
t aa-n 2 . s o-ng 1 . n ei 4 . aa 3	(77)
m ai 5 . h i-t 3 . j i 5	(78)
aai 6 . j i 5 . d eo-n 1	(79)
s a-n 1 . g aa 1 . b o 1	(80)
m a-k 6 . s ai 1 . g o 1	(81)
z i 1 . s i 6	(82)
n aa-p 6 . s eoi 3	(83)
b ei 3 . l ou 5	(84)
h aa 1 . g a-n 1	(85)
s aa-t 3 . h a-k 1 . s eo-n 3	(86)
m ai 5 . c i-t 3 . j i 5	(87)
ng aa 5 . d i-n 2	(88)
j au 4 . t aa 1	(89)
aai 6 . f u 1	(90)
ng ai 4 . h u-ng 4	(91)
o n 1 . n ei 4	(92)
t ou 2 . j i 5 . k ei 4	(93)
h a-k 1 . l ei 5 . f u 1 . l aa-n 4	(94)
l o 4 . c a-p 1	(95)
m u-k 6 . h o-n 2 . m a-k 6 . d a-k 1	(96)
b ou 3 . l o-ng 5	(97)
ou 3 . d aai 6 . l ei 6 . aa 3	(98)
s i 1 . d a-k 1 . g o 1 . j i 5 . m o 1	(99)
m ai 4 . n ei 5	(100)
j e 4 . s ou 1	(101)
aa 1 . p i-n 3	(102)
j i 1 . s o-k 3 . b ei 2 . aa 3	(103)
f a-n 1 . l aa-n 4	(104)
b aa 1 . h a-k 1 . l ei 5	(105)
f o-k 3 . j i 5 . g a-m 1 . n aa 4	(106)
h o 4 . l aa-n 4	(107)
m aa 1 . f e 1	(108)
aa 3 . m ei 5 . b aa 1	(109)
s aa 1 . l u-ng 4	(110)
s ou 1 . d aa 2	(111)
b o 1 . g o 1 . d aai 6	(112)
h a-k 1 . l ou 5 . s i 1	(113)
w ai 4	(114)
h a-k 1 . c oi 3	(115)
b o 1 . s i 1	(116)
m ai 5 . h a-k 1	(117)
c e 1 . s a-n 4	(118)
l o-ng 5 . l ei 6	(119)
b aa 1 . h a-k 1 . l ei 6	(120)
l ei 6 . ng o-ng 4	(121)
p ou 2 . l a-m 4 . s i 1 . d eo-n 6	(122)
j i 2 . l i-n 4 . n aa 4	(123)
s aa-t 3 . l ei 5	(124)
f u-k 1 . d a-k 6	(125)
g aa 1 . l ei 6 . l oe-k 6	(126)
aa 3 . h a-ng 2 . s i-k 1	(127)
s aa-n 1 . aai 1	(128)
l o 4 . b aa-k 3 . d a-k 6	(129)
b aa 1 . l ai 4	(130)
oi 3 . j a-n 1 . s i 1 . t aa-n 2	(131)
m ui 4 . d a-k 1 . w ai 5 . g i-t 6 . f u 1	(132)
h aa 1 . d a-k 6	(133)
h ei 1 . d i-n 1 . h a-k 1	(134)
n o-k 6 . aa 3	(135)
f ai 3 . g aa 1 . l o 4	(136)
j a-n 3 . d ei 6 . o n 1 . n aa-p 6	(137)
b aa 1 . j i 5 . g o-n 3	(138)
h aa 1 . s aa-t 3 . h a-k 1 . s i 1 . t aa-n 2	(139)
aa k 1 . j i 5	(140)
