m o . t a	(1)
wo . d eu	(2)
p i . ch eo	(3)
b eu . l i . n eo	(4)
d eu . l i ng . k eu . wo . t eo	(5)
b eo . ch eu	(6)
k e l . l i	(7)
o . we n	(8)
m o ng . t oe	(9)
m e . i . s eu . p i l . d eu	(10)
m o . j eu l . l i	(11)
m a . l eu . t i . n o	(12)
t e n	(13)
h ae l . l i . p ae g . s eu	(14)
s i . m i . ch i	(15)
l a . p o . l eu . g eu	(16)
t o . m eo . s eu	(17)
d o . n a l . d eu . s eu n	(18)
j e . i . k o b . s eu	(19)
s eu . p i . k eu	(20)
s a l . l e	(21)
b a l . l a	(22)
a n . d e . s eu	(23)
d o . m i . n i . k eu	(24)
k o . d e l . l i . a	(25)
h i m . l eo	(26)
t a . l eu . t i . n i	(27)
a m . m a n	(28)
h ae . s eo . we . i	(29)
ya . k o . b i	(30)
g eu . l i l . l o	(31)
j o . n i	(32)
k a . l a m . j i n	(33)
g o . d eu n	(34)
h e . l eu . n a n . d e . s eu	(35)
n e l . l i	(36)
b eu l . l u m . p i l . d eu	(37)
a . l eu . n o	(38)
e n . j e l	(39)
b e . i l . j eu	(40)
l i n	(41)
p o n . s e . k a	(42)
b o . l eu . h a . l eu . t eu	(43)
l u . s eu	(44)
b eo . l o . s eu	(45)
l o . d e n . b a . h eu	(46)
wa . d e	(47)
g i . j a	(48)
g a . i . b e l	(49)
e . l eu n . s eu . t eu	(50)
b a . h eu . ch i n	(51)
b eu . l e . i n	(52)
k eo . p o . t i	(53)
m i l . l a . n o	(54)
s eu . t a . i n . m e . ch eu	(55)
m i . k eu . l o . n e . s i . a	(56)
s a n . t i . a . g o	(57)
j e . s eu	(58)
s i ng . eo	(59)
l e . eo . d eu	(60)
j a m	(61)
p o . i n . t i ng	(62)
b o . b e . l i	(63)
d o . s eu n	(64)
l a ng . g eu . d o . k eu	(65)
l a . i . s eu	(66)
wa . i l . l i	(67)
s eu . t eu . l ae s . p o . d eu	(68)
k a n . t i	(69)
n a . p o l . l i . t a . n o	(70)
b eo . b ae ng . k eu	(71)
s yu l . l i . k eu	(72)
g eu . l i n . s eu . p eo n	(73)
s i . g eo . n i	(74)
g eu . l o . m i . k o	(75)
m a . u . l o	(76)
b e l . ch eo	(77)
p i . e . l eu l . l u . i . j i	(78)
d a . i . s i	(79)
l o . i . s eu . d a l	(80)
b e n . t eu . l i	(81)
g u l . d eu . b e . l eu . g eu	(82)
l a . u . p eu	(83)
m u . s eu . k o . g i	(84)
k u . m eo	(85)
l a . j i	(86)
l e . b i n	(87)
k o n . t i	(88)
a . m a n . d a	(89)
l o . m e l	(90)
t a . s yu . k e n . t eu	(91)
d o l . l o . l e . s eu	(92)
b a . l e	(93)
b i . s a . u	(94)
a l . l e g . s a n . d eo	(95)
m a . l eu . t i . n e . s eu	(96)
m a . l eu . k eu . s eu	(97)
n a . t a n	(98)
h a m . b u . l eu . k eu	(99)
j o . l eu . j i . n a	(100)
