a l . p o n . s eu	(1)
b eu . l ae . d i	(2)
s ya . n e l	(3)
k eu . b i . s eu l . l i ng	(4)
b a . i . l o . i . t eu	(5)
s i . n a n	(6)
p a l . l a . u	(7)
s a . p i . eo	(8)
n o . m a	(9)
n e . b eu	(10)
j e . i n	(11)
yu . l a . s i . a	(12)
d a . d ae . o	(13)
e . s eu . l a	(14)
p e . t eu . l i	(15)
s ya . p eu	(16)
b a . l eu . s e l . l o . n a	(17)
m a . l eu . t i	(18)
p eu . l a n . ch e . s eu . k o	(19)
b o . n a . l eu	(20)
