b eu . l o m . l i	(1)
b eu l . l u . m e n . b a . h eu	(2)
s yeo . m eo n	(3)
d e . i . b eu	(4)
h e n . l e	(5)
l o . j eo . s eu	(6)
p u . p e n . d o . l eu . p eu	(7)
g o n . s a l . l o	(8)
b a . l o	(9)
h yu . i s	(10)
n i . g eu . l o	(11)
l o . s e l . l i . n o	(12)
l o . j i	(13)
m u . s eu . k a . t eu	(14)
p eu l . l o . l i	(15)
h wa . i . t eu . h e . d eu	(16)
s a . m o . a	(17)
l a . s i n	(18)
h eo m . p eu . l i . s eu	(19)
k eo . d eu . wo . s eu	(20)
a . l eu . m a ng	(21)
g i . b eu . s eu	(22)
s eu . t ae n . l i	(23)
h e . k eu l . l eo	(24)
k eu . l o . a . t i . a	(25)
l i n . s eu . h o . t e n	(26)
n u . k u . a l . l o . p a	(27)
d yu . l ae n . t eu	(28)
g eo . b i . ch i	(29)
p eu l . l a . t e n	(30)
l o . g e	(31)
p eu . l e . d eu	(32)
l i . ya . d eu	(33)
j a . g eu . l e . b eu	(34)
l a n . d a . u	(35)
h eo m . p eu . l i	(36)
t o . m a	(37)
b e . n e . d i g . t eu	(38)
j e . s i . k a	(39)
b eu . l o . g eu l . l i	(40)
