s a m . s o n	(1)
p e . l i	(2)
p o . s eu . t eo	(3)
s o . l eu . j u	(4)
b a . i . d eu n	(5)
p e . l e	(6)
s u . m a . l o . k o . p eu	(7)
a . m o . s eu	(8)
d eu l . l o . n e	(9)
l o . n eo l . d eu	(10)
l o ng . p o . d eu	(11)
s ya l . l eo s . t a . u n	(12)
h ae . l o	(13)
l a . i . h e n . b a . h eu	(14)
p i . n i	(15)
n o . a	(16)
ya . n e . j eu	(17)
a . u . l o . l a	(18)
a l . b a	(19)
l a . u l	(20)
