s ou 1 . aa 3 . l eoi 4 . s i 1	(1)
s i-ng 3	(2)
l eoi 4 . s e 6	(3)
aa 3 . m ou 5 . s i 1 . d a-k 6 . d aa-n 1	(4)
w ai 4 . g a-t 1 . n ei 4 . aa 3	(5)
j i-ng 1 . d a-k 6 . j i 5	(6)
oi 3 . d a-k 1 . w aa 4	(7)
l o-k 3 . g ei 1	(8)
m ai 5 . l ou 5	(9)
h oi 2 . d eo-n 6	(10)
d aa-t 6 . f u 1 . n ei 4	(11)
aa 3 . j i 5 . k a-p 6 . l ei 6 . aa 3	(12)
d aa-t 6 . l aai 1 . s i 1	(13)
b aa 1 . t a-ng 4 . b aa-k 3 . g aa-k 3	(14)
j e 4 . s ou 1	(15)
gw o 1 . s i 1 . d a-k 6	(16)
l aai 1 . w ai 1 . j i 5	(17)
l ei 6 . l ei 6	(18)
g aa-n 2 . b ou 3 . z aai 6	(19)
f aa-t 3 . l aa-n 4 . h a-k 1	(20)
f a-t 1 . l ei 6 . ng o-ng 4	(21)
m a-k 6 . h a-k 1 . aa 3 . s a-t 1	(22)
m a-k 6 . s ai 1 . g o 1	(23)
oi 3 . z i 1	(24)
b aa 1 . h aa 1	(25)
m ei 5 . l ei 6 . g i-n 1	(26)
b aa 1 . f a-t 6 . l ei 6 . aa 3	(27)
b aa 1 . h a-k 1 . l ei 5	(28)
f a-n 1 . l aa-n 4	(29)
d i-k 6 . g a-ng 1 . s i 1	(30)
z i 1 . s i 6	(31)
g o 1 . b u-n 2 . h aa 1 . g a-n 1	(32)
p aa-k 3 . l o 4 . d a-k 6	(33)
l ou 6 . d a-k 1	(34)
g o-t 3 . l eoi 4 . n o-k 6	(35)
h a-k 1 . s eoi 1 . l ai 4	(36)
m aa 5 . d aa-t 6 . g aa 1 . s i 1 . g aa 1	(37)
s eoi 6 . d i-n 2	(38)
k i-ng 4 . s i 1	(39)
l ei 6 . m a-t 6 . p ou 2	(40)
oi 3 . j i 5 . l aa-n 4	(41)
s o-k 3 . f ei 1 . aa 3	(42)
k aa 1 . l o 4	(43)
s yu-t 3 . f a-t 6 . l aa-n 4	(44)
m ai 5 . l o-k 3 . s e 2 . w ai 4 . k ei 4	(45)
g aa-k 3 . l aai 6 . n aa-p 6	(46)
z i-t 6 . h a-k 1	(47)
l o 4 . c a-p 1	(48)
b aa 1 . s i 6	(49)
b aa 1 . g ei 1 . s i 1 . t aa-n 2	(50)
b o 1 . j i 5 . d a-k 6	(51)
w ai 1 . j i 5 . s i 6	(52)
aa 3 . j i 5 . b aa 1 . n ei 4 . aa 3	(53)
d ou 6 . g aa-k 3	(54)
h aa-k 3	(55)
j au 4 . t aa 1	(56)
m o 1 . n aa-p 6 . g o 1	(57)
m ai 5 . l aa-n 4	(58)
m o 1 . l o-k 3 . g o 1	(59)
aa 3 . s i-n 1 . n ou 4	(60)
d i-k 6 . s i 6 . n ei 4	(61)
l aai 1 . s ou 3	(62)
d ou 6	(63)
b i-k 1 . h aa-m 4	(64)
aa 3 . d a-k 1 . l ei 5 . aa 3	(65)
b ou 3 . f ei 1	(66)
l aai 1 . f ei 1 . j i 5	(67)
p aa-k 3 . l aai 1 . t ou 4	(68)
aa 3 . d o-ng 1	(69)
l o-ng 5 . l ei 6	(70)
m a-k 6 . t o-ng 4 . n aa-p 6	(71)
aa 3 . m aa 5 . s eo-n 3	(72)
s o-ng 1 . n aa 4	(73)
h aa 6 . w ai 1 . j i 4	(74)
b aa 1 . j i 5 . h aa-k 3 . s a-p 6	(75)
n ei 4 . g aa 1 . l aai 1 . gw aa 1	(76)
m aa-n 6	(77)
l a-m 4 . h a-ng 2	(78)
s ou 1 . g aa-k 3 . l aai 1 . d ai 2	(79)
h o 2 . l o-k 6	(80)
m ai 5 . h a-k 1	(81)
o 1 . d aa-t 6	(82)
aa 3 . m ei 5 . b aa 1	(83)
b ui 3 . j i 5 . g aa-k 3 . l oi 4 . d a-k 1	(84)
j au 4 . l ei 5	(85)
c oi 3 . l aai 1	(86)
oi 3 . j a-n 1 . s i 1 . t aa-n 2	(87)
d ei 6 . ng aa 4 . g o 1	(88)
aa 3 . b aa-k 3 . l aai 1 . h o-n 5	(89)
m a-t 6 . d a-k 6 . l o-ng 5	(90)
n ei 4 . l o 4	(91)
h a-ng 1 . d a-k 6	(92)
b ei 2 . l ei 6 . s i 4	(93)
z i-k 1 . s eo-n 3	(94)
h a-k 1 . c oi 3	(95)
h a-k 1 . l a-m 4 . g aa-k 3	(96)
s i 1 . d a-k 1 . g o 1 . j i 5 . m o 1	(97)
w aa-t 6 . t i-t 3 . l ou 4	(98)
b ou 3 . l aai 1 . g aa-k 3	(99)
m ai 5 . c i-t 3 . j i 5	(100)
m u-k 6 . n aai 5 . j i 1	(101)
aa 3 . j i 5 . k a-p 6 . j i 5	(102)
g aa 1 . l eo-n 4	(103)
h a-k 1 . l ei 5 . f u 1 . l aa-n 4	(104)
h ei 1 . d i-n 1 . h a-k 1	(105)
j i-ng 1 . g aa-k 3 . l aa-n 4	(106)
aai 6 . d i-k 6 . s a-ng 1	(107)
aai 6 . j i 5 . d eo-n 1	(108)
d i-k 1 . s i 6	(109)
d a-k 1 . s i 1 . d i-ng 1	(110)
gw o 1 . j i 5	(111)
h ei 1 . d a-k 6 . l a-k 6	(112)
b aa 1 . c oi 3 . l u-ng 4 . n aa-p 6	(113)
b ou 2 . l i-ng 4	(114)
n o-k 6 . b ui 3 . j i 5	(115)
d aai 3 . h a-k 1 . s i 1	(116)
b ou 3 . l u-ng 4 . d i-k 6	(117)
m aai 6 . aa 3 . m a-t 6	(118)
f ai 3 . n aa-m 4 . d a-k 1 . z i 1	(119)
w ai 4 . d o 1 . l ei 6 . aa 3	(120)
