k eo . s eu . t i n	(1)
g a . l eu . b o	(2)
k a b . t e . i n	(3)
b o n . d i	(4)
o . s e n	(5)
b eu l . l i g . s e n	(6)
wi n . ch i	(7)
ae . t u . d eu	(8)
g a . i . s eu l . l eo	(9)
s i . k o . l eu . s eu . k i	(10)
n yu . k eo . m eo n	(11)
g ae . l i g	(12)
j u . d a . n o . p eu	(13)
l i m . b u . l eu . h eu	(14)
g eu . l o . s eu	(15)
p i . t eo	(16)
b a . t yu . s yu . k o . p eu	(17)
p a . s eu . k o l . l i	(18)
k i . g a l . l i	(19)
a . m a . d eu	(20)
d o . s e	(21)
d eo . b i	(22)
a . u . eo . b a . h eu	(23)
k a . b a . n a . s eu	(24)
b o . s eu . k o	(25)
l i b . s i . ch eu	(26)
l o m . b a . h eu	(27)
n a . p o l . l e . o ng	(28)
k eu . l i . s eu	(29)
a . n o l . d eu	(30)
b i . a n . k o	(31)
b e . s o ng	(32)
p oe . l eu . s eu . t eo	(33)
d eu . l eo . k eo	(34)
g a . d a . m eo	(35)
p a . b eu . l i	(36)
s i ng . k e l	(37)
n a . p i . s eu	(38)
n a n . s e n	(39)
k eu . l a . s eu . n o . ya . l eu . s eu . k eu	(40)
