ai _1 . k e _4 . s i _1 . l i _4 (1)
t e _4 . l i _3 . s a _4 (2)
k a n _3 . p u _3 (3)
n uo _4 . d e _2 . b a _4 . g e _2 (4)
a _1 . t e _4 . w ei _2 . e r _3 (5)
d uo _1 . b u _4 . j i n _1 (6)
l i _4 . w ei _2 . s i _1 (7)
n iu _3 . b a _4 . g e _2 (8)
sh u _1 . t e _4 . l ai _2 . f u _1 (9)
l i _4 . t e _4 . e r _3 (10)
l a n _2 . n uo _4 (11)
ao _4 . e r _3 . s e _4 . m u _3 (12)
k e _4 . m a _3 . k e _4 (13)
n uo _4 . w ei _2 . e r _3 (14)
z uo _3 . l a _1 (15)
h e _4 . e r _3 . l i _4 (16)
x i _1 . b a _4 . t e _4 (17)
m a _3 . d e ng _1 (18)
k e _1 . e r _3 (19)
a n _1 . b u _4 . l u _3 . s i _1 . t e _4 (20)
d a _2 . l u n _2 (21)
x i _1 . b a _4 . e n _1 (22)
f u _2 . k e _4 . l a n _2 (23)
b u _4 . k e _4 . j i n _1 (24)
j i _1 . k e _4 . x i _1 . f u _2 (25)
d u _4 . p u _3 . l ai _2 . x i _1 (26)
h uo _4 . l i _4 . k e _4 (27)
s i _1 . w o _4 . m ei _2 . l a _1 (28)
f a _3 . g e _2 . s i _1 (29)
k a _3 . d e _2 . l i _4 (30)
l uo _4 . g e _2 (31)
w o _4 . k e _4 . s i _1 (32)
b ao _4 . d e ng _1 (33)
k e _1 . n uo _4 . p u _3 . n i _2 . j i _1 (34)
k a n _3 . t e _4 . l ei _2 . e r _3 (35)
w e n _1 . z i _1 (36)
k e _4 . n uo _4 . p e ng _2 . s i _1 . j i _1 (37)
j ia _1 . w a _3 (38)
h ui _4 . t i ng _2 . x i _1 . e r _3 (39)
y i _1 . d e ng _1 . s i _1 (40)
m ei _2 . e r _3 . d ai _4 . g e _2 (41)
d a n _1 . s i _1 (42)
p u _3 . l i _3 . c i _2 (43)
b a _4 . e r _3 . d u n _4 (44)
x i _1 . p u _3 . s i _1 . m a n _4 (45)
ch a _2 . l u n _2 (46)
a _1 . g e _2 . l ei _2 (47)
l i n _2 . l i _4 . s i _1 . g e _1 (48)
a _1 . t i ng _2 . j ie _2 (49)
k ai _3 . x i _1 (50)
b a _4 . q i _2 . n a _4 . e r _3 (51)
w o _4 . sh e n _2 . l i _4 (52)
s i _1 . d i _4 . f e n _1 (53)
h uo _4 . l a _1 . b i n _1 (54)
p u _3 . l ai _4 . m o _4 . s i _1 (55)
h ei _1 . g e _2 (56)
f u _2 . b a _4 . s i _1 (57)
h uai _2 . t e _4 . l i _4 (58)
h uo _4 . l i n _2 (59)
ao _4 . n i _2 (60)
b u _4 . l a n _2 . k e n _3 . h uo _4 . e n _1 (61)
l i _3 . ao _4 . s i _1 (62)
l ei _1 . g e _2 . l uo _2 (63)
m o _4 . l ei _1 (64)
w ei _2 . n ei _4 . t a _3 (65)
sh a _1 . l uo _2 . t e _4 (66)
a _1 . q i _2 (67)
f ei _1 . c i _2 . h a _1 . d i ng _1 (68)
w ei _2 . s e n _1 (69)
m o _4 . e r _3 . h a _1 . t e _4 (70)
b u _4 . l ai _4 . t e _4 . w e n _1 (71)
t ai _4 . e r _3 . s i _1 . d u n _4 (72)
ai _1 . d e _2 . e r _3 . s i _1 . t e ng _2 (73)
p u _3 . f ei _1 . j i n _1 . g e _2 (74)
d e ng _4 . n i _2 . g e n _1 (75)
l a _1 . j i _1 (76)
h a _1 . s i _1 (77)
j ia _1 . w ei _2 . e n _1 (78)
k a _3 . m u _3 . l uo _4 . s i _1 . j i _1 (79)
y i _1 . f e ng _2 . n a _4 (80)
w ei _1 . d e _2 . n a _4 (81)
k a _3 . e r _3 . b a _4 . m a _3 . t e ng _2 (82)
l uo _2 . s i _1 . s uo _3 . e n _1 (83)
h uo _4 . e r _3 . d i _2 . q i _2 (84)
g ao _1 . e r _3 . s i _1 (85)
ai _1 . s i _1 (86)
h e _4 . t i ng _2 . g e _2 (87)
b a _4 . e r _3 (88)
j ia _1 . n o ng _2 . s i _1 (89)
ai _1 . h a _1 . d e _2 (90)
d e _2 . k e _1 . e r _3 (91)
ai _1 . m u _3 . e r _3 (92)
a _1 . l a n _2 . d uo _1 (93)
m ei _2 . h a _1 . f ei _1 (94)
f a _3 . b a _4 . s e _4 (95)
g e _2 . l ai _2 . z i _1 . n a _4 (96)
x i _1 . e n _1 (97)
f ei _4 . s i _1 (98)
f a n _4 . k e _1 . k e _4 (99)
s a ng _1 . j i _1 (100)
