p eu l . l o . l i . a n	(1)
s a ng . t e . l eu	(2)
l o m . b eo . g eu	(3)
p eu . l e . g e	(4)
ae ng . k eo . l i . j i	(5)
g eu l . l ae . s eu . p e l	(6)
a . n o l . d eu	(7)
ch e . s a l . p i . n o	(8)
m a . s eu . t eu . l i . h i . t eu	(9)
g o n . s a l . l o	(10)
m o . s eu . k a	(11)
d i . b a . i	(12)
yo . h a n	(13)
b ae . j eo l	(14)
ae n . d i	(15)
l a . i . n a . h eu	(16)
n u . l eu . m i	(17)
b eu . l e n . t a . n o	(18)
m u . t eo	(19)
l a . o	(20)
k eu . l ae . m eo	(21)
l o . s eu . ch a . i l . d eu	(22)
k o . n eo s	(23)
n a . t a	(24)
l a . i . s ya . wo	(25)
p eu l . l ae . ch eo	(26)
s i . k o . l eu . s eu . k i	(27)
m o l	(28)
j a l . t e n	(29)
e l . b a	(30)
p eu . l a . i . eo	(31)
wo l . l a . s eu	(32)
s i l . l o n	(33)
ae . b i l . l i n	(34)
p eu . l e . d a	(35)
l e n . t eu	(36)
s yeo l . l o g	(37)
d eo n	(38)
k o ng . t e	(39)
h o b . h a . u . s eu	(40)
p a l . k o . n e	(41)
l o ng . p o . d eu	(42)
m ae n . ch e . s eu . t eo	(43)
p e . p e . l eu	(44)
l e . i . p eu	(45)
b eo n . ya n	(46)
t e . s eu . t a	(47)
k u . l eu . t eu	(48)
m a . i . e . l eu	(49)
h e . b eu . l i . d i . s eu	(50)
l i . o ng	(51)
p eu . l a . i . b u . l eu . k eu	(52)
g u . i . d o	(53)
b e . i n	(54)
o . s eu l . l eo	(55)
t u . l eu n . b a l . t eu	(56)
h e n . l e	(57)
k e . n ya . t a	(58)
g a . u . s eu	(59)
ch o m . s eu . k i	(60)
b e . b i n	(61)
s yu . t o . s eu	(62)
b a . s a . l i	(63)
k eu l . l a . p eu	(64)
l a n . t eu . s yu . t a . i . n eo	(65)
k a . j a n	(66)
l e . o . n i	(67)
s yu . l o b . s yeo	(68)
d e . n i . s eu	(69)
p ae . t i	(70)
ch ae . t eo . t eo n	(71)
l u . m a . n i . a	(72)
p o . t eu	(73)
b e . g a	(74)
k eu . l e . i . b eu n	(75)
b o . ch o . n i	(76)
k o n . s eu . t a n . ch eu	(77)
j u l . s eu	(78)
a . b a . s eu	(79)
g o . b i . n o	(80)
t yu . l i ng	(81)
h o b . s eu . b o m	(82)
k a l . l a . m a . j u	(83)
l o . j o	(84)
k a . l e n	(85)
d e . k eo	(86)
m i l . l o	(87)
k eo . m i ng . s eu	(88)
m e . s eu . n e . l eu	(89)
d a . i . ae n	(90)
g e . l i	(91)
g ae . l i . s eu	(92)
p eu . l i . ch eu	(93)
b eu l . l ae g	(94)
wi . s eu l . l eo	(95)
m i . t eu . l o . p o l . l o . s eu	(96)
l i . o . n e l	(97)
i . s a g . s eu	(98)
p a . l eu . m a	(99)
s a . l a	(100)
t o l . l i . a . t i	(101)
s eu . b e n . s o n	(102)
p i . h i . t e	(103)
t a . i l . l eo	(104)
k a . p u . t o	(105)
h wi s . p i l . d eu	(106)
n yu . k eo m	(107)
i . g eu l . l e . s i . a . s eu	(108)
g o . p eu . m eo n	(109)
j i n . s eu	(110)
e ng . g e l	(111)
p o . t eo	(112)
d i . s eu . k eo . b eo . l i	(113)
b ae . l i	(114)
k ae . l eo l	(115)
b eo . k eu	(116)
t e n . t eu	(117)
g wa . l i . n o	(118)
ye . l e . m i . ya	(119)
s yu . t eu	(120)
g a . p i l . d eu	(121)
b o . s wi . e	(122)
b eu . l o m . l i	(123)
k a . d e m	(124)
g eu . l e . i	(125)
yo . n a	(126)
ch i ng . s ye n	(127)
k eu l . l a . u . s eu	(128)
ch wi . l i . h i	(129)
a n . d eu . l i . ch i	(130)
l eu . m e . t eu . l eu	(131)
g e . t i	(132)
k wo g . k eu	(133)
d i ng . g eu l . l eo	(134)
s ae g . s eu n	(135)
a . m i n	(136)
b eo . n a . d e . t eu	(137)
h o . l eu n	(138)
h a l . l e	(139)
d a . d eu	(140)
b i . s e l	(141)
l e . n i n	(142)
b u . j u m . b u . l a	(143)
yo . j e . p eu	(144)
ae . g eu . n yu	(145)
h o . p eo	(146)
h ae . l i . s eu	(147)
b o . d o	(148)
l o . p eu . t i ng	(149)
k ae . d eo . l i n	(150)
p i . a . ch e . t a	(151)
wo . t eo l . l u	(152)
g o l . d eu	(153)
g u s . wi n	(154)
k a . m i n . s eu . k i	(155)
k o . wa l . s eu . k i	(156)
l i l . l i	(157)
p eu . l a n . ch e . s eu . k a	(158)
l eo . s eu . k i n	(159)
j o . p eu . l i	(160)
l ae n . d i	(161)
i . t eu n	(162)
s eu . n a . i . d eo	(163)
a n . d eu . l e . ye . p eu	(164)
ch e l . l i . n i	(165)
b i m	(166)
p i . o . t eu . l o . p eu . s eu . k i	(167)
yu . k eu l . l i . d eu	(168)
d eo n	(169)
g o . ch i	(170)
s i . ae . t eu l	(171)
l e . n o	(172)
s we . p eo	(173)
a . l eu . n o	(174)
k o ng . d i . ya . k eu	(175)
b eu l . l e . eo	(176)
m a . l i . s a	(177)
m a . g u l . l i . s eu	(178)
b u l . g a . n i n	(179)
h e . j i	(180)
m a . ch i	(181)
m a . i . b eo . g eu	(182)
k u . s i	(183)
s eu . h u . s eu . t e . l eu	(184)
s i l . b eo	(185)
a . m i . l eu	(186)
m o . l eu . g e n . s yu . t e . l eu n	(187)
b eo . p eo l . l o	(188)
m i . ch eo . l i . h i	(189)
n eo . j i	(190)
p e . h i . n eo	(191)
p eo . k i n	(192)
l eo . n i . eo	(193)
n a . i . l eu	(194)
j e . l eu . m ae ng	(195)
l o s	(196)
k o . b a l . l e n . k o	(197)
d o . k i n . s eu	(198)
t o . m eo . s eu	(199)
e l . j a	(200)
m a . i . k eu l	(201)
k a . l a . ya n	(202)
b o l . l o . g eu	(203)
m u . d i	(204)
d eo l . l u . s eu	(205)
m i . d eu l . s e g . s eu	(206)
u . s eu . t eo	(207)
j u . g e n	(208)
p i l	(209)
m a . ya	(210)
b a . g a	(211)
g a . m a . l a	(212)
p i . l e . u . s eu	(213)
j e . n e . b a	(214)
h wa . i . t eu l . l o	(215)
a . d a . n i	(216)
j a . k o . s a	(217)
s ye . l i . d eo n	(218)
k o l	(219)
s a ng . p a . n yu	(220)
wi . d eo . s eu	(221)
n i . k o l . l a . u . s eu	(222)
p o . k eu . t eu	(223)
g o l . d eu . b eo . g eu	(224)
d eu . l e . i . p eo	(225)
h a . i . ye . l eu . m a n . s eu	(226)
l ae m . j i	(227)
d wi . m a	(228)
b o . h e . m i . a	(229)
e l . l i . s eu n	(230)
g eu l . l e n . d e . i l	(231)
s eu . b e l . l i ng . k eu	(232)
g ae n . t eu	(233)
l a . g o . s eu	(234)
u l . l i	(235)
m ae . g i	(236)
j i l . l a . s eu	(237)
g a . b eu . l i . e l . l e	(238)
s yu . wi ng . g eo	(239)
n e . b e . l o . p eu	(240)
m ya n . m a	(241)
b e . i . t eu . s eu n	(242)
g wi . yo	(243)
a n . ch e n . g eu . l u . b eo	(244)
m ae . k i n . d eo	(245)
ae . t eu n . b eo . l eo	(246)
n o . s eu . k e	(247)
k eo . s eu . b eo . t eu	(248)
n a . p o l . l e . o ng	(249)
k a . l eu l . l o	(250)
m i . h e l . s eu	(251)
p o . l eu . t i . n a . l i	(252)
m a n . l i . k e	(253)
k eu l . l e . eo	(254)
m u s . s o l . l i . n i	(255)
k eu . l o . ch e	(256)
p o . a . j eu . i . yu	(257)
s eu . wa . j i l . l a n . d eu	(258)
p i . d eo . s eu n	(259)
a n . d e . s eu	(260)
s yu . p o . eo	(261)
p e . i	(262)
p e . l e g	(263)
m e n . d e l	(264)
l e . m o ng	(265)
p eu . l i . d eu . l i . h i	(266)
b o . n e	(267)
m o . h o . k eu	(268)
ae . ch i . s eu n	(269)
m a . s i	(270)
wa . d e	(271)
o . l a ng . ye	(272)
u ng . g a . l e . t i	(273)
b eu . l i . t o	(274)
b eu l . l a ng . s wi	(275)
l e g . s eu	(276)
s e . i . m u . eo	(277)
t i l . l e	(278)
e . m i l	(279)
h e n . d eu . l i g . s eu n	(280)
n a . p o l . l i	(281)
d ae . ch eo	(282)
wi . k eu l . l i . p eu	(283)
a l . l i ng . t eo n	(284)
o l . l i . b e . i . l a	(285)
k ae . s i	(286)
wi . g e . t eu	(287)
b eu . l i s	(288)
ch ae . t eo . n u . g a	(289)
j o . l eu . j e	(290)
j ae n	(291)
o . l eu . t eu	(292)
p a . l eu . d o	(293)
s yu l . l a . p eu	(294)
k u . s i ng	(295)
d i . eo . s eu	(296)
m i . ch i	(297)
k a . d e . n a	(298)
n o . s eu	(299)
b o . b a ng	(300)
m a . l eu . t i . n u . s eu	(301)
m o . l eu . g a . n i	(302)
b u . g eo n . b i l	(303)
s o . l eu . j u	(304)
k eu l . l a . p e . l o ng	(305)
k o l . g e . i . t eu	(306)
k o . p eu l . l a	(307)
h e l . s i ng	(308)
o . l eu . t a	(309)
g ae l . l o . n i	(310)
m a . n u . e l . l a	(311)
k e . s eu . t eu l . l eo	(312)
e . i . k i n	(313)
h eo l . b eo . t eu	(314)
g oe . t e	(315)
h e . s e n	(316)
p a . l i	(317)
o . p e . l eu . t eu	(318)
k i . t i	(319)
p e . i n . t eo	(320)
a . m e . l i . k a	(321)
k a l . l e	(322)
h a . t eu . p eo . d eu	(323)
l a . h eu . m a n	(324)
l eu . n o . l eu . m a ng	(325)
t o . d eu	(326)
a n . j e l . l o	(327)
h a n . jj eu	(328)
b e . l eo n . s eu n	(329)
e . i . k eu	(330)
we n . d eu	(331)
l u . j i . e . l o	(332)
h i n . t eo n	(333)
g eu . l a . k u . s eu	(334)
p o . k eu l . l ae n . d eu	(335)
k a . m i . yu	(336)
b o . ch eu . wa . n a	(337)
a l . b i . n o . n i	(338)
l o . s a . l i . o	(339)
n o l . d e	(340)
k e l . b i n	(341)
p o . s eu . t eo	(342)
b eo n . l i	(343)
i ng . g a	(344)
n o l . s eu	(345)
g a l . l i . o	(346)
k eu l . l e . m e n . s eu	(347)
h a . i . d eo	(348)
k eu . l e . m o . n a	(349)
a . l eu . b u . j o . p eu	(350)
a . i . t i	(351)
yo . s eu . t eu	(352)
b i l . h e l . l eu m	(353)
b ae . b i . j i	(354)
b a . i . eo . s eu	(355)
h a . d i	(356)
l i . k o . u	(357)
l a ng . e	(358)
l o l . l a n . d o	(359)
s yu l . ch eu	(360)
s yu . t i . l eu . n eo	(361)
b a . u m . g a . l eu . t e n	(362)
p a . m i ng . t eo n	(363)
s e . l eu . s o	(364)
m i . d eu l . t eo n	(365)
a . g eu . n e . s eu	(366)
s u	(367)
l e . d eu . p eo . d eu	(368)
p a . i . n i ng . eo	(369)
p eu . l a . i . eo	(370)
s o . l i . ya	(371)
p a n . d o l . p i	(372)
m o l . l o . t o . p eu	(373)
p a . i . eo . s eu . t o n	(374)
b u . t o ng	(375)
m ae g . s i n	(376)
b i l . l a . n i	(377)
b o . n i . ch i	(378)
h a . i . d e . l a . b a . d eu	(379)
o . b eu	(380)
h a n . s o n	(381)
i ng . g eu . l eo . h ae m	(382)
h a . n o . i	(383)
j yu n	(384)
j i . n e s	(385)
g a n . d i	(386)
h a . s eu	(387)
b a . l eu . k a	(388)
t i . p e s	(389)
g i . b eu . s eu n	(390)
h e g	(391)
j o . s wi	(392)
b eu l . l ae g . s eu . t o n	(393)
k eo . t eu l . l eo	(394)
l a . b i . n o . b i . ch eu	(395)
g ae . s eu . k o . i n	(396)
b e . d eu . l o	(397)
a . l eu . n o	(398)
m a l	(399)
g e . i n . j eu . b eo . l eo	(400)
k o . eo n	(401)
s a . l a	(402)
h a . u b . t eu . m a n	(403)
t eu . l a n	(404)
m e . s e . l e . l eu	(405)
p eu . l ae ng . k eu l . l ae n . d eu	(406)
b u . l eu . g o . n yu	(407)
m a . t i . a . s eu	(408)
g a . i . a . n a	(409)
h a . u	(410)
b eu . l e . j i n . s eu . k i	(411)
l ae ng . k i n	(412)
ae l . b eo . l e . j eu	(413)
wi l . l i . eo m . s eu n	(414)
we . s eu . t eo . m a . k eu	(415)
s i . m eo n . s eu	(416)
l i . d eu	(417)
b eu l . l a . u . t eu	(418)
ye . g o . l o . p eu	(419)
s eu . k o . d a	(420)
b e . k eu . m a n	(421)
yu . l eo b	(422)
m i . d eu	(423)
n i . k eo l . l eo . s eu	(424)
k a . l i	(425)
p i . t eo . s eu n	(426)
a n . d e . l eu . s e n	(427)
l a . s eu . m u . s e n	(428)
n o . b eu l	(429)
a . l i . o . s eu . t o	(430)
l o . l e n . ch eu	(431)
k eu . l i . s eu . ch eo n	(432)
s yo . p ae ng	(433)
wi n . s eu . t eo n	(434)
k o n	(435)
h a . s a n	(436)
e . d e l . s eu . t e . i n	(437)
l i l . l i	(438)
h ae . l i . eo s	(439)
k o . l a . d i	(440)
l o . m a	(441)
a l . l e g . s e . i	(442)
p u . l i . e	(443)
l eo g	(444)
m a g . s i . m i l . l i . a n	(445)
g o . t eu l . l o . p eu	(446)
o . s eu . t i n	(447)
m o n . t a l . b o	(448)
k o l . l i n . s eu	(449)
p o . s eu	(450)
l ae n . j eu	(451)
u l . l a . n o . b a	(452)
a l . l e g . s a n . d eu . l eu	(453)
b e . n e . d e . t i	(454)
b eu . l eo n . d i . j i	(455)
k eo l . l e n	(456)
b a . t eu . l i	(457)
h o l . l eo . we . i	(458)
p e g	(459)
ae . l i	(460)
p a . j a l	(461)
l i . m a	(462)
m a . s eu . n e	(463)
a . l eu . b o . s eu	(464)
h a . i . d a . l eu	(465)
k eu l . l a . l a	(466)
l e n	(467)
t eu . l e . i . s i	(468)
m i . yo	(469)
g wa . l eu . n i . e . l i	(470)
p o l	(471)
d i . a n	(472)
t o m . s e n	(473)
n i . j a ng	(474)
p e . l i . e	(475)
m o l . l i	(476)
b i . b eo	(477)
l e . j i	(478)
b e l	(479)
s yae . h i n	(480)
o . b eo . t eu n	(481)
we . d eo	(482)
p eu . l a ng . k e	(483)
a . p i . a	(484)
b i . t i	(485)
s eu . m e . d eu l . l i	(486)
a . l eu . n a l . d o	(487)
ae g . s eu	(488)
s eu . p a l . l a n . ch a . n i	(489)
u . l u . g wa . i	(490)
a . j a g . s i . o	(491)
b o . n a	(492)
b eo . t eo n	(493)
t o m . s eu n	(494)
b u l	(495)
h o . j i . s eu n	(496)
p a . h i m	(497)
h yu . m e . i . s eu n	(498)
l i n . d a	(499)
b i . o l . l a	(500)
ya . k o . b i	(501)
p a . n o	(502)
b e . n i	(503)
n o . i . s eu	(504)
g eu . l oe . j eu	(505)
ch e . i m . b eo l . l i n	(506)
h o . ch i . k i . s eu	(507)
h a . u . s eu	(508)
k o n . l a . d eu	(509)
s a . i . m eo n . j eu	(510)
d eu . l a . i . j eo	(511)
b wi . s o ng	(512)
t i . h o . n o . p eu	(513)
b o . l o . s i l . l o . p eu	(514)
a . b e . b e	(515)
l a . u . s yeo n . b u . s i	(516)
a . u . l o . l a	(517)
d e l . l i	(518)
b o . ya n	(519)
l i . b e . l a	(520)
n a . t a l . l i . a	(521)
k e . i n . s eu	(522)
g a . d a	(523)
wi l . k o g . s eu	(524)
s yu . l o . d eo	(525)
k i . d eu	(526)
k o n . t i	(527)
l a ng . s o ng	(528)
m ae g . k e n . j i	(529)
j e . o . l eu . j e . s eu	(530)
b eu . l a . n e . l eu	(531)
h eo . s i	(532)
s u . k eu	(533)
h o . e l	(534)
j wi l . l i . e . t eu	(535)
m a . s i . e l	(536)
k u . t u . j o . p eu	(537)
b a . h eu . ch i n	(538)
a ng . g e l . l i . k a	(539)
k i . l i l . l o . s eu	(540)
b eu l . l eo n . t eu	(541)
k a . i . j eo	(542)
b a l . l e n . t i . n o	(543)
ya . s i n	(544)
b a n . d e . i . l a	(545)
t a . u . b eo	(546)
j o n . s eu . t a . u n	(547)
b o l	(548)
l a . u . l a	(549)
b eu l . l o . ch i . m i . e . l eu . ch eu	(550)
h yu . b eo . m eo n	(551)
a . l eu . m a ng	(552)
p a l . l a . d i . o	(553)
j e . n e . p e l . d eo	(554)
g a . l eu . s i n	(555)
g eu . l e . i . eo m	(556)
e . d e l	(557)
k o . p eu	(558)
b a . ye . h o	(559)
s yae . d eu . we l	(560)
g o . s e . k eu	(561)
l e . n o g . s eu	(562)
p a . n yo l	(563)
m a . l eu . t eu	(564)
b a . i . eo	(565)
o . b eu . l e . h i . t eu	(566)
s i n . d i	(567)
h a . wo . d eu	(568)
i . b o	(569)
h e . l eu . n a n . d e . s eu	(570)
k e n . t eo n	(571)
b u . h eu . n eo	(572)
l a . b eu l . l e	(573)
k a . l a . ch i	(574)
h a . n o . b eo	(575)
t ae l . l eo . h ae . s i	(576)
p a . s eu . t eo	(577)
g eu . l i . p i . u . s eu	(578)
h e n . d e l	(579)
t yu . ch e . p eu	(580)
p o . t a . p e n . k o	(581)
a . d eu . l i . a . n a	(582)
l a . i . n eo	(583)
s ye l . l e	(584)
d a . l eu m . s yu . t a . t eu	(585)
b a l . l e . l i	(586)
l i . ch i	(587)
e l . l i . a	(588)
s eu . m a . i l . s eu	(589)
h eu . l u . s i . ch o . p eu	(590)
p o n . d a	(591)
we . eo	(592)
m ae . d o g . s eu	(593)
k e . l e . k u	(594)
p o l . l a	(595)
b a . l i . o . s eu	(596)
s a l . wi n	(597)
a . l a m	(598)
j a . n e	(599)
b e . i l . l i	(600)
ch i	(601)
e l . l i	(602)
h u . s eu	(603)
p eu l . l o . l a	(604)
d wi . p eu l . l e g . s eu	(605)
s yu . t a m . l eo	(606)
d i n	(607)
m a . s i n	(608)
b eu . l u . k i ng . s eu	(609)
ch e . i m . b eo l . l i n	(610)
b o l . p eu	(611)
k wa . s i . m o . d o	(612)
p o l . l i	(613)
t o . n eo	(614)
e . b eo . s eu n	(615)
s e n	(616)
p a . t eu . l i . s i . o	(617)
d eu . m i . t eu . l i	(618)
k e l . l i	(619)
m o n . l o . i	(620)
n i . k o l	(621)
j i l . b e . l eu . t o	(622)
i . s a . b e l	(623)
b a . m a . k o	(624)
p o . l eu . t a	(625)
we . s eu l . l i	(626)
p a . k i . s eu . t a n	(627)
d e . k eo	(628)
s yu . p e l . t eu	(629)
m a . g eo . l i . t eu	(630)
b e . i n . j eu	(631)
o . l eu . t i . s eu	(632)
m ae . s yu	(633)
n o . d i . e	(634)
a l . l e g . s a n . d eo	(635)
h a . n e l . l o . l e	(636)
h u ng . h a . i	(637)
h e . d eo	(638)
b u n . t eu	(639)
t o m	(640)
u l . s eu . t eo n . k eu . l ae . p eu . t eu	(641)
l e g . s i ng . t eo n	(642)
h a . i . l ae n . d eu	(643)
l ae ng . k eo . s yeo	(644)
e . d e l	(645)
g e . i . ch eu . k e l	(646)
s o . p i . a	(647)
l i . d i . a	(648)
l u . p eo . s eu	(649)
m e . l i . eo m	(650)
b a l . d u . s eu	(651)
m o . j e . l eu	(652)
l i . b e . l o	(653)
m a l . l i	(654)
l a . m a n	(655)
h a . b i . b eu	(656)
b o . s a ng . k e	(657)
g o l . d eu . b e g	(658)
g a . s eu . p a . l i	(659)
h e . d i n	(660)
h o l . b eu . l u g	(661)
p o l . l a . n i	(662)
a . l eu . g e . j i	(663)
j e . i m . s eu . t a . u n	(664)
b a . s o . p eu	(665)
l o . l eo	(666)
l o . l e n . s eu	(667)
wi n . s eu . l eo b	(668)
l e . m i ng . t eo n	(669)
g i l . b eu . l e . s eu	(670)
h eo . l e . i . s yo	(671)
t e . o	(672)
h o . g eo n	(673)
s yu . t a . u . t eu	(674)
m e . i	(675)
g u . s eu . t a . b eu	(676)
l i . t eu l . t eo n	(677)
d i . l i . k eu l . l e	(678)
k ae . s i	(679)
g eu . l e . k o . p eu	(680)
m a . l a . k e . s i	(681)
a ng . g o . l a	(682)
p eu . l a . i . a	(683)
e . d eu . m eo n . t eo n	(684)
l a . h eu . m a . n i . n o . p eu	(685)
b a . t i . s eu . t a	(686)
p i . t i . h i	(687)
l ae ng . k eo . s eu . t eo	(688)
p o . t i n . j eo	(689)
n o . s eo m . b eo l . l ae n . d eu	(690)
s a l . b a . t o . l e	(691)
b o . n a . l eu	(692)
l wi l . l i	(693)
g eu . l a . b a . t eu	(694)
j i . l a . d eu	(695)
s eu . p e . i . t eu	(696)
m eo . d o g	(697)
j o l . l a	(698)
o . d eu	(699)
h o b . s eu	(700)
m i . s yu l . l e	(701)
g u b . t a	(702)
b o . s ya ng	(703)
p e . h i . s yu . t a . i n	(704)
l o . l a ng	(705)
k ae . l o l . l a . i . n a	(706)
s a n . d eu l . l e . l eu	(707)
b e . t i	(708)
b i . s yu . k e . k eu	(709)
l o . t e . l eu . d a m	(710)
p eu . l i . d a	(711)
p ae . l i . s wi	(712)
o . k eu l . l ae n . d eu	(713)
m a . l eu . t i . n a	(714)
p e . l i	(715)
m ae n . s eu n	(716)
l a . ch i ng . g eo	(717)
a . i . j e n . s yu . t a . t eu	(718)
k eu . l a . s eu . n o . d a . l eu	(719)
p eu . l e . g eu l	(720)
a . j u n	(721)
p u . p i n	(722)
l u . t eu	(723)
b e l . l o . l u . s i	(724)
e . p e . s u . s eu	(725)
j i n . t a . n a	(726)
h a . wa . i	(727)
wi n . j eo	(728)
n yu . b o l . t eu	(729)
k e . b i n	(730)
s eu . k a b	(731)
l i . p eu . m a n	(732)
p eu . l i g	(733)
n a . p o l . l i . t a . n o	(734)
a b . d u . s eu	(735)
d a . i . s i	(736)
e n . j o	(737)
b eu l . l a . d i . s eu l . l a . p eu	(738)
ss a l . l i . h eu	(739)
wo l . p eu . l a m	(740)
l e g . s eu	(741)
e l . m eo	(742)
b eo n	(743)
p ae . t eo . s eu n	(744)
d a . b i . d eu	(745)
e . j e . b i . t eu	(746)
l u . t eo	(747)
b eu . l ae . d eu . s eu . t eu . l i . t eu	(748)
e . s eu . p o . s i . t o	(749)
b e . l i . m o . eo	(750)
b o . d eu l . l eo	(751)
h o . j i . k i n	(752)
b eo . t eu	(753)
a . m o ng . t o ng	(754)
h e . i	(755)
l o . m a . n o	(756)
e l . l a	(757)
p eu . l a n . ch e . s eu . k o	(758)
s ye l . l eo	(759)
k wi . n i . s eu . b eo . g eo	(760)
b eu . l a . i . eo n . t eu	(761)
j u . b eu	(762)
a m . l i . ch a . l eu	(763)
d yu . p o ng	(764)
l o m . b a . l eu . d eu	(765)
p a . ya n . s eu	(766)
h wi s . t o l	(767)
b e . t i . n a	(768)
k a . l a . j i . a l . l e	(769)
l o . j a l . l i	(770)
k ae . l i	(771)
p a . o l . l a	(772)
wi l . k eu	(773)
l a . i n . h o l . t eu	(774)
b o . n a . p a . l eu . t eu	(775)
l e . o	(776)
k a l . d eo . u . d eu	(777)
m oe . n i . e	(778)
m ae g . b eu . l a . i . d eu	(779)
p ae g . k eo . d eu	(780)
p i l . l i . p eu	(781)
l i n	(782)
j a m . b e . j i	(783)
b eu l . l eo n . d eo n	(784)
b e n . b e . n u . t o	(785)
k ae l . l i . p o . n i . a	(786)
m o . g e n . s eu	(787)
o . s yu	(788)
g eu . l a . n i . t eu	(789)
s yu . p a . i . eo	(790)
m i . s yo	(791)
s i . p eo . t eu	(792)
b a . i . l o . i . t eu	(793)
t e . g u . s i . g a l . p a	(794)
b eu . l a n . t i ng	(795)
m o . d eu	(796)
ya . n e . j eu	(797)
i . g eu . n a . t i . ye . p eu	(798)
s u . j a n	(799)
b eu . l a ng . g e l	(800)
l i . t eu l	(801)
b o . n i . ch i	(802)
p eu l . l a . t e n	(803)
b eu . l a . i . t eu . m a n	(804)
l e . t eu . n eo	(805)
n o . l a	(806)
k i n . s ya . s a	(807)
eo l	(808)
e . s eu . t o . n i . a	(809)
s yu l . l i . k eu	(810)
e l . s eu . t o n	(811)
p a . i n . m eo n	(812)
s yu . t e . p a n	(813)
h o . t eu n	(814)
p a l . k o . n e	(815)
k e . s e l	(816)
t o . l i . ch e l . l i	(817)
l o . l e n . ch o	(818)
t a . k i ng . t eo n	(819)
s ye . l eo . t eo n	(820)
p a g . s eu	(821)
a l . l e . s i . o	(822)
k eu . l i . m eo	(823)
i n . d i . ae . n a . p o l . l i . s eu	(824)
p o ng . s eu l . l e	(825)
s ye . p i l . d eu	(826)
p eu . l e . i . k eu	(827)
b e . l eu . t e l	(828)
l o . s i . n i	(829)
s eu . we . d e n	(830)
s yu l . ch e	(831)
m o ng . g o	(832)
j o . s i	(833)
a l . l e g . s a n . d eu . l i	(834)
p i . ch eu . n eo	(835)
t eu . l e . b eo	(836)
b o l . g a	(837)
k o g . s eu	(838)
yo . n a . s eu	(839)
k ae . s eu l . l e . i	(840)
s eu . t a	(841)
b e . d eu . n o . l eu . ch eu	(842)
s a . n a	(843)
m ae . s yu . s eu	(844)
ae . d eo m . s eu	(845)
a . m i . yo	(846)
a . d i l	(847)
b eu . l wi n	(848)
k e l . l i	(849)
j u l . l i	(850)
n e . b i l	(851)
n e . b eu . l ae . s eu . k a	(852)
b a . l eu . s eu . t o . u	(853)
b i l . l a n . t eu	(854)
d eu . l e . s eu . d e n	(855)
k a . l eu . t a ng	(856)
l eu . m e . l eu	(857)
p o l . l i . ch i . a . n o	(858)
t eo . k i	(859)
j a n . p eu . l a ng . k o	(860)
o . h a . i . o	(861)
g a l . l e . g o . s eu	(862)
a l . b e . l eu . s eu	(863)
s o . a . l e . s eu	(864)
s a . p a . t a	(865)
d e . n i . s eu	(866)
s eu . t o . d a . d eu	(867)
h a . i . d eu	(868)
b e . l eu . k eu . m a n	(869)
b o . l eu . s eu . t eu	(870)
i . b o ng	(871)
l u	(872)
l e . b a n . t eu	(873)
i ng	(874)
l e . k o . d eu	(875)
p e l . d eo	(876)
n a ng . s i	(877)
s eo m . m eo . p i l . d eu	(878)
g a l . l i l . l e . o	(879)
ch e . s eu . t eo . t eo n	(880)
a n . d e . l eu . s o n	(881)
b e . i . k eu l . l ae n . d eu	(882)
l o . b i n . s eu n	(883)
m a . k i n	(884)
h a . s eu . k e l	(885)
b a . s eu . k eu	(886)
o . ch o . a	(887)
h e . i . t o . l eu	(888)
s i . m eu . o n	(889)
m o . l o	(890)
p e . l i	(891)
g a m . b a	(892)
m eo l . l o . n i	(893)
b eo n . d i	(894)
s eu . p a . d o l . l i . n i	(895)
eo . n i	(896)
o l . l a . p eu	(897)
m o . s eu . k eu . b a	(898)
p a l . l a . s eu	(899)
e . s eu . k u . d e . l o	(900)
e . i m . s eu	(901)
m o ng . t e . l eu l . l a ng	(902)
k o . p eu l . l ae n . d eu	(903)
yo . k eu . t a . u n	(904)
h o . l eu . s eu . t eu	(905)
eo . wi n	(906)
b e . s o . s eu	(907)
a l . l e n	(908)
s eu . wi . p eu . t eu	(909)
b eu . l a . t i . s eu l . l a . b a	(910)
p eu l . l ae n . d eo . s eu	(911)
m a . i . eo . h o . p eu	(912)
p eu . l a . s a . d eu	(913)
n a . s i . l eu	(914)
m ae . d eu . p o . d eu	(915)
h o l . l i . d e . i	(916)
yo . s e . p u . s eu	(917)
i . b e l . l i n	(918)
o l . l i . b eo	(919)
s eu . t i . eo . s eu	(920)
t o l . s eu . t eo n	(921)
p ae . l eo . d i	(922)
g eo l . l i	(923)
t eu . l u . h i . yo	(924)
b e . i . ch eu	(925)
m e l . l eo n	(926)
b a . i . eo . s yu . t eu . l a . s eu	(927)
b i l . l eu m	(928)
s a . h a . l o . p eu	(929)
ae n . s eu . t i	(930)
p e . i n	(931)
a . i . eo n . s eu	(932)
p eu . l e . i . j eo	(933)
n i . k o	(934)
h o . eo	(935)
l i n . d eu . b eo . g eu	(936)
b e n . t eo n	(937)
k a . t o	(938)
a . i . h i . m a n	(939)
b e l . l eo . m i	(940)
p o n . t o . l eu . m o	(941)
b u l . l eo g	(942)
l wi . b e . l eu . s eu	(943)
b e . n i . t o	(944)
a . m a n . d a	(945)
s eu . n a . i . d eo	(946)
g eu . l a n . d i	(947)
h e . l e n	(948)
k o . l eu . n e . yu	(949)
h e . eo . p o . t eu	(950)
a n . t o . n i	(951)
s eu . t eo n	(952)
d a . t eu	(953)
a . l a	(954)
k o . n e	(955)
g o l . d eu . m a ng	(956)
t a . l a n . t eu	(957)
g eo n . t eo	(958)
s o l . l o . b i . yo . p eu	(959)
n o . b o . s i . b i . l eu . s eu . k eu	(960)
l o l . p eu	(961)
d yu . eo	(962)
h o l . t eu	(963)
j o . b a n . n i	(964)
b eu l . l e . i . k eu . s eu l . l i	(965)
k eo . m i n . s eu	(966)
k eu . l a . k o . p eu	(967)
k eu . l i . s eu . t o . p eo	(968)
d o . s eu n	(969)
i . s eu . m a . e l	(970)
b a l . l e . t a	(971)
k o l . d eo	(972)
p u . l eu . s e l	(973)
m o . l e . n a	(974)
s yu . t a . i n . h a . i l	(975)
o . j eu . b eo n	(976)
e . b eo l . l i n	(977)
l o . s eu . t a ng	(978)
n e . g eu . l o . p o n . t e	(979)
a . i . b eu . j eu	(980)
k i . l eu . h eo	(981)
s a . k e . t i	(982)
k e m . p eu	(983)
t a n . j a . n i . a	(984)
m ae g . k o . i	(985)
p eo . s e l	(986)
t o . l eu . k wa . t o	(987)
m o n . d eu . l i . a n	(988)
g a . s eu . p a . l eu	(989)
s eu . t e . n o	(990)
t i . b e . l i . u . s eu	(991)
d i . t eu . l eu	(992)
ch i . ch e . s eu . t eo	(993)
t ae . d eu	(994)
g i . b eu . s eu	(995)
b eu . l yu l . l o . p eu	(996)
s yu l . l a . i . eo . m a . h eo	(997)
j u . d i	(998)
e . i n . j eo l	(999)
l a . b e	(1000)
k eu . l o m	(1001)
p e . s e n . d e n	(1002)
l u . ch i . a	(1003)
n eo . d ae . n i . eo l	(1004)
m a . i . t eu . n eo	(1005)
p ae . l eo n	(1006)
ch i g	(1007)
k a . t eo	(1008)
g u . t i . e . l e . s eu	(1009)
p i . n i	(1010)
a . i . j e n . s eu . t a . t eu	(1011)
p eo . k i n . s eu	(1012)
b eo . s eu . we l	(1013)
b ae n . k u . b eo	(1014)
d a l . l i n	(1015)
p eu . l a ng . k eu	(1016)
b eu l . l a . s yu	(1017)
k eu l . l a . i . d eu	(1018)
k eu l . l a . u . d i . o	(1019)
wi . k eo m	(1020)
l o . s e . t i	(1021)
m o . l eu . wa	(1022)
e . i . eo	(1023)
h i . s eu	(1024)
s u . j a n	(1025)
wo . s i ng . t eo n	(1026)
k ae n . b eo . l a	(1027)
s eu . wa n . s eu n	(1028)
d eu . l a . i . b eo	(1029)
b e . n e . d i g . t eu	(1030)
k u . l eu . t eu	(1031)
l o . i . d eu	(1032)
k u n . t eu	(1033)
k o l . l a . l eu	(1034)
l i . b i . u . s eu	(1035)
l o . k e	(1036)
m a . s i . m o	(1037)
d e . h e . l a n	(1038)
d eo . b eu l . l i n	(1039)
d o . n eo l . d eu	(1040)
l a . b u . a n	(1041)
k i . m e l	(1042)
l a . d i . s eu l . l a . p eu	(1043)
l o . m o . n o . s o . p eu	(1044)
d o . d e . s eu . b e l	(1045)
k eo . k eu l . l eo n . d eu	(1046)
s eu . m i . t eo n	(1047)
l i . b a . i	(1048)
n a . i . j i . l i . a	(1049)
m a n . d a l . l e . i	(1050)
b u . t a n	(1051)
j o n . s eu n	(1052)
k wi . g eu l . l i	(1053)
e . s eu . t e l	(1054)
j ae g . s eu n . b i l	(1055)
e . t i . o . p i . a	(1056)
n o . l i . s eu	(1057)
d ae n . p o . s eu	(1058)
e . l i g . s o n	(1059)
j a n	(1060)
b o l . k eo	(1061)
s o . l e l	(1062)
k a ng . d eu . s wi	(1063)
m o . n e . t a	(1064)
k a n	(1065)
g eu . l a m	(1066)
h e . l eu . m e . s eu	(1067)
h eo . b eo . d eu	(1068)
b eu l . l a ng . k i	(1069)
m e . s eu	(1070)
m e l . l i n . d a	(1071)
n i . n a	(1072)
n e . l u	(1073)
m o . l eu . d e . h a . i	(1074)
l a . i . n eo . j eu	(1075)
j o n . s eu . t o n	(1076)
b a . d e n	(1077)
h o b . s eu n	(1078)
d eo . b a n	(1079)
i n . b eo . n e . s eu	(1080)
l a . h o . l eu	(1081)
a . l a . g o n	(1082)
e . b e . l e . s eu . t eu	(1083)
t u . t u	(1084)
b o . e n	(1085)
h eo l . s eu	(1086)
b e ng . t eu	(1087)
n a . i . p o l	(1088)
m e g . s i . k o	(1089)
g a . l eu . b o	(1090)
o . d i l . l o ng	(1091)
e . b a	(1092)
e n . s o . l eu	(1093)
h e n . ch e	(1094)
l e . o n . h a . l eu . t eu	(1095)
p eu . l e . n e l	(1096)
a . m a . l a	(1097)
d o l . p i n	(1098)
a n . t o . n o . p eu	(1099)
h e . i n	(1100)
g i . e l . l e . l u . p eu	(1101)
a l . m e . i . d a	(1102)
k e m . p eu	(1103)
d a m	(1104)
a n . p i n . s eu n	(1105)
b e . n e . ch i . a	(1106)
j o l . l i	(1107)
d o . n i	(1108)
m i l . t eu	(1109)
wa l . d o	(1110)
b a . l e n . ch eu	(1111)
ye . n a	(1112)
e . l i n	(1113)
m i l . l eo	(1114)
a . s eu . p i . n a l	(1115)
i . l e . n a	(1116)
m e n . d e l . j o n	(1117)
e . l eo n . p e l . d eu	(1118)
s i l . l o . n e	(1119)
p o l . l a n . d eu	(1120)
s e l	(1121)
g eu . l o . s eu . m eo n	(1122)
b e . k eo . j eu . p i l . d eu	(1123)
e ng . g e l . s eu	(1124)
k a . l eo	(1125)
d eo . g eu l . l eo . s eu	(1126)
p a . l eu l . l i	(1127)
s e . p eo . d eu	(1128)
l o . s e . t eu	(1129)
l a . s i n	(1130)
k a . l eu . n a b	(1131)
s e . k i	(1132)
n o . i . t eu . l a	(1133)
l a ng . j u . b ae ng	(1134)
wo l . t eo	(1135)
p o . k e	(1136)
t ae n . s eu l . l i	(1137)
b e . l eu . ye . l o n	(1138)
yu . s eu . t a . k i . o	(1139)
l e . i . b eu n	(1140)
l yu . b eu l . l ya . n a	(1141)
p e . l e . i . l a	(1142)
d eu . m i . t eu . l i	(1143)
l u . s eu . n i g	(1144)
l o . d i . eo n	(1145)
k a . s ae ng	(1146)
a . b o . t eu	(1147)
j e . n e . b i . b eu	(1148)
n eu . j ya . ye	(1149)
ch e . l e n . k o . p eu	(1150)
k a . s e m	(1151)
s eu . n e l	(1152)
m a . h a	(1153)
p o n . t eu . l ya . g i n	(1154)
s yu . t eu . l a . s eu . b u . l eu . g eo	(1155)
m a . t i n	(1156)
p e . t eu . l i	(1157)
h e n . d eu . l i g . s eu	(1158)
h e l . d eu	(1159)
m a l . l wi . s eu	(1160)
p a l . m e	(1161)
h o n . d u . l a . s eu	(1162)
m u . s eu . k a . t eu	(1163)
s ya . i . d e . m a n	(1164)
d u . s ya n . b e	(1165)
d i . a . s eu	(1166)
k o n . wo l	(1167)
yo . h a n	(1168)
k a n . t o	(1169)
s a n . t a . n a	(1170)
u . e . d eu . l a . o . g o	(1171)
b a . l e . l a	(1172)
ye . i l	(1173)
k a . s eu n	(1174)
m o n . t e . s o . l i	(1175)
d eu . l a . g a n	(1176)
g a . b eu . l i . e l . l a	(1177)
we . j i . u . d eu	(1178)
b i . d eu . we l	(1179)
p eu . l o . i . ya	(1180)
g e . l i	(1181)
wi . eo	(1182)
d o . n a . t u . s eu	(1183)
d o . j eu	(1184)
d yu . a n	(1185)
k e . i n . j eu	(1186)
a . h o	(1187)
m o l . l eo	(1188)
j a . k o b	(1189)
l u . i . j i . ae . n a	(1190)
s eu . t i . b eu n . s eu	(1191)
g eu . l i n	(1192)
g i . eo	(1193)
b a l . t eo	(1194)
k o . n a . k eu . l i	(1195)
h o . a . k i n	(1196)
g o l . t eu . s yu . m i . t eu	(1197)
s a . b i . n a	(1198)
p o n . s e . k a	(1199)
k ae . l o l	(1200)
