b i . t eo	(1)
n yu . l ae n . j eu	(2)
m a . i . b eo . g eu	(3)
t eo l . l i . d o	(4)
k a . n a l . l e . t o	(5)
k eu l . l a . g e n . p u . l eu . t eu	(6)
ya . n i g	(7)
b a l . d u . s eu	(8)
l u . i . s eu	(9)
b eo . m a	(10)
l e . o . n o . p eu	(11)
l o . p eu l . l i n	(12)
t yu . l i ng	(13)
e . i . d eu . l i . e n	(14)
g i . b eo n	(15)
l o l . l i ng	(16)
i ng	(17)
k o l . g e . i . t eu	(18)
s ae l . l i	(19)
j e . n i	(20)
