m a . s ya	(1)
i l . l e . i n	(2)
h ae . ch i	(3)
g o l . d eu . wi n	(4)
g a . l e . s eu	(5)
b a . m o n . t eu	(6)
m o ng . g o	(7)
n a . l a . ya n	(8)
i ng . g eo	(9)
d i g . s eu	(10)
g e . l eu . b i . n u . s eu	(11)
h wa . i . t eu l . l o	(12)
a . l eu . t u ng	(13)
d a . n i . e l . l i	(14)
m o . b eu . s a ng	(15)
g eu . l o . s o	(16)
l o . p eu . t eo . s eu	(17)
b e . n i . t e . j eu	(18)
wi . s eu l . l eo	(19)
j o . d e l	(20)
s o . n o . l a	(21)
l a n . j a n	(22)
m o . l a ng	(23)
p a . b eu . l i	(24)
m e . j wi	(25)
h e ng . k eu	(26)
p i l	(27)
b o	(28)
s a l . b i . n i	(29)
g eu . l ae n . b i l	(30)
d i . a	(31)
g u . ss eo . u	(32)
h e n . l i	(33)
k wi n . j eu	(34)
b e . s eu	(35)
l i . ch i	(36)
we . s eu l . l i	(37)
t o . l o n . t o	(38)
j o . ae n	(39)
a . l a n . d a	(40)
