l o . l e n	(1)
s u . l i . n a m	(2)
h a n . s e n	(3)
t e . n e . s i	(4)
s u . m a . t eu . l a	(5)
t o . l e . s eu	(6)
ch a n . d eu . l a . s e . k a . l eu	(7)
m e . d eu . h eo . s eu . t eu	(8)
p o . l eu . t a	(9)
s o l . b e . i	(10)
wi n . p eu . l e . d eu	(11)
l o . s eu . t a ng	(12)
k e . i . t i	(13)
d e . i . b eu	(14)
m ae n . ch e . s eu . t eo	(15)
a . b e . ya . n e . d a	(16)
n i . k a	(17)
m a . i . k eu	(18)
k eu . l e . s a ng	(19)
b e . g i n	(20)
h a . s eu	(21)
b e l . g i . e	(22)
a l . l i . n a	(23)
wa l . s i	(24)
k o . wa . n i . e	(25)
p a . b o	(26)
m a l . p i . g i	(27)
j e . i m . s eu	(28)
p o l	(29)
j a . k eu	(30)
p e . n i	(31)
l o . i . s eu	(32)
h a . n o . b eo	(33)
k i l	(34)
d eu . l a . i . j eo	(35)
l wi . d eu	(36)
e . d eu . wo . j eu	(37)
b e l . l o . l u . s i	(38)
s a . m i . l eu	(39)
b e . l eu . t e l	(40)
