b eu . l e . i	(1)
b o l . ch a . n o	(2)
p a . p ae ng	(3)
p a . s eu . t e . l eu . n a . k eu	(4)
m a . t i . a . s eu	(5)
m a . tt a . m o . l o . s eu	(6)
m e . l eu . k u . l i	(7)
h a . d eu l . l i	(8)
b e . i . l a	(9)
e . l i n	(10)
o . s eu . b o n	(11)
k a . l a . ya n	(12)
a . l eu . t u . l o	(13)
n e . i . j eu . m i . s eu	(14)
t u l . l a	(15)
k u . p eo	(16)
b o . l i . s eu	(17)
i . s eu . m a . e l	(18)
s ya . i . d e . m a n	(19)
b o . s eu . k o	(20)
