k a . p eu	(1)
b a . n e s	(2)
a . b eu . l a . h a m	(3)
o . d i l . l o ng	(4)
k o m . p eu . t eo n	(5)
b eo . s eu . we l	(6)
k e . i . t eu n	(7)
p a . n yo l	(8)
p o . k eo	(9)
s e . m yo . n o . p eu	(10)
l u . s eu	(11)
e . i . k i n . s eu	(12)
k a . l a . ch i	(13)
m e . d i . n a	(14)
l i . b o . p eu	(15)
ae . s eu . t eo n	(16)
b a . t i	(17)
g eu . l i n . b i l	(18)
s yu l . l a . i . d e n	(19)
b a l . d e . s eu	(20)
