m i-n _1 . G a: _1 . l a: _1 . d_< o-n _1	(1)
z O-t _2 . d_< a:-n _1	(2)
k u-n _1 . s` @: _3 . t @: _1 . k a: _1 . m @: _1	(3)
h o _1 . n e-c _2 . k @: _1	(4)
b_< a: _1 . r\ i _1 . t o _1	(5)
G o _1 . l a:-n _1	(6)
r\ ui: _1 . f i _1 . s @: _3 . k @: _1	(7)
v E-k _2 . z i _1 . l i _1 . u-t _2	(8)
b_< @: _3 . r\ E-t _2 . b_< @:-t _2	(9)
b_< o _1 . n a:-n _1 . z a: _1	(10)
t o _1 . r\ u-n _1	(11)
s` @: _3 . w a:-t _2	(12)
n i _1 . d_< e _1 . r\ @: _1	(13)
m E _1 . l a: _1 . r\ E-n _1	(14)
h a-n _1 . t @: _1	(15)
v a: _1 . l E-n _1 . s i _1 . a: _1	(16)
E _1 . e _1 . r\ o _1	(17)
r\ i _1 . v e _1 . r\ a: _1	(18)
z a:-n _1 . z i _1 . b_< a: _1	(19)
r\ @I _1 . d_< i _1	(20)
