m a _3 . j ie _2 . l i _3 (1)
ai _4 . e r _3 . d e _2 . e r _3 (2)
j i _1 . m e n _2 . t a _3 . e r _3 (3)
w o _4 . e r _3 . l u n _2 (4)
l a _1 . w ei _2 (5)
h e _4 . e r _3 . s i _1 . b i _3 (6)
m a _3 . z a n _4 . d i _2 (7)
m ai _4 . g e _2 . t e _4 . l i _3 . k e _4 (8)
w o _4 . m a n _4 (9)
b u _4 . l uo _2 . m u _3 . s i _1 (10)
k e _4 . l i _3 . l u n _2 (11)
s uo _3 . l u n _2 . s e n _1 (12)
f u _2 . l u n _2 (13)
m ei _2 . l uo _4 (14)
l i _4 . b a _4 . g e _2 (15)
g a ng _1 . d e _2 . s e n _1 (16)
m e n _2 . n ei _4 . e r _3 (17)
l ei _1 . t e _4 . w ei _2 . k e _4 (18)
m ei _2 . e r _3 . b i _3 (19)
m a _3 . l i _4 . n a _4 (20)
b u _4 . l u n _2 . d a _2 (21)
k o ng _3 . b a _4 (22)
m a _3 . h a _1 . f ei _1 (23)
ao _4 . g e _2 (24)
ai _1 . g e _2 . d u n _4 (25)
s ai _4 . e r _3 (26)
g e _1 . d e ng _1 (27)
l u _3 . n i _2 . e n _1 (28)
k a n _3 . d e _2 . l uo _4 . e r _3 (29)
l a _1 . x i n _1 (30)
l uo _2 . k a _3 . n a _4 . s i _1 (31)
ai _4 . w ei _2 . s e n _1 (32)
a _1 . s ai _4 . ao _4 (33)
k a _3 . l uo _2 (34)
k e _4 . l a n _2 . s i _1 . d u n _4 (35)
g ao _1 . j i _2 . e r _3 (36)
j i _2 . s e n _1 (37)
l uo _2 . d e _2 . w ei _2 . e r _3 (38)
l i _4 . k e _4 . w ei _2 . g e _2 (39)
x iao _1 . e n _1 . l a n _2 (40)
