m e ng . g e l . b e . l eu . k eu	(1)
m i . k o . ya n	(2)
b a . l eu . t eu	(3)
k ae . n eo n	(4)
b eo n . ya n	(5)
s u . a . l e . j eu	(6)
p a . i n . j eu	(7)
p i . k a . l eu	(8)
s ya . m i . l eu	(9)
wi l . l i . eo m . s eu n	(10)
b u . l eu . n o ng . b i l	(11)
s eu l . l o . b a . k i . a	(12)
g eu . l o . s eu	(13)
i . d a	(14)
p ae . t eu n	(15)
l e . o . p a . l eu . d i	(16)
b e . i l	(17)
s u n . s u . n e . g i	(18)
g eu l . l e n . d a	(19)
a . h e n	(20)
