l i n . s eu . h o . t e n	(1)
d e . s a . i	(2)
s yu l . l e . g e l	(3)
m e . k a	(4)
j yu n	(5)
b ae . t eu l	(6)
s yu l . ch e	(7)
b eu . l u g	(8)
h a . l eu . t eu . m a n	(9)
b e . d e . s eu . d a	(10)
b a . i . d e n	(11)
m o . i . j eu	(12)
p i . l e . u . s eu	(13)
k eu l . l e . m e n . t i	(14)
e l . j eu . m i . eo	(15)
k o . e n	(16)
b i . e . t a	(17)
h e . p eu l . h wa . i . t eu	(18)
a . l a . g o	(19)
k a . t o	(20)
m e . i . s eo ng	(21)
m u . t eo	(22)
o g . t a . b i . a	(23)
g eu . l i l . l o	(24)
s eu . t e . b i n	(25)
m o n . t a l . b o	(26)
t e m . p eu l . t eo n	(27)
j o . m eo	(28)
l eo . d eo . p eo . d eu	(29)
g e . l a . s i . m o . p eu	(30)
a l . b a . n i	(31)
s i . m i . ch i	(32)
k a . n i n	(33)
l u . k eu	(34)
b eu l . l ae . k i s	(35)
yu l . l i . a . n u . s eu	(36)
t i . t o	(37)
t i . s e n	(38)
g o . d eo . d eu	(39)
d eo . b i . s yeo	(40)
a . s o	(41)
s e . l eu . h i	(42)
b eu . l ae . t eu n	(43)
p a . l eu . d o	(44)
p eu . l a n . ch eu	(45)
s i l . l o n	(46)
a . l eu . t u ng	(47)
s a l . l a . s eu	(48)
d e . m u l . l ae ng	(49)
m a . k i	(50)
b e n	(51)
b i . b eo . b eu . l u g	(52)
a n . d eu . l e	(53)
k u l . l i . j i	(54)
m ae n . ch e . s eu . t eo	(55)
m i . l a	(56)
o . d i l . l o ng	(57)
g eo n . s eo	(58)
h a m	(59)
s ya . l eu n . h o . l eu . s eu . t eu	(60)
l e m . b eu . l a n . t eu	(61)
a . b eu . l eu	(62)
b a . l i . o . s eu	(63)
b i . b i . eo n	(64)
n a . i . k i	(65)
b o . u l . d eo	(66)
k eu . l i . s eu . t o . p eo	(67)
h e . l i ng . t eo n	(68)
ae . t eu l . l ae n . t a	(69)
b a . u . eo	(70)
l i n . ch i	(71)
g i . yo . m ae ng	(72)
k o l . d eo . k eo s	(73)
j o . d e l	(74)
b eu . l yu . s o . p eu	(75)
l i n . d eu . g eu . l e n	(76)
l o . k e	(77)
a l . b a . n o	(78)
t o l . l e	(79)
m a . l eu . s yu . n eo	(80)
a l . p eu . l e . d o	(81)
k i . s eu	(82)
a . b a	(83)
ae . d eu . k i n . s eu	(84)
k e l . l i	(85)
l i . m eo . l i g	(86)
p u n . s a l . m a . g i n	(87)
b a l . d i . b i . a	(88)
m e . i . s eu	(89)
m e . ch eu . l eo	(90)
s yu . wo . ch eu . k o . p eu	(91)
b ae n . k u . b eo	(92)
s yu . b e . l eu . t eu	(93)
p i . ch i . b eo . g eu	(94)
n i . k a	(95)
g o . b i	(96)
s yo . m o ng	(97)
l i . k a . d o	(98)
d o . l a	(99)
m a . b i n	(100)
l i . s eu . m eo n	(101)
d e . b eu . s eu	(102)
e n . b e . l eu	(103)
k i . l i . b a . s i	(104)
t eu . l i . n i . d a . d eu	(105)
b o . s eu . t eo n	(106)
s eu . k eu . l ya . b i n	(107)
l a . m a	(108)
l e . b e n . h u . k eu	(109)
n i l . s eu	(110)
s eu . p eo l . l i ng	(111)
g eo n . d eo . s eu n	(112)
m a . t i n . d e . i l	(113)
j i m . l o . k eu	(114)
l o . m e . l o	(115)
h o n	(116)
d a . u . d eu n	(117)
d e . s a . u	(118)
m e . l i . eo m	(119)
m a . k i . a . b e l . l i	(120)
k a . d e . n a	(121)
k a . p i . ch a	(122)
yu . d i . s eu	(123)
h a m . j a	(124)
k a . l eu . d i . n a l . l e	(125)
s a . i . m eo n . j eu	(126)
p o n . t a . n e	(127)
h u . s eu	(128)
k eu . l o . n e	(129)
j i l . l a . d eu	(130)
l o l . l a n . d o	(131)
b o . n i	(132)
s yu . ch eu	(133)
b e n	(134)
i . s eu . l a . e l	(135)
h e l . l eu m . s eu	(136)
p eo . k i n	(137)
d a . u . s eu n	(138)
a . i . h e n . d o . l eu . p eu	(139)
p u l . l eo . t eo n	(140)
b i l	(141)
b e . n e . d e . t o	(142)
u l . l i	(143)
p o . k eu . t eu	(144)
t i . g a . d eu n	(145)
m a . t i . a . s eu	(146)
k a l . l i . d eu	(147)
u . s eu . t eo	(148)
m e . l eu . ch eu	(149)
m i . h eu . n i . k eu	(150)
d i . p o	(151)
a n . t o . n i . o	(152)
l a . i . eo n	(153)
l a . i . t eu	(154)
l i l . l i . eo n	(155)
j ae g	(156)
b a . s eu . k o	(157)
h i l . t i	(158)
p o . t i n . j eo	(159)
g i . yu . m ae ng	(160)
b e . l eu . k eu . m a n	(161)
k o . p eu l . l a	(162)
l e . b e . d e . p eu	(163)
l a . s e	(164)
d a . wi n	(165)
o n . t a . l i . o	(166)
e l . s eu . h a . i . m eo	(167)
a . l eu . b o l . l e . d a	(168)
a n . j e l . l o	(169)
t i . h u . a . n a	(170)
l o . j i	(171)
k eu l . l a . u . s eu	(172)
k o n	(173)
p o . l eu . t a	(174)
l i n . d e	(175)
g eu l . l a . j u . n o . p eu	(176)
h e . i n . j eu	(177)
p o ng . t e n . b eu l . l o	(178)
wi . l eu . b ae ng	(179)
wa l . d o	(180)
ch e l . l i . n i	(181)
k ae . m eo . l eo n	(182)
l a . s a	(183)
b o l . d eu . wi n	(184)
l eo n . d eo n	(185)
p o . j o	(186)
s eu . h u . s eu . t e . l eu	(187)
b a l . m eo	(188)
m a . l eu . s ye	(189)
m e l . b i l	(190)
k u . j eu . n e . ch o . p eu	(191)
e . d i	(192)
m o . d i l . l i . a . n i	(193)
p eu . l a . g a	(194)
l i . k o	(195)
b i l . l i	(196)
s yu . l a . i . eo	(197)
p e . l eu . d i . n a n . d eu	(198)
t o . l eu . b a l . s e n	(199)
m a . l i . a n	(200)
