l o 4 . b aa-k 3 . d a-k 6	(1)
ng aa 5 . n ei 4 . h a-k 1	(2)
n au 2	(3)
s aa 1 . s i 6 . b ei 2 . aa 3	(4)
j-au 4 . l ei 5	(5)
s ou 1 . d aa-n 1	(6)
aa 3 . s i 1 . p a-t 1 . l a-m 4	(7)
c i-t 3 . f ei 1 . j i 5 . d a-k 1	(8)
j-i 1 . d i-n 1	(9)
l eoi 4 . s e 6	(10)
f aa-t 3 . l o-ng 4	(11)
w ai 1 . j i 5 . s i 1	(12)
h a-k 1 . l o 4 . d ei 6 . aa 3	(13)
d o 1 . t aai 3	(14)
l eo-n 4 . d eo-n 1	(15)
m aa 5 . j i 5 . t aa 1	(16)
f u-k 1 . d a-k 6	(17)
h o 2 . l o-k 6	(18)
h oi 2 . d ei 6	(19)
ou 3 . s i 1 . k aa 1	(20)
b ou 3 . g a-t 1	(21)
n i-ng 4 . m u-ng 1	(22)
m aa 5 . l oi 4 . aa 3	(23)
j-a-n 1 . g aa-k 3 . s i 1	(24)
t a-n 1 . n aa 4	(25)
w ai 6 . l i-ng 4 . d eo-n 6	(26)
j-aa 5 . m u-n 4	(27)
m aa-n 6 . d a-k 1 . l aai 1	(28)
aai 6 . l oe-k 6 . d a-k 6	(29)
f ai 3 . g aa 1 . l o 4	(30)
m ui 4 . d a-k 1 . w ai 5 . g i-t 6 . f u 1	(31)
oi 3 . l aa-p 6 . s eo-n 3	(32)
w aa 4 . s aa 1	(33)
j-i-ng 1 . g a-t 1 . l ei 6	(34)
b a-n 1 . z i-k 6 . f aa-t 3 . n ei 4 . aa 3	(35)
d o 1 . m u-ng 4 . d a-k 6	(36)
m a-k 6 . j i 5 . b u-n 2	(37)
j-i-ng 1 . d a-k 6 . j i 5	(38)
l eoi 4 . m aa-n 6	(39)
n ei 4 . l u-ng 4	(40)
m a-t 6 . d a-k 6 . l o-ng 5	(41)
h ei 1 . l aai 1 . l ei 6	(42)
d aai 3 . w ai 4 . s i 1	(43)
j e 4 . s ou 1	(44)
b ou 2 . l o 4	(45)
h oi 1 . m a-k 6 . l aa 1	(46)
f o 1 . l o 4 . l aai 1 . d o 1	(47)
d aa-t 6 . s aa 1	(48)
d i-k 6 . g a-ng 1 . s i 1	(49)
b aa 1 . s i-n 1	(50)
d ou 6 . l ou 5 . m u-n 4	(51)
g aa 1 . n aa 4 . d aai 6	(52)
b o 1 . j i 5	(53)
d aa-t 6 . f u 1 . n ei 4	(54)
h a-k 1 . z i 1	(55)
ng ai 4 . d ei 6 . m aa 5 . l aai 1	(56)
d aa-n 1 . m a-k 6	(57)
p ei 1 . s o-k 3	(58)
w ai 4 . g aa 1 . s i 1	(59)
s ou 1 . w ai 4 . oi 1	(60)
