s eu . k o l	(1)
m a . i . o . l eu	(2)
m a g . s i m	(3)
p e . d eo . l eo	(4)
p i s . k e . eo n	(5)
p eu . l e . g eu l	(6)
l o . j a l . l i	(7)
a . d a . m a	(8)
t o m	(9)
t i l . m eo n	(10)
h u . t e n	(11)
m i . n yo ng	(12)
b eu . l a n . k a	(13)
s yu l . ch eu	(14)
k a . n a . l o	(15)
l i . p eu . m a n	(16)
m o . t a	(17)
h ae . l i . m eo n	(18)
h a n . k a	(19)
b u . s o . n i	(20)
s eu . t o n	(21)
a l . l o n . s o	(22)
t u l . l a . s eu n	(23)
b o l . s eu	(24)
j e . m a	(25)
i . b o	(26)
g eu . l e . i . eo m	(27)
l i . ch i . m eo n . d eu	(28)
d i . t eu . l o . i . t eu	(29)
m ae . k eu l . l a . u . d eu	(30)
s eo . p eo g	(31)
p e . l i . e	(32)
yo . k eu . t a . u n	(33)
i . s a . ya	(34)
m a . t e . j o n	(35)
m e . l eu . s i . e	(36)
n a . d a . l eu	(37)
e l . l i . j a . b e . s eu	(38)
k u . l eu . s eu . k eu	(39)
s eu . t e . p a . n i	(40)
