i . l eu . m a	(1)
h o l . g e . l eu	(2)
j ae g	(3)
s e . l a	(4)
b a . i . eo	(5)
g i . n i	(6)
g o l . j eu . wo . d i	(7)
b a . u l	(8)
t o . s eu . t i	(9)
l o . j eo	(10)
l e . b e . k a	(11)
m a . l eu . t i . n o	(12)
e . s eu . k o . b a	(13)
s eu . p e . s eu	(14)
s eu . t i . g eu l . l i . ch eu	(15)
k a . b eo	(16)
i . t a l . l o	(17)
k ae n . t eo	(18)
p a n . d o . l a	(19)
p eu . l a . g a	(20)
a n . d e . s eu	(21)
a . l eu . p eu	(22)
m ae g . l a . l e n	(23)
h a . s a n	(24)
p o n . k i . e l . l i	(25)
p e l . l e . g eu . l i n	(26)
d a n	(27)
k a l . l i b . s o	(28)
b a . k eu l . l i	(29)
l i . h i . t eu	(30)
h o . l a . t i . u . s eu	(31)
l i . m e n . s yu . n a . i . d eo	(32)
b eu . l i n . d eu l . l i	(33)
b o . s wi . e	(34)
b eu . l i . s eu . t eu l	(35)
h a . i . d e . l a . b a . d eu	(36)
p a l . l o . m a	(37)
o . l a ng . ye	(38)
k i . p eo	(39)
p e l . l e	(40)
