l ei 6 . l ei 6	(1)
g aa-k 3 . l a-m 4 . w ai 1 . z i 6	(2)
w a-n 4	(3)
aa 3 . d o-ng 1 . s i 1	(4)
k aa 1 . t u-ng 1	(5)
oi 3 . s aa 1 . n ei 4 . aa 3	(6)
n o 4 . w ai 1	(7)
m o 1 . m u-n 4	(8)
k aa 1 . s i 1 . d ai 3 . l o 4	(9)
s aa-n 1 . aai 1	(10)
t ou 2 . j i 5 . k ei 4	(11)
w ai 1 . s i 6 . g ei 6	(12)
b ou 3 . l o-ng 5	(13)
h aa 1 . s aa-t 3 . h a-k 1 . s i 1 . t aa-n 2	(14)
h a-k 1 . c oi 3 . j i 5 . t i-ng 4	(15)
l aai 1 . s ou 3	(16)
b ou 3 . s yu 4	(17)
d ei 6 . ng aa 4 . g o 1	(18)
h oi 2 . d aa-t 6 . g aa-k 3 . l aa-n 4	(19)
m o 1 . g a-n 1	(20)
h a-k 1 . l oi 4 . s i 1 . l a-k 6	(21)
j-a-n 3 . d ai 6 . o-n 1	(22)
b o 1 . j i 5	(23)
j-i 1 . l o-ng 5	(24)
aa 3 . s ai 3 . aa 3	(25)
b ui 3 . d o 1 . f a-n 1	(26)
p ou 2 . l ou 5 . s i 6	(27)
t aai 3 . gw o 1 . j i 5	(28)
m aa 4 . s aa-t 3 . z yu 1 . c oi 3	(29)
m aa 5 . d a-k 6 . l aai 1	(30)
s aa-t 3 . l ei 5	(31)
n ei 4 . w ai 4 . d a-k 6	(32)
f u-k 1 . j i 5 . m o 1 . s i 1	(33)
g aa 1 . n i-n 4 . w aa 4	(34)
g o-ng 1 . gw o 2	(35)
f ui 1 . b a-k 1 . h a-k 1	(36)
w ai 1 . l ei 6	(37)
aai 6 . m aa-n 6 . n ou 4	(38)
g o-t 3 . l eoi 4 . n o-k 6	(39)
f a-t 1 . l ei 6 . ng o-ng 4	(40)
z i 1 . g aa 1 . g o 1	(41)
ou 3 . l i-k 6	(42)
h a-k 1 . l ei 5 . s i 1 . t o-k 3 . f a-t 1	(43)
g a-t 1 . t aa 1	(44)
g i-t 3 . s ai 1 . k aa 1	(45)
s o-k 3 . l aai 1 . n aa-p 6	(46)
f a-t 6 . l o 4 . l ei 5 . d aa-t 6	(47)
l ou 6 . d a-k 1	(48)
b aa 1 . b ei 2 . l eo-n 4	(49)
d aai 3 . ou 3 . s a-n 1	(50)
w ai 6 . l i-ng 4 . d eo-n 6	(51)
j-a-n 1 . g aa-k 3 . s i 1	(52)
k aa 1 . f u 1 . k aa 1	(53)
h o 2 . l o-k 6	(54)
l ai 6 . g aa 1	(55)
b o 1 . d a-k 6 . l aa-n 4	(56)
m o 1 . l o-k 3 . g o 1	(57)
aa 3 . g a-n 1 . t i-ng 4	(58)
f aa-t 3 . l o-ng 4	(59)
t o-ng 1 . m ou 5	(60)
h a-k 1 . z i 1	(61)
g aa 1 . n aa-p 6	(62)
s o-ng 1 . n aa 4	(63)
j-e 4 . l ou 5	(64)
c e 1 . l ou 6 . s i 6	(65)
b ou 2 . d eo-n 6	(66)
k aa 1 . j i 5	(67)
m aa 5 . d i-n 1 . n ei 4	(68)
aa 3 . l aai 1 . b aa 1 . m aa 5	(69)
h ei 1 . d a-k 6 . l a-k 6	(70)
d e-k 6 . k aa 1 . j i 4	(71)
h a-k 1 . l oi 4	(72)
m aa 5 . d a-k 6 . l o-k 3 . h a-k 1	(73)
w u 1 . h a-k 1 . l aa-n 4	(74)
ng aa 4 . m aai 5 . g aa 1	(75)
n ei 4 . l o 4	(76)
b ou 3 . l ou 5 . c oi 3 . j i 5	(77)
g aa 3 . f e 1	(78)
m ai 5 . g ou 1	(79)
f aa-t 3 . s ai 1 . s i 1	(80)
g o 1 . l eo-n 4 . b ei 2 . aa 3	(81)
d i-k 1 . s i 6	(82)
h aa-k 3	(83)
t o-ng 1 . p ou 2 . s eo-n 3	(84)
b o 1 . s i 6 . d eo-n 6	(85)
k aa 1 . l aai 1 . j oe-ng 4	(86)
gw o 1 . d a-ng 1	(87)
g ei 1 . j a-n 1	(88)
k aa 1 . d a-k 6	(89)
h o 2 . k aa 1 . j a-n 1	(90)
aa 3 . b ou 3 . h aa 1 . z i 1	(91)
t o-ng 1 . s a-n 4	(92)
m a-k 6 . d i-k 6 . m a-n 4	(93)
m o 1 . s i 6	(94)
d aai 3 . h a-k 1 . s i 1	(95)
b ei 2 . l ei 6 . s i 4	(96)
oi 3 . j a-n 1 . s i 1 . t aa-n 2	(97)
j-a-n 3 . d ou 6 . n ei 4 . s ai 1 . aa 3	(98)
b ou 3 . d i-ng 1	(99)
b o 1 . g o 1 . d aai 6	(100)
s i 1 . d a-k 1 . g o 1 . j i 5 . m o 1	(101)
n au 2	(102)
m ai 5 . l aa-n 4	(103)
ou 3	(104)
m aa 5 . l ei 5 . ou 3	(105)
b aa 1 . h a-k 1 . l ei 6	(106)
m ai 5 . l a-k 6	(107)
b aa 1 . l ei 4	(108)
w u 1 . l aai 1 . gw ai 1	(109)
h aa 1 . d a-k 1 . w ai 1	(110)
h a-k 1 . l o 4 . d ei 6 . aa 3	(111)
ng aa 5 . l u-ng 4	(112)
m ai 5 . s ou 1 . l ei 5	(113)
t aa-p 3 . g a-t 1 . h a-k 1 . s i 1 . t aa-n 2	(114)
aa 1 . p i-n 3	(115)
l eoi 4 . m aa-n 6	(116)
b aa-k 3 . m ou 6 . d aa-t 6	(117)
aa 3 . c oi 3 . b aai 3 . g oe-ng 1	(118)
f o 1 . l o 4 . l aai 1 . d o 1	(119)
k aa 1 . d a-k 6 . j i 5	(120)
aai 6 . d i-k 6 . s a-ng 1	(121)
oi 3 . w aa 4 . d eo-n 6	(122)
s eoi 6 . d i-n 2	(123)
aa 3 . m ou 5 . s i 1 . d a-k 6 . d aa-n 1	(124)
m aa-n 6	(125)
h aa 1 . ng aa 5 . n aa 5	(126)
g ou 1 . j i 5	(127)
w a-n 1 . g o 1 . w aa 4	(128)
g u 2 . b aa 1	(129)
n au 2 . f a-n 1 . l aa-n 4	(130)
m ai 5 . h a-k 1	(131)
s ou 1 . d aa-n 1	(132)
l o 4 . m aa-n 6 . d ai 3 . h a-k 1	(133)
b aa 1 . f a-t 6 . l ei 6 . aa 3	(134)
h ei 1 . j i 5 . d eo-n 6	(135)
l i-t 6 . n i-ng 4	(136)
f aa-t 3 . s o-k 3	(137)
l o-k 3	(138)
w ai 1 . j i 5 . s eo-n 3	(139)
g aa 1 . l a-k 6 . b ei 2	(140)
