b aa 1 . s ai 1	(1)
m i-ng 4 . n ei 4 . s ou 1 . d aa-t 6	(2)
k aa 1 . l ou 6 . l ei 5	(3)
m ou 6 . n ei 4 . h a-k 1	(4)
b aa 1 . g aa-k 3 . d aa-t 6	(5)
h a-ng 1 . d a-k 6 . l ei 6	(6)
p aa-k 3 . l aai 1 . t ou 4	(7)
s aa-t 3 . h aa 1 . l aai 1	(8)
b ou 3 . l aai 1 . g aa-k 3	(9)
t o-k 3 . f u-k 1	(10)
k ei 4 . j i 6	(11)
d aai 3 . o n 1 . n aa 4	(12)
d aa-n 1 . m a-k 6	(13)
g aa-k 3 . l i-ng 4 . l aa-n 4	(14)
s aa-n 1 . aai 1	(15)
k aa 1 . d a-k 6	(16)
j e 4 . s ou 1	(17)
b u-n 2 . d a-k 6 . s a-m 1	(18)
w ai 1 . l i-m 4	(19)
d a-k 1 . h a-k 1 . l aa-n 4	(20)
