p o l . s eu n	(1)
h o l . s eu . t eu	(2)
g eo . t eu . l u . d eu	(3)
i . b o ng	(4)
l o . h a n	(5)
d eu . l e . p wi . s eu	(6)
k o l . l o m . b o	(7)
m a g . s i m	(8)
g a . i	(9)
d eu . l e . i . p eo	(10)
p e . i	(11)
o . s eu . t i n	(12)
k o l . m eo n	(13)
a . s u n . s i . o n	(14)
b a . k e n . l o . d eo	(15)
b a l . l e . l i	(16)
p i . n o	(17)
a n . t a . n a . n a . l i . b o	(18)
g a . p o n	(19)
b eu l . l ae . k i s	(20)
e . d e l . s eu . t e . i n	(21)
o . d eu	(22)
p i . s eu . k eu	(23)
e n . d eo . s eu	(24)
t e . l eu . b o . l eu . h i	(25)
ye . j i	(26)
wa s . s eu n	(27)
b o . h e . m i . a	(28)
p eo . s e l	(29)
s a n . s eu	(30)
m o . eo . s eu	(31)
g o . s i	(32)
b eu l . l a . d i . b o . s eu . t o . k eu	(33)
ch e . l i	(34)
p e . l i	(35)
h o . l a . s i . o	(36)
p o n . k i . e l . l i	(37)
m o ng . p o . l eu	(38)
h ae . l i . m eo n	(39)
l o . b o	(40)
