e . l i . h i	(1)
m eo l . l o . n i	(2)
p e . l a . l a	(3)
p o	(4)
k a n	(5)
o . k eu . s yeo . t eu	(6)
l i . p e n . s yu . t a l	(7)
e n . t e . b e	(8)
d a n . ch i . h i	(9)
t a m	(10)
p o . k eu . t eu	(11)
k i l . b i	(12)
t a . m a . l a	(13)
h a . l eu . t eu . m a n	(14)
t a n . j a . n i . a	(15)
h ae m . l i n	(16)
p u . l eu . s e l	(17)
m o n . t o . ya	(18)
k eu . l o . n a . k a	(19)
h u l . l i . o	(20)
