n ei 4 . c oi 2	(1)
k aa 1 . s i 1 . d ai 3 . l o 4	(2)
m a-k 6 . t o-ng 4 . n aa-p 6	(3)
z i 1 . s i 6	(4)
n o-k 6 . b ui 3 . j i 5	(5)
s ou 1 . aa 3 . l eoi 4 . s i 1	(6)
h oi 2 . ng aa 4	(7)
b ou 3 . g ei 1 . n aa-p 6	(8)
l o 4 . b a-n 1	(9)
w aa-t 6 . t i-t 3 . l ou 4	(10)
h aa 6 . w aa 1	(11)
b aa 1 . s i 6	(12)
w a-n 1 . b ou 3 . l oi 4	(13)
w ai 1 . l i-m 4	(14)
ou 3 . g u 2 . s i 1 . d a-k 6	(15)
f u-k 1 . j i 5 . m aa 5 . l a-m 4	(16)
o-n 1 . d a-k 1 . s a-ng 1	(17)
f o-k 3 . j i 5	(18)
m ai 5 . c i-t 3 . j i 5	(19)
b aa 1 . g ei 1 . s i 1 . t aa-n 2	(20)
b ei 2 . d a-k 1	(21)
w aa 4 . s i-ng 6 . d eo-n 6	(22)
m o 1 . j i 5	(23)
n ei 4 . h a-k 1 . s a-m 1	(24)
k aa 1 . t u-ng 1	(25)
t ou 4 . g aa-k 3 . n i-p 6 . f u 1	(26)
b aa-n 1 . k i-k 1	(27)
h a-k 1 . g aa-k 3 . j i 5	(28)
gw o 1 . l aa-n 4	(29)
m aa 5 . l aai 1 . c u-ng 4	(30)
ng ai 4 . d ei 6 . m aa 5 . l aai 1	(31)
h ei 1 . l aai 1 . l ei 6	(32)
s o-ng 1 . n aa 4	(33)
h o-ng 1 . n aai 5 . d i-k 6 . h a-k 1	(34)
g i-t 6 . d a-k 6	(35)
gw o 1 . s i 1 . d a-k 6	(36)
m ai 4 . n ei 5	(37)
j-i 1 . d i-n 1	(38)
f a-n 1 . l aa-n 4	(39)
m a-k 1 . h a-k 1 . f u-ng 1	(40)
k aa 1 . f u 1 . k aa 1	(41)
d a-k 1 . h a-k 1 . l aa-n 4	(42)
m o-ng 5	(43)
b a-t 1 . k aa 1 . s o-k 3	(44)
ou 3 . d aai 6 . l ei 6 . aa 3	(45)
b o 1 . j i 5 . k aa 1	(46)
s ou 1 . w ai 4 . oi 1	(47)
b aa 1 . b aa 1 . l aai 1	(48)
w ai 4 . d o 1 . l ei 6 . aa 3	(49)
m aa-n 6 . d a-k 1 . l aai 1	(50)
p aa-k 3 . l aai 1 . t ou 4	(51)
l aai 1 . d i-ng 1	(52)
d e-k 6 . k aa 1 . j i 4	(53)
l o-k 3 . d a-k 6	(54)
m u-ng 4 . t aai 3 . k ei 4	(55)
m o 1 . n aa-p 6 . g o 1	(56)
b aa-k 3 . s i 6	(57)
j a-t 6 . n oi 6 . ng aa 5	(58)
j e 4 . l ou 6 . s aa-t 3 . l aa-ng 5	(59)
w a-n 4	(60)
