m i . yo	(1)
d i . d eu	(2)
ya . h i . a	(3)
b e . b eu l . l eo n	(4)
s we . p eo	(5)
n e . a n . d eo	(6)
j e n . k i n . s eu	(7)
l i ng	(8)
h o . n e . k eo	(9)
s e . i . s eu	(10)
d eo . g eu l . l eo . s eu	(11)
j i . l o . d u	(12)
p e . t i . p a	(13)
l e . i l . l a	(14)
p a . m e l . l a	(15)
d eu . m i . t eu . l i	(16)
l o . a l	(17)
wi n . ch e . s eu . t eo	(18)
n e . l eu . b a	(19)
k a . ch eu	(20)
p o . i . b e	(21)
p e n	(22)
p a . u l . l i	(23)
l e . n i n	(24)
k e . n e . d i	(25)
l o . s eu n	(26)
b a l . t eu . h a . i m	(27)
h a . d eu . wi . k e	(28)
we . i n	(29)
a ng . l i	(30)
s yu l . l a . p eu	(31)
j e . m i . s eu n	(32)
l eo g	(33)
p eu l . l i n	(34)
k o l . l i n	(35)
j e . m a n	(36)
k o l . l i n . s eu	(37)
j i . l a . l eu . d o ng	(38)
p e n . d e . l e . ch eu . k i	(39)
h eo . ch i n . s eu	(40)
b e . l eu . t o l . t eu	(41)
s eu . t a . n i . s eu l . l a . p eu	(42)
b a ng . g a l . l o . l eu	(43)
h e . i . d eu n	(44)
t o m . s eu n	(45)
p o . s e	(46)
g i l . l e l . s eu	(47)
b o . d eu l . l eo	(48)
d e . i . b i	(49)
k o . ch i n	(50)
p o l . l i . ch i . a . n o	(51)
k i . l o . s eu	(52)
b i l . l a	(53)
e . b eo . s eu	(54)
m u s . s o l . l i . n i	(55)
m u . b a . l a . k eu	(56)
o . d eu n	(57)
k a . m i l	(58)
a l . m o n . d eu	(59)
d a . u l . l i ng	(60)
d o . b eo	(61)
wa . i . d eu . m eo n	(62)
k a . s e m	(63)
s yo n	(64)
s ye	(65)
b eo . t eo . p i l . d eu	(66)
d a . k a	(67)
e . i . d eu . l i . eo n	(68)
a . l eu . j e n . t o	(69)
b i . a . j i . o	(70)
b eo . n e s	(71)
l a ng . e	(72)
t i m . b eo . l e . i . k eu	(73)
wa ng . ch u . k eu	(74)
k eu l . l a . u . d i . o	(75)
g ae . s eu . k o . i n	(76)
b i . b i . eo n	(77)
e l . l a m	(78)
k a . m i l . l o	(79)
a . m a . j o n	(80)
b eu . l i n . d eu l . l i	(81)
p i . t eo . s eu	(82)
l a . k a ng	(83)
l o . j eu	(84)
m a l . l a . wi	(85)
b u . l eu . j e	(86)
p eu . l a ng . k eu	(87)
ye . l e . m i . a . s eu	(88)
g o l . d eu . s eu . t a . i n	(89)
b u . t e . n a n . t eu	(90)
d eo . s eu . t i n	(91)
t a . s o	(92)
g o . t eu . h e l . p eu	(93)
d eu l . l a . m i . n i	(94)
b e . t i	(95)
t eu . l i . b e l . l i . eo n	(96)
b e . l eu n	(97)
d a l . k eu . l o . j eu	(98)
b a . i . b eu l	(99)
e . m i l . l i	(100)
ae l . b eo . l e . j eu	(101)
p eu . l i . g o . j i n	(102)
s eu . p a l . l a n . ch a . n i	(103)
m e l . l o	(104)
n a . t a l . l i . a	(105)
t a . n a	(106)
m a . l i . a	(107)
k u . l eu . t u . a	(108)
s a . d i	(109)
m a l . l i . k eu	(110)
g a . l eu . b o	(111)
l o . j a l . l i	(112)
g i l	(113)
a l . b eo . t eu	(114)
a . d e l	(115)
g eu . l i . s eu	(116)
p e . i . t eo	(117)
i l . l i . n o . i	(118)
s wi l . d eu	(119)
p i . t i . h i	(120)
s a l . b a . d o . l eu	(121)
l i . k e . ch eu	(122)
p e . l e	(123)
h e . i n	(124)
s we . i n	(125)
h o b . s eu	(126)
t i . m eo . s i	(127)
p ae . t eo . s eu n	(128)
s i . b o . l e	(129)
a . i . j e n . h a . wo	(130)
a ng . g e l . l a	(131)
k u . l eu . t eu	(132)
k yu . b i g	(133)
s ye . p eo . d eu	(134)
b a . b eo	(135)
e l . g a	(136)
l u . i	(137)
eu n . k eu . l u . m a	(138)
p e . i . j i	(139)
ae g . s eo l . l o . d eu	(140)
l e . j i	(141)
k eu . l o m . l ae ng . k eu	(142)
d ae . n i . eo l . s eu	(143)
s eu . k o . t eu l . l ae n . d eu	(144)
p i . t eu . l i	(145)
p eu . l i . d eu . l i . h i	(146)
s a n . ch e . s eu	(147)
m a l . l i n	(148)
p eu l . l o . l i . d a	(149)
b e l . g i . e	(150)
p eu . l i g	(151)
b i . o . t i	(152)
t eu . wa . i . n i ng	(153)
h yu . s eu . t eo n	(154)
p i l . l i . p a	(155)
a . l a m	(156)
n e . s eu	(157)
l i . d e l	(158)
e . b eo l . l i n	(159)
k o . n e l	(160)
t o . l eo n . s eu	(161)
k o . l o l . l e n . k o	(162)
u l . m a n	(163)
m o n . l o . b i . a	(164)
b eu . l o n . t e	(165)
j o . j i . p eu . s eu n	(166)
m u ng . k eu	(167)
p eu . l e n . ch i	(168)
b eo . p eo l . l o	(169)
m u . t eo	(170)
p e . t eu . l o . n i	(171)
k a l . l i . n i n	(172)
p e . d eo . l eo	(173)
m a g . s i m	(174)
j o . a n . n a	(175)
t a . t a	(176)
h e . m i ng . we . i	(177)
n a . h u m	(178)
k i . l eu . s wi	(179)
n ae . n i	(180)
h a . i . e . k eu	(181)
b e . d e . s eu . d a	(182)
m a . i . k eu l	(183)
a n . d e . l eu . s e n	(184)
s o . s a	(185)
k ae n . b eo . l a	(186)
g eu . l i l . l i	(187)
l u . g o	(188)
g eu . l o . m e . l eu	(189)
l o . n a	(190)
p a . s o l . l i . n i	(191)
k a . n e . t i	(192)
g e . l a . s i . m o . p eu	(193)
e . s eu . p eu . l o n . s e . d a	(194)
l e . b e . d e . p eu	(195)
b e . l i n . j eo	(196)
j e . i m . s eu . t a . u n	(197)
u . e . d eu . l a . o . g o	(198)
l e . o . n e	(199)
s eu l . l o . b e . n i . a	(200)
p eu . l ae ng . k eu . p eo . t eu	(201)
l a . b a . k i	(202)
m a . l eu . t i n	(203)
l i . l o . i	(204)
k a . l eu l . s eu . l u . e	(205)
g e . l eu . d a	(206)
n a . u . m a n	(207)
s yu l . ch e	(208)
l o . l e . n a	(209)
a . d a . n i	(210)
b eu . l o n	(211)
ae . g eo . s i	(212)
s yu . b a . i . ch eo	(213)
l o . j e n . b u . s yu	(214)
l eo . k eo	(215)
j i m	(216)
j o . l eu . j o	(217)
b a . s u	(218)
p e . i . t eu n	(219)
l a . m eu . n e	(220)
wo . d i	(221)
n i l . s o n	(222)
h a l . s eu . t ae . d eu	(223)
k a . l i	(224)
p u l . l e	(225)
m a . u . l eo	(226)
m a . s e . l u	(227)
j i m . m e . l eu n	(228)
m a n . p eu . l e . t eu	(229)
k a m . p i l . l i	(230)
a ng . k a . l a	(231)
p u n . s a l . m a . g i n	(232)
l i . s eu . t eu	(233)
k o . t eu . n i	(234)
p eu l . l e . s wi	(235)
k o n . l a . d eu	(236)
a l . b a . n i . a	(237)
p eu . l o n . t i . n u . s eu	(238)
k ae . l eo l . l i n	(239)
l a . g o . s eu	(240)
h eo . ch i . s eu n	(241)
a . s eo	(242)
g u . s eu . t a . b eu	(243)
b u l . g a . l i . a	(244)
m eo . p i	(245)
l eo m . j i	(246)
k eu . s e . n o . p o n	(247)
m e n . j e l	(248)
e . n o . s eu	(249)
s e . n e s	(250)
l o . b eu l . l e . s eu	(251)
j i l . s eu	(252)
k a . i m	(253)
s ya l . l o . t eu	(254)
j u . d i	(255)
l i n	(256)
b eu l . l u m . b eo . g eu	(257)
o . k eo m	(258)
a . l eu . p eu	(259)
wo . k eu . m ae n	(260)
u . ch e l . l o	(261)
a . m o . s eu	(262)
p a . u n . d eu	(263)
k eu . l a . s eu . n o . d a . l eu	(264)
p ae . l eo . d i	(265)
n i . k eo l . l eo . s eu	(266)
j e . b eo n . s eu	(267)
m e . s i . a ng	(268)
s yu . l e . k eo	(269)
s u . t eo	(270)
s eu . t e . i . s i	(271)
a l . l e g . s a n . d eu . l i	(272)
t eu . l i . p o l . l i . t a . n i . a	(273)
p a l . m i . l o	(274)
g u l . l e . d eu	(275)
s yu . m a l . l e n . b a . h eu	(276)
b eu . l a . t e l . l i	(277)
d eo . p i	(278)
k a . l eu . m e l	(279)
a l . l e . s i . o	(280)
s eo g	(281)
d o	(282)
g eu . l i . g eu	(283)
s eu . t eu . l e . i . ch i	(284)
k o . l o l	(285)
h o l . d e . i n	(286)
b a . h a . l eu	(287)
b o . h u . s eu l . l a . p eu	(288)
k eu . l e . i . g eu	(289)
j i . k eu . p eu . l i . t eu	(290)
m a . i l . s eu . t o n	(291)
u l . l a . n o . b a	(292)
g a l . l i	(293)
s ae . k eu . l a . m e n . t o	(294)
g ae . s eu . k o . i n	(295)
k wi n . s i	(296)
a l . t o n	(297)
s u . k eu . l e	(298)
b o . i . t eu	(299)
d e . s i . d e . l i . u . s eu	(300)
ch a . m a . i	(301)
k i . j i	(302)
p e l . l i	(303)
g eo n . d eo . s eu n	(304)
e . s eu . k o . p i . e	(305)
l a . s eu n	(306)
b o . l i ng	(307)
a . t eu l . l a . s eu	(308)
ae . t eu n . b eo . l eo	(309)
k ae . l o l	(310)
p eu . l o . i . d e n . t a l	(311)
m a . k i	(312)
h e . l i . t eu	(313)
h o . b a . t eu	(314)
m e . l i . t eu	(315)
a ng . t u . a n	(316)
b e . i n . b eu . l i . j i	(317)
h a . i . k e	(318)
s yu . t e . g eo	(319)
k e . l i	(320)
p o l . s eu n	(321)
h o l . s eu . t eu	(322)
g eo . t eu . l u . d eu	(323)
i . b o ng	(324)
l o . h a n	(325)
d eu . l e . p wi . s eu	(326)
k o l . l o m . b o	(327)
m a g . s i m	(328)
g a . i	(329)
d eu . l e . i . p eo	(330)
p e . i	(331)
o . s eu . t i n	(332)
k o l . m eo n	(333)
a . s u n . s i . o n	(334)
b a . k e n . l o . d eo	(335)
b a l . l e . l i	(336)
p i . n o	(337)
a n . t a . n a . n a . l i . b o	(338)
g a . p o n	(339)
b eu l . l ae . k i s	(340)
e . d e l . s eu . t e . i n	(341)
o . d eu	(342)
p i . s eu . k eu	(343)
e n . d eo . s eu	(344)
t e . l eu . b o . l eu . h i	(345)
ye . j i	(346)
wa s . s eu n	(347)
b o . h e . m i . a	(348)
p eo . s e l	(349)
s a n . s eu	(350)
m o . eo . s eu	(351)
g o . s i	(352)
b eu l . l a . d i . b o . s eu . t o . k eu	(353)
ch e . l i	(354)
p e . l i	(355)
h o . l a . s i . o	(356)
p o n . k i . e l . l i	(357)
m o ng . p o . l eu	(358)
h ae . l i . m eo n	(359)
l o . b o	(360)
m o . g e n . ss o	(361)
g a . l eu . s i . a	(362)
s yu . b a n	(363)
k i . l i l . l o . s eu	(364)
b a . l e . l a	(365)
m o . l eu . wa	(366)
k a l . m a n	(367)
b o . i . s eu	(368)
ae . t eu l . l ae n . t a	(369)
wi l . b eo	(370)
d i . t eu . l eu	(371)
we . i l . s eu	(372)
k ae l . k eo . t a	(373)
h a . s a n	(374)
d e . n i . k i n	(375)
d eo n	(376)
b ae g . s eu . t eo	(377)
j e . m a	(378)
l e . i . t eu n	(379)
d eu . n e . p eu . l eu	(380)
g eu . l i . p i . s eu	(381)
b e . n a . s e . l a . p eu	(382)
s yu . b a . i . ch eo	(383)
k e m . p eu	(384)
k eu . l i . s eu . t o . p eu	(385)
n a . i . k i	(386)
h a n . jj eu	(387)
l o ng . m ae n	(388)
m o . h o . k eu	(389)
b e . g i n	(390)
k eu . l i . s eu . t i n	(391)
l e . o n . h a . l eu . t eu	(392)
d i l . t a . i	(393)
g eu . l e . g o . l i	(394)
l o l . l o	(395)
b o . l o . n i n	(396)
s i ng . k e l	(397)
ch ae . t eo . n u . g a	(398)
b e n . t eo	(399)
ch a . d eu	(400)
m o . t a	(401)
wo . d eu	(402)
p i . ch eo	(403)
b eu . l i . n eo	(404)
d eu . l i ng . k eu . wo . t eo	(405)
b eo . ch eu	(406)
k e l . l i	(407)
o . we n	(408)
m o ng . t oe	(409)
m e . i . s eu . p i l . d eu	(410)
m o . j eu l . l i	(411)
m a . l eu . t i . n o	(412)
t e n	(413)
h ae l . l i . p ae g . s eu	(414)
s i . m i . ch i	(415)
l a . p o . l eu . g eu	(416)
t o . m eo . s eu	(417)
d o . n a l . d eu . s eu n	(418)
j e . i . k o b . s eu	(419)
s eu . p i . k eu	(420)
s a l . l e	(421)
b a l . l a	(422)
a n . d e . s eu	(423)
d o . m i . n i . k eu	(424)
k o . d e l . l i . a	(425)
h i m . l eo	(426)
t a . l eu . t i . n i	(427)
a m . m a n	(428)
h ae . s eo . we . i	(429)
ya . k o . b i	(430)
g eu . l i l . l o	(431)
j o . n i	(432)
k a . l a m . j i n	(433)
g o . d eu n	(434)
h e . l eu . n a n . d e . s eu	(435)
n e l . l i	(436)
b eu l . l u m . p i l . d eu	(437)
a . l eu . n o	(438)
e n . j e l	(439)
b e . i l . j eu	(440)
l i n	(441)
p o n . s e . k a	(442)
b o . l eu . h a . l eu . t eu	(443)
l u . s eu	(444)
b eo . l o . s eu	(445)
l o . d e n . b a . h eu	(446)
wa . d e	(447)
g i . j a	(448)
g a . i . b e l	(449)
e . l eu n . s eu . t eu	(450)
b a . h eu . ch i n	(451)
b eu . l e . i n	(452)
k eo . p o . t i	(453)
m i l . l a . n o	(454)
s eu . t a . i n . m e . ch eu	(455)
m i . k eu . l o . n e . s i . a	(456)
s a n . t i . a . g o	(457)
j e . s eu	(458)
s i ng . eo	(459)
l e . eo . d eu	(460)
j a m	(461)
p o . i n . t i ng	(462)
b o . b e . l i	(463)
d o . s eu n	(464)
l a ng . g eu . d o . k eu	(465)
l a . i . s eu	(466)
wa . i l . l i	(467)
s eu . t eu . l ae s . p o . d eu	(468)
k a n . t i	(469)
n a . p o l . l i . t a . n o	(470)
b eo . b ae ng . k eu	(471)
s yu l . l i . k eu	(472)
g eu . l i n . s eu . p eo n	(473)
s i . g eo . n i	(474)
g eu . l o . m i . k o	(475)
m a . u . l o	(476)
b e l . ch eo	(477)
p i . e . l eu l . l u . i . j i	(478)
d a . i . s i	(479)
l o . i . s eu . d a l	(480)
b e n . t eu . l i	(481)
g u l . d eu . b e . l eu . g eu	(482)
l a . u . p eu	(483)
m u . s eu . k o . g i	(484)
k u . m eo	(485)
l a . j i	(486)
l e . b i n	(487)
k o n . t i	(488)
a . m a n . d a	(489)
l o . m e l	(490)
t a . s yu . k e n . t eu	(491)
d o l . l o . l e . s eu	(492)
b a . l e	(493)
b i . s a . u	(494)
a l . l e g . s a n . d eo	(495)
m a . l eu . t i . n e . s eu	(496)
m a . l eu . k eu . s eu	(497)
n a . t a n	(498)
h a m . b u . l eu . k eu	(499)
j o . l eu . j i . n a	(500)
m i l . l e . i	(501)
l eu . u . b e n	(502)
k a . m i l . l a	(503)
b a . ya ng	(504)
b i l . l eu m	(505)
g o ng . k u . l eu	(506)
g ae l . l eo . g eo	(507)
b e n	(508)
b eu l . l eo n . t eu	(509)
eo . n i	(510)
s e . l eu . s o	(511)
m e . s eu . t eu . l eu	(512)
j o . m eo . p e l . t eu	(513)
p e l . l e . g eu . l i n	(514)
l u . k eu	(515)
wo l . l e	(516)
k eu . l e . i n	(517)
b e . s u . b i . o	(518)
wi . ch eo l . l i	(519)
k u . j eu . n e . ch o . p eu	(520)
s i l . b a	(521)
a . b u . j a	(522)
j a . m e . i . k a	(523)
p e . n ya	(524)
a l . l e g . s a n . d eo	(525)
m u . n i . e	(526)
s ya . l o n	(527)
d yu . l a n . t e	(528)
s a . m u . e l . s eu n	(529)
t eu . l ae . b i . s eu	(530)
l u . i . s eu	(531)
s a . m u . e l	(532)
n eo . d ae . n i . eo l	(533)
b o l . ch i	(534)
m a l	(535)
b e . l eu . d e	(536)
b a . b i l . l o . p eu	(537)
j o l . l i . t i	(538)
s o l . l i . s eu	(539)
m a . l eu l . l e . n e	(540)
b e . t e	(541)
k i . l a . we . a	(542)
p eo . g eo . s eu n	(543)
d e . i . m eo n	(544)
b eo . k o . p eu	(545)
g ae . b i n	(546)
s ye . i . m eo . s eu	(547)
p eu . l a . i . eo	(548)
s a n . t o . l i . o	(549)
p i . s a . n e l . l o	(550)
ch e . i m . b eo . s eu	(551)
p i . ch i . b eo . g eu	(552)
n i . n a	(553)
l i . o . n e	(554)
b eu . l e . i . eo	(555)
g o . t eu l . l o . p eu	(556)
d i . k o n	(557)
yo . k eu	(558)
d wi . p eu l . l e g . s eu	(559)
j e . p eu	(560)
p eu . l o . b e . n i . u . s eu	(561)
l e . n a . t a	(562)
h e g . t o . l eu	(563)
m ae g . l e . i	(564)
h o . g a . s eu	(565)
wi l . k i n . s eu	(566)
s yu l . ch eu	(567)
s yu l . l a . i . d e n	(568)
m a . k o ng	(569)
n ae s	(570)
h e . l eu . m e . s eu	(571)
l eo . b eu	(572)
m o l . t eu . k e	(573)
s eu . t eo n . b eo . g eu	(574)
b o . n i . ch i	(575)
g eu . l a . n i . t eu	(576)
m o . l i . s eu	(577)
m eo n . l o	(578)
m o . s eu	(579)
b a . k eo . s eu	(580)
k e l . l o . g eu	(581)
m ae . k i n . d eo	(582)
b u . s i	(583)
ch e . s yeo	(584)
m o . n e	(585)
h e . l a . l eu . d wi . s eu	(586)
d e . eo . d eu . l eu	(587)
h e . n i ng	(588)
b i g . s e l	(589)
s a . l a	(590)
p o ng . p a . d u . l eu	(591)
s o . t o	(592)
s yo . s o ng	(593)
h o . g eu	(594)
h a . i . d eu n	(595)
m a . n o	(596)
s eu . n a . i . d eo	(597)
m a . t i . oe	(598)
t u . l eu . g e . n e . p eu	(599)
k u . p eo	(600)
k e . i	(601)
s ye . l a . p eu	(602)
k i	(603)
d o . m i . e	(604)
h i . g i n . s eu	(605)
d wi . s ya ng	(606)
l a . n a . s i ng . h e	(607)
i . o . n e . s eu . k o	(608)
a . p eu . g a . n i . s eu . t a n	(609)
p i . l e l . l i	(610)
a . p o l . l i . n e . l eu	(611)
j e . l eu . m ae ng	(612)
h o . s e b	(613)
t i . b e . l i . u . s eu	(614)
ch o . s eo	(615)
ch a l . s eu	(616)
n o . l i . ch i	(617)
k a m . p a . n e l . l a	(618)
m o . b e . l i	(619)
b o . ch o . n i	(620)
g a . n e s	(621)
j o . n i	(622)
ch i g	(623)
p i . s a	(624)
e l . s eu . t o n	(625)
e . m i . n e . s eu . k u	(626)
h ae n . d eu . l i g . s eu	(627)
d i . j eu . l e . i l . l i	(628)
b i ng	(629)
a l . b a . l o	(630)
s i l . l e	(631)
b o l . s eu	(632)
s o l . t i	(633)
k eo . k eu l . l eo n . d eu	(634)
eo . wi n	(635)
p i . t eo	(636)
a . d a l . b e . l eu . t eu	(637)
i ng . g eu . l i . d eu	(638)
m a . n i l . l a	(639)
p e . a . n o	(640)
s yu . n a . i . d eo	(641)
m ae n . s eu	(642)
o . a g . s a . k a	(643)
a l . b e . l eu . b i l	(644)
b o . b i	(645)
k a . u n . t eu	(646)
yu . d ae	(647)
l o g . h a . t eu	(648)
p u . a . t i . e	(649)
b o . s eu . t eo n	(650)
m e . d i . ch i	(651)
g a . l eu . s i n	(652)
m o . d i l . l i . a . n i	(653)
m i l . l a	(654)
ae . d eo m . s eu	(655)
l i l . l o ng . g we	(656)
k u . l eu . t eu	(657)
g u m . p eu l . l o . b i . ch i	(658)
p i . s ae m	(659)
k e . i . m eo n	(660)
b eu . l u . k eu . n eo	(661)
p i . e . t eu . l o	(662)
s i . s eu l . l e	(663)
s ya . b eu . l i . e	(664)
j a m . b o . n i	(665)
n a ng . s i	(666)
e . g o n	(667)
l eu . n o	(668)
s o l . t eu	(669)
a . n a . b e l	(670)
b eu l . l ae g . we l	(671)
t u . l a	(672)
k a l . l i n	(673)
g a l . l eo n . d eu	(674)
j e . l e . i n . t eu	(675)
p ae . j e s	(676)
n yu . k ae . s eu l	(677)
i ng . g eu . l ae m	(678)
l i . b eo . m o l	(679)
k eu . l o m	(680)
m e . n e l . l a . o . s eu	(681)
k eu . l i . s eu	(682)
p e . d i n	(683)
p eu l . l ae . n eo . g eo n	(684)
m o ng . p e l . l i . e	(685)
l eu . n e	(686)
b e . i . k eo	(687)
g eu . l a . b eu . s a n	(688)
s yu . eo l	(689)
d o l . l eo n	(690)
k o l . t eu	(691)
t a . m a . yo	(692)
k o ng . t e	(693)
s o . l i . ya	(694)
d e . s a . u	(695)
s eu . t i . b eu n . s eu n	(696)
t ae n . s eu l . l i	(697)
wi m . b eu l . d eo n	(698)
p o m . p o . n a . ch i	(699)
k a . m a . l eu . g o	(700)
l a . u l	(701)
a . k i . n o	(702)
j ae g . s eu n . b i l	(703)
e . u . j e . n i . o	(704)
a . p i . a	(705)
l eo . d eo . p eo . d eu	(706)
i m . b e . l eu . t eu	(707)
d o . d eu	(708)
d o . p eu . s yu	(709)
d a . i n . s eu	(710)
b i . b eo	(711)
k a . s eu . p eo	(712)
k eu . l eo m . p eu . t eo n	(713)
k e . i . j i	(714)
l o . d o . s eu	(715)
p a . n o ng	(716)
k a n . t eu	(717)
ss i . eo . s eu	(718)
m a . s yeo l	(719)
k o s . b u . s eu	(720)
j i . n i	(721)
p eu l . l ae . ch eo	(722)
d eu . b eu . l oe	(723)
k o . h eu	(724)
b i . d eu l	(725)
k a . u n . d a	(726)
p a . t i . n i . l eu	(727)
h a . we l	(728)
ae ng . g eo . s eu	(729)
e . s yeo	(730)
p e . h i . n eo	(731)
l i . yo ng	(732)
l a . i n	(733)
n e . l u	(734)
n o . b eu l	(735)
m a . u . l i . ch eu	(736)
ch a m . p i	(737)
k o n . s eu . t a n . t i n	(738)
l i . ch i	(739)
l u	(740)
l o . s i . n i	(741)
l i . g a	(742)
k a . l i m	(743)
e . b eo . h a . t eu	(744)
s eu . t i . b eu n	(745)
e . s eu . d eo	(746)
n i l . s eu	(747)
k o . m eo n . s eu	(748)
we l . s wi	(749)
m e . l i l . l i n	(750)
k a . s eu n	(751)
ae . d eu . k i n . s eu	(752)
i n . d o . n e . s i . a	(753)
t a . n i	(754)
d wi . n a ng	(755)
m a . l eu . k o	(756)
a n . t o . n i . o	(757)
b eu l . l a . u . t eu	(758)
k e . p eu l . l eo	(759)
l o . t i . o	(760)
l e . g eo	(761)
h a l . l a . s eu	(762)
k i . o n	(763)
b u l . g a . n i n	(764)
n a . t a	(765)
h o . a . k i n	(766)
d a . n e . m a n	(767)
p o . k eu . n eo	(768)
a . h eu . m a . t o . b a	(769)
g a . m a . l a	(770)
i . eo n	(771)
o . d eu . l i	(772)
k eu . s i . s yu . t o . p eu	(773)
b e . l i	(774)
p a l . m e	(775)
u l . b eo . h ae m . t eo n	(776)
b i . a n . k o	(777)
h o b . k i n . s eu	(778)
d eo l . l u . s eu	(779)
a . g a . l eu . wa l	(780)
l e . j eo . n eo l . d eu	(781)
wi l . k i n . s eu n	(782)
k a l . l a . s eu	(783)
b u . s yu	(784)
m o . t eu	(785)
o . ch o . a	(786)
p a . i . k eu	(787)
we . d eo	(788)
b i l . l a	(789)
h a . i . m e	(790)
a n . t u . n e . s eu	(791)
a . p o l . l o	(792)
j o n . s eu n	(793)
p i . a . j e	(794)
m i . s i . g a n	(795)
p o . t a . n i n	(796)
j e . p eu . l i	(797)
g a . m a	(798)
b o n . h ae m	(799)
l ae . d eu . k eu l . l i . p eu	(800)
m o . n i . j eu	(801)
h e . l eu . d eo	(802)
p i l . l i . p o . p eu	(803)
l i n . d a	(804)
h eo . ch i n . s eu n	(805)
s yu . t i . p eu . t eo	(806)
l a . u . l e l	(807)
b e . l eu l . l i . o . j eu	(808)
l a . l eu . s eu	(809)
ch ae . p eu l . l i n	(810)
ch i . a . n o	(811)
s a l . l a . s eu	(812)
l i . o ng	(813)
b i . b e . s eu	(814)
h o . n eo	(815)
t a . i . g eo	(816)
i . s eo n	(817)
b e . l eu . n a . l eu . t eu	(818)
ye . h u . d i	(819)
p eu . l a ng . s i . s eu	(820)
k eo . t i . s eu	(821)
b eu l . l a . d i . s eu l . l a . p eu	(822)
g o . b i . n o	(823)
h e . b eu . l a	(824)
p o . p eu	(825)
g o . d eu . p eu . l i	(826)
k eu . l o . s eu . b i	(827)
m o . n i . e	(828)
m ae . d eu l . l i n	(829)
m i . n i . ae . p o l . l i . s eu	(830)
b e l . l a	(831)
s yae . d eu . we l	(832)
b a . l u . k eu	(833)
s a . b i . n a	(834)
h e . i l	(835)
d wi . k a	(836)
b a . u m	(837)
b e . l eu . t eu . l a ng	(838)
k a . l eu . p e n . t i . e . l eu	(839)
p eu . l e . s eu . k eo s	(840)
t i l . l e	(841)
s yu . t eu . l a . u . s eu	(842)
b a l . l a . d eu	(843)
l i n . d eu . b eo . g eu	(844)
p o ng . p i . d u	(845)
h o . b e . m a	(846)
s i . j eo n	(847)
p i . s eu . k eu	(848)
b i n . t eu . h u . k eu	(849)
m i l	(850)
k eu l . l o . j e n	(851)
l u . d o l . p eu	(852)
p eu . l a . d o	(853)
k a . p eu . l i	(854)
b a . i . eo	(855)
d e l . l i . a	(856)
m eo l	(857)
b i . b i . a n	(858)
b a . u . eo	(859)
b u l . l eo g	(860)
g a . l e . t eu	(861)
l a . b i . n o . b i . ch eu	(862)
p eu l . l a . t o n	(863)
p o . l eu . t i . n a . l i	(864)
b a . k eu . h a . u . s eu	(865)
s o . m a l . l i . a	(866)
d wi ng . k e . l eu . k eu	(867)
p a g . s eu	(868)
b u . e	(869)
b eu . wa . j ae ng	(870)
i . s a g . s eu	(871)
g eu . l e . i	(872)
l a . i l . l i	(873)
wi l . l u . b i	(874)
h a . l a	(875)
p o . l eu . t u . g a l	(876)
h o . g eo n	(877)
h e n . d eu . l i g . s eu n	(878)
d o . n a	(879)
m a . i l . s eu	(880)
g ae m . b i . eo	(881)
n o . l a	(882)
m i l	(883)
k e l . l i	(884)
g eu l . l a . i . s eu . t i n	(885)
k a l . l i	(886)
l a . m a	(887)
k eo m . b eo l . l ae n . d eu	(888)
h ae n . s eu n	(889)
b eo . p o . d eu	(890)
l i . m e n . s yu . n a . i . d eo	(891)
h a . m eo n	(892)
m i l . t eo n	(893)
l i . ch eu	(894)
b eu . l e . n eo n	(895)
s ae n . j eu	(896)
p o . s a . i . s eu	(897)
m i . h e l . s eu	(898)
m a . i n . ch eu	(899)
d e . b i	(900)
b e n	(901)
wi n . p eu . l e . d eu	(902)
p a l . l a . s eu	(903)
wa . i l . d eu	(904)
d e n . j eo l	(905)
b e . eo . d eu	(906)
i n . s eu . b eu . l u . k eu	(907)
m ae n . ch e . s eu . t eo	(908)
wo l . s eo m	(909)
p eu . l o . h o . l o . p eu	(910)
b a . l a ng . k i . ya	(911)
b eu l . l i . d eu	(912)
s e . l eu l . l i . o	(913)
d e . n i . j eu	(914)
s o . b i	(915)
m a . l i . t eu	(916)
g a l . l e . g o . s eu	(917)
m e n . d e l . j o n	(918)
ae l . b o	(919)
k o . p eu	(920)
m a . l eu . s yu . n eo	(921)
b o l	(922)
l i . t a	(923)
a . g i . l e	(924)
k eu . l o . m eo	(925)
b e . i . ch eu	(926)
h a . m e . n e . i	(927)
t o . m a . s eu	(928)
s yae . k eu l . t eo n	(929)
h e . b i . s a . i . d eu	(930)
m ae g	(931)
s eo n . d eo . l ae n . d eu	(932)
e l . l i . s eu	(933)
l o . b eo . ch eu	(934)
t e . l e . s a	(935)
h ae . j eu l . l i s	(936)
b o . b eu . n a . l eu . g eu	(937)
p e . l ae ng	(938)
k i n	(939)
ch i . g eu l . l eo	(940)
k o n	(941)
d eo . d eu l . l i	(942)
a . d i l	(943)
m e . i . h yu	(944)
s yu . t e . p i	(945)
g a . d eu . n eo	(946)
k a . s eu . p a . eo	(947)
e . b eo n . j eu . b i l	(948)
b a l . d u ng	(949)
p eo . s eu	(950)
p i l . l i . p i n	(951)
b eu . l eu . n o	(952)
h a . g eu . l i . b eu . s eu	(953)
n o . s eu . k eu l . l i . p eu	(954)
l ae . b eu . l a . d o	(955)
l e . n a . u	(956)
p eu . l o . i . t eu	(957)
l u . i . j e	(958)
wi . m eo n	(959)
k eu . l a . u . j e	(960)
m i ng . d a . o	(961)
k e . n eo n	(962)
l a . b eu l . l e	(963)
k o . e n	(964)
i l . s eu	(965)
p i . p i n	(966)
s ya . p eu	(967)
m a . t e . j o n	(968)
m ae . s i	(969)
m i l . p eo . d eu	(970)
d eo . b eu l . l i n	(971)
b eu . l ae . h eo m	(972)
k e . s eu . t eu l . l eo	(973)
e . p e l	(974)
s eu . t i . g eu l . l i . ch eu	(975)
b ae . j eo	(976)
k a . d e . n a	(977)
b ae . i l . l eo	(978)
b eo . t i . n i	(979)
m o . d eu	(980)
wi . k eu l . l i . p eu	(981)
d e . i . b i . d eu	(982)
h o . b e l . m o	(983)
d a . i . k eu	(984)
l i . n u . s eu	(985)
p a . d u . a	(986)
b eo . d i n	(987)
p a . ch i . n o	(988)
s a . b u . a	(989)
b eu . l a n . t eu	(990)
p i l . h i . n eo	(991)
n a . b a . l eu	(992)
d e . p o	(993)
g o . ch i	(994)
m eo n . s e l	(995)
eo . n i . s eu . t eu	(996)
a l . l ae ng	(997)
l a . m u . l eu	(998)
s i . eo . d o . eo	(999)
b eo . n a . d e . t eu	(1000)
