e l . l eo . l i	(1)
ae l . b eo . k eo . k i	(2)
g eo l . l i	(3)
t eu . l a . i . ch i . k e	(4)
k u n . t eu	(5)
ch a n . d eu . l a . s e . k a . l eu	(6)
m e . i . s eu . p i l . d eu	(7)
p e l . l e . g eu . l i n	(8)
ya . u n . d e	(9)
p e . i . j eu	(10)
b eo . n i	(11)
p i . t eo . s eu n	(12)
g eu l . l a . i . s eu . t i n	(13)
m a . l eu . t i n . s o n	(14)
k ae n . d eu l	(15)
b e . b e . l eu n	(16)
l a ng . b a ng	(17)
k o . ch i n	(18)
a . i . j e n . s yu . t a . t eu	(19)
l i . m a	(20)
