s eu . p a g . s eu	(1)
t a . t i . a . n a	(2)
p e . s eu . t a l . l o . ch i	(3)
m a . l i . n o	(4)
h a g . s eu	(5)
k a . m wi	(6)
m i . s ye l	(7)
b a l . l u . a	(8)
k o n . s eu . t a n . t i . n o . s eu	(9)
d u . b eu . l o . b eu . n i . k eu	(10)
k i . d eu	(11)
g a l . l i l . l e . o	(12)
p i n . s e n	(13)
j i l . s o ng	(14)
t eu . l e n . d e l . l e n . b u . l eu . k eu	(15)
p eu . l a . i . eo	(16)
p eu . l e . d e . l i g	(17)
d a . wi n	(18)
p u . s ae ng	(19)
h i l	(20)
a . l eu . n e	(21)
p eu . l a . i	(22)
a . t e . n e	(23)
t i . p a . n i	(24)
ae l . b eo . ch eu	(25)
m o . l i . s eu	(26)
s yu . t i . l eu . n eo	(27)
s i . m o . n o . p eu	(28)
p eu . l a ng . k o	(29)
l e . i . t eu n	(30)
p e . l eu . n a ng	(31)
j e . l a . l eu	(32)
p a . l a . m a . l i . b o	(33)
m ae . t yu . s eu n	(34)
b e . d e l	(35)
l i . u	(36)
l o . d eu	(37)
j o l . l i	(38)
m e . l e . d i . s eu	(39)
k o . wa . n i . e	(40)
n i . j a ng	(41)
t e . o	(42)
p i . d eo . s eu n	(43)
ae l . p eu . l e . d eu	(44)
k eu l . l a . i n	(45)
a . l eu . b u . j o . p eu	(46)
s u . t i n	(47)
a . s a	(48)
m a n . l i . k e	(49)
l u . b i	(50)
s o . b eu . l e . l o	(51)
ch wi . l i . h i	(52)
b i . l eu . t a . n e n	(53)
s eu . t ae n . p eo . d eu	(54)
j e . n o n	(55)
o . b i	(56)
b a n . d a . l a . n a . i . k e	(57)
t o . p i . k a	(58)
l o b . s eu n	(59)
l i . ch eo . d eu	(60)
h o . p a	(61)
b e n . ch eu	(62)
o . b e . l eu	(63)
b eo . d eu	(64)
k o . l eu . n e . i . ch u . k eu	(65)
k o l . l eo m . b eo . s eu	(66)
a . t a . wa l . p a	(67)
l i n . d eu n	(68)
b u . n i n	(69)
k a . n a . l o	(70)
d e . n i . j eu	(71)
d o . h eo . t i	(72)
ch i . p e n . d e . i l	(73)
e n . s o . l eu	(74)
e . d eu . wo . d eu	(75)
s e . g a n . t i . n i	(76)
s e l . l e . s eu	(77)
n i . k o l	(78)
p u . n a . p u . t i	(79)
b eu . l ae n . d eu	(80)
b e g	(81)
s i l . b e . s eu . t eo	(82)
p eo l	(83)
b eu l . l e . i . k eu	(84)
h o l . l eo . we . i	(85)
m ae . s a . ch u . s e . ch eu	(86)
j e . p eu . s eu n	(87)
b eu l . l a . s yu	(88)
m e . s o . p o . t a . m i . a	(89)
k a . i n	(90)
b e . l o . k i . o	(91)
m o n . t eu . l i . o l	(92)
k ae . s i . d i	(93)
s ye . i g . s eu . p i . eo	(94)
m ae . d eu . p o . d eu	(95)
p eo . s eu	(96)
wa . g a . d u . g u	(97)
d e . n i . s eu	(98)
d e . s eu . n o . s eu	(99)
i . s eu . t eo n	(100)
wo	(101)
a . m a . t o	(102)
s ae m . s eu n	(103)
d u . a . l eu . t e	(104)
l o . i . d eu	(105)
l e g . s i ng . t eo n	(106)
e . k eo	(107)
p eu . l e . s eu . t eo n	(108)
ae l . l a . b ae . m a	(109)
a n . t o . n i . o	(110)
h u . s eu	(111)
l u g . k eu	(112)
g ae . l i g	(113)
b a l . l a . d o ng	(114)
j o n . s eu . t a . u n	(115)
b e l . l a . ya . t i	(116)
j o n . s eu	(117)
b e . n e s	(118)
h o . i . j i ng . g a	(119)
j a . b i . s eu	(120)
t eu . l wi . d o	(121)
a . u . eo	(122)
s e . l eu . b e	(123)
d i . p ae g	(124)
b e l . m o . p a n	(125)
s o . m a . l e	(126)
b eo n . h a . d eu	(127)
wi l . t eu	(128)
l a . k o m	(129)
p eo . k i n . s eu	(130)
h e . k eu . m a . t i . a . l eu	(131)
h e . i l . j eu	(132)
k eu l . l u . g e	(133)
j a . k o b	(134)
s yo . m o ng	(135)
s a . b i n	(136)
k eu . l o . ch e	(137)
b o . s yu	(138)
k a . s eu . t i l . l i . o . n e	(139)
n a n . s e n	(140)
s eu . b e n . s o n	(141)
h a . u . eo l . s eu	(142)
k o n . p i l . d eu	(143)
b yu . k ae . n eo n	(144)
g i . eo	(145)
h o . p eo	(146)
k a n . t o . eo	(147)
g i b	(148)
b ae n . t i ng	(149)
p o . l e . s eu . t eo	(150)
p e l . l i . s eu	(151)
a . s e l	(152)
l i . eo . l i	(153)
d a . i . ae n	(154)
b eu . l a . j i l . l i . a	(155)
g o . t i . e	(156)
yo . e l	(157)
yo . s eu . t eu	(158)
e . n o g	(159)
b i . n o . g eu . l a . d o . p eu	(160)
e . b e . l e . s eu . t eu	(161)
g eu . we n	(162)
a l . t a . m i . l a	(163)
g eu . l i n . b eo . g eu	(164)
e . s eu . k o . b a	(165)
h ae m . l i s	(166)
s u . s eu l . l o . p eu	(167)
k u . o . m o	(168)
m i . n o . g eu	(169)
o . s eu . t i n	(170)
k i . s eu	(171)
a l . d o	(172)
p i . n e l	(173)
g o l . d eu n	(174)
b o n . j e l . s eu	(175)
h ae . l i . s eu . b eo . g eu	(176)
e . k wa . d o . l eu	(177)
b eu . l ae n . d eo n	(178)
k e l . j e n	(179)
p eu l . l a . b i . u . s eu	(180)
s i l . l eo	(181)
k ae . l i	(182)
p eu . l e . d i	(183)
p i . ch i	(184)
s eu . n e	(185)
b i l . l i b . b o	(186)
b e . s i	(187)
l o . j eu . m e . l i	(188)
k e n . t eo . k i	(189)
i . m eo . m a n	(190)
b a . i . d e n	(191)
s eu . k i . p i . o	(192)
l a . b u . a n	(193)
b o . j eu . we l	(194)
h o . i . t eu	(195)
g ae . l i . s eu	(196)
m i . n o	(197)
we . i . k eu . p i l . d eu	(198)
l e l . l e . b e l	(199)
l e g . s eu	(200)
k ae . l o l . l a . i . n a	(201)
s e . m yo . n o . p eu	(202)
h o n . d a	(203)
wi l . t eo n	(204)
d e . i . m eo n	(205)
a l . b a . n i	(206)
a . k o . s eu . t a	(207)
a l . l e g . s a n . d eu . l eu	(208)
l o . s e . t i	(209)
k o l . b e n . h a . i . eo	(210)
l e . n o g . s eu	(211)
m u . s eu . t a . p a	(212)
p eu . l a ng . s eu . i n	(213)
k a . i . j eo l . l i ng	(214)
l u . b i . o	(215)
yo . l eu . d a n . s eu	(216)
o . b i l	(217)
a . u . g u . s eu . t u . s eu	(218)
b eu . l a m	(219)
e . l eu . b a . k a n	(220)
a . i . b o . l i	(221)
l e	(222)
l u . s o	(223)
ye . i . ye . l eu	(224)
b o . t a	(225)
s e . n a	(226)
m e . t a . s eu . t a . s i . o	(227)
o . l eu . t eu	(228)
k ae l . b eu . l e . i . s eu	(229)
o l . l i m . p i . a	(230)
h yu . b eo . m eo n	(231)
s eu . k eu . l i b . s eu	(232)
b e l . l a	(233)
e . d eu . wo . j eu	(234)
yu . s e . p eu	(235)
p o . j eu . n eo	(236)
h a . i . t eu . ch e	(237)
g u l . d eu	(238)
n i . k a	(239)
l u . b e n	(240)
s a ng . g a l . l o	(241)
e . p e . s u . s eu	(242)
s i . m o n	(243)
o . s e . a . n i . a	(244)
g eu l . l a . i m	(245)
b eu . l i	(246)
u . g o	(247)
l i . b i . eo	(248)
t i l . l a . k eu	(249)
g oe l . l i ng . k eu . s eu	(250)
m a . g u l . l i . s eu	(251)
j a . n a	(252)
l ae ng . k i n	(253)
b e . l a	(254)
e . k eu . h a . l eu . t eu	(255)
ch i ng . s ye n	(256)
p o . s a . d a	(257)
p a . ch e . k o	(258)
e . ch wi . b e . l i	(259)
m o ng . t e . n yu	(260)
p i m	(261)
m a . j o . b i . e . ch eu . k i	(262)
k o . i m . b eu . l a	(263)
s eu . t i . eo . s eu	(264)
i . b eu	(265)
k ae . s eo . l i n	(266)
s eu . t o	(267)
e . d eo l . m eo n	(268)
m a . b i n	(269)
s a . b e . d eu . l a	(270)
h a . t eu . p eo . d eu	(271)
a l . t e n . b e . l eu . k eu	(272)
b e . l eu . n eo	(273)
p o . i . h i . t eu . b a ng . g eo	(274)
h a . i . d a . l eu	(275)
l u . ch i . a . n o	(276)
h u . s eo l	(277)
g eu . l ae n . d eu	(278)
k e . l eu . s ye n . s yu . t a . i . n eo	(279)
k u . b e . l eu . t ae ng	(280)
n e . i . m e . g e n	(281)
j a n . p eu . l a ng . k o	(282)
l u . s eu	(283)
p eu l . l i . t eu	(284)
k o n	(285)
p e . eo . b ae ng . k eu . s eu	(286)
h e g . t eu	(287)
d o . l i . a n	(288)
h wi . s eu l . l eo	(289)
p a . t eu . l i . s eu	(290)
l o g	(291)
s yu . t a . u . d i ng . g eo	(292)
a . j a g . s i . o	(293)
ye . m e n	(294)
t o l . l eo n . d eu	(295)
e . d eu . m o ng	(296)
b e . l eu . t o	(297)
l a . i . h i . s yu . t a . i n	(298)
b eu . l o m . p i l . d eu	(299)
l o . we l	(300)
ya . s i n	(301)
l o . m e . l eu	(302)
b a . l e . i n	(303)
e l . l i . eo . t eu	(304)
k o l . b e . l eu	(305)
o . ch i . l eu . b a . t eu	(306)
ye l . l i . n e . k eu	(307)
b a . u . m a n	(308)
n a . l eu . s i . s o	(309)
l i . p eu . m a n	(310)
h e . i . g eu	(311)
a . s eu . p i . n a l	(312)
l i n . d eu . b eo . g eu	(313)
a l . t i . s i . m o	(314)
s o . l eu . j u	(315)
s a n . d eu . l o	(316)
m e l . l o	(317)
p eu . l e . i . l e	(318)
l e . i	(319)
b a n . d a	(320)
s ye . p eu . ch e n . k o	(321)
e . i n . j eo l	(322)
n eo n	(323)
m a . l i . n i	(324)
e . s ye n . b a . h eu	(325)
h a l . l e m	(326)
p e . i n	(327)
j o . d i	(328)
l o . t eu . n eo	(329)
b a l . t a . l i	(330)
a . p e l	(331)
a l . l i . s a	(332)
s i . wo . t eu	(333)
b i n	(334)
k a . s e l . l a	(335)
a . b eu . l a m . s eu	(336)
d o . n i	(337)
j e . l eo . m i	(338)
m a . i . eo	(339)
a . b e n . n a . l i . u . s eu	(340)
s yu . wa l . ch eu	(341)
m e . i . s eu . t eo	(342)
g eu . l o . s eu	(343)
b a . l o . n e	(344)
n a . i . t i ng . g e . i l	(345)
e . k eu l . s eu	(346)
k u . p eu l . l e	(347)
a . s eu . t u . l i . a . s eu	(348)
n i l . s e n	(349)
b e . l eu . d i	(350)
l o . ch e	(351)
k e l . l i	(352)
l ae n . s eu	(353)
t i . l a . n a	(354)
s a . u . s eu	(355)
n i l . s eu	(356)
p eu . l u n . j e	(357)
s i . ch e b . k i n	(358)
p eu . l i . d eu . s yo . p eu	(359)
b o l . t a	(360)
i . s yeo . u . d eu	(361)
l o . s i	(362)
a . k i l . l e	(363)
d i l . l eo n	(364)
t i . s o	(365)
s i . l i . a	(366)
m a g . s eu	(367)
b e n . ch yu . l a	(368)
b o . p eu	(369)
wo l . k eo s	(370)
s eu . t eu . l i g . l ae n . d eu	(371)
m i l . l o . s ye . b i . ch i	(372)
p eu . l i . m a . k o . p eu	(373)
t u . d o . l eu	(374)
k eo . t i . s eu	(375)
i . s eu . l a . e l	(376)
b o n . h oe . p eo	(377)
g a . d a . m eo	(378)
b i l . l e m . s eu . t a . t eu	(379)
n a . s a . l e s	(380)
a . j i . j eu	(381)
t u l . l a . s eu n	(382)
o . s eu . b a l . t eu	(383)
s eu . p a . d o l . l i . n i	(384)
m o l . l a n . d eo	(385)
b i . j e . i	(386)
d o l . ch e	(387)
g e . l eu . ch e n	(388)
k a . p eu . l i . b i	(389)
b eu . l i . a ng	(390)
j o . n eo . s eo n	(391)
p i . n i	(392)
i n . d i . l a	(393)
h e n . d eo . s eu n	(394)
o . i . k e n	(395)
h eo . s ya . n i	(396)
t eo . k i	(397)
ya . l u . j e l . s eu . k i	(398)
k a . p eu	(399)
n e . l i	(400)
m i . yo	(401)
d i . d eu	(402)
ya . h i . a	(403)
b e . b eu l . l eo n	(404)
s we . p eo	(405)
n e . a n . d eo	(406)
j e n . k i n . s eu	(407)
l i ng	(408)
h o . n e . k eo	(409)
s e . i . s eu	(410)
d eo . g eu l . l eo . s eu	(411)
j i . l o . d u	(412)
p e . t i . p a	(413)
l e . i l . l a	(414)
p a . m e l . l a	(415)
d eu . m i . t eu . l i	(416)
l o . a l	(417)
wi n . ch e . s eu . t eo	(418)
n e . l eu . b a	(419)
k a . ch eu	(420)
p o . i . b e	(421)
p e n	(422)
p a . u l . l i	(423)
l e . n i n	(424)
k e . n e . d i	(425)
l o . s eu n	(426)
b a l . t eu . h a . i m	(427)
h a . d eu . wi . k e	(428)
we . i n	(429)
a ng . l i	(430)
s yu l . l a . p eu	(431)
j e . m i . s eu n	(432)
l eo g	(433)
p eu l . l i n	(434)
k o l . l i n	(435)
j e . m a n	(436)
k o l . l i n . s eu	(437)
j i . l a . l eu . d o ng	(438)
p e n . d e . l e . ch eu . k i	(439)
h eo . ch i n . s eu	(440)
b e . l eu . t o l . t eu	(441)
s eu . t a . n i . s eu l . l a . p eu	(442)
b a ng . g a l . l o . l eu	(443)
h e . i . d eu n	(444)
t o m . s eu n	(445)
p o . s e	(446)
g i l . l e l . s eu	(447)
b o . d eu l . l eo	(448)
d e . i . b i	(449)
k o . ch i n	(450)
p o l . l i . ch i . a . n o	(451)
k i . l o . s eu	(452)
b i l . l a	(453)
e . b eo . s eu	(454)
m u s . s o l . l i . n i	(455)
m u . b a . l a . k eu	(456)
o . d eu n	(457)
k a . m i l	(458)
a l . m o n . d eu	(459)
d a . u l . l i ng	(460)
d o . b eo	(461)
wa . i . d eu . m eo n	(462)
k a . s e m	(463)
s yo n	(464)
s ye	(465)
b eo . t eo . p i l . d eu	(466)
d a . k a	(467)
e . i . d eu . l i . eo n	(468)
a . l eu . j e n . t o	(469)
b i . a . j i . o	(470)
b eo . n e s	(471)
l a ng . e	(472)
t i m . b eo . l e . i . k eu	(473)
wa ng . ch u . k eu	(474)
k eu l . l a . u . d i . o	(475)
g ae . s eu . k o . i n	(476)
b i . b i . eo n	(477)
e l . l a m	(478)
k a . m i l . l o	(479)
a . m a . j o n	(480)
b eu . l i n . d eu l . l i	(481)
p i . t eo . s eu	(482)
l a . k a ng	(483)
l o . j eu	(484)
m a l . l a . wi	(485)
b u . l eu . j e	(486)
p eu . l a ng . k eu	(487)
ye . l e . m i . a . s eu	(488)
g o l . d eu . s eu . t a . i n	(489)
b u . t e . n a n . t eu	(490)
d eo . s eu . t i n	(491)
t a . s o	(492)
g o . t eu . h e l . p eu	(493)
d eu l . l a . m i . n i	(494)
b e . t i	(495)
t eu . l i . b e l . l i . eo n	(496)
b e . l eu n	(497)
d a l . k eu . l o . j eu	(498)
b a . i . b eu l	(499)
e . m i l . l i	(500)
ae l . b eo . l e . j eu	(501)
p eu . l i . g o . j i n	(502)
s eu . p a l . l a n . ch a . n i	(503)
m e l . l o	(504)
n a . t a l . l i . a	(505)
t a . n a	(506)
m a . l i . a	(507)
k u . l eu . t u . a	(508)
s a . d i	(509)
m a l . l i . k eu	(510)
g a . l eu . b o	(511)
l o . j a l . l i	(512)
g i l	(513)
a l . b eo . t eu	(514)
a . d e l	(515)
g eu . l i . s eu	(516)
p e . i . t eo	(517)
i l . l i . n o . i	(518)
s wi l . d eu	(519)
p i . t i . h i	(520)
s a l . b a . d o . l eu	(521)
l i . k e . ch eu	(522)
p e . l e	(523)
h e . i n	(524)
s we . i n	(525)
h o b . s eu	(526)
t i . m eo . s i	(527)
p ae . t eo . s eu n	(528)
s i . b o . l e	(529)
a . i . j e n . h a . wo	(530)
a ng . g e l . l a	(531)
k u . l eu . t eu	(532)
k yu . b i g	(533)
s ye . p eo . d eu	(534)
b a . b eo	(535)
e l . g a	(536)
l u . i	(537)
eu n . k eu . l u . m a	(538)
p e . i . j i	(539)
ae g . s eo l . l o . d eu	(540)
l e . j i	(541)
k eu . l o m . l ae ng . k eu	(542)
d ae . n i . eo l . s eu	(543)
s eu . k o . t eu l . l ae n . d eu	(544)
p i . t eu . l i	(545)
p eu . l i . d eu . l i . h i	(546)
s a n . ch e . s eu	(547)
m a l . l i n	(548)
p eu l . l o . l i . d a	(549)
b e l . g i . e	(550)
p eu . l i g	(551)
b i . o . t i	(552)
t eu . wa . i . n i ng	(553)
h yu . s eu . t eo n	(554)
p i l . l i . p a	(555)
a . l a m	(556)
n e . s eu	(557)
l i . d e l	(558)
e . b eo l . l i n	(559)
k o . n e l	(560)
t o . l eo n . s eu	(561)
k o . l o l . l e n . k o	(562)
u l . m a n	(563)
m o n . l o . b i . a	(564)
b eu . l o n . t e	(565)
j o . j i . p eu . s eu n	(566)
m u ng . k eu	(567)
p eu . l e n . ch i	(568)
b eo . p eo l . l o	(569)
m u . t eo	(570)
p e . t eu . l o . n i	(571)
k a l . l i . n i n	(572)
p e . d eo . l eo	(573)
m a g . s i m	(574)
j o . a n . n a	(575)
t a . t a	(576)
h e . m i ng . we . i	(577)
n a . h u m	(578)
k i . l eu . s wi	(579)
n ae . n i	(580)
h a . i . e . k eu	(581)
b e . d e . s eu . d a	(582)
m a . i . k eu l	(583)
a n . d e . l eu . s e n	(584)
s o . s a	(585)
k ae n . b eo . l a	(586)
g eu . l i l . l i	(587)
l u . g o	(588)
g eu . l o . m e . l eu	(589)
l o . n a	(590)
p a . s o l . l i . n i	(591)
k a . n e . t i	(592)
g e . l a . s i . m o . p eu	(593)
e . s eu . p eu . l o n . s e . d a	(594)
l e . b e . d e . p eu	(595)
b e . l i n . j eo	(596)
j e . i m . s eu . t a . u n	(597)
u . e . d eu . l a . o . g o	(598)
l e . o . n e	(599)
s eu l . l o . b e . n i . a	(600)
p eu . l ae ng . k eu . p eo . t eu	(601)
l a . b a . k i	(602)
m a . l eu . t i n	(603)
l i . l o . i	(604)
k a . l eu l . s eu . l u . e	(605)
g e . l eu . d a	(606)
n a . u . m a n	(607)
s yu l . ch e	(608)
l o . l e . n a	(609)
a . d a . n i	(610)
b eu . l o n	(611)
ae . g eo . s i	(612)
s yu . b a . i . ch eo	(613)
l o . j e n . b u . s yu	(614)
l eo . k eo	(615)
j i m	(616)
j o . l eu . j o	(617)
b a . s u	(618)
p e . i . t eu n	(619)
l a . m eu . n e	(620)
wo . d i	(621)
n i l . s o n	(622)
h a l . s eu . t ae . d eu	(623)
k a . l i	(624)
p u l . l e	(625)
m a . u . l eo	(626)
m a . s e . l u	(627)
j i m . m e . l eu n	(628)
m a n . p eu . l e . t eu	(629)
k a m . p i l . l i	(630)
a ng . k a . l a	(631)
p u n . s a l . m a . g i n	(632)
l i . s eu . t eu	(633)
k o . t eu . n i	(634)
p eu l . l e . s wi	(635)
k o n . l a . d eu	(636)
a l . b a . n i . a	(637)
p eu . l o n . t i . n u . s eu	(638)
k ae . l eo l . l i n	(639)
l a . g o . s eu	(640)
h eo . ch i . s eu n	(641)
a . s eo	(642)
g u . s eu . t a . b eu	(643)
b u l . g a . l i . a	(644)
m eo . p i	(645)
l eo m . j i	(646)
k eu . s e . n o . p o n	(647)
m e n . j e l	(648)
e . n o . s eu	(649)
s e . n e s	(650)
l o . b eu l . l e . s eu	(651)
j i l . s eu	(652)
k a . i m	(653)
s ya l . l o . t eu	(654)
j u . d i	(655)
l i n	(656)
b eu l . l u m . b eo . g eu	(657)
o . k eo m	(658)
a . l eu . p eu	(659)
wo . k eu . m ae n	(660)
u . ch e l . l o	(661)
a . m o . s eu	(662)
p a . u n . d eu	(663)
k eu . l a . s eu . n o . d a . l eu	(664)
p ae . l eo . d i	(665)
n i . k eo l . l eo . s eu	(666)
j e . b eo n . s eu	(667)
m e . s i . a ng	(668)
s yu . l e . k eo	(669)
s u . t eo	(670)
s eu . t e . i . s i	(671)
a l . l e g . s a n . d eu . l i	(672)
t eu . l i . p o l . l i . t a . n i . a	(673)
p a l . m i . l o	(674)
g u l . l e . d eu	(675)
s yu . m a l . l e n . b a . h eu	(676)
b eu . l a . t e l . l i	(677)
d eo . p i	(678)
k a . l eu . m e l	(679)
a l . l e . s i . o	(680)
s eo g	(681)
d o	(682)
g eu . l i . g eu	(683)
s eu . t eu . l e . i . ch i	(684)
k o . l o l	(685)
h o l . d e . i n	(686)
b a . h a . l eu	(687)
b o . h u . s eu l . l a . p eu	(688)
k eu . l e . i . g eu	(689)
j i . k eu . p eu . l i . t eu	(690)
m a . i l . s eu . t o n	(691)
u l . l a . n o . b a	(692)
g a l . l i	(693)
s ae . k eu . l a . m e n . t o	(694)
g ae . s eu . k o . i n	(695)
k wi n . s i	(696)
a l . t o n	(697)
s u . k eu . l e	(698)
b o . i . t eu	(699)
d e . s i . d e . l i . u . s eu	(700)
ch a . m a . i	(701)
k i . j i	(702)
p e l . l i	(703)
g eo n . d eo . s eu n	(704)
e . s eu . k o . p i . e	(705)
l a . s eu n	(706)
b o . l i ng	(707)
a . t eu l . l a . s eu	(708)
ae . t eu n . b eo . l eo	(709)
k ae . l o l	(710)
p eu . l o . i . d e n . t a l	(711)
m a . k i	(712)
h e . l i . t eu	(713)
h o . b a . t eu	(714)
m e . l i . t eu	(715)
a ng . t u . a n	(716)
b e . i n . b eu . l i . j i	(717)
h a . i . k e	(718)
s yu . t e . g eo	(719)
k e . l i	(720)
p o l . s eu n	(721)
h o l . s eu . t eu	(722)
g eo . t eu . l u . d eu	(723)
i . b o ng	(724)
l o . h a n	(725)
d eu . l e . p wi . s eu	(726)
k o l . l o m . b o	(727)
m a g . s i m	(728)
g a . i	(729)
d eu . l e . i . p eo	(730)
p e . i	(731)
o . s eu . t i n	(732)
k o l . m eo n	(733)
a . s u n . s i . o n	(734)
b a . k e n . l o . d eo	(735)
b a l . l e . l i	(736)
p i . n o	(737)
a n . t a . n a . n a . l i . b o	(738)
g a . p o n	(739)
b eu l . l ae . k i s	(740)
e . d e l . s eu . t e . i n	(741)
o . d eu	(742)
p i . s eu . k eu	(743)
e n . d eo . s eu	(744)
t e . l eu . b o . l eu . h i	(745)
ye . j i	(746)
wa s . s eu n	(747)
b o . h e . m i . a	(748)
p eo . s e l	(749)
s a n . s eu	(750)
m o . eo . s eu	(751)
g o . s i	(752)
b eu l . l a . d i . b o . s eu . t o . k eu	(753)
ch e . l i	(754)
p e . l i	(755)
h o . l a . s i . o	(756)
p o n . k i . e l . l i	(757)
m o ng . p o . l eu	(758)
h ae . l i . m eo n	(759)
l o . b o	(760)
m o . g e n . ss o	(761)
g a . l eu . s i . a	(762)
s yu . b a n	(763)
k i . l i l . l o . s eu	(764)
b a . l e . l a	(765)
m o . l eu . wa	(766)
k a l . m a n	(767)
b o . i . s eu	(768)
ae . t eu l . l ae n . t a	(769)
wi l . b eo	(770)
d i . t eu . l eu	(771)
we . i l . s eu	(772)
k ae l . k eo . t a	(773)
h a . s a n	(774)
d e . n i . k i n	(775)
d eo n	(776)
b ae g . s eu . t eo	(777)
j e . m a	(778)
l e . i . t eu n	(779)
d eu . n e . p eu . l eu	(780)
g eu . l i . p i . s eu	(781)
b e . n a . s e . l a . p eu	(782)
s yu . b a . i . ch eo	(783)
k e m . p eu	(784)
k eu . l i . s eu . t o . p eu	(785)
n a . i . k i	(786)
h a n . jj eu	(787)
l o ng . m ae n	(788)
m o . h o . k eu	(789)
b e . g i n	(790)
k eu . l i . s eu . t i n	(791)
l e . o n . h a . l eu . t eu	(792)
d i l . t a . i	(793)
g eu . l e . g o . l i	(794)
l o l . l o	(795)
b o . l o . n i n	(796)
s i ng . k e l	(797)
ch ae . t eo . n u . g a	(798)
b e n . t eo	(799)
ch a . d eu	(800)
m o . t a	(801)
wo . d eu	(802)
p i . ch eo	(803)
b eu . l i . n eo	(804)
d eu . l i ng . k eu . wo . t eo	(805)
b eo . ch eu	(806)
k e l . l i	(807)
o . we n	(808)
m o ng . t oe	(809)
m e . i . s eu . p i l . d eu	(810)
m o . j eu l . l i	(811)
m a . l eu . t i . n o	(812)
t e n	(813)
h ae l . l i . p ae g . s eu	(814)
s i . m i . ch i	(815)
l a . p o . l eu . g eu	(816)
t o . m eo . s eu	(817)
d o . n a l . d eu . s eu n	(818)
j e . i . k o b . s eu	(819)
s eu . p i . k eu	(820)
s a l . l e	(821)
b a l . l a	(822)
a n . d e . s eu	(823)
d o . m i . n i . k eu	(824)
k o . d e l . l i . a	(825)
h i m . l eo	(826)
t a . l eu . t i . n i	(827)
a m . m a n	(828)
h ae . s eo . we . i	(829)
ya . k o . b i	(830)
g eu . l i l . l o	(831)
j o . n i	(832)
k a . l a m . j i n	(833)
g o . d eu n	(834)
h e . l eu . n a n . d e . s eu	(835)
n e l . l i	(836)
b eu l . l u m . p i l . d eu	(837)
a . l eu . n o	(838)
e n . j e l	(839)
b e . i l . j eu	(840)
l i n	(841)
p o n . s e . k a	(842)
b o . l eu . h a . l eu . t eu	(843)
l u . s eu	(844)
b eo . l o . s eu	(845)
l o . d e n . b a . h eu	(846)
wa . d e	(847)
g i . j a	(848)
g a . i . b e l	(849)
e . l eu n . s eu . t eu	(850)
b a . h eu . ch i n	(851)
b eu . l e . i n	(852)
k eo . p o . t i	(853)
m i l . l a . n o	(854)
s eu . t a . i n . m e . ch eu	(855)
m i . k eu . l o . n e . s i . a	(856)
s a n . t i . a . g o	(857)
j e . s eu	(858)
s i ng . eo	(859)
l e . eo . d eu	(860)
j a m	(861)
p o . i n . t i ng	(862)
b o . b e . l i	(863)
d o . s eu n	(864)
l a ng . g eu . d o . k eu	(865)
l a . i . s eu	(866)
wa . i l . l i	(867)
s eu . t eu . l ae s . p o . d eu	(868)
k a n . t i	(869)
n a . p o l . l i . t a . n o	(870)
b eo . b ae ng . k eu	(871)
s yu l . l i . k eu	(872)
g eu . l i n . s eu . p eo n	(873)
s i . g eo . n i	(874)
g eu . l o . m i . k o	(875)
m a . u . l o	(876)
b e l . ch eo	(877)
p i . e . l eu l . l u . i . j i	(878)
d a . i . s i	(879)
l o . i . s eu . d a l	(880)
b e n . t eu . l i	(881)
g u l . d eu . b e . l eu . g eu	(882)
l a . u . p eu	(883)
m u . s eu . k o . g i	(884)
k u . m eo	(885)
l a . j i	(886)
l e . b i n	(887)
k o n . t i	(888)
a . m a n . d a	(889)
l o . m e l	(890)
t a . s yu . k e n . t eu	(891)
d o l . l o . l e . s eu	(892)
b a . l e	(893)
b i . s a . u	(894)
a l . l e g . s a n . d eo	(895)
m a . l eu . t i . n e . s eu	(896)
m a . l eu . k eu . s eu	(897)
n a . t a n	(898)
h a m . b u . l eu . k eu	(899)
j o . l eu . j i . n a	(900)
m i l . l e . i	(901)
l eu . u . b e n	(902)
k a . m i l . l a	(903)
b a . ya ng	(904)
b i l . l eu m	(905)
g o ng . k u . l eu	(906)
g ae l . l eo . g eo	(907)
b e n	(908)
b eu l . l eo n . t eu	(909)
eo . n i	(910)
s e . l eu . s o	(911)
m e . s eu . t eu . l eu	(912)
j o . m eo . p e l . t eu	(913)
p e l . l e . g eu . l i n	(914)
l u . k eu	(915)
wo l . l e	(916)
k eu . l e . i n	(917)
b e . s u . b i . o	(918)
wi . ch eo l . l i	(919)
k u . j eu . n e . ch o . p eu	(920)
s i l . b a	(921)
a . b u . j a	(922)
j a . m e . i . k a	(923)
p e . n ya	(924)
a l . l e g . s a n . d eo	(925)
m u . n i . e	(926)
s ya . l o n	(927)
d yu . l a n . t e	(928)
s a . m u . e l . s eu n	(929)
t eu . l ae . b i . s eu	(930)
l u . i . s eu	(931)
s a . m u . e l	(932)
n eo . d ae . n i . eo l	(933)
b o l . ch i	(934)
m a l	(935)
b e . l eu . d e	(936)
b a . b i l . l o . p eu	(937)
j o l . l i . t i	(938)
s o l . l i . s eu	(939)
m a . l eu l . l e . n e	(940)
b e . t e	(941)
k i . l a . we . a	(942)
p eo . g eo . s eu n	(943)
d e . i . m eo n	(944)
b eo . k o . p eu	(945)
g ae . b i n	(946)
s ye . i . m eo . s eu	(947)
p eu . l a . i . eo	(948)
s a n . t o . l i . o	(949)
p i . s a . n e l . l o	(950)
ch e . i m . b eo . s eu	(951)
p i . ch i . b eo . g eu	(952)
n i . n a	(953)
l i . o . n e	(954)
b eu . l e . i . eo	(955)
g o . t eu l . l o . p eu	(956)
d i . k o n	(957)
yo . k eu	(958)
d wi . p eu l . l e g . s eu	(959)
j e . p eu	(960)
p eu . l o . b e . n i . u . s eu	(961)
l e . n a . t a	(962)
h e g . t o . l eu	(963)
m ae g . l e . i	(964)
h o . g a . s eu	(965)
wi l . k i n . s eu	(966)
s yu l . ch eu	(967)
s yu l . l a . i . d e n	(968)
m a . k o ng	(969)
n ae s	(970)
h e . l eu . m e . s eu	(971)
l eo . b eu	(972)
m o l . t eu . k e	(973)
s eu . t eo n . b eo . g eu	(974)
b o . n i . ch i	(975)
g eu . l a . n i . t eu	(976)
m o . l i . s eu	(977)
m eo n . l o	(978)
m o . s eu	(979)
b a . k eo . s eu	(980)
k e l . l o . g eu	(981)
m ae . k i n . d eo	(982)
b u . s i	(983)
ch e . s yeo	(984)
m o . n e	(985)
h e . l a . l eu . d wi . s eu	(986)
d e . eo . d eu . l eu	(987)
h e . n i ng	(988)
b i g . s e l	(989)
s a . l a	(990)
p o ng . p a . d u . l eu	(991)
s o . t o	(992)
s yo . s o ng	(993)
h o . g eu	(994)
h a . i . d eu n	(995)
m a . n o	(996)
s eu . n a . i . d eo	(997)
m a . t i . oe	(998)
t u . l eu . g e . n e . p eu	(999)
k u . p eo	(1000)
k e . i	(1001)
s ye . l a . p eu	(1002)
k i	(1003)
d o . m i . e	(1004)
h i . g i n . s eu	(1005)
d wi . s ya ng	(1006)
l a . n a . s i ng . h e	(1007)
i . o . n e . s eu . k o	(1008)
a . p eu . g a . n i . s eu . t a n	(1009)
p i . l e l . l i	(1010)
a . p o l . l i . n e . l eu	(1011)
j e . l eu . m ae ng	(1012)
h o . s e b	(1013)
t i . b e . l i . u . s eu	(1014)
ch o . s eo	(1015)
ch a l . s eu	(1016)
n o . l i . ch i	(1017)
k a m . p a . n e l . l a	(1018)
m o . b e . l i	(1019)
b o . ch o . n i	(1020)
g a . n e s	(1021)
j o . n i	(1022)
ch i g	(1023)
p i . s a	(1024)
e l . s eu . t o n	(1025)
e . m i . n e . s eu . k u	(1026)
h ae n . d eu . l i g . s eu	(1027)
d i . j eu . l e . i l . l i	(1028)
b i ng	(1029)
a l . b a . l o	(1030)
s i l . l e	(1031)
b o l . s eu	(1032)
s o l . t i	(1033)
k eo . k eu l . l eo n . d eu	(1034)
eo . wi n	(1035)
p i . t eo	(1036)
a . d a l . b e . l eu . t eu	(1037)
i ng . g eu . l i . d eu	(1038)
m a . n i l . l a	(1039)
p e . a . n o	(1040)
s yu . n a . i . d eo	(1041)
m ae n . s eu	(1042)
o . a g . s a . k a	(1043)
a l . b e . l eu . b i l	(1044)
b o . b i	(1045)
k a . u n . t eu	(1046)
yu . d ae	(1047)
l o g . h a . t eu	(1048)
p u . a . t i . e	(1049)
b o . s eu . t eo n	(1050)
m e . d i . ch i	(1051)
g a . l eu . s i n	(1052)
m o . d i l . l i . a . n i	(1053)
m i l . l a	(1054)
ae . d eo m . s eu	(1055)
l i l . l o ng . g we	(1056)
k u . l eu . t eu	(1057)
g u m . p eu l . l o . b i . ch i	(1058)
p i . s ae m	(1059)
k e . i . m eo n	(1060)
b eu . l u . k eu . n eo	(1061)
p i . e . t eu . l o	(1062)
s i . s eu l . l e	(1063)
s ya . b eu . l i . e	(1064)
j a m . b o . n i	(1065)
n a ng . s i	(1066)
e . g o n	(1067)
l eu . n o	(1068)
s o l . t eu	(1069)
a . n a . b e l	(1070)
b eu l . l ae g . we l	(1071)
t u . l a	(1072)
k a l . l i n	(1073)
g a l . l eo n . d eu	(1074)
j e . l e . i n . t eu	(1075)
p ae . j e s	(1076)
n yu . k ae . s eu l	(1077)
i ng . g eu . l ae m	(1078)
l i . b eo . m o l	(1079)
k eu . l o m	(1080)
m e . n e l . l a . o . s eu	(1081)
k eu . l i . s eu	(1082)
p e . d i n	(1083)
p eu l . l ae . n eo . g eo n	(1084)
m o ng . p e l . l i . e	(1085)
l eu . n e	(1086)
b e . i . k eo	(1087)
g eu . l a . b eu . s a n	(1088)
s yu . eo l	(1089)
d o l . l eo n	(1090)
k o l . t eu	(1091)
t a . m a . yo	(1092)
k o ng . t e	(1093)
s o . l i . ya	(1094)
d e . s a . u	(1095)
s eu . t i . b eu n . s eu n	(1096)
t ae n . s eu l . l i	(1097)
wi m . b eu l . d eo n	(1098)
p o m . p o . n a . ch i	(1099)
k a . m a . l eu . g o	(1100)
l a . u l	(1101)
a . k i . n o	(1102)
j ae g . s eu n . b i l	(1103)
e . u . j e . n i . o	(1104)
a . p i . a	(1105)
l eo . d eo . p eo . d eu	(1106)
i m . b e . l eu . t eu	(1107)
d o . d eu	(1108)
d o . p eu . s yu	(1109)
d a . i n . s eu	(1110)
b i . b eo	(1111)
k a . s eu . p eo	(1112)
k eu . l eo m . p eu . t eo n	(1113)
k e . i . j i	(1114)
l o . d o . s eu	(1115)
p a . n o ng	(1116)
k a n . t eu	(1117)
ss i . eo . s eu	(1118)
m a . s yeo l	(1119)
k o s . b u . s eu	(1120)
j i . n i	(1121)
p eu l . l ae . ch eo	(1122)
d eu . b eu . l oe	(1123)
k o . h eu	(1124)
b i . d eu l	(1125)
k a . u n . d a	(1126)
p a . t i . n i . l eu	(1127)
h a . we l	(1128)
ae ng . g eo . s eu	(1129)
e . s yeo	(1130)
p e . h i . n eo	(1131)
l i . yo ng	(1132)
l a . i n	(1133)
n e . l u	(1134)
n o . b eu l	(1135)
m a . u . l i . ch eu	(1136)
ch a m . p i	(1137)
k o n . s eu . t a n . t i n	(1138)
l i . ch i	(1139)
l u	(1140)
l o . s i . n i	(1141)
l i . g a	(1142)
k a . l i m	(1143)
e . b eo . h a . t eu	(1144)
s eu . t i . b eu n	(1145)
e . s eu . d eo	(1146)
n i l . s eu	(1147)
k o . m eo n . s eu	(1148)
we l . s wi	(1149)
m e . l i l . l i n	(1150)
k a . s eu n	(1151)
ae . d eu . k i n . s eu	(1152)
i n . d o . n e . s i . a	(1153)
t a . n i	(1154)
d wi . n a ng	(1155)
m a . l eu . k o	(1156)
a n . t o . n i . o	(1157)
b eu l . l a . u . t eu	(1158)
k e . p eu l . l eo	(1159)
l o . t i . o	(1160)
l e . g eo	(1161)
h a l . l a . s eu	(1162)
k i . o n	(1163)
b u l . g a . n i n	(1164)
n a . t a	(1165)
h o . a . k i n	(1166)
d a . n e . m a n	(1167)
p o . k eu . n eo	(1168)
a . h eu . m a . t o . b a	(1169)
g a . m a . l a	(1170)
i . eo n	(1171)
o . d eu . l i	(1172)
k eu . s i . s yu . t o . p eu	(1173)
b e . l i	(1174)
p a l . m e	(1175)
u l . b eo . h ae m . t eo n	(1176)
b i . a n . k o	(1177)
h o b . k i n . s eu	(1178)
d eo l . l u . s eu	(1179)
a . g a . l eu . wa l	(1180)
l e . j eo . n eo l . d eu	(1181)
wi l . k i n . s eu n	(1182)
k a l . l a . s eu	(1183)
b u . s yu	(1184)
m o . t eu	(1185)
o . ch o . a	(1186)
p a . i . k eu	(1187)
we . d eo	(1188)
b i l . l a	(1189)
h a . i . m e	(1190)
a n . t u . n e . s eu	(1191)
a . p o l . l o	(1192)
j o n . s eu n	(1193)
p i . a . j e	(1194)
m i . s i . g a n	(1195)
p o . t a . n i n	(1196)
j e . p eu . l i	(1197)
g a . m a	(1198)
b o n . h ae m	(1199)
l ae . d eu . k eu l . l i . p eu	(1200)
