z yu 1 . g u 2 . l i-k 6	(1)
m ou 6 . n ei 4 . h a-k 1	(2)
aa 3 . d a-k 1 . l ei 5 . aa 3	(3)
a k 1 . l aa-p 6 . d a-k 6 . l ei 5 . aa 3	(4)
oi 3 . l aa-p 6 . s eo-n 3	(5)
oi 3 . d i-k 6 . s a-ng 1	(6)
ou 3 . g u 2 . s i 1 . d a-k 6	(7)
m o 1 . j i 5	(8)
m aa 5 . j i 5 . s aa-t 3 . s i 1	(9)
g o 1 . l eo-n 4 . b ei 2 . aa 3	(10)
aa 3 . h a-ng 2 . s i-k 1	(11)
b ou 3 . l ou 5 . c oi 3 . j i 5	(12)
h a-k 1 . j i 5 . s a-n 1 . g ei 1	(13)
l o 4 . m aa 5 . n ei 4 . aa 3	(14)
s ai 3 . g aa 1	(15)
n ei 4 . l u-ng 4	(16)
aai 6 . l i-k 6 . h a-k 1	(17)
k aa 1 . s i 1 . d ai 3 . l o 4	(18)
h a-k 1 . l oi 4 . s i 1 . l a-k 6	(19)
g aa-k 3 . l a-m 4 . w ai 1 . z i 6	(20)
m a-k 6 . h a-k 1	(21)
aai 6 . f u 1	(22)
m aa 1 . f e 1	(23)
ou 3 . s i 1 . t i-ng 1	(24)
s aa 1	(25)
b aa 1 . s i 1 . f u 1	(26)
d o 1 . t aai 3	(27)
m ai 5 . l o-k 3 . s e 2 . w ai 4 . k ei 4	(28)
gw o 1 . s i 1 . d a-k 6	(29)
l aai 1 . s ou 4	(30)
m ai 5 . l a-k 6	(31)
h ou 2 . l oi 4 . w u 2	(32)
b aa 1 . g ei 1 . s i 1 . t aa-n 2	(33)
h ei 1 . b aa-k 3 . l oi 4	(34)
w ai 1 . n ei 4 . s i 1	(35)
w ai 1 . j i 5 . s i 6	(36)
f u-k 1 . j i 5 . m o 1 . s i 1	(37)
m a-k 1 . h a-k 1 . f u-ng 1	(38)
n aa-p 6 . s i 1 . d aa-t 6 . h a-k 1	(39)
b aa-k 6 . l i-ng 6	(40)
l ei 5 . ou 3 . s i 1	(41)
h o 4 . f u 1 . m aa-n 6	(42)
aa 3 . b aa-k 3 . l aai 1 . h o-n 5	(43)
s i 6 . d aa-n 1 . l ei 6	(44)
aa 3 . s a-t 1	(45)
d aai 3 . ou 3 . s a-n 1	(46)
f aa-t 3 . l o-ng 4	(47)
l aai 1 . s ou 3	(48)
h oi 2 . ng aa 4	(49)
h a-k 1 . g aa-k 3 . j i 5	(50)
l oi 4 . l ei 6	(51)
w ai 4 . g a-t 1 . n ei 4 . aa 3	(52)
p aa-k 3 . l a-m 4	(53)
f u-k 6 . d a-k 6	(54)
h a-ng 1 . d a-k 6 . l ei 6	(55)
n o-k 6 . aa 3	(56)
aai 6 . h i-t 3 . j i 5	(57)
au 1 . m ou 5	(58)
j a-t 6 . j i 5 . m aa-n 6	(59)
d a-t 6 . n ei 4 . s ai 1 . aa 3	(60)
w u 1 . z i 1 . b i-t 6 . h a-k 1 . s i 1 . t aa-n 2	(61)
aa 3 . m aa 5 . s eo-n 3	(62)
h a-ng 1 . l ei 6	(63)
z au 6 . s i 1	(64)
w ai 1 . s i 6 . g ei 6	(65)
w u 1 . h a-k 1 . l aa-n 4	(66)
b o 1 . j i 5 . k aa 1	(67)
d aai 3 . h a-k 1 . s i 1	(68)
m u-k 6 . s i 1 . l a-m 4	(69)
n o-k 6 . g ei 1 . aa 3	(70)
h oi 1 . m a-k 6 . l aa 1	(71)
h aa 1 . f a-t 6	(72)
z i-k 1 . s eo-n 3	(73)
m o 1 . m u-n 4	(74)
b aa 1 . l eoi 4	(75)
o-n 1 . n ei 4	(76)
d i-k 6 . g a-m 1 . s i 1	(77)
aa 3 . b ou 3 . l u-ng 4 . n ei 4	(78)
m aa 5 . t aai 2	(79)
aai 6 . l oe-k 6 . d a-k 6	(80)
w u 1 . t o-k 3 . b o-ng 1	(81)
g oi 3 . l o-k 3 . p ou 2	(82)
s i-ng 1 . n aa-p 6	(83)
z o 2 . d aa-n 1 . n ou 4	(84)
g aa-n 2 . b ou 3 . z aai 6	(85)
b ou 2 . l i-ng 4	(86)
b o 1 . j a-m 1	(87)
g u 2 . l aa-n 4	(88)
f aa-t 3 . l aa-n 4 . h aa-k 1 . f u-k 1	(89)
p ou 2 . l a-m 4 . s i 1 . d eo-n 6	(90)
m ai 5 . c i-t 3 . j i 5	(91)
g aa-k 3 . l a-m 4 . w ai 1 . j i 5	(92)
b ou 3 . j i 4 . n o-k 6 . s i 1	(93)
h oi 1 . l o 4	(94)
gw o 1 . j i 5	(95)
l aai 1 . t yu-t 3 . w ai 4 . aa 3	(96)
h a-k 1 . l oi 4	(97)
b aa 1 . b ui 3 . d o 1	(98)
ng aa 5 . f u 2	(99)
b aa 1 . t a-ng 4 . b aa-k 3 . g aa-k 3	(100)
