l u . i . j eu	(1)
a . u . eo . b a . h eu	(2)
b a . s i l . l i	(3)
b a . l o . s u	(4)
j a . l eu	(5)
s eu . k o . t eu l . l ae n . d eu	(6)
s eo . d eo n	(7)
k e . i m . b eu . l i . j i	(8)
h u . s eu	(9)
ae . b eo . n e . s i	(10)
b i . n yo l . l a	(11)
g u s . i . eo	(12)
j e . i n	(13)
t u . l eu n . b a l . t eu	(14)
d i . b eo	(15)
g a . b i	(16)
m a . k a . l o . p eu	(17)
b a . i . d e n . l a . i . h i	(18)
k o l . l o m . b o	(19)
m a . l ae ng	(20)
k eu . l e . i n	(21)
g eu . l o . s eu	(22)
i . d a	(23)
k a . ya	(24)
b eu l . l ae . k i s	(25)
l a . i . s eu	(26)
l u . s eu	(27)
g o . ch i	(28)
h e g . t o . l eu	(29)
l u . l i . a	(30)
g wa ng . d u ng	(31)
ch e . k o	(32)
t e . l e . s a	(33)
s yu l . l o . m o	(34)
n i . k o l . l a . i	(35)
p eu . l a ng . k eu . p u . l eu . t eu	(36)
k o ng . g o	(37)
ya n	(38)
g eu l . l ae . d eu . s eu . t eo n	(39)
k e . i . j i	(40)
