z u _1 . l i _1 . u-t _2	(1)
k @: _3 . l a:I _1 . s` @: _3 . t @: _3	(2)
E-n _1 . l E-t _2 . m E _1 . r\ @: _1	(3)
z e _1 . r\ i _1 . k o _1	(4)
b_< @I _1 . r\ u-t _2	(5)
b_< OI _1 . b_< o _1 . d_< @: _3 . r\ a:-n _1	(6)
m i _1 . s @: _3 . k o-n _1	(7)
m ui: _1 . l @: _1	(8)
z E _1 . n @: _1 . r\ O-n _1	(9)
w i-n _1 . t i _1 . l i _1 . a: _1 . n u-t _2	(10)
b_< u@-k _2 . b_< a: _1 . k i _1	(11)
n e _1 . i _1 . a: _1 . f u _1	(12)
n O _1 . a: _1 . m i _1	(13)
G u _1 . e _1 . r\ u _1	(14)
m a: _1 . s` i-n _1	(15)
k @: _3 . l e _1 . m @:-n _1 . t i _1 . n @: _1	(16)
m a:-n _1 . n E-k _2 . h E-m _1	(17)
k @: _3 . r\ i _1 . s @: _3 . t i _1 . a:-n _1 . s E-n _1	(18)
h a:-n _1 . n i _1 . b_< a:-n _1	(19)
m o _1 . l o _1 . k a:I _1	(20)
