b ei 2 . l ei 6 . s i 4	(1)
g ei 1 . d u-k 1	(2)
h a-k 1 . c oi 3 . j i 5 . t i-ng 4	(3)
h o 2 . k aa 1 . j a-n 1	(4)
s ou 1 . g aa-k 3 . l aa-n 4	(5)
o n 1 . n aa 4	(6)
f u-k 1 . j i 5 . m o 1 . s i 1	(7)
m aa 5 . h aa 1 . t ai 3 . j i 5	(8)
aa 3 . b o 1 . l o 4	(9)
h a-m 1 . p ui 4 . l aai 1	(10)
d ou 6 . l ou 5 . m u-n 4	(11)
aa 3 . s i 1 . p a-t 1 . l a-m 4	(12)
k aa 1 . t u-ng 1	(13)
g aa-n 2 . b ou 3 . z aai 6	(14)
aa 3 . l aai 1	(15)
ou 3 . s i 1 . l u-k 6	(16)
d ou 6 . g aa-k 3 . l aai 1 . s i 1	(17)
b aa 1 . f u 3 . j i 5	(18)
f o-k 3 . j i 5	(19)
b o 1 . l ei 6 . w ai 4 . aa 3	(20)
