m e . l i . m eo n	(1)
p eu . l a . i . b u . l eu . k eu	(2)
k i . l eu . g i n . s eu . s eu . t a n	(3)
n e . l eu . b a l	(4)
b eu . l eu . g o . b u . a	(5)
a l . j e	(6)
g e . i l	(7)
m e . s i . e	(8)
k o . p e n . h a . g e n	(9)
d i . o ng	(10)
s u . m a . t eu . l a	(11)
s yu l . ch eu	(12)
b e . l eu . k eu . m a n	(13)
m a g . s i . m i l . l i . a n	(14)
b e . l i . s i . m o	(15)
s eu . k o . p i l . d eu	(16)
h e . d i	(17)
m a . k i . a . b e l . l i	(18)
t o . i n . b i	(19)
g u s . n o . u	(20)
h a . i . d eu	(21)
s o l . l o . b i . yo . p eu	(22)
l i . h i . t e n . s yu . t a . i n	(23)
m o . l i . t a . n i . a	(24)
p i . t eo . s eu n	(25)
e . m a . n wi . e l	(26)
p o l . l a	(27)
h e . i . j eu l	(28)
o . l eu . b eo n	(29)
k u . k eo	(30)
b e . k e . t eu	(31)
g a . a . n e s	(32)
l a . l e . d o	(33)
p i . ch eu . p ae . t eu . l i g	(34)
l a . b a n	(35)
l o . i . t eo	(36)
g o . l i	(37)
p ae . t i	(38)
k o ng . d o . l eu . s e	(39)
l i . j eu	(40)
