b_< @: _3 . r\ u-t _2 . s` @: _3 . t @: _1	(1)
x O _1 . r\ a:-t _2	(2)
k o-n _1 . G u _1 . E-p _2	(3)
m o _1 . n a: _1 . k o _1	(4)
a:-n _1 . z e _1 . r\ i _1 . a: _1	(5)
h a-k _2 . k E-n _1	(6)
r\ E-t _2 . t_h a:-m _1	(7)
k @: _3 . r\ a: _1 . G uI _1 . e _1 . v a-k _2	(8)
a: _1 . n u-n _1 . s i _1 . a: _1 . t a: _1	(9)
a:-k _2 . k a:-t _2	(10)
t i _1 . t @: _1	(11)
l o _1 . n E _1 . s @: _3 . k o _1	(12)
b_< OI _1 . s` @:-n _1	(13)
r\ o _1 . s` i _1 . t a: _1	(14)
k @: _3 . r\ u _1 . k @: _1	(15)
m a: _1 . h a: _1 . r\ a:-t _2 . s` @: _3 . ts` a: _1	(16)
n a: _1 . m a: _1 . d_< a: _1	(17)
t_h EU _1 . l @: _1	(18)
a:-n _1 . d_< E-t _2 . s` @: _3	(19)
m a:-k _2 . k o _1 . v o _1	(20)
t e _1 . t o _1 . v o _1	(21)
t o _1 . w @I _1	(22)
m o _1 . h a: _1 . m a:-t _2	(23)
b_< O _1 . G @: _3 . l u-m _1	(24)
b_< @: _3 . l u-m _1 . f iU _1	(25)
s` i _1 . l @: _1	(26)
b_< u@ _1	(27)
l u@-N _1	(28)
k a: _1 . m a: _1 . k u _1 . r\ a: _1	(29)
a:-n _1 . m o _1 . h a:-t _2	(30)
m a:-t _2 . s u _1 . J\ a: _1 . m a: _1	(31)
b_< i _1 . E _1	(32)
k O-m _1 . t @:-n _1	(33)
m O-t _2 . t i _1 . l E-t _2	(34)
m a: _1 . l i-n _1 . k e _1	(35)
b_< o-t _2 . k a: _1 . m E-n _1 . n a: _1 . z a: _1	(36)
k o _1 . l u-m _1 . b_< @:-t _2	(37)
b_< @:-n _1 . s` @: _3 . t e _1 . i-n _1	(38)
G O-t _2 . k i _1	(39)
k a:-n _1	(40)
