k a _3 . n a _4 . k e _4 (1)
s ai _4 . e r _3 . k a ng _1 (2)
d e _2 . w o _4 (3)
k u _4 . p u _3 . k a _3 (4)
a _1 . e r _3 . t a _3 . m a ng _2 (5)
g e _2 . t e _4 . l i _3 (6)
d u _4 . b i _3 . n i _2 . w e ng _1 (7)
h e _4 . x i _1 (8)
y ou _2 . s i _1 . d u n _4 (9)
sh i _1 . n a _4 . k e _4 (10)
l uo _4 . e n _1 (11)
q io ng _2 . k e _1 (12)
n a _4 . p u _3 (13)
a _1 . s a _4 . n ei _4 . x iu _1 . s i _1 (14)
d a _2 . sh e n _2 . w u _3 . d e _2 (15)
k e _1 . k e _4 . b i _3 . e r _3 (16)
m o _4 . n i _2 . m ei _2 . k e _4 (17)
x i _1 . t e _4 (18)
ch e _4 . b a _4 . g e _2 (19)
l i _3 . k e n _3 (20)
