s eo . t eo n	(1)
p o . t a . p e n . k o	(2)
p i l . l i . p eu	(3)
t i . p a . n i	(4)
d e . i . b i . d eu	(5)
j o l . l i	(6)
k o s . b u . s eu	(7)
t ae l . l eo . h ae . s i	(8)
p o . s e	(9)
m o . l i . j o	(10)
b o l . ch i	(11)
e . u . s e . b i . u	(12)
g eu . l e . i . eo m	(13)
s eu . wi . p eu . t eu	(14)
s ae l . l i n . j eo	(15)
p i . o . t eu . l o . p eu . s eu . k i	(16)
ya . ch e . k eu	(17)
s o . s a	(18)
a . l a . u . j o	(19)
m yu . eo . h e . d eu	(20)
m ae g . k o l . l i	(21)
s e . l eu . b e	(22)
h a . t eu . p eo . d eu	(23)
p o . b eu . s eu	(24)
n a . s a . u	(25)
s ae . k eu . l a . m e n . t o	(26)
n a . i . t i ng . g e . i l	(27)
e . i . k eu	(28)
j a m . b a . t i . s eu . t a	(29)
s ye . p eo . d eu	(30)
i . o . a n	(31)
k eu . l i . s eu . p eu	(32)
eo l	(33)
t e . l i	(34)
n e . l eu . b a l	(35)
a l . l e g . s i	(36)
ch o m . s eu . k i	(37)
g a . n a	(38)
ae . s eo . b ae . s eu . k a	(39)
k a . l eu . d e . n a . s eu	(40)
b e . b eo . l i . j i	(41)
h eo . b eu l	(42)
j i n	(43)
t o . l e . s eu	(44)
l o . b e	(45)
p a . n yo l	(46)
m u ng . k eu	(47)
p e . i . t eu	(48)
e l . j eu . wo . s eu	(49)
k a . l i . m i	(50)
o l . d eu . h ae m	(51)
h ae ng . k eu . s eu	(52)
h eo . b eu l	(53)
ch i g	(54)
s eu . t i . g e	(55)
s i . n a . i	(56)
k oe l . l eu n	(57)
b u . s eu . n e . s eu . k eu	(58)
i . b e . l i . a	(59)
e . d e n	(60)
e . d u . a . l eu	(61)
h wa . i . t eu . h e . d eu	(62)
b a b . s eu	(63)
p i . k o g	(64)
k o m . p eu . t eo n	(65)
t ae l . l i . s eu	(66)
d yu . l ae n . t eu	(67)
l a . n a	(68)
m e . t e . l eu . n i . h i	(69)
l o . b e . l eu . t o	(70)
b e l . l eo . m i	(71)
l eo . b eu	(72)
l a . i n . h a . l eu . t eu	(73)
s yo . t eu	(74)
l a . i . h i	(75)
s e . l eu . s o	(76)
k a . b a l . k a n . t i	(77)
a . s eu . t eu	(78)
ae . d eu l . l e . i . d eu	(79)
k a . j o . l i	(80)
b eu . l e . s eu	(81)
a ng . l i . o	(82)
d a . n i . e l . j eu	(83)
s a . n a	(84)
b e . l i ng	(85)
n o . l a	(86)
l o m . b a . d eu	(87)
k e l . b i n	(88)
p e . h i . s yu . t a . i n	(89)
k a . n a . l o	(90)
e . l i . t eu . l e . a	(91)
ch a . t eo . j i	(92)
l a . b a . t eu	(93)
k eu . l o . g eu	(94)
d a . m a . s eu . k u . s eu	(95)
k a . t a . l eu	(96)
yu . d ae	(97)
a . g eu . n e . s eu	(98)
l u . o	(99)
i . l e . n a	(100)
