n e . b o . i . s a	(1)
d a . b i . d eu	(2)
d o . i . s e n . b e . l eu . h eu	(3)
j o . d i	(4)
s yu l . l i . m a n	(5)
s i . j eo	(6)
k eu . l ae . m eo	(7)
k o . e n	(8)
t i . h o . n o . p eu	(9)
b i . t eu . p o . g e l	(10)
k a . s eu . t i l . l i . o . n e	(11)
p o l . l i n	(12)
h ae . m eo . s eu . t a . i n	(13)
d a m	(14)
d i . b eo	(15)
d o . n eo n	(16)
p eu . l i . ch eo . d eu	(17)
n e . j eu . b a l	(18)
s eu l . l i m	(19)
g o . b i . n o	(20)
j o . n i	(21)
j e . i . m i . s eu n	(22)
ch i l . l e	(23)
m a . t eo . h o . l eu n	(24)
p i . k a . l eu	(25)
k i . l eu . p i . ch i . n i . k o . p eu	(26)
ae l . l eo n	(27)
b e l . l o	(28)
m ae n . h ae . t eu n	(29)
yu . l i	(30)
b eu . l yu . s o . p eu	(31)
yo ng . k i n . t eu	(32)
n o . l i . ch i	(33)
p eu . l i . d eu . m a n	(34)
g eu . l o . s o	(35)
k a . m e . l a . l i . u . s eu	(36)
h i . ch i	(37)
k i m . b eo l . l i	(38)
s yu . t eu . l e . j e . m a n	(39)
l a m . s eu . t e . t eu	(40)
s e . g o . b i . a	(41)
k a . t eu . l i n	(42)
m e . s eu . k i . t a	(43)
h eo . s eu . t eu	(44)
m o . h o . k eu	(45)
g i . e . l e . k eu	(46)
d e . i . b eu	(47)
o . d eu	(48)
n yu . k eo . m eo n	(49)
h ae . l i . s eu	(50)
l i . d eu l . l i	(51)
n a . i . l o . b i	(52)
p o . s yu	(53)
h e l . l e . n a	(54)
a . b a	(55)
j e . s eu	(56)
d wi . m a	(57)
wa . i n . b eo . g eo	(58)
l eu . p e . b eu . l eu	(59)
p e l . l i . p e	(60)
m wi . s e	(61)
o . l a ng	(62)
s eu . tt a . h a . n o . p eu	(63)
i . s eu . t eu . u . d eu	(64)
b e . l i	(65)
j u l . l eo	(66)
d a . t eu . m eo . s eu	(67)
l e n	(68)
s ye . i	(69)
l u n . d eu . b e . l i	(70)
p i l . l i . p i n	(71)
b a . s eu	(72)
b e . l eu l . l i . o . j eu	(73)
s u . m a . l o . k o . p eu	(74)
k a . i l	(75)
b eu . l e . j i n . s eu . k i	(76)
k a . b eu . l e . l a	(77)
d a . u . n i ng	(78)
p eu . l i . m ae n . t eu l	(79)
g a . i . g eo	(80)
g e . i . b eu l	(81)
b eu . l a n . k a	(82)
l e . i . b eu n	(83)
b e ng . g a . j i	(84)
a . l o . yo	(85)
s eu . t i l . l e . l eu	(86)
a n . d e . l eu . s eu	(87)
a n . t e	(88)
t a n . j a . n i . a	(89)
h u . s eu	(90)
h ae . l i ng . t eo n	(91)
l o . we	(92)
l u . d i	(93)
g eu . l a . u	(94)
ae ng . k eo . l i . j i	(95)
k i . e . s a	(96)
k eu . l a . u . s eu	(97)
p i . d eo . s eu n	(98)
p eu . l a . i . eo	(99)
p eu . l a ng . k e	(100)
wa . g a	(101)
a . i . l a	(102)
s o l . t eu	(103)
a . d a m	(104)
wa ng . ch u . k eu	(105)
s a n . t o . l o	(106)
j a n	(107)
a l . l e g . s a n . d eo	(108)
g o l . d eu . m a n	(109)
n e l . l i	(110)
k o l . l o n . n a	(111)
o . s o l . l a	(112)
t o . d eu	(113)
k a . m i n . s eu . k i	(114)
l o . d eu . l i . g e . s eu	(115)
m e . ch eu . l eo	(116)
m i l . l eo . d eu	(117)
b ae . s eu	(118)
b eu l . l o . k eu	(119)
p i l . h i . n eo	(120)
s a l . l e . l eu . n o	(121)
m a . i . e . l eu	(122)
n a . s a . u	(123)
m a . g u l . l i . s eu	(124)
h e . k eu . m eo n	(125)
ae . s wi	(126)
m a . s ya	(127)
a . i l . l ae n . d eu	(128)
n i . j e . l eu	(129)
d e . p o	(130)
h o . p eu	(131)
k e . s eu . t eu l . l eo	(132)
n o . b o . s i . b i . l eu . s eu . k eu	(133)
u . d eu . h a . u . s eu	(134)
p o l . l a . d eu	(135)
b e . ch e l . l i . o	(136)
d a n . t e	(137)
h e . l eu . ch eu . b e . l eu . k eu	(138)
h o . t eu n	(139)
m o n . t e . m a . yo . l eu	(140)
b a l . b o . a	(141)
d eo n . s eu . t eo . b eu l	(142)
l i . b e . l a	(143)
b eu . l e . n eo n	(144)
p eu . l e . b i n	(145)
m i . l a	(146)
b e . d a	(147)
t yu . ch e . p eu	(148)
a l . b i . n o . n i	(149)
g eu l . l a . i m	(150)
j a . o . j eo n	(151)
t o . l e . j eu	(152)
k a . s yu . n i . ch eu	(153)
k e . n e	(154)
k a . s e l . l a	(155)
p eu l . l a . t e n	(156)
a l . l ae . s eu . k a	(157)
l i n	(158)
m o n . t e . s o . l i	(159)
s ye l . l e	(160)
a . l e . n i . u . s eu	(161)
m e . l eu . s i . e	(162)
s a . l a . i . b a	(163)
d o . p eu . j e n . k o	(164)
ch a . m o . l o	(165)
p o . t eu . m a n	(166)
a l . l e n . k a . l eu	(167)
s e . l eu . b a n . t e . s eu	(168)
n i . k eo l . s eu n	(169)
a n . j e l . l a	(170)
yo . e l	(171)
s we . p eo	(172)
k u . we . i . t eu	(173)
e . g o n	(174)
m a . k i n	(175)
j e . l o l . l a . m o	(176)
j e . i . d eu	(177)
k o n	(178)
o . h a . i . o	(179)
s o l . b e . i	(180)
b e . d eu . l o	(181)
h o l . s eu	(182)
e . m i l . l i	(183)
b eu . l e . n eo n	(184)
s i . g eo . n i	(185)
k eu . l e . i . g eu	(186)
p eu . l a n . ch e . s eu . k o	(187)
b eu . l i . j i . t eu	(188)
p i . ch eu	(189)
i . b o	(190)
wo l . p eo . s eu	(191)
m eo . s eu	(192)
m a n . t o . b a . n i	(193)
e . k eo	(194)
m a . yo l	(195)
n a . p i . s eu	(196)
d ae . l i l	(197)
l o b	(198)
o . k a m . p o	(199)
e . b e l . h a . l eu . t eu	(200)
s a . p a . t a	(201)
g i . b eo n . s eu	(202)
m o . l eu . d e . h a . i	(203)
wa s . s eu n	(204)
s o n . d a . i . k eu	(205)
p o . t eo	(206)
o . d i l . l o ng	(207)
l o b . s eu n	(208)
s i . m eo n . s eu	(209)
h e . n i	(210)
l a . h e l	(211)
p i . g u	(212)
m a . k o . wi . ch eu	(213)
a . d eu . l i . a . n a	(214)
s ae . k eu . l a . m e n . t o	(215)
k a . t o	(216)
l ae m	(217)
e . s eu . k u . d e . l o	(218)
k o . p eu	(219)
n o . p eo g	(220)
g a l . l a ng	(221)
ya n . s o n	(222)
o . s eu l . l eo	(223)
k eu . l ae m	(224)
s o . s wi . l eu	(225)
k o n . p o . s eu	(226)
h a n . n a	(227)
k a . b a . n a . s eu	(228)
t i . s e n	(229)
we . d eo	(230)
b eu . l e . d eu . p o . d eu	(231)
j i m . m e . l eu n	(232)
s e . i . eo	(233)
b eu . l e . t eu n	(234)
k ae . d i l . l a g	(235)
k i . b i	(236)
s u n . s u . n e . g i	(237)
k a . l eu . d a . n o	(238)
j a . m e . i . k a	(239)
i . b o n . n eu	(240)
b a b . s eu	(241)
l o l . l o	(242)
b eu l . l ae g . p u l	(243)
l a . p o ng . t e n	(244)
g o . t eu l . l o . p eu	(245)
h o l . ch eu	(246)
d u . b eu . l o . b eu . n i . k eu	(247)
k o l . b e . l eu	(248)
s a n . t o . l i . o	(249)
h a . n o . i	(250)
p eu l . l a . eo . t i	(251)
p eu . l a n . s i . s eu . k o	(252)
e . i l . l i n	(253)
g a l . b a . n i	(254)
k a . d eu	(255)
s ye . l i . d eo n	(256)
b o n . t e m . p e l . l i	(257)
h e . b e l	(258)
k o n . s eu . t a n . t i n	(259)
b a . t i	(260)
m a l . l o n	(261)
p a . t i . s eu n	(262)
m u . l eu . m a n . s eu . k eu	(263)
ya . p eu	(264)
k o l . l a . u . s yu	(265)
s a . d i . k eu	(266)
a . m a . l eu	(267)
p eu . l u . s eu . t eu	(268)
l i . p eu . m a n	(269)
k o n . s eu . t a n . t i . n o . s eu	(270)
k e . p eu l . l eo	(271)
s eu . k a l . l a	(272)
ch a . d eu	(273)
a . l i . a . s eu	(274)
i . s a . d o . l a	(275)
s e . l eu . j o	(276)
k ae . s i	(277)
wi l . l i . eo m . s eu n	(278)
o l . b eo . n i	(279)
l u . s i l	(280)
i . m a m	(281)
j i	(282)
wo . p eu	(283)
l o . t a	(284)
g o . ch i	(285)
d a . b i	(286)
t a . i . t e l . b a . u m	(287)
p ae g . s eu . t eo n	(288)
p o . t a . n i n	(289)
m yu l . l eo	(290)
t o m . s eu n	(291)
n a . t a l . l i . a	(292)
a n . d eo . t o n	(293)
d i . t eu . l o . i . t eu	(294)
k a m . p o	(295)
n e . i . d i n	(296)
k eu . l i . s eu . p i . n u . s eu	(297)
b eu l . l e . i . k eu . s eu l . l i	(298)
m e . s i . e	(299)
g e . t i . j eu . b eo . g eu	(300)
s eu . t ae . p eo . d eu . s yeo	(301)
eo . n i	(302)
d e . s eu . n o . s eu	(303)
ye l . l i . n e . k eu	(304)
n i l . s o n	(305)
e . s eu . t e l	(306)
n eo n	(307)
p e l . l e . g eu . l i n	(308)
g eu . l i m	(309)
b i ng . k eu l . l eo	(310)
b ae . j eo	(311)
h e . d eu . t o . p eu . t eu	(312)
h a . u . p eu	(313)
p o l . s eu n	(314)
d a . b i . ch eu	(315)
ch e . k eu	(316)
s a . u . s eu	(317)
m a l . l o	(318)
b a . u . eo	(319)
h e . i . t o . l eu	(320)
a . s i m	(321)
k eu l . l i n . t eo n	(322)
l a . d eu . n eo	(323)
m a . l i . n o	(324)
d e m . b i n . s eu . k i	(325)
g a . s a ng . d i	(326)
k i . o n	(327)
k u . m eo	(328)
g e . o . l eu . g yu	(329)
k a . t a . l eu	(330)
s a . d i	(331)
g o . s eo l . s eu	(332)
yo n	(333)
d a . d eu	(334)
k ae l . k eo . t a	(335)
d e n . b eo	(336)
k e . i . t a	(337)
s yu . b a . p eu	(338)
j e . m i . s eu n	(339)
s ya . h i n	(340)
s a l . l o . m o n	(341)
m e l . b eo . l eu n	(342)
a . d i l	(343)
s e . g a n . t i . n i	(344)
b i . n yo l . l a	(345)
s eu . t eo n	(346)
k o n . l a . d eu	(347)
u . j eu	(348)
h a . b a . l o . p eu . s eu . k eu	(349)
p eo . k i n	(350)
b a l . t a . l i	(351)
b wi . l i . d a ng	(352)
l e . k o . d eu	(353)
b eu . l a . j a . b i l	(354)
h ae ng . k eu	(355)
m i . d eu . we . i	(356)
s ae m	(357)
l o . d o . s eu	(358)
i l . l o . n a	(359)
l eu . u . b e n	(360)
l a . l eu . s e n	(361)
h e . l o n	(362)
wi . b eo	(363)
s a ng . p a . n yu	(364)
k o . p e . l eu . n i . k u . s eu	(365)
e . n o g	(366)
l o . m o . n o . s o . p eu	(367)
k i	(368)
n a . h eu . t i . g a l	(369)
e l . s eu . t eo	(370)
s eu . h u . s eu . t e . l eu	(371)
t eu . l e n . d e l . l e n . b u . l eu . k eu	(372)
b eu l . l a . g a	(373)
wi n . p eu . l e . d eu	(374)
l o l . l a ng	(375)
l e . i n	(376)
b e . l eu . n eo	(377)
n yu . m eo n	(378)
b e . b eo l . l i	(379)
s ye ng . k i . e . b i . ch i	(380)
m o l . l o . t o . p eu	(381)
t u . l eu . g e . n e . p eu	(382)
e . i n . j eo l	(383)
k u . s i	(384)
p o . l eu . s eu . t eu	(385)
d o . i . j i	(386)
b a l . l a	(387)
d a . n i . e l	(388)
b o n . h ae m	(389)
d o . n eo l . d eu	(390)
a . m a . d o	(391)
s ae n . d eo . s eu n	(392)
p a . s eu . t o	(393)
g a l	(394)
s a . b u . a	(395)
k a . l a m . j i n	(396)
t e m . p eu l	(397)
b eo . n a . d e . t eu	(398)
l u . a n . d a	(399)
p ae m	(400)
