j i . n i	(1)
p eu l . l ae . ch eo	(2)
d eu . b eu . l oe	(3)
k o . h eu	(4)
b i . d eu l	(5)
k a . u n . d a	(6)
p a . t i . n i . l eu	(7)
h a . we l	(8)
ae ng . g eo . s eu	(9)
e . s yeo	(10)
p e . h i . n eo	(11)
l i . yo ng	(12)
l a . i n	(13)
n e . l u	(14)
n o . b eu l	(15)
m a . u . l i . ch eu	(16)
ch a m . p i	(17)
k o n . s eu . t a n . t i n	(18)
l i . ch i	(19)
l u	(20)
l o . s i . n i	(21)
l i . g a	(22)
k a . l i m	(23)
e . b eo . h a . t eu	(24)
s eu . t i . b eu n	(25)
e . s eu . d eo	(26)
n i l . s eu	(27)
k o . m eo n . s eu	(28)
we l . s wi	(29)
m e . l i l . l i n	(30)
k a . s eu n	(31)
ae . d eu . k i n . s eu	(32)
i n . d o . n e . s i . a	(33)
t a . n i	(34)
d wi . n a ng	(35)
m a . l eu . k o	(36)
a n . t o . n i . o	(37)
b eu l . l a . u . t eu	(38)
k e . p eu l . l eo	(39)
l o . t i . o	(40)
