p i . d eu l . l eo	(1)
l o s	(2)
k eo . k eu l . l eo n . d eu	(3)
l ae m	(4)
k o m . s eu	(5)
d i . n a	(6)
s eu . t o n . h e n . j i	(7)
p o . ch eu . m eo . s eu	(8)
m e l	(9)
s u . s eu l . l o . p eu	(10)
d a . g e . l eu . m a n	(11)
h a . m e . n e . i	(12)
a n . t o . n i n	(13)
k a . l e l . l i . a	(14)
k o . k eo	(15)
j i l . l i . eo n	(16)
b eo . k eu	(17)
t i . h o . n o . p eu	(18)
k e l . l i	(19)
p eu . l a ng . s u . a	(20)
