b i . a n . k o	(1)
i m . s eu	(2)
j yu n	(3)
n o g . s eu	(4)
b i . s a . u	(5)
ae . d i ng . t eo n	(6)
m i . n i	(7)
s o l . t i	(8)
s o l . l o . g u . p eu	(9)
a . d o . n i . s eu	(10)
n ae s	(11)
k o n . s e b . s i . o n	(12)
m o . l eu . g eo n	(13)
p e . l a n . t eu	(14)
h o . p eo	(15)
b o . i . t eu	(16)
l i . b o	(17)
n i . k o l . l a . u . s eu	(18)
a . b eu . l a . h a m	(19)
l o . d ae ng	(20)
p o . k e	(21)
m o . l a . b i . a	(22)
k eo . s eu . t i n	(23)
m eo . u	(24)
l o s	(25)
g eu . l e . g o . l i	(26)
b o . g o . t a	(27)
s u . l a	(28)
l u . d i . g eo	(29)
a l . l a	(30)
a l . l ae ng	(31)
p eu . l e . d eu . l i g	(32)
ae l . l i . s eu n	(33)
b eu . l o . k eu . m a n	(34)
h e . l eu . d eo	(35)
h a . ya s	(36)
p i . j i	(37)
b a l . l i	(38)
g a . t eu . n eo	(39)
g e . l e . l o	(40)
k a . b e . n ya . k eu	(41)
n i . k o l	(42)
wa . i . k i . k i	(43)
t e . i . s ye . i . l a	(44)
l e . m i ng . t eo n	(45)
a . m o n	(46)
s u . k eu	(47)
l a . o . s eu	(48)
l a . b u . a . j i . e	(49)
k i . e . l eu . k e . g o . l eu	(50)
l eo n . d eo n	(51)
l o . l e n	(52)
p a . s i	(53)
t a . i l . l eo	(54)
n i . k o . s i . a	(55)
p e . l e . l o	(56)
g a . s a ng . d i	(57)
d a . u n . s eu	(58)
s i . k e l . l e	(59)
b ae n . k u . b eo	(60)
s i . s eu l . l e	(61)
h eo . s yeo l	(62)
m a . l i . a . n o	(63)
k eu . l i . s eu . t o . p eu	(64)
m a . s o ng	(65)
wi . m eo n	(66)
ye . s eu . p e . l eu . s e n	(67)
e . b eo l . l i n	(68)
b a . u m . g a . l eu . t e n	(69)
b eu . l o n . j eu	(70)
p eo . s eu	(71)
m e . s eu . k i . t a	(72)
h o . n o l . l u l . l u	(73)
a n . d e . l eu . s e n	(74)
e . i . eo	(75)
d a . u . d eu n	(76)
h o b . h a . u . s eu	(77)
p a n . d o l . p i	(78)
b o . l o n . ch o . p eu	(79)
p eu . l a n . s i . s eu . k o	(80)
l u . b i	(81)
t o . l i . ch e l . l i	(82)
b o g	(83)
l a . m a	(84)
m ae . d eu . p o . d eu	(85)
g o l . d eu . b e g	(86)
s eu . b e . l eu . d eu . l u . p eu	(87)
s a ng . g i . n e . t i	(88)
g eu l . l e n	(89)
n a . i . j i . l i . a	(90)
k a . i m	(91)
h i l . t i	(92)
l e . o n . h a . l eu . t eu	(93)
n a . i . m a n	(94)
u . d o ng	(95)
k i n	(96)
p eu . l e . d eu	(97)
u . d eu . h a . u . s eu	(98)
b eu . l a m	(99)
m a . l eu . k o	(100)
