w ai 1 . l i m 4	(1)
h a k 1 . l ei 5 . f u 1	(2)
k aa 1 . l o 4 . s i 1	(3)
b ei 3 . l ou 5	(4)
m aa 5 . l ei 5 . ou 3	(5)
l ai 4 . b aa 1 . n yu n 6	(6)
h aa k 3	(7)
h ei 1 . l aai 1 . h a k 1	(8)
d a t 6 . n ei 4 . s ai 1 . aa 3	(9)
b ou 3 . l aai 1 . g aa k 3	(10)
s aa t 3 . l ei 5	(11)
n ei 4 . n o k 6	(12)
n ei 4 . l o 4	(13)
aai 6 . f u 1	(14)
j a n 3 . d ou 6 . z i 1 . n aa 5	(15)
f u k 1 . d a k 6	(16)
s aa 1 . d a k 6	(17)
b aa 1 . s i 6	(18)
j i 1 . s i 1 . t aa n 2 . b ou 3 . j i 5	(19)
b ui 3 . d o 1 . f a n 1	(20)
d ou 6	(21)
h a k 1 . n i ng 4	(22)
p aa k 3 . l o 4 . d a k 6	(23)
n ei 4 . m ai 5 . s e k 6	(24)
p aa k 3 . s i 1	(25)
m ai 5 . c i t 3 . j i 5	(26)
f ei 1 . l eo t 6 . b a n 1	(27)
h a ng 1 . l ei 6	(28)
s o ng 1 . n aa 4	(29)
l ei 6 . l ei 6	(30)
b aa 1 . l a k 6 . s i 1 . t aa n 2	(31)
l ei 6 . m a t 6 . p ou 2	(32)
m a t 6 . j i 5 . d eo n 6	(33)
b a t 1 . k aa 1 . s o k 3	(34)
b ou 3 . j i 4 . n o k 6 . s i 1	(35)
ou 3 . d ei 6 . l ei 6	(36)
aai 6 . m aa n 6 . n ou 4	(37)
f ai 3 . n aa m 4 . d a k 1 . z i 1	(38)
l a m 4 . h a ng 2	(39)
w ai 1 . j i 5 . s i 1	(40)
h a k 1 . l ei 5 . s i 1 . t o k 3 . f a t 1	(41)
s i 2 . d ai 3 . f a n 1	(42)
s i 1 . d a k 1 . g o 1 . j i 5 . m o 1	(43)
b aa 1 . l ai 4	(44)
d a k 1 . l ei 5	(45)
s o k 3 . l o 4 . s i 1	(46)
m aa 5 . j i 5 . t aa 1	(47)
g aa 1 . n aa p 6	(48)
n ei 4 . j a t 6 . l ei 6 . aa 3	(49)
m aa 4 . s aa t 3 . z yu 1 . c oi 3	(50)
b a n 1 . c i 4	(51)
f o 1 . l o 4 . l aai 1 . d o 1	(52)
m ai 5 . l a k 6	(53)
h oi 2 . l ei 6	(54)
aa 3 . s ai 3 . aa 3	(55)
d ei 6 . ng aa 4 . g o 1	(56)
aai 6 . d a k 1 . d eo n 1	(57)
ou 3 . n ei 4 . l aai 1 . s i 1	(58)
j aa 5 . m u n 4	(59)
b aa n 1 . k i k 1	(60)
m ai 5 . l o k 3 . s e 2 . w ai 4 . k ei 4	(61)
w aa 4 . s i ng 6 . d eo n 6	(62)
d aa t 6 . s aa 1	(63)
m u ng 4 . t aai 3 . k ei 4	(64)
t aai 3 . l a k 6	(65)
t o ng 1 . s a n 4	(66)
au 1 . m ou 5	(67)
aa 3 . b ou 3 . l u ng 4 . n ei 4	(68)
d ou 6 . g aa k 3 . l aai 1 . s i 1	(69)
d i k 6 . k aa 1 . b ei 2 . ou 3	(70)
t i n 1 . n aa 4	(71)
aa 3 . s ai 3 . o n 1	(72)
aa 3 . b ou 3 . h aa 1 . z i 1	(73)
f u k 1 . j i 5 . m aa 5 . l a m 4	(74)
k aa 1 . aa 3	(75)
b aa 1 . j i 5 . h aa k 3 . s a p 6	(76)
g aa 1 . n i n 4 . w aa 4	(77)
f a n 1 . l aa n 4	(78)
m ai 5 . h oi 1 . l aa n 4 . g ei 1 . l o 4	(79)
n aai 5 . s i k 1	(80)
