t i . e . l eu	(1)
l a . i . d eo	(2)
h e . i . s eu . t i ng . s eu	(3)
k eu . l e . m o . n a	(4)
j e . i . m i . s eu n	(5)
a l . b a . n i . a	(6)
a . l eu . n e	(7)
l eu . wa n . d a	(8)
p eu . l i . ch eo . d eu	(9)
b eu . l i . t o	(10)
p a . u . s eu . t eu	(11)
k a . p u . t o	(12)
e . d eu . g a	(13)
g a . b eu . l i . e l . l i	(14)
t e . s a	(15)
e . d u . a . l eu . d o	(16)
t i n . d eu l	(17)
k i l . b i	(18)
p e . l u	(19)
l o . l ae ng	(20)
