h a l . l i . u . d eu	(1)
b o l . t eu	(2)
l e n	(3)
a l . j e	(4)
s wi . p eu	(5)
p i . a . ch e . t a	(6)
p o . d o l . s eu . k i	(7)
h a l . l eo	(8)
k u l . l a . u	(9)
wa . i n . b eo . g eu	(10)
p o . s e	(11)
t a . i l . l eo	(12)
k e . n eo n	(13)
j a . k a . l i . a . s eu	(14)
k o . n eo l . l i	(15)
d a . l i n	(16)
u . n a . m u . n o	(17)
h a l . t eo	(18)
d eu . l a . i . d eu n	(19)
k a . n o . b a	(20)
a n . j e . i	(21)
h o . l a . t i . u . s eu	(22)
g e . l eu . t eu . l u . d eu	(23)
d o . i . j i	(24)
k u . j ae ng	(25)
p i . t eu	(26)
k a . j a . h eu . s eu . t a n	(27)
ch e . h o . p eu	(28)
b eu . l ae . d i	(29)
e . l eu . h a . l eu . t eu	(30)
g eu . l o . s eu	(31)
g wi . yo	(32)
m a . l eu . t i . n u . s eu	(33)
h o . k eu	(34)
ch e n . n i . n i	(35)
b eu l . l a . i n . d eo	(36)
n e . b eu . l ae . s eu . k a	(37)
l i . n a . l e . s eu	(38)
b i . n i . eo n	(39)
g u . n o	(40)
l o . t i . o	(41)
ae l . l eo n	(42)
k a . b a . n a . s eu	(43)
d eu . g a	(44)
m a . k a . l o . p eu	(45)
h e n . l i	(46)
g e l . j e n . k i . l eu . h e n	(47)
b eu l . l u m . p o n . t e . i n	(48)
l o . i	(49)
d i . j eu . l e . i l . l i	(50)
s eo . s u n	(51)
t e . i l . l eo	(52)
p i . k o g	(53)
l e . m i ng . t eo n	(54)
ae . t eu l . l ae n . t a	(55)
k o n . wo l	(56)
m a . p e . k i ng	(57)
p a . i . n i ng . eo	(58)
wo . p eu	(59)
o . l eu . t e . g a	(60)
g i . b eo n . s eu	(61)
m a . k o ng	(62)
b e . l eu . n i . e	(63)
n i g . s eu n	(64)
b o . l o . s i l . l o . p eu	(65)
k o . l a . n a	(66)
l u . a n . d a	(67)
s a . m i . l eu	(68)
s yu . t o l . t e n . b e . l eu . k eu	(69)
h eo . s eu . t eu	(70)
l a ng . j u . b ae ng	(71)
j e . i m . s eu	(72)
k a . t eu . l a . i . t eu	(73)
d wi . p eu l . l e g . s eu	(74)
p e . t e . s eu . b u . l eu . k eu	(75)
p e . t eu . l i g	(76)
b a . b i l . l o n	(77)
l o . n a n	(78)
j e l . l a n . d eu	(79)
d wi ng . k e . l eu . k eu	(80)
n i . k o l	(81)
k o n	(82)
b i . t o	(83)
s eu . k eu . l ae n . t eo n	(84)
p o l . s eu n	(85)
s eo . t eo n	(86)
p a . s eu n . s eu	(87)
p ae . d i	(88)
b i . n a . i	(89)
p eu . l a n . ch e . s eu . k a	(90)
o . s eu l . l o	(91)
m o ng . t oe	(92)
e . j e . l eu	(93)
a . i . j e n . s yu . t a . i n	(94)
g o . b i	(95)
g eu . l o . t e . b o l	(96)
h i . g i n . s eu	(97)
b o . h e . m i . a	(98)
p o . t eo	(99)
o . b eu . l i	(100)
a . d e . n a . wo	(101)
wa . i . t eu	(102)
g eu . l e . g o . l eu	(103)
b e . b eo . l i . j i	(104)
n i . j e . l eu	(105)
m ae . d i . s eu n	(106)
yo . h a . n e . s eu . b eo . g eu	(107)
k i ng . s eu . t eo n	(108)
a . j a m	(109)
k eu l . l e . eo	(110)
eu m . b a . s o . g o	(111)
d e . j eu . m eo n . d eu	(112)
d e . eo . d eu . l eu	(113)
h o . p eu . m a n	(114)
g eu l . l e n . d e . i l	(115)
h a l . l i	(116)
l e m	(117)
p u . p i n	(118)
m e . s o . p o . t a . m i . a	(119)
k o l . l o . l a . d o	(120)
d e l . l i	(121)
d i . a n	(122)
l i . t eo n	(123)
e . p i . l u . s eu	(124)
s ye	(125)
m o . t e l . s o n	(126)
yo . l eu . d a n	(127)
p o . k eu . t eu	(128)
l e . g eo	(129)
k eu . l i . s eu	(130)
k eo m . b eo l . l ae n . d eu	(131)
p eu . l a . u n . h o . p eo	(132)
p a . n o . p eu . s eu . k i	(133)
m e . l e . d i . s eu	(134)
s yu . l a . i . eo	(135)
h o . g eo n	(136)
p a . t eu . l i . k eu	(137)
n a . n a	(138)
ch i . l a n . k i . e . b i . ch i	(139)
s yu . b a . i . ch eo	(140)
b a g . s eu . t eu	(141)
b i . b i . a n	(142)
m a . s eu	(143)
d o . s e	(144)
s i . j eo	(145)
l u . b i n . s yu . t a . i n	(146)
s eu . k i . ch eu . b e . l eu . g e n	(147)
k e . i n	(148)
g a . d eu . n eo	(149)
b a . i . l o . i . t eu	(150)
i . d eu	(151)
g a . t u . s o	(152)
b e . d eu l . l e . h e m	(153)
t u . l i n	(154)
b i . s eu l . l i . ch e . n u . s eu	(155)
h a . g eu . l i . b eu . s eu	(156)
o l . b eu . l i . h i	(157)
s o l . l i . s eu	(158)
p e . g i	(159)
b e . d e . k i n . t eu	(160)
g ae . l i . s eu n	(161)
d a . i . eo	(162)
m o . n e . t a	(163)
e l . s eu . h a . i . m eo	(164)
b i . t i . h i	(165)
s wi . s e	(166)
b ae m . b eo . g eo	(167)
a . b o . g a . d eu . l o	(168)
wi . d eo . s eu . p u n	(169)
g eu l . l e m . p eu	(170)
j o . b i m	(171)
k e l . l i	(172)
l eu . b oe . p eu	(173)
h o b . k i n . s eu	(174)
a l . p a	(175)
s i ng . g eu l . t o n	(176)
g ae . l i g	(177)
p eu . l a n	(178)
j a . n a	(179)
b a . l eu . g a	(180)
s e . i . n i	(181)
p u . e n . t e . s eu	(182)
s e . s a . l eu	(183)
b a . l o . u	(184)
l i . k a	(185)
l e . n a . t o	(186)
l e . i n . j eo	(187)
b eu l . l ae g . b eo n	(188)
s yu . t a . i . n eo	(189)
h eo . g i n . s eu	(190)
e . l i . t eu . l e . a	(191)
yu . b eo . b e g	(192)
e l . g i n	(193)
n a . u . l u	(194)
ch e . l eu . n o . p eu	(195)
m eo n	(196)
g u . s eu . t a . p eu	(197)
s yeo . u . d eu	(198)
i . g eu l . l e . s i . a . s eu	(199)
l i . p i	(200)
b eo . s eu . t a . i n	(201)
k a . l eu . d u . ch i	(202)
k o . wa . n i . e	(203)
l a . l eu . s e n	(204)
h u l . l i . o	(205)
m o . l a	(206)
ae . d eo m . s eu	(207)
k a . m a . i . k eu l	(208)
b ae . l o n	(209)
m o . s eu	(210)
a l . l e g . s a n . d eu . l eu	(211)
b a . d e m	(212)
m i . d eu . we . i	(213)
k o l . m ae n	(214)
m i l . l e . i	(215)
j e . n i	(216)
k ae . s eo . l i n	(217)
s i . eo . l eo	(218)
eo . b i n	(219)
s eu . k o . t eu	(220)
s a . u . s ae m . p eu . t eo n	(221)
j i . m e n . s eu	(222)
k o l . l o m . b i . a	(223)
n a . h a	(224)
l o . ch e . s eu . t eo	(225)
m a . m u . d eu	(226)
g i . a . n a	(227)
a n . d eu . l e . u	(228)
b o l	(229)
k eu l . l i . b eu l . l ae n . d eu	(230)
s eu . t e . i . s i	(231)
g eu . l a . p eu	(232)
m o ng . g o	(233)
o . l eu . b eo n	(234)
m o . s eu	(235)
p e . l eu . n a n . d e . s eu	(236)
l i . m a	(237)
p e . s eu . t eo . s eu	(238)
b e l . l i	(239)
g e . l eu l . l a . h eu	(240)
e . m i l	(241)
k eu l . l e . i . t eo n	(242)
b eo . d eu	(243)
h a . i . m e	(244)
g eu . l a . n i . t eu	(245)
p eu l . l a . eo . t i	(246)
l o . l i	(247)
g a . n a	(248)
s eu . b e . d e n . b o . l i	(249)
k eu l . l a . u . d i . a	(250)
t o ng . g a	(251)
o . k eu . s yeo . t eu	(252)
b eu l . l a . d i . m i . l eu	(253)
l o l . p eu	(254)
wa . i . eo s	(255)
j ae n . s eu . k i	(256)
l a . m wi	(257)
l u . b i . o	(258)
ch eu . b a . i . k eu	(259)
h o b . s eu . b o m	(260)
a n . ch e n . g eu . l u . b eo	(261)
t eu . l e . i . s i	(262)
b eo . j i l	(263)
k ae n . t eo . b e . l i	(264)
t o . m a	(265)
s u . p eu l . l o	(266)
l u . g a	(267)
t a . i l . l eo	(268)
p eu . l ae ng . k eu l . l i n	(269)
b eu . l i . j i . p o . t eu	(270)
j i . l a . d eu	(271)
n e . d eo l . l a n . d eu	(272)
g eu . l o . s eu . m eo n	(273)
h a . i n . n i . n e n	(274)
g eo . t eu . l u . d eu	(275)
s eu . t o	(276)
d o . d o . m a	(277)
t a . h i . t i	(278)
p i l . h i . n eo	(279)
k eu . l e . s a ng	(280)
d o n	(281)
h wi . p eu l	(282)
l i . s ye	(283)
ch o m . s eu . k i	(284)
t o l . l eo n . d eu	(285)
p o n . t e . i n	(286)
o . s yu	(287)
k eo . n i . eo	(288)
l eo . s eu . k eu	(289)
g wa ng . d u ng	(290)
ae . b eo . n e . s i	(291)
a . u . s eu . t eo . l i . ch eu	(292)
g a . s eu . t o ng	(293)
g wa . l eu . d i . n i	(294)
e . s eu . p i . n o . j a	(295)
d ae . l a	(296)
b e . l o . k i . o	(297)
g o l . d eu	(298)
b i . e . l eu . k eu . n e . s eu	(299)
wi n . p eu . l e . d eu	(300)
s o . b i	(301)
n o . l o . n ya	(302)
s wi . p e . l eu . b i . e l	(303)
n a . i . l eu	(304)
e l . l e n	(305)
k i . e . l eu . k e . g o . l eu	(306)
h a m	(307)
k o n . ch a	(308)
k o l . l eo	(309)
h a . d i ng	(310)
k eu l . l i . eo . wo . t eo	(311)
m i . d eu	(312)
ya . k o b . s eu n	(313)
p i . k o l . l i	(314)
d a . n i . e l . j eu	(315)
a . d o . n i . s eu	(316)
h o . n e . k eo	(317)
p i . s a . n e l . l o	(318)
j o . j i . t a . u n	(319)
j u l . s eu	(320)
a . i . j a g	(321)
d o . n a . h yu	(322)
t eu . l i . s eu . t a ng	(323)
g eu . l e . i . eo m	(324)
b u . l eu . j u . a	(325)
wi . t eu . l e . h eu . t eu	(326)
o . b i l	(327)
d e . b eo n	(328)
k eu . l o m	(329)
l e . d i ng	(330)
s wi l . d eu	(331)
e . m eo . l i . h i	(332)
j o n . s eu	(333)
a b . d u l	(334)
b eu . l e . j i n . s eu . k i	(335)
p e . l eo	(336)
s yo l . ch eu	(337)
l eo . s eu . k i n	(338)
s i . m eo n . j eu	(339)
l i . s a . j u	(340)
s i . d eu . n eo m	(341)
p i . s a . l o	(342)
h i l . t eo n	(343)
g o . p eu . m eo n	(344)
p eu l . l o . l e n . s eu	(345)
l i . d eu	(346)
i . l e . i n	(347)
u . j eu	(348)
b i . o n	(349)
l a . b eu l . l e	(350)
b i l . l a . n i	(351)
b o . s ya ng	(352)
j u . o	(353)
p o g . s eu	(354)
b a . i . ch eu . m a n	(355)
g eu . l a . s eu . m a n	(356)
n o . n o	(357)
k wo n . t i n	(358)
j wi l . l i . ae ng	(359)
g a . d a . m eo	(360)
p u . s i . k i n	(361)
b o . i . t eu	(362)
ch a n . d eu . l a . s e . k a . l eu	(363)
k i n . k i . n a . t u . s eu	(364)
l eu . n a . l eu	(365)
g e . o . l eu . g eu	(366)
k i . eo . s eu l . l i	(367)
l o . t a	(368)
t i m	(369)
n o . i . s eu	(370)
s i . m i . ch i	(371)
s yu l . ch e	(372)
o . eo	(373)
b e l . p a . s eu . t eu	(374)
l e n	(375)
a ng . g e l . l i . k a	(376)
b ae g . s eu . t eo	(377)
b eu l . l a . s yu	(378)
h a . m e . n e . i	(379)
p e . t eu	(380)
l o . d o l . p o	(381)
g eu . l o . t i . u . s eu	(382)
b e l . h a . b e n	(383)
s eu . t i . b eu n	(384)
s e . l eu . g e	(385)
u . j i	(386)
g ae n . t eu	(387)
k a . l i	(388)
p e . i . s eu	(389)
e . k eo	(390)
m e . s eu . t eu . l eu	(391)
e . s eu . l a	(392)
k i . l a	(393)
k a l . l i . m a n . t a n	(394)
a . b i . j a ng	(395)
k a . s eu . t e l . l o	(396)
n a . o	(397)
k a ng . d e l . l a	(398)
h o l . l eo . we . i	(399)
o . s e n	(400)
n o l . l eo n	(401)
l a . u . s yeo n . b u . s i	(402)
j a . k o . s a	(403)
b e . n e s	(404)
g u l . d eu	(405)
h i . ch i	(406)
n o . l eu . m a ng . d i	(407)
s yu . t e . p i	(408)
k a . s a l . s eu	(409)
k a . i . j eo l . l i ng	(410)
p eu . l i . t o . l i . a	(411)
a . l eu . m e . n i . a	(412)
k o . s i	(413)
k e m . n i . ch eu	(414)
j a . k eu	(415)
s yae . h i n	(416)
h o n . b i	(417)
l wi l . l i	(418)
n e . s eu . t o . l eu	(419)
b eo n . s eu	(420)
b i l . l i	(421)
l i l	(422)
o . p e n . h a . i . m eo	(423)
m a . s eu . t eo n	(424)
p a . t eu . l i . s eu	(425)
d i g . s eu n	(426)
k a m . b o . d i . a	(427)
l o . k a	(428)
b i . e n . t i . a n	(429)
k a . p u . a . n a	(430)
l u . l i . a	(431)
b eu . l e . i	(432)
l a . h e l	(433)
s eo . l i	(434)
h e b . b eo n	(435)
p i . j eo n	(436)
n e . m a . n ya	(437)
h a . d i	(438)
b u . s yu	(439)
m i . l a	(440)
p o ng . s eu	(441)
b eo . g eu	(442)
b eu . l o . d eu . s eu . k i	(443)
m a . n ya . n i	(444)
p i n . ch i	(445)
l o . ch e	(446)
s a . b u . a	(447)
b a . l i . o . s eu	(448)
h o . a . k i n	(449)
s ye l . l i	(450)
j a . i . p u . l eu	(451)
o . t eu . l e . d eu	(452)
g o l . t eu . s yu . m i . t eu	(453)
d a . k a	(454)
b eo . l i ng . t o n	(455)
b e . n i . t o	(456)
t i n . d eu l	(457)
s i n . d i	(458)
ch a l . t eo n	(459)
b u l . g a . k o . p eu	(460)
l u g . s e m . b u . l eu . k eu	(461)
h o l	(462)
j e . l o m	(463)
a . b e . g eu	(464)
s yu . p e l . t eu	(465)
h u . s eu	(466)
a . d eo	(467)
k a l . l i . a . l i	(468)
s i . g a	(469)
p o . g e l	(470)
n i . k eo l . l eo . s eu	(471)
k e . i . m eo n	(472)
b o l . l o . g eu	(473)
l a . k o m	(474)
s i ng . k eu l . l e . eo	(475)
b e . l eu . n a . l eu	(476)
d e . i l . l i	(477)
ya . k o . p eu	(478)
s yu . t o . k eu . h a . u . j e n	(479)
k eu . l e . s o ng	(480)
d i g . s i . t eu	(481)
p a . m i ng . t eo n	(482)
l e . s eo	(483)
s yu l . ch eu	(484)
b o . i . d eu	(485)
b e . k e n . b a . u . eo	(486)
b eu . l a . j i l . l i . a	(487)
ae . n i	(488)
k a . ye n	(489)
p u . n a . p u . t i	(490)
m o ng . g o l . p i . e	(491)
ae n . t eu . wo . p eu	(492)
a . n i . k a	(493)
wi n . ch i	(494)
d e . i . b i . s eu n	(495)
p eo . t eu . l i . s ya	(496)
ch e . k o	(497)
e l . l i . s eu	(498)
s eu . t i . b eu n . s eu n	(499)
s eu . b e n . s o n	(500)
n o . l eu . b e . l eu . t eu	(501)
s eu . m o l . l i	(502)
p o . t yo m . k i n	(503)
k eu . b a n . ch eu	(504)
b u . h eu . n eo	(505)
d i l	(506)
j u l	(507)
l eo . b a . i n	(508)
p a . m e l . l a	(509)
s e . k eo l	(510)
e . d i	(511)
b eo . b ae ng . k eu	(512)
o . s eu . b eo . t eu	(513)
m e . l i . t eu	(514)
k o n . s eu . t a n . t i . n e . s eu . k u	(515)
l i . b eo . m o l	(516)
u l . s eu . t eo n . k eu . l ae . p eu . t eu	(517)
p eu . l a ng . s eu . i n	(518)
p e . l e n . ch eu	(519)
l i n	(520)
a . b i . l eu	(521)
s yo . s eu . t a . k o . b i . ch i	(522)
p eu . l a . g eo	(523)
u . d eu	(524)
d a . ya n	(525)
b eo . m a	(526)
m wi n . h e n	(527)
ae . t u . d eu	(528)
k e . i . t i	(529)
s yu . n a . i . d eo	(530)
l u . s yu . d i	(531)
b o . b e . l i	(532)
a n . d o . l a	(533)
b eu . l u . n i	(534)
l i n . d eu n	(535)
s a ng . d eu	(536)
we l . j eu l . l i	(537)
n ae s	(538)
a . g a . l eu . wa l	(539)
s yu . b i . t eo . s eu	(540)
u l . b eo . h ae m . t eo n	(541)
l a m . p eu . l e . h i . t eu	(542)
j e . n i ng . s eu	(543)
l eu . n u . a . l eu	(544)
yo . k eu . s yeo	(545)
g eu . l e . k o	(546)
g o l . d eu . m a n	(547)
l u . s i	(548)
p e l . d eo	(549)
k eu . l e . s eu . p o	(550)
m yu . l i . s eu	(551)
h ae ng . k eu	(552)
b e . i n	(553)
p eu . l a . i . t a . k eu	(554)
k o . n e . s eu . k i	(555)
b eo . n a . d e . t eu	(556)
b e . t i . n o	(557)
s a . u l	(558)
l i n . d a	(559)
j e . l eo l . d eu	(560)
d o g . i l	(561)
b o . s yu	(562)
m a . t ae	(563)
j a . o . j eo n	(564)
n i . m u	(565)
s eu . n a . i . d eo	(566)
b u . t e . n a n . t eu	(567)
a . s e l	(568)
p e l . l i . s i . a	(569)
a l . m e . i . d a	(570)
l o . k o	(571)
g wa . d a l . l a . h a . l a	(572)
p i . p eu . s eu	(573)
n e l . l i	(574)
ch e . s eu	(575)
k a . l eu . m e n	(576)
h a l . l i	(577)
p e . l i . s eu	(578)
k eu . l o m	(579)
h a . i n . l i . h i	(580)
l o . s eu n	(581)
p e . a . n o	(582)
l a . i . h i	(583)
ss i . eo . s eu	(584)
m a . n a . m a	(585)
i . s eu . t eo n	(586)
ya . o	(587)
l ae n . d eu . g eu . l e . b e	(588)
k u . t eo	(589)
g eu . n a . i . s eu . t eu	(590)
n u . k u . a l . l o . p a	(591)
j i . o . n o	(592)
ya n	(593)
k o . p eu l . l a	(594)
p i n . t o	(595)
l i . d eu l . l i	(596)
m a . n a . g wa	(597)
k eu . l e . i n	(598)
m a . j e . l i	(599)
l e . eo . d eu	(600)
