l i . s eu . m eo n	(1)
d e . b eu . s eu	(2)
e n . b e . l eu	(3)
k i . l i . b a . s i	(4)
t eu . l i . n i . d a . d eu	(5)
b o . s eu . t eo n	(6)
s eu . k eu . l ya . b i n	(7)
l a . m a	(8)
l e . b e n . h u . k eu	(9)
n i l . s eu	(10)
s eu . p eo l . l i ng	(11)
g eo n . d eo . s eu n	(12)
m a . t i n . d e . i l	(13)
j i m . l o . k eu	(14)
l o . m e . l o	(15)
h o n	(16)
d a . u . d eu n	(17)
d e . s a . u	(18)
m e . l i . eo m	(19)
m a . k i . a . b e l . l i	(20)
k a . d e . n a	(21)
k a . p i . ch a	(22)
yu . d i . s eu	(23)
h a m . j a	(24)
k a . l eu . d i . n a l . l e	(25)
s a . i . m eo n . j eu	(26)
p o n . t a . n e	(27)
h u . s eu	(28)
k eu . l o . n e	(29)
j i l . l a . d eu	(30)
l o l . l a n . d o	(31)
b o . n i	(32)
s yu . ch eu	(33)
b e n	(34)
i . s eu . l a . e l	(35)
h e l . l eu m . s eu	(36)
p eo . k i n	(37)
d a . u . s eu n	(38)
a . i . h e n . d o . l eu . p eu	(39)
p u l . l eo . t eo n	(40)
b i l	(41)
b e . n e . d e . t o	(42)
u l . l i	(43)
p o . k eu . t eu	(44)
t i . g a . d eu n	(45)
m a . t i . a . s eu	(46)
k a l . l i . d eu	(47)
u . s eu . t eo	(48)
m e . l eu . ch eu	(49)
m i . h eu . n i . k eu	(50)
d i . p o	(51)
a n . t o . n i . o	(52)
l a . i . eo n	(53)
l a . i . t eu	(54)
l i l . l i . eo n	(55)
j ae g	(56)
b a . s eu . k o	(57)
h i l . t i	(58)
p o . t i n . j eo	(59)
g i . yu . m ae ng	(60)
b e . l eu . k eu . m a n	(61)
k o . p eu l . l a	(62)
l e . b e . d e . p eu	(63)
l a . s e	(64)
d a . wi n	(65)
o n . t a . l i . o	(66)
e l . s eu . h a . i . m eo	(67)
a . l eu . b o l . l e . d a	(68)
a n . j e l . l o	(69)
t i . h u . a . n a	(70)
l o . j i	(71)
k eu l . l a . u . s eu	(72)
k o n	(73)
p o . l eu . t a	(74)
l i n . d e	(75)
g eu l . l a . j u . n o . p eu	(76)
h e . i n . j eu	(77)
p o ng . t e n . b eu l . l o	(78)
wi . l eu . b ae ng	(79)
wa l . d o	(80)
ch e l . l i . n i	(81)
k ae . m eo . l eo n	(82)
l a . s a	(83)
b o l . d eu . wi n	(84)
l eo n . d eo n	(85)
p o . j o	(86)
s eu . h u . s eu . t e . l eu	(87)
b a l . m eo	(88)
m a . l eu . s ye	(89)
m e l . b i l	(90)
k u . j eu . n e . ch o . p eu	(91)
e . d i	(92)
m o . d i l . l i . a . n i	(93)
p eu . l a . g a	(94)
l i . k o	(95)
b i l . l i	(96)
s yu . l a . i . eo	(97)
p e . l eu . d i . n a n . d eu	(98)
t o . l eu . b a l . s e n	(99)
m a . l i . a n	(100)
