m o 1 . g a n 1	(1)
b aa 1 . s i 6	(2)
m o 1 . j i 5	(3)
b o 1 . l aa n 4	(4)
n au 2 . k aa 1 . s ou 3	(5)
oi 3 . k a m 4	(6)
g aa 1 . n i n 4 . w aa 4	(7)
b ou 2 . l o 4	(8)
h a k 1 . l eoi 4 . d ai 3 . o n 1	(9)
aai 6 . f u 1	(10)
oi 3 . d a k 1 . l ei 5	(11)
c oi 3 . j i 5 . w ai 4 . aa 3	(12)
g aa 3 . f e 1 . j a n 1	(13)
b aa 1 . ng o k 6	(14)
aa 3 . s ai 3 . o n 1	(15)
k aa 1 . f u 1 . k aa 1	(16)
m ai 5 . h a k 1	(17)
aa 3 . d o ng 1	(18)
b o 1 . j a n 1	(19)
ng au 4 . d eo n 6	(20)
h i t 3 . s i 1 . d ai 2 . l ei 5	(21)
b ui 3 . l ou 5 . d a k 6	(22)
b ei 2 . l ei 6 . s i 4	(23)
m aa 5 . h aa 1 . t ai 3 . j i 5	(24)
m o 1 . t o k 3 . l o 4 . l aai 1	(25)
ou 3 . l a m 4 . p a t 1 . h a k 1	(26)
z yu 1 . g u 2 . l i k 6	(27)
j au 4 . l ei 5	(28)
n oi 6 . w aa 4 . d aa t 6	(29)
h a k 1 . l a m 4 . g aa k 3	(30)
n ei 4 . c oi 3 . aa 3	(31)
l oi 4 . l ei 6	(32)
g aa k 3 . l i ng 4 . l aa n 4	(33)
l o 4 . m aa 5 . n ei 4 . aa 3	(34)
aai 6 . d a k 1 . d eo n 1	(35)
h o ng 1 . n aai 5 . j i 5	(36)
j i 1 . s o k 3 . b ei 2 . aa 3	(37)
l aai 1 . s ou 3	(38)
t o ng 1 . m aa 5 . s i 6	(39)
aai 6 . m aa n 6 . n ou 4	(40)
w ai 4 . g a t 1 . n ei 4 . aa 3	(41)
l o 4 . b a n 1	(42)
b aa 1 . z i 6 . ou 3	(43)
m aa 5 . d aa t 6 . g aa 1 . s i 1 . g aa 1	(44)
m aa 5 . l ei 6	(45)
w u 1 . t o k 3 . b o ng 1	(46)
oi 3 . j a n 1 . s i 1 . t aa n 2	(47)
s aa 1 . d a k 6	(48)
s aa 1 . l aai 1	(49)
h oi 2 . d ei 6	(50)
aa k 1 . j i 5	(51)
w ai 4	(52)
m aa 5 . j i 5 . d oi 6 . f u 1	(53)
m aa 5 . h a k 1	(54)
h aa 1 . g a n 1	(55)
n au 2	(56)
l aai 1 . s i 1	(57)
oi 3 . w aa 4 . d eo n 6	(58)
m ai 5 . l aa n 4	(59)
d aai 3 . w ai 4 . s i 1	(60)
