b e . ch e l . l i . o	(1)
l i . s e n . k o	(2)
l a . h o . l eu	(3)
n e . l eu n . s eu . t eu	(4)
e . d u . a . l eu . d o	(5)
t o l . k i n	(6)
s eu . t eu . l ae . p eo . d eu	(7)
h e n . ch e	(8)
d u . s ya n . b e	(9)
o g . t a . b i . a	(10)
ya . u n . d e	(11)
s e l . l i . g eu . m eo n	(12)
yo n	(13)
p oe . l eu . s eu . t eo	(14)
j a . k o . b i	(15)
j o . d a n	(16)
l e . n a . t o	(17)
l u . d i . g eo	(18)
g a . wo	(19)
k eu l . l u . j o	(20)
