k @: _3 . l e _1 . i-n _1	(1)
n @I _1 . b_< i _1 . @: _1	(2)
l i _1 . b_< E-k _2 . m a:-n _1	(3)
b_< o _1 . v E _1 . r\ i _1	(4)
b_< e _1 . n a: _1 . v E-n _1 . t e _1	(5)
b_< u@-k _2 . b_< o-n _1	(6)
m a:I _1 . s` @: _1	(7)
a: _1 . n a: _1	(8)
v @:-n _1 . t a: _1 . v a: _1	(9)
b_< E _1 . r\ e _1	(10)
G o-N _1 . k u@ _1	(11)
t o-n _1 . G a: _1	(12)
a:-k _2 . b_< @: _1	(13)
b_< a:-k _2 . t e _1 . n o-N _1	(14)
k a:-t _2 . s` @: _3 . m i@ _1	(15)
m a: _1 . l i _1 . a: _1 . v i-n _1	(16)
m a:-k _2 . k a: _1	(17)
m e _1 . s i _1 . k o _1	(18)
b_< a: _1 . ts` i-t _2	(19)
m i-t _2 . s` a:U _1 . r\ i _1	(20)
o _1 . k a: _1 . z a: _1 . k i _1	(21)
b_< a: _1 . x @: _1 . t i-n _1	(22)
m o-p _2 . t i _1	(23)
k i-n _1	(24)
l e _1 . s` @: _3 . b_< o _1	(25)
l o-t _2	(26)
h i _1 . s` @: _3 . t a:-t _2 . s` @: _3 . b_< e _1	(27)
G a:-k _2 . f a:-n _1 . h a: _1 . n a: _1	(28)
EU _1 . b_< @:-t _2	(29)
h O _1 . s` a:-m _1	(30)
G @: _3 . r\ o _1 . m E _1	(31)
k o _1 . r\ o _1 . m a:-n _1 . d_< E-n _1	(32)
k @: _3 . r\ iU _1	(33)
b_< a:-t _2	(34)
G a: _1 . r\ o-n _1	(35)
m u _1 . G a: _1 . b_< e _1	(36)
t a: _1 . n e _1 . G a: _1 . s` i _1 . m a: _1	(37)
b_< u-n _1	(38)
t a:-k _2 . f @I _1 . a: _1	(39)
J\ E-n _1	(40)
