b a . i . d e n . l a . i . h i	(1)
p o . i n . t eu	(2)
t e . n i . s eu n	(3)
t eu . l e n . t eo n	(4)
p o . d eu	(5)
b a l . l e . l a	(6)
h a . s a . n a l	(7)
k eu . l o . m eo	(8)
wi l . p eu . l e . d eu	(9)
s a l . m o ng	(10)
l e . i . s eu	(11)
b eu . l e n . t a . n o	(12)
b a . i . eo	(13)
k wi . l e l	(14)
n a . i . l eu	(15)
s eu . t i . b eu n	(16)
o . p e . l eu . t eu	(17)
eo b . d a . i . k eu	(18)
k u . l eu . s eu . k eu	(19)
k o l	(20)
