h uai _2 . s e n _1 (1)
q i _2 . t e ng _2 . d e ng _1 (2)
b a _4 . h uo _4 (3)
g e _2 . l i _3 . s i _1 . w o _4 . e r _3 . d e _2 (4)
l a _1 . d e _2 . n a _4 (5)
ai _1 . e r _3 . m u _3 . h e _4 . s i _1 . t e _4 (6)
s i _1 . t e _4 . l i _3 . p o _4 (7)
b a _4 . j i _1 . e r _3 (8)
d e _2 . s ai _4 . e r _3 (9)
h e _4 . s ai _4 . e r _3 (10)
l i _4 . b a _4 . t a _3 (11)
s uo _3 . e n _1 (12)
x i _1 . c i _2 (13)
h uo _4 . e r _3 . d u n _4 (14)
h ai _3 . l i _4 (15)
j ie _2 . l ei _1 . s e n _1 (16)
j i _2 . l ie _4 . t e _4 (17)
n i _2 . k e _1 . e r _3 (18)
b ei _4 . e r _3 . j i n _1 (19)
b o _1 . t a _3 . m o _4 . s i _1 (20)
b e n _3 . s ai _4 . e r _3 (21)
a n _1 . d e _2 . l ei _1 . s i _1 (22)
m ei _2 . t e _4 . l i n _2 . k e _1 (23)
s i _1 . n uo _4 . d e ng _1 (24)
k e _4 . l a _1 . q i _2 . l i _4 (25)
w ei _2 . p u _3 . e r _3 . s i _1 (26)
a _1 . h e _4 . t e _4 (27)
k e _1 . zh a _1 (28)
h a _1 . m ei _2 . l i n _2 (29)
s i _1 . t e _4 . l ai _4 . b i _3 (30)
ai _4 . e n _1 (31)
b a _4 . n ai _4 (32)
b u _4 . l a n _2 . n i ng _2 (33)
k a _3 . e n _1 (34)
b ei _4 . z i _1 . l i _4 (35)
g e _2 . l i _4 . k e _4 . s e n _1 (36)
d i _2 . q i _2 (37)
ai _1 . w a _3 . e r _3 . d e _2 (38)
l ai _4 . c e _4 . e r _3 (39)
f u _2 . l ai _2 . w ei _2 . e _4 . s i _1 (40)
