s eu . t eu . l ae n . d eu	(1)
m u . l eu . m a n . s eu . k eu	(2)
k a . j a n	(3)
k a . s u	(4)
e l . m o	(5)
l i . o . n e l	(6)
i n . d i . ae . n a . p o l . l i . s eu	(7)
b eo . n o n	(8)
p u . k e	(9)
p e . i	(10)
p e . t eu . l a . l eu . k a	(11)
a l . l e n . k a . l eu	(12)
s e . k eo l	(13)
t e . l i	(14)
b o l . p eu	(15)
b eu . l ae . d eu l . l i	(16)
l a . g e . l eu . k eu . b i . s eu . t eu	(17)
g o l . d eu . b eo . g eu	(18)
e . s eu . t eu . l a . d a	(19)
k a n . d a . h a . l eu	(20)
