r\ o _1 . b_< E-k _2 . v a:-n _1	(1)
s` e _1 . l @: _1	(2)
t i _1 . t i@-n _1	(3)
v i _1 . t @: _1 . r\ a:-k _2	(4)
n u _1 . k u _1 . a: _1 . l o _1 . f a: _1	(5)
z o-m _1 . b_< a: _1	(6)
s` O _1 . l @U _1	(7)
k o _1 . s` 1 _1 . G i-n _1	(8)
t o-n _1 . G a: _1 . t a: _1 . b_< u _1	(9)
l o-p _2 . b_< u _1 . r\ i _1	(10)
k O-k _2 . s @: _1	(11)
n a: _1 . b_< o _1 . l i _1	(12)
i-m _1 . h o _1 . t E-p _2	(13)
k a:-n _1 . d_< a: _1 . l a:-t _2 . s a: _1	(14)
l o-n _1 . G a: _1	(15)
m aU _1 . d_< a:U _1	(16)
b_< a: _1 . t a: _1 . n i _1	(17)
l E-n _1 . z ui: _1 . n e _1	(18)
t o _1 . b_< a: _1 . G o _1	(19)
t o _1 . r\ i _1 . o-t _2	(20)
