b a . l e . l a	(1)
e ng . g e l	(2)
b eu . l e . j u . n e . p eu	(3)
we . i l	(4)
p u l . l a ng . k eu	(5)
b eo . d i	(6)
l e g . s i ng . t eo n	(7)
l a . s o	(8)
e . d eu . g a	(9)
b i . g e l . l a n	(10)
a . i n . h o n	(11)
o . t o	(12)
j o n . s eu . t a . u n	(13)
l i n . d eu n	(14)
j a . i . p e l	(15)
h eo . b eu	(16)
m a . l eu . ya . t a	(17)
p o . ch eo n	(18)
p i . n a	(19)
m o . l i . s eu n	(20)
