ya . s eu . p eo . s eu	(1)
b o l . k e . l eu	(2)
j ae m	(3)
d wi . k a	(4)
d e m . s i	(5)
s yu l . l a . i . d e n	(6)
k i . j i ng . g eo	(7)
d yu . t o n	(8)
p e l . l i . s i . a	(9)
l i n . j i	(10)
m e . g a n	(11)
k o . m eo n . s eu	(12)
k e . n e . s eu	(13)
p eu . l i . m ae n . t eu l	(14)
m o . l eu . g eo n	(15)
b o . k a . ch i . o	(16)
ae ng . g eo . s eu	(17)
t o . m a	(18)
n o . m a	(19)
e . b a l	(20)
b o . l o	(21)
k a ng	(22)
l a . d eu . b eu . l u . h eu	(23)
k a . p eu . l i . b i	(24)
n e . b a . d a	(25)
s eo g	(26)
g i . b eu . s eu n	(27)
m o . h a . m a . d eu	(28)
l u . s o	(29)
l i . b a	(30)
k e l . l i	(31)
l u . i	(32)
o l . t eu . m eo n	(33)
eu m . b a . b a . n e	(34)
l e . i . t eu n	(35)
e . k eo . m a n	(36)
g eu . l e . i	(37)
s a . h a . l a	(38)
l a . b i	(39)
g a m . b i . a	(40)
