w aa 4 . n aa-p 6	(1)
w ai 1 . s i 6 . g ei 6	(2)
l aai 1 . s ou 3	(3)
f o 1 . s o-k 3 . j u-k 1	(4)
j au 4 . t aai 3	(5)
m ai 5 . l a-k 6	(6)
c oi 3 . j i 5 . w ai 4 . aa 3	(7)
k aa 1 . t aa-p 3 . j i 5	(8)
aai 6 . h i-t 3 . j i 5	(9)
aa 3 . j i 5 . k a-p 6 . l ei 6 . aa 3	(10)
m o 1 . m u-n 4	(11)
h oi 2 . l eo-n 4	(12)
w aa 4 . s i-ng 6 . d eo-n 6	(13)
m ai 5 . d a-k 6 . l aa-n 4	(14)
f u 3 . l eo-n 4	(15)
j oe-k 3 . d aa-n 3	(16)
ou 3 . s i 1 . t i-ng 1	(17)
m aa 5 . d a-k 6 . l aai 1	(18)
aa-k 1 . j i 5	(19)
k aa 1 . l o 4 . s i 1	(20)
