d o l . p eu	(1)
p i . k o g	(2)
s ae n . d eo	(3)
g i . ye . l eu . m o	(4)
p eu . l i . t o . l i . a	(5)
b a . s yu l . l a . l eu	(6)
l i l . l i . eo n	(7)
p a . b eu l . l o	(8)
g u . t eu . l i	(9)
m a ng	(10)
k o . b a l . l e n . k o	(11)
b o . s eu	(12)
k yu . b eu . l i g	(13)
d wi . b u . a	(14)
k i . n o g	(15)
s u . d a n	(16)
h o . j a	(17)
b i . yo . k eu	(18)
m a . i . e . m i	(19)
g u . s e . j u	(20)
b e . a . t eu . l i . s eu	(21)
b e . i . d eo	(22)
m e l . l eo n	(23)
g e . l eu . t eu . l u . d eu	(24)
s eu . t e . p eu n	(25)
ya . m u . s u . k eu . l o	(26)
d i . ch eu . g e n	(27)
wo . p eu	(28)
o . k eu l . l ae n . d eu	(29)
a l . h e . s i . l a . s eu	(30)
s ya . h eu . t eu	(31)
s i . b o . g eu	(32)
k o . k o . s yu . k a	(33)
s e . l eu . j o	(34)
a l . p eu . l e . d eu	(35)
n o . b eu . g o . l o . t eu	(36)
n e . k e . l eu	(37)
b a ng . d a	(38)
t o . l eu	(39)
p eo l	(40)
b o . u . d e n	(41)
n o . a	(42)
s eu . t e . p a . n i	(43)
b a . l eu . m e n	(44)
ae n	(45)
o . n e . g i n	(46)
p e . p e	(47)
l eo . s i . a	(48)
g ae . s eu . k e l	(49)
a . l eu . ch i . b a . s ye . p eu	(50)
p o l . l a . n i	(51)
o . i . g e n	(52)
a l . m e . i . d a	(53)
b eu . l e . t eu n	(54)
p o . k eo	(55)
e m . s eu	(56)
b i ng . k e l . m a n	(57)
d o . n a . t o	(58)
s e . i . b i n	(59)
h i n . d u . s eu . t a n	(60)
h a . n e l . l o . l e	(61)
s eu . b e l . l i ng . k eu	(62)
b eu . l wi . s e l	(63)
h o . e l	(64)
s i . eo . b eo l . d eu	(65)
g u . g e n . h a . i m	(66)
ae l . b eo . t eu	(67)
b o . n a	(68)
a l . p o ng . s eu	(69)
a n . j e . ye . p eu . s eu . k i	(70)
h e l . l eo	(71)
h eo . s yeo l	(72)
h a . s e l	(73)
m wi . s e	(74)
d ae . l i l	(75)
d eo n . k eo n	(76)
b u . s ya . l eu	(77)
b e l	(78)
p e . l eu . n a n . d e . s eu	(79)
h o l	(80)
p u l . l eo . t eo n	(81)
l i . t u . a . n i . a	(82)
n e . eo	(83)
h o b . h a . u . s eu	(84)
s a . k e . t i	(85)
h o n . d u . l a . s eu	(86)
s eu . t eo . l i ng	(87)
l i . s a . j u	(88)
wo l . t eo n	(89)
b i . d a l	(90)
m ae . t yu . s eu	(91)
h a . m eo	(92)
h o . i . g e n . s eu	(93)
ae n . d eu . l u . s eu	(94)
l a . i . n eo . j eu	(95)
t i ng	(96)
m i . n e . s o . t a	(97)
l a . o	(98)
m i . l a . b o	(99)
g i . e l . l e . l u . p eu	(100)
b e . l eu . p e l	(101)
e . l i . k eu	(102)
a . i . j e n . s eu . t a . t eu	(103)
s o . l o . k i n	(104)
a l . p o n . s o	(105)
l o m . b eo . g eu	(106)
g a l . t u ng	(107)
h eo . b eo . d eu	(108)
g o l . d eu . m a n	(109)
p eu . l e . t o . l i . u . s eu	(110)
p i l . m o . eo	(111)
s i l . b e . s eu . t eu . l eu	(112)
l i . k o	(113)
k o . h eo	(114)
s u . j a n	(115)
t i . g eu	(116)
p a . u . s eu . t eu	(117)
n e . g eu . l o . p o n . t e	(118)
s eu . t i l . we l	(119)
p o l . l a n . d eu	(120)
b a . s o	(121)
a . l eu n . t eu	(122)
k i . s eu	(123)
l o . m eo	(124)
d eo n	(125)
h a ng . k e l	(126)
g a . yu m	(127)
k ae . s i	(128)
m eo l . l o . n i	(129)
b a . l e n . ch eu	(130)
t u . l e n	(131)
d eu . b wi . s i	(132)
d eu . l o . j eu . d o . b a	(133)
k a . l e . l a	(134)
b eo . t eo n	(135)
k o . i . l a l . l a	(136)
p i . ch eu	(137)
e . d i . t a	(138)
m a . n a . m a	(139)
b a l . l e . l i	(140)
b a . i l	(141)
h o . t eu n	(142)
d yu . t o n	(143)
h a . m e l	(144)
u ng . g eo	(145)
g eu . l o . t i . u . s eu	(146)
l e . i . s i	(147)
j u . s e . p e	(148)
m eo . l i	(149)
n e . l eu . s i	(150)
b eu . l a . j i l	(151)
b u . s i . m eo n	(152)
a . j e . b e . d o	(153)
a . i l . l ae n . d eu	(154)
k eu . l i . b e l . l i	(155)
k a l . l i n	(156)
l a . i . b e . l i . a	(157)
g a . j a	(158)
k a . n o	(159)
h e l . l e . n a	(160)
m a l . l a . b o	(161)
o . s eu . m a n	(162)
i . g o . l eu	(163)
b e n . t i ng . k eu	(164)
l o . j e n . t a l	(165)
wo . s i ng . t eo n	(166)
e . l i g	(167)
a l . l e g . s a n . d eu . l i . a	(168)
m i l . l e . i	(169)
g i . b eu . s eu n	(170)
a . n e . t eu	(171)
l ae ng . k eo . s yeo	(172)
h a b . s eu . b u . l eu . k eu	(173)
g o . s eu	(174)
m a . p u . t o	(175)
l u . g a	(176)
s yo	(177)
b o . n e . b i l	(178)
k a . t a . l eu	(179)
d eu l . l o . n e	(180)
b eu . l i . s eu . t eu l	(181)
p i . s yo ng	(182)
l u . b a	(183)
k eu . l o m	(184)
s i . g a l	(185)
k i . l i . b a . s i	(186)
a . i . d a . h o	(187)
p i . n a	(188)
m a . l eu . ch e l . l o	(189)
p eu . l e . m o n . t eu	(190)
j e n . t i l . l e	(191)
wi n . ch i	(192)
s a . t i . s wi	(193)
b a . l eu . t o l . l o m . m e . o	(194)
b a . s i	(195)
b o n . j eu	(196)
n i . k eu l . l a . s eu	(197)
o . g eu l . b i	(198)
j u . d a . n o . p eu	(199)
t a m	(200)
