b e l . g eu . l a . d eu	(1)
s i n . d i	(2)
l e . i . n i	(3)
e ng . g eu l . l eo	(4)
wa l . d o	(5)
k e . i . t eu n	(6)
l e . g i . o . m o n . t a . n u . s eu	(7)
h i l . d a	(8)
k eu . l u . ch i . k o . p eu . s eu . k i	(9)
b o . g o . m o . l o . p eu	(10)
b wi . s o ng	(11)
m a l . b eu . l a ng . s yu	(12)
m o . i . l a	(13)
s yu . m i . d eu	(14)
i ng . b a . l eu	(15)
g eu . l i . g o . l o . b i . ch i	(16)
b e . h a . i m	(17)
l o l . p eu	(18)
l u . s e . n a	(19)
m i n . s eu . k eu	(20)
